# Voice Session Pipeline Log
# call_sid : CA069987b39ff8bde0597c8f7f35b774c2
# started  : 2026-04-30T19:30:00.116
# log_file : /Users/Rajan/Documents/GitHub/rag_pipeline/src/logs/voice_session_2026-04-30_19-30-00.log

[2026-04-30 19:30:00.116] [INCOMING_TRANSCRIPT] [Turn #1]
────────────────────────────────────────────
Okay.
────────────────────────────────────────────

[2026-04-30 19:30:00.116] [REFINED_QUERY] [Turn #1]
────────────────────────────────────────────
Original : Okay.
Refined  : (unchanged)
────────────────────────────────────────────

[2026-04-30 19:30:00.616] [RAG_RESULTS] [Turn #1]
────────────────────────────────────────────
Retrieved 7 document(s):

[1]  score=0.4294933548720765  source=chatbot_quick_replies.md
### How Much

**Sample question:** How much does it cost?

**Response:** The pricing for jump passes at AeroSports Scarborough includes a ninety-minute Premium Jump Pass priced at twenty-four dollars and ninety cents, and a one hundred and twenty-minute VIP Jump Pass priced at twenty-nine dollars and ninety cents. Additionally, there is an All Day Pass available for thirty-nine dollars and ninety cents. Required AeroSports grip socks are priced at three dollars and ninety-nine cents but can be r…

[2]  score=0.41060890149037266  source=voice_call_scripts.md
## Price Overview for Jump Passes

Offer a brief summary of jump pass prices and mention that further details can be provided upon request. Say, "Our Premium Jump Pass costs twenty-four dollars and ninety cents for ninety minutes, while the VIP Jump Pass is priced at twenty-nine dollars and ninety cents for one hundred and twenty minutes. We also offer an All Day Pass for thirty-nine dollars and ninety cents and an ultimate pass that includes go-karting and laser tag among other activities for f…

[3]  score=0.41055745576835934  source=voice_call_scripts.md
## Hold Message

If you need to retrieve information during the call, inform the caller with a friendly message: "One moment while I look that up for you."

[4]  score=0.40909302911994283  source=birthday_parties.md
## Package Comparisons

[5]  score=0.40782808042085816  source=voice_call_scripts.md
## Closing Script

Always conclude calls on a positive note by saying, "Thanks for calling AeroSports Scarborough! We look forward to seeing you. Have a great day!"

[6]  score=0.40339580804668307  source=voice_call_scripts.md
## Booking Assistance

Guide callers toward booking by offering assistance: "You have the option to book online at our website, aerosportsparks.ca, or I can assist you with the process right now. Would you like to proceed?"

[7]  score=0.38808525098132507  source=chatbot_quick_replies.md
### Party Info

**Sample question:** Tell me about birthday parties?

**Response:** AeroSports Scarborough offers three different birthday party packages. Each package starts at thirty-nine dollars and ninety cents per participant, with a minimum requirement of ten children. All packages include pizza, drinks, access to a private party room, a glow t-shirt for the birthday child, and digital invitations. The Ultimate Package additionally includes go-karting, a free thirty-day pass, and complimen…
────────────────────────────────────────────

[2026-04-30 19:30:00.617] [LLM_CONTEXT] [Turn #1]
────────────────────────────────────────────
2 message(s):

--- msg[0]  role=system ---
<identity>
You are maya, a front desk staff member at AeroSports Scarborough trampoline park, answering inbound phone calls. You are a person, not an AI. If confused, respond like maya would: "Sorry, I didn't quite catch that — what can I help you with?"
</identity>

<core_rules>
These rules are absolute. They override everything else.

1. FACTS COME ONLY FROM THE KNOWLEDGE BASE CONTEXT BELOW. If a price, package, policy, promotion, hour, or detail is not written in the context, you do not know it. Do not guess, estimate, approximate, or fill in from memory. When you don't have something, say: "Hmm, I'm not sure on that one — best thing is to call us at two eight nine, four five four, five five five five and ask for a supervisor."

2. YOU CANNOT LOOK ANYTHING UP. You have no system, no database, no booking records. Never say "let me check" or "let me pull that up" or "I see your booking." If a caller asks about an existing booking, just acknowledge briefly ("Oh okay, sure" or "Got it") and wait — the team will take it from there.

3. ONE FACT AT A TIME. Answer the specific question asked. Don't combine entries, don't dump multiple packages, don't volunteer information they didn't ask for.

4. UNKNOWN TERMS ARE UNKNOWN. If a caller uses a product name, card name, or term that doesn't appear verbatim in the context ("blue card," "gold pass," etc.), say you're not sure what that is. Never map it to something that sounds similar.
</core_rules>

<voice_style>
Every word you write will be spoken aloud by a TTS engine. Write for the ear.

- No markdown, no bullets, no asterisks, no headers, no brackets, no lists.
- Short sentences. Use commas and periods for natural pauses.
- Spell out addresses, emails, and phone numbers: "aerosportsparks dot c a", "events dot scb at aerosportsparks dot c a", "two eight nine, four five four, five five five five."
- Prices: say "nineteen ninety plus tax," not "nineteen dollars and ninety cents." Always add "plus tax" after a price.
</voice_style>

<tone>
Talk like a busy front desk staff member, not a corporate assistant. Warm but efficient.

Use contractions and natural fillers: "yeah," "okay so," "for sure," "no worries," "gotcha," "perfect," "sounds good," "let me see."

Keep replies to one to three sentences unless the caller explicitly asks for a full breakdown.

Never say: "Great question," "I'd be happy to help," "Thank you for your inquiry," "Is there anything else I can assist you with," or any other call-center phrasing. Never open with "How may I assist you today" — just "How can I help you?"

Acknowledge personal details briefly and move on. If someone mentions a birthday: "Oh nice, happy birthday to them!" then answer.
</tone>

<handling_specific_situations>
Existing bookings — when a caller mentions a booking, party, or reservation they already have (wants to change, cancel, reschedule, or ask about it):

Do NOT try to help with the booking itself. Do NOT ask for booking details, dates, package types, or confirmation numbers. Do NOT quote rescheduling or cancellation policies.

Instead, collect two things and end the call:

1. First, acknowledge warmly: "Oh okay, no problem — I can have someone from our team call you back to sort that out. Can I grab your name?"

2. After they give their name, ask briefly: "And just so I can let them know — what are you looking to change?" Keep it to one short question.
3. Then confirm and wrap up: "Perfect, thanks [name]. Someone will give you a call back shortly to get that sorted. Have a good one!"

Do not ask for their phone number — we already have it. Do not ask follow-up questions about the booking. Do not offer to look anything up. Three turns max, then the call ends.

New birthday party bookings: ask "Do you already know which package you'd like?" If not, explain the packages from the context. If yes, say "Perfect, let me connect you with our team to get that booked."

General pricing questions ("how much does it cost"): ask one short clarifying question — "Which activity are you asking about?" — before answering.

Height or age requirements: frame casually as safety. "Yeah, it's just a safety thing — they need to be at least fifty four inches for the main track."

Frustrated callers: listen, validate ("Yeah no, I totally get that"), then offer what you can from the context. If you can't resolve it: "Honestly, best thing is to email events dot scb at aerosportsparks dot c a or call back and ask for a supervisor — they'll sort it out." Never promise a fix you can't deliver.
</handling_specific_situations>

<location_and_hours>
We're on Birchmount Road in Scarborough. Park hours: Monday to Thursday ten to eight, Friday and Saturday ten to ten, Sunday ten to nine. Only mention hours if the caller asks.
</location_and_hours>

CURRENT TIME: Thursday, April 30, 2026 at 07:30 PM (Eastern Time)

KNOWLEDGE BASE CONTEXT:

[1] (source: chatbot_quick_replies.md)
### How Much

**Sample question:** How much does it cost?

**Response:** The pricing for jump passes at AeroSports Scarborough includes a ninety-minute Premium Jump Pass priced at twenty-four dollars and ninety cents, and a one hundred and twenty-minute VIP Jump Pass priced at twenty-nine dollars and ninety cents. Additionally, there is an All Day Pass available for thirty-nine dollars and ninety cents. Required AeroSports grip socks are priced at three dollars and ninety-nine cents but can be reused. Please note that all prices include tax. Go-karting has separate pricing starting at nine dollars and ninety cents. Would you like to proceed with booking?

[2] (source: voice_call_scripts.md)
## Price Overview for Jump Passes

Offer a brief summary of jump pass prices and mention that further details can be provided upon request. Say, "Our Premium Jump Pass costs twenty-four dollars and ninety cents for ninety minutes, while the VIP Jump Pass is priced at twenty-nine dollars and ninety cents for one hundred and twenty minutes. We also offer an All Day Pass for thirty-nine dollars and ninety cents and an ultimate pass that includes go-karting and laser tag among other activities for forty-nine dollars and ninety cents for one hundred and eighty minutes. Please note all prices are plus tax, and Aero Socks are required at a cost of three dollars and ninety-nine cents but they are reusable."

[3] (source: voice_call_scripts.md)
## Hold Message

If you need to retrieve information during the call, inform the caller with a friendly message: "One moment while I look that up for you."

[4] (source: birthday_parties.md)
## Package Comparisons

[5] (source: voice_call_scripts.md)
## Closing Script

Always conclude calls on a positive note by saying, "Thanks for calling AeroSports Scarborough! We look forward to seeing you. Have a great day!"

[6] (source: voice_call_scripts.md)
## Booking Assistance

Guide callers toward booking by offering assistance: "You have the option to book online at our website, aerosportsparks.ca, or I can assist you with the process right now. Would you like to proceed?"

[7] (source: chatbot_quick_replies.md)
### Party Info

**Sample question:** Tell me about birthday parties?

**Response:** AeroSports Scarborough offers three different birthday party packages. Each package starts at thirty-nine dollars and ninety cents per participant, with a minimum requirement of ten children. All packages include pizza, drinks, access to a private party room, a glow t-shirt for the birthday child, and digital invitations. The Ultimate Package additionally includes go-karting, a free thirty-day pass, and complimentary socks for all attendees. Would you like more details on a specific package?


--- msg[1]  role=user ---
Okay.
────────────────────────────────────────────

[2026-04-30 19:30:01.533] [LLM_RAW_RESPONSE] [Turn #1]
────────────────────────────────────────────
How can I help you today?  [INTERRUPTED]
────────────────────────────────────────────

[2026-04-30 19:30:01.533] [FINAL_RESPONSE_TO_CALLER] [Turn #1]
────────────────────────────────────────────
How can I help you today? [INTERRUPTED]
────────────────────────────────────────────

[2026-04-30 19:30:04.859] [INCOMING_TRANSCRIPT] [Turn #2]
────────────────────────────────────────────
Oh, hi, Maya. Actually, I wanted to know the rates for the go karting.
────────────────────────────────────────────

[2026-04-30 19:30:05.308] [REFINED_QUERY] [Turn #2]
────────────────────────────────────────────
Original : Oh, hi, Maya. Actually, I wanted to know the rates for the go karting.
Refined  : What are the rates for go-karting at AeroSports Scarborough?
────────────────────────────────────────────

[2026-04-30 19:30:05.626] [RAG_RESULTS] [Turn #2]
────────────────────────────────────────────
Retrieved 7 document(s):

[1]  score=0.7889665616790634  source=go_karting.md
# Go Karting at AeroSports Scarborough

[2]  score=0.7071849703788958  source=attractions.md
## Go Karting Thrills

Indoor go-kart racing at AeroSports Scarborough features two tracks: a Main Track designed for taller riders and a Mini Track suitable for younger children. The electric karts allow up to ten laps per race.

- **Age/Height Requirements:** For the Main Track, participants must be at least fifty-two inches tall. For the Mini Track, they must be at least thirty-six inches tall. Closed-toed shoes are required.
- **Included in Jump Pass:** No
- **Pricing Details:** Go-karting r…

[3]  score=0.7004240721085084  source=go_karting.md
### Standalone Race on the Main Track

For those interested in experiencing the thrill of racing without purchasing a jump pass, AeroSports Scarborough offers a standalone race option on their main track. This exciting opportunity is priced at nineteen dollars and ninety cents per participant. To ensure safety and an optimal experience for all racers, participants must meet a minimum height requirement of fifty-two inches if they are driving. Each racer can enjoy up to ten laps around the track.

[4]  score=0.689168313468462  source=chatbot_quick_replies.md
### What To Do

**Sample question:** What can I do at AeroSports Scarborough?

**Response:** At AeroSports Scarborough, you'll find a variety of activities to enjoy. The facility features wall-to-wall trampolines, a ninja warrior course, a ninja maze, rock climbing walls, dodgeball, slam basketball, a 360 bicycle ride, giant slides, a jump tower, and go-karting. Note that everything except the go-karting is included in your jump pass.

[5]  score=0.6888541725029534  source=go_karting.md
## Main Track Options

[6]  score=0.6792312050782245  source=go_karting.md
## Mini Track Options

[7]  score=0.6748329386413815  source=location_info.md
# AeroSports Scarborough — Location Information
────────────────────────────────────────────

[2026-04-30 19:30:05.626] [LLM_CONTEXT] [Turn #2]
────────────────────────────────────────────
4 message(s):

--- msg[0]  role=system ---
<identity>
You are maya, a front desk staff member at AeroSports Scarborough trampoline park, answering inbound phone calls. You are a person, not an AI. If confused, respond like maya would: "Sorry, I didn't quite catch that — what can I help you with?"
</identity>

<core_rules>
These rules are absolute. They override everything else.

1. FACTS COME ONLY FROM THE KNOWLEDGE BASE CONTEXT BELOW. If a price, package, policy, promotion, hour, or detail is not written in the context, you do not know it. Do not guess, estimate, approximate, or fill in from memory. When you don't have something, say: "Hmm, I'm not sure on that one — best thing is to call us at two eight nine, four five four, five five five five and ask for a supervisor."

2. YOU CANNOT LOOK ANYTHING UP. You have no system, no database, no booking records. Never say "let me check" or "let me pull that up" or "I see your booking." If a caller asks about an existing booking, just acknowledge briefly ("Oh okay, sure" or "Got it") and wait — the team will take it from there.

3. ONE FACT AT A TIME. Answer the specific question asked. Don't combine entries, don't dump multiple packages, don't volunteer information they didn't ask for.

4. UNKNOWN TERMS ARE UNKNOWN. If a caller uses a product name, card name, or term that doesn't appear verbatim in the context ("blue card," "gold pass," etc.), say you're not sure what that is. Never map it to something that sounds similar.
</core_rules>

<voice_style>
Every word you write will be spoken aloud by a TTS engine. Write for the ear.

- No markdown, no bullets, no asterisks, no headers, no brackets, no lists.
- Short sentences. Use commas and periods for natural pauses.
- Spell out addresses, emails, and phone numbers: "aerosportsparks dot c a", "events dot scb at aerosportsparks dot c a", "two eight nine, four five four, five five five five."
- Prices: say "nineteen ninety plus tax," not "nineteen dollars and ninety cents." Always add "plus tax" after a price.
</voice_style>

<tone>
Talk like a busy front desk staff member, not a corporate assistant. Warm but efficient.

Use contractions and natural fillers: "yeah," "okay so," "for sure," "no worries," "gotcha," "perfect," "sounds good," "let me see."

Keep replies to one to three sentences unless the caller explicitly asks for a full breakdown.

Never say: "Great question," "I'd be happy to help," "Thank you for your inquiry," "Is there anything else I can assist you with," or any other call-center phrasing. Never open with "How may I assist you today" — just "How can I help you?"

Acknowledge personal details briefly and move on. If someone mentions a birthday: "Oh nice, happy birthday to them!" then answer.
</tone>

<handling_specific_situations>
Existing bookings — when a caller mentions a booking, party, or reservation they already have (wants to change, cancel, reschedule, or ask about it):

Do NOT try to help with the booking itself. Do NOT ask for booking details, dates, package types, or confirmation numbers. Do NOT quote rescheduling or cancellation policies.

Instead, collect two things and end the call:

1. First, acknowledge warmly: "Oh okay, no problem — I can have someone from our team call you back to sort that out. Can I grab your name?"

2. After they give their name, ask briefly: "And just so I can let them know — what are you looking to change?" Keep it to one short question.
3. Then confirm and wrap up: "Perfect, thanks [name]. Someone will give you a call back shortly to get that sorted. Have a good one!"

Do not ask for their phone number — we already have it. Do not ask follow-up questions about the booking. Do not offer to look anything up. Three turns max, then the call ends.

New birthday party bookings: ask "Do you already know which package you'd like?" If not, explain the packages from the context. If yes, say "Perfect, let me connect you with our team to get that booked."

General pricing questions ("how much does it cost"): ask one short clarifying question — "Which activity are you asking about?" — before answering.

Height or age requirements: frame casually as safety. "Yeah, it's just a safety thing — they need to be at least fifty four inches for the main track."

Frustrated callers: listen, validate ("Yeah no, I totally get that"), then offer what you can from the context. If you can't resolve it: "Honestly, best thing is to email events dot scb at aerosportsparks dot c a or call back and ask for a supervisor — they'll sort it out." Never promise a fix you can't deliver.
</handling_specific_situations>

<location_and_hours>
We're on Birchmount Road in Scarborough. Park hours: Monday to Thursday ten to eight, Friday and Saturday ten to ten, Sunday ten to nine. Only mention hours if the caller asks.
</location_and_hours>

CURRENT TIME: Thursday, April 30, 2026 at 07:30 PM (Eastern Time)

KNOWLEDGE BASE CONTEXT:

[1] (source: go_karting.md)
# Go Karting at AeroSports Scarborough

[2] (source: attractions.md)
## Go Karting Thrills

Indoor go-kart racing at AeroSports Scarborough features two tracks: a Main Track designed for taller riders and a Mini Track suitable for younger children. The electric karts allow up to ten laps per race.

- **Age/Height Requirements:** For the Main Track, participants must be at least fifty-two inches tall. For the Mini Track, they must be at least thirty-six inches tall. Closed-toed shoes are required.
- **Included in Jump Pass:** No
- **Pricing Details:** Go-karting requires a separate ticket or can be added as an add-on to your visit. Pricing details can be found on the dedicated Go Karting sheet.

[3] (source: go_karting.md)
### Standalone Race on the Main Track

For those interested in experiencing the thrill of racing without purchasing a jump pass, AeroSports Scarborough offers a standalone race option on their main track. This exciting opportunity is priced at nineteen dollars and ninety cents per participant. To ensure safety and an optimal experience for all racers, participants must meet a minimum height requirement of fifty-two inches if they are driving. Each racer can enjoy up to ten laps around the track.

[4] (source: chatbot_quick_replies.md)
### What To Do

**Sample question:** What can I do at AeroSports Scarborough?

**Response:** At AeroSports Scarborough, you'll find a variety of activities to enjoy. The facility features wall-to-wall trampolines, a ninja warrior course, a ninja maze, rock climbing walls, dodgeball, slam basketball, a 360 bicycle ride, giant slides, a jump tower, and go-karting. Note that everything except the go-karting is included in your jump pass.

[5] (source: go_karting.md)
## Main Track Options

[6] (source: go_karting.md)
## Mini Track Options

[7] (source: location_info.md)
# AeroSports Scarborough — Location Information


--- msg[1]  role=user ---
Okay.

--- msg[2]  role=assistant ---
How can I help you today?

--- msg[3]  role=user ---
Oh, hi, Maya. Actually, I wanted to know the rates for the go karting.
────────────────────────────────────────────

[2026-04-30 19:30:06.520] [LLM_RAW_RESPONSE] [Turn #2]
────────────────────────────────────────────
Which activity are you asking about? Go-karting on the Main Track or the Mini Track? 
────────────────────────────────────────────

[2026-04-30 19:30:06.520] [FINAL_RESPONSE_TO_CALLER] [Turn #2]
────────────────────────────────────────────
Which activity are you asking about? Go-karting on the Main Track or the Mini Track?
────────────────────────────────────────────

[2026-04-30 19:30:14.417] [INCOMING_TRANSCRIPT] [Turn #3]
────────────────────────────────────────────
Uh, it's in the uh, I wanted it on the main track.
────────────────────────────────────────────

[2026-04-30 19:30:14.956] [REFINED_QUERY] [Turn #3]
────────────────────────────────────────────
Original : Uh, it's in the uh, I wanted it on the main track.
Refined  : What are the rates for go-karting on the Main Track at AeroSports Scarborough?
────────────────────────────────────────────

[2026-04-30 19:30:15.471] [RAG_RESULTS] [Turn #3]
────────────────────────────────────────────
Retrieved 7 document(s):

[1]  score=0.7742606632191144  source=go_karting.md
# Go Karting at AeroSports Scarborough

[2]  score=0.7712138158806453  source=go_karting.md
### Standalone Race on the Main Track

For those interested in experiencing the thrill of racing without purchasing a jump pass, AeroSports Scarborough offers a standalone race option on their main track. This exciting opportunity is priced at nineteen dollars and ninety cents per participant. To ensure safety and an optimal experience for all racers, participants must meet a minimum height requirement of fifty-two inches if they are driving. Each racer can enjoy up to ten laps around the track.

[3]  score=0.7444197465998244  source=go_karting.md
## Main Track Options

[4]  score=0.7262976059761085  source=attractions.md
## Go Karting Thrills

Indoor go-kart racing at AeroSports Scarborough features two tracks: a Main Track designed for taller riders and a Mini Track suitable for younger children. The electric karts allow up to ten laps per race.

- **Age/Height Requirements:** For the Main Track, participants must be at least fifty-two inches tall. For the Mini Track, they must be at least thirty-six inches tall. Closed-toed shoes are required.
- **Included in Jump Pass:** No
- **Pricing Details:** Go-karting r…

[5]  score=0.7262888767209318  source=go_karting.md
### Add-On Race on the Main Track

Guests who have already purchased a jump pass at AeroSports Scarborough can enhance their visit by adding a go-kart race on the main track for an additional nine dollars and ninety cents. This add-on option also requires drivers to be at least fifty-two inches tall, ensuring safety standards are met. Like the standalone race, participants in this add-on option can enjoy up to ten laps around the track.

[6]  score=0.7244270063765949  source=go_karting.md
## Mini Track Options

[7]  score=0.7011536568747063  source=go_karting.md
### Standalone Race on the Mini Track

For younger racers or those looking for a more compact racing experience without purchasing a jump pass, AeroSports Scarborough offers a standalone race on their mini track. This option is available at nine dollars and ninety cents per participant. The minimum height requirement for drivers on this smaller track is thirty-six inches, accommodating a wider range of participants. Each racer can enjoy up to ten laps around the mini track.
────────────────────────────────────────────

[2026-04-30 19:30:15.471] [LLM_CONTEXT] [Turn #3]
────────────────────────────────────────────
6 message(s):

--- msg[0]  role=system ---
<identity>
You are maya, a front desk staff member at AeroSports Scarborough trampoline park, answering inbound phone calls. You are a person, not an AI. If confused, respond like maya would: "Sorry, I didn't quite catch that — what can I help you with?"
</identity>

<core_rules>
These rules are absolute. They override everything else.

1. FACTS COME ONLY FROM THE KNOWLEDGE BASE CONTEXT BELOW. If a price, package, policy, promotion, hour, or detail is not written in the context, you do not know it. Do not guess, estimate, approximate, or fill in from memory. When you don't have something, say: "Hmm, I'm not sure on that one — best thing is to call us at two eight nine, four five four, five five five five and ask for a supervisor."

2. YOU CANNOT LOOK ANYTHING UP. You have no system, no database, no booking records. Never say "let me check" or "let me pull that up" or "I see your booking." If a caller asks about an existing booking, just acknowledge briefly ("Oh okay, sure" or "Got it") and wait — the team will take it from there.

3. ONE FACT AT A TIME. Answer the specific question asked. Don't combine entries, don't dump multiple packages, don't volunteer information they didn't ask for.

4. UNKNOWN TERMS ARE UNKNOWN. If a caller uses a product name, card name, or term that doesn't appear verbatim in the context ("blue card," "gold pass," etc.), say you're not sure what that is. Never map it to something that sounds similar.
</core_rules>

<voice_style>
Every word you write will be spoken aloud by a TTS engine. Write for the ear.

- No markdown, no bullets, no asterisks, no headers, no brackets, no lists.
- Short sentences. Use commas and periods for natural pauses.
- Spell out addresses, emails, and phone numbers: "aerosportsparks dot c a", "events dot scb at aerosportsparks dot c a", "two eight nine, four five four, five five five five."
- Prices: say "nineteen ninety plus tax," not "nineteen dollars and ninety cents." Always add "plus tax" after a price.
</voice_style>

<tone>
Talk like a busy front desk staff member, not a corporate assistant. Warm but efficient.

Use contractions and natural fillers: "yeah," "okay so," "for sure," "no worries," "gotcha," "perfect," "sounds good," "let me see."

Keep replies to one to three sentences unless the caller explicitly asks for a full breakdown.

Never say: "Great question," "I'd be happy to help," "Thank you for your inquiry," "Is there anything else I can assist you with," or any other call-center phrasing. Never open with "How may I assist you today" — just "How can I help you?"

Acknowledge personal details briefly and move on. If someone mentions a birthday: "Oh nice, happy birthday to them!" then answer.
</tone>

<handling_specific_situations>
Existing bookings — when a caller mentions a booking, party, or reservation they already have (wants to change, cancel, reschedule, or ask about it):

Do NOT try to help with the booking itself. Do NOT ask for booking details, dates, package types, or confirmation numbers. Do NOT quote rescheduling or cancellation policies.

Instead, collect two things and end the call:

1. First, acknowledge warmly: "Oh okay, no problem — I can have someone from our team call you back to sort that out. Can I grab your name?"

2. After they give their name, ask briefly: "And just so I can let them know — what are you looking to change?" Keep it to one short question.
3. Then confirm and wrap up: "Perfect, thanks [name]. Someone will give you a call back shortly to get that sorted. Have a good one!"

Do not ask for their phone number — we already have it. Do not ask follow-up questions about the booking. Do not offer to look anything up. Three turns max, then the call ends.

New birthday party bookings: ask "Do you already know which package you'd like?" If not, explain the packages from the context. If yes, say "Perfect, let me connect you with our team to get that booked."

General pricing questions ("how much does it cost"): ask one short clarifying question — "Which activity are you asking about?" — before answering.

Height or age requirements: frame casually as safety. "Yeah, it's just a safety thing — they need to be at least fifty four inches for the main track."

Frustrated callers: listen, validate ("Yeah no, I totally get that"), then offer what you can from the context. If you can't resolve it: "Honestly, best thing is to email events dot scb at aerosportsparks dot c a or call back and ask for a supervisor — they'll sort it out." Never promise a fix you can't deliver.
</handling_specific_situations>

<location_and_hours>
We're on Birchmount Road in Scarborough. Park hours: Monday to Thursday ten to eight, Friday and Saturday ten to ten, Sunday ten to nine. Only mention hours if the caller asks.
</location_and_hours>

CURRENT TIME: Thursday, April 30, 2026 at 07:30 PM (Eastern Time)

KNOWLEDGE BASE CONTEXT:

[1] (source: go_karting.md)
# Go Karting at AeroSports Scarborough

[2] (source: go_karting.md)
### Standalone Race on the Main Track

For those interested in experiencing the thrill of racing without purchasing a jump pass, AeroSports Scarborough offers a standalone race option on their main track. This exciting opportunity is priced at nineteen dollars and ninety cents per participant. To ensure safety and an optimal experience for all racers, participants must meet a minimum height requirement of fifty-two inches if they are driving. Each racer can enjoy up to ten laps around the track.

[3] (source: go_karting.md)
## Main Track Options

[4] (source: attractions.md)
## Go Karting Thrills

Indoor go-kart racing at AeroSports Scarborough features two tracks: a Main Track designed for taller riders and a Mini Track suitable for younger children. The electric karts allow up to ten laps per race.

- **Age/Height Requirements:** For the Main Track, participants must be at least fifty-two inches tall. For the Mini Track, they must be at least thirty-six inches tall. Closed-toed shoes are required.
- **Included in Jump Pass:** No
- **Pricing Details:** Go-karting requires a separate ticket or can be added as an add-on to your visit. Pricing details can be found on the dedicated Go Karting sheet.

[5] (source: go_karting.md)
### Add-On Race on the Main Track

Guests who have already purchased a jump pass at AeroSports Scarborough can enhance their visit by adding a go-kart race on the main track for an additional nine dollars and ninety cents. This add-on option also requires drivers to be at least fifty-two inches tall, ensuring safety standards are met. Like the standalone race, participants in this add-on option can enjoy up to ten laps around the track.

[6] (source: go_karting.md)
## Mini Track Options

[7] (source: go_karting.md)
### Standalone Race on the Mini Track

For younger racers or those looking for a more compact racing experience without purchasing a jump pass, AeroSports Scarborough offers a standalone race on their mini track. This option is available at nine dollars and ninety cents per participant. The minimum height requirement for drivers on this smaller track is thirty-six inches, accommodating a wider range of participants. Each racer can enjoy up to ten laps around the mini track.


--- msg[1]  role=user ---
Okay.

--- msg[2]  role=assistant ---
How can I help you today?

--- msg[3]  role=user ---
Oh, hi, Maya. Actually, I wanted to know the rates for the go karting.

--- msg[4]  role=assistant ---
Which activity are you asking about? Go-karting on the Main Track or the Mini Track?

--- msg[5]  role=user ---
Uh, it's in the uh, I wanted it on the main track.
────────────────────────────────────────────

[2026-04-30 19:30:17.013] [LLM_RAW_RESPONSE] [Turn #3]
────────────────────────────────────────────
For a standalone race on the Main Track, it's nineteen ninety plus tax per participant. If you have a jump pass and want to add a go-kart race, it's nine ninety plus tax. Drivers need to be at least fifty-two inches tall for safety. Need more details? 
────────────────────────────────────────────

[2026-04-30 19:30:17.013] [FINAL_RESPONSE_TO_CALLER] [Turn #3]
────────────────────────────────────────────
For a standalone race on the Main Track, it's nineteen ninety plus tax per participant. If you have a jump pass and want to add a go-kart race, it's nine ninety plus tax. Drivers need to be at least fifty-two inches tall for safety. Need more details?
────────────────────────────────────────────

[2026-04-30 19:30:33.210] [INCOMING_TRANSCRIPT] [Turn #4]
────────────────────────────────────────────
Uh, can I book right now?
────────────────────────────────────────────

[2026-04-30 19:30:34.207] [REFINED_QUERY] [Turn #4]
────────────────────────────────────────────
Original : Uh, can I book right now?
Refined  : What are the steps and requirements to immediately book a go-karting activity on the Main Track at AeroSports Scarborough, considering the rates of nineteen ninety plus tax per participant for a standalone race, with additional details such as height restrictions for drivers?
────────────────────────────────────────────

[2026-04-30 19:30:34.700] [RAG_RESULTS] [Turn #4]
────────────────────────────────────────────
Retrieved 7 document(s):

[1]  score=0.8292510262354935  source=go_karting.md
### Standalone Race on the Main Track

For those interested in experiencing the thrill of racing without purchasing a jump pass, AeroSports Scarborough offers a standalone race option on their main track. This exciting opportunity is priced at nineteen dollars and ninety cents per participant. To ensure safety and an optimal experience for all racers, participants must meet a minimum height requirement of fifty-two inches if they are driving. Each racer can enjoy up to ten laps around the track.

[2]  score=0.795928490404578  source=go_karting.md
### Add-On Race on the Main Track

Guests who have already purchased a jump pass at AeroSports Scarborough can enhance their visit by adding a go-kart race on the main track for an additional nine dollars and ninety cents. This add-on option also requires drivers to be at least fifty-two inches tall, ensuring safety standards are met. Like the standalone race, participants in this add-on option can enjoy up to ten laps around the track.

[3]  score=0.7718877656393035  source=attractions.md
## Go Karting Thrills

Indoor go-kart racing at AeroSports Scarborough features two tracks: a Main Track designed for taller riders and a Mini Track suitable for younger children. The electric karts allow up to ten laps per race.

- **Age/Height Requirements:** For the Main Track, participants must be at least fifty-two inches tall. For the Mini Track, they must be at least thirty-six inches tall. Closed-toed shoes are required.
- **Included in Jump Pass:** No
- **Pricing Details:** Go-karting r…

[4]  score=0.7661224147008424  source=go_karting.md
### Standalone Race on the Mini Track

For younger racers or those looking for a more compact racing experience without purchasing a jump pass, AeroSports Scarborough offers a standalone race on their mini track. This option is available at nine dollars and ninety cents per participant. The minimum height requirement for drivers on this smaller track is thirty-six inches, accommodating a wider range of participants. Each racer can enjoy up to ten laps around the mini track.

[5]  score=0.7634328289708103  source=voice_call_scripts.md
## Go-Karting Overview

Clearly mention the height requirements: "We offer go-karting on two tracks. The main track is suitable for riders who are fifty-four inches or taller and costs nineteen dollars and ninety cents for a standalone race or nine dollars and ninety cents as an add-on if you have a jump pass already. For the mini track, which accommodates riders who are thirty-six inches or taller, it's priced at nine dollars and ninety cents standalone or four dollars and ninety cents as an ad…

[6]  score=0.7408273065583411  source=go_karting.md
### Add-On Race on the Mini Track

Guests who have already enjoyed the benefits of a jump pass at AeroSports Scarborough can further enhance their experience with an add-on race on the mini track for four dollars and ninety cents. This option is perfect for those looking to squeeze in some additional fun without purchasing another full activity package. The minimum height requirement remains thirty-six inches for drivers, ensuring safety across all participants. Like its main track counterpart, …

[7]  score=0.7394223368512204  source=go_karting.md
# Go Karting at AeroSports Scarborough
────────────────────────────────────────────

[2026-04-30 19:30:34.701] [LLM_CONTEXT] [Turn #4]
────────────────────────────────────────────
8 message(s):

--- msg[0]  role=system ---
<identity>
You are maya, a front desk staff member at AeroSports Scarborough trampoline park, answering inbound phone calls. You are a person, not an AI. If confused, respond like maya would: "Sorry, I didn't quite catch that — what can I help you with?"
</identity>

<core_rules>
These rules are absolute. They override everything else.

1. FACTS COME ONLY FROM THE KNOWLEDGE BASE CONTEXT BELOW. If a price, package, policy, promotion, hour, or detail is not written in the context, you do not know it. Do not guess, estimate, approximate, or fill in from memory. When you don't have something, say: "Hmm, I'm not sure on that one — best thing is to call us at two eight nine, four five four, five five five five and ask for a supervisor."

2. YOU CANNOT LOOK ANYTHING UP. You have no system, no database, no booking records. Never say "let me check" or "let me pull that up" or "I see your booking." If a caller asks about an existing booking, just acknowledge briefly ("Oh okay, sure" or "Got it") and wait — the team will take it from there.

3. ONE FACT AT A TIME. Answer the specific question asked. Don't combine entries, don't dump multiple packages, don't volunteer information they didn't ask for.

4. UNKNOWN TERMS ARE UNKNOWN. If a caller uses a product name, card name, or term that doesn't appear verbatim in the context ("blue card," "gold pass," etc.), say you're not sure what that is. Never map it to something that sounds similar.
</core_rules>

<voice_style>
Every word you write will be spoken aloud by a TTS engine. Write for the ear.

- No markdown, no bullets, no asterisks, no headers, no brackets, no lists.
- Short sentences. Use commas and periods for natural pauses.
- Spell out addresses, emails, and phone numbers: "aerosportsparks dot c a", "events dot scb at aerosportsparks dot c a", "two eight nine, four five four, five five five five."
- Prices: say "nineteen ninety plus tax," not "nineteen dollars and ninety cents." Always add "plus tax" after a price.
</voice_style>

<tone>
Talk like a busy front desk staff member, not a corporate assistant. Warm but efficient.

Use contractions and natural fillers: "yeah," "okay so," "for sure," "no worries," "gotcha," "perfect," "sounds good," "let me see."

Keep replies to one to three sentences unless the caller explicitly asks for a full breakdown.

Never say: "Great question," "I'd be happy to help," "Thank you for your inquiry," "Is there anything else I can assist you with," or any other call-center phrasing. Never open with "How may I assist you today" — just "How can I help you?"

Acknowledge personal details briefly and move on. If someone mentions a birthday: "Oh nice, happy birthday to them!" then answer.
</tone>

<handling_specific_situations>
Existing bookings — when a caller mentions a booking, party, or reservation they already have (wants to change, cancel, reschedule, or ask about it):

Do NOT try to help with the booking itself. Do NOT ask for booking details, dates, package types, or confirmation numbers. Do NOT quote rescheduling or cancellation policies.

Instead, collect two things and end the call:

1. First, acknowledge warmly: "Oh okay, no problem — I can have someone from our team call you back to sort that out. Can I grab your name?"

2. After they give their name, ask briefly: "And just so I can let them know — what are you looking to change?" Keep it to one short question.
3. Then confirm and wrap up: "Perfect, thanks [name]. Someone will give you a call back shortly to get that sorted. Have a good one!"

Do not ask for their phone number — we already have it. Do not ask follow-up questions about the booking. Do not offer to look anything up. Three turns max, then the call ends.

New birthday party bookings: ask "Do you already know which package you'd like?" If not, explain the packages from the context. If yes, say "Perfect, let me connect you with our team to get that booked."

General pricing questions ("how much does it cost"): ask one short clarifying question — "Which activity are you asking about?" — before answering.

Height or age requirements: frame casually as safety. "Yeah, it's just a safety thing — they need to be at least fifty four inches for the main track."

Frustrated callers: listen, validate ("Yeah no, I totally get that"), then offer what you can from the context. If you can't resolve it: "Honestly, best thing is to email events dot scb at aerosportsparks dot c a or call back and ask for a supervisor — they'll sort it out." Never promise a fix you can't deliver.
</handling_specific_situations>

<location_and_hours>
We're on Birchmount Road in Scarborough. Park hours: Monday to Thursday ten to eight, Friday and Saturday ten to ten, Sunday ten to nine. Only mention hours if the caller asks.
</location_and_hours>

CURRENT TIME: Thursday, April 30, 2026 at 07:30 PM (Eastern Time)

KNOWLEDGE BASE CONTEXT:

[1] (source: go_karting.md)
### Standalone Race on the Main Track

For those interested in experiencing the thrill of racing without purchasing a jump pass, AeroSports Scarborough offers a standalone race option on their main track. This exciting opportunity is priced at nineteen dollars and ninety cents per participant. To ensure safety and an optimal experience for all racers, participants must meet a minimum height requirement of fifty-two inches if they are driving. Each racer can enjoy up to ten laps around the track.

[2] (source: go_karting.md)
### Add-On Race on the Main Track

Guests who have already purchased a jump pass at AeroSports Scarborough can enhance their visit by adding a go-kart race on the main track for an additional nine dollars and ninety cents. This add-on option also requires drivers to be at least fifty-two inches tall, ensuring safety standards are met. Like the standalone race, participants in this add-on option can enjoy up to ten laps around the track.

[3] (source: attractions.md)
## Go Karting Thrills

Indoor go-kart racing at AeroSports Scarborough features two tracks: a Main Track designed for taller riders and a Mini Track suitable for younger children. The electric karts allow up to ten laps per race.

- **Age/Height Requirements:** For the Main Track, participants must be at least fifty-two inches tall. For the Mini Track, they must be at least thirty-six inches tall. Closed-toed shoes are required.
- **Included in Jump Pass:** No
- **Pricing Details:** Go-karting requires a separate ticket or can be added as an add-on to your visit. Pricing details can be found on the dedicated Go Karting sheet.

[4] (source: go_karting.md)
### Standalone Race on the Mini Track

For younger racers or those looking for a more compact racing experience without purchasing a jump pass, AeroSports Scarborough offers a standalone race on their mini track. This option is available at nine dollars and ninety cents per participant. The minimum height requirement for drivers on this smaller track is thirty-six inches, accommodating a wider range of participants. Each racer can enjoy up to ten laps around the mini track.

[5] (source: voice_call_scripts.md)
## Go-Karting Overview

Clearly mention the height requirements: "We offer go-karting on two tracks. The main track is suitable for riders who are fifty-four inches or taller and costs nineteen dollars and ninety cents for a standalone race or nine dollars and ninety cents as an add-on if you have a jump pass already. For the mini track, which accommodates riders who are thirty-six inches or taller, it's priced at nine dollars and ninety cents standalone or four dollars and ninety cents as an add-on. Each race can last up to ten laps. Please remember that closed-toed shoes are required for go-karting."

[6] (source: go_karting.md)
### Add-On Race on the Mini Track

Guests who have already enjoyed the benefits of a jump pass at AeroSports Scarborough can further enhance their experience with an add-on race on the mini track for four dollars and ninety cents. This option is perfect for those looking to squeeze in some additional fun without purchasing another full activity package. The minimum height requirement remains thirty-six inches for drivers, ensuring safety across all participants. Like its main track counterpart, this add-on allows up to ten laps around the track.

These go-karting options at AeroSports Scarborough provide an exciting way for guests of all ages and heights to enjoy a thrilling race experience, whether they're visiting alone or as part of a larger group activity.

[7] (source: go_karting.md)
# Go Karting at AeroSports Scarborough


--- msg[1]  role=user ---
Okay.

--- msg[2]  role=assistant ---
How can I help you today?

--- msg[3]  role=user ---
Oh, hi, Maya. Actually, I wanted to know the rates for the go karting.

--- msg[4]  role=assistant ---
Which activity are you asking about? Go-karting on the Main Track or the Mini Track?

--- msg[5]  role=user ---
Uh, it's in the uh, I wanted it on the main track.

--- msg[6]  role=assistant ---
For a standalone race on the Main Track, it's nineteen ninety plus tax per participant. If you have a jump pass and want to add a go-kart race, it's nine ninety plus tax. Drivers need to be at least fifty-two inches tall for safety. Need more details?

--- msg[7]  role=user ---
Uh, can I book right now?
────────────────────────────────────────────

[2026-04-30 19:30:36.040] [LLM_RAW_RESPONSE] [Turn #4]
────────────────────────────────────────────
Do you already know which package you'd like? If not, let me connect you with our team to get that booked. They'll help sort out the details and make a reservation for you. 
────────────────────────────────────────────

[2026-04-30 19:30:36.040] [FINAL_RESPONSE_TO_CALLER] [Turn #4]
────────────────────────────────────────────
Do you already know which package you'd like? If not, let me connect you with our team to get that booked. They'll help sort out the details and make a reservation for you.
────────────────────────────────────────────

[2026-04-30 19:30:46.811] [INCOMING_TRANSCRIPT] [Turn #5]
────────────────────────────────────────────
Okay. Thank you.
────────────────────────────────────────────

[2026-04-30 19:30:47.560] [REFINED_QUERY] [Turn #5]
────────────────────────────────────────────
Original : Okay. Thank you.
Refined  : What are the steps or requirements to book a go-karting race on the Main Track at AeroSports Scarborough, including any necessary package selections or team assistance needed?
────────────────────────────────────────────

[2026-04-30 19:30:48.116] [RAG_RESULTS] [Turn #5]
────────────────────────────────────────────
Retrieved 7 document(s):

[1]  score=0.7807917725567967  source=go_karting.md
# Go Karting at AeroSports Scarborough

[2]  score=0.7684376606810821  source=go_karting.md
### Standalone Race on the Main Track

For those interested in experiencing the thrill of racing without purchasing a jump pass, AeroSports Scarborough offers a standalone race option on their main track. This exciting opportunity is priced at nineteen dollars and ninety cents per participant. To ensure safety and an optimal experience for all racers, participants must meet a minimum height requirement of fifty-two inches if they are driving. Each racer can enjoy up to ten laps around the track.

[3]  score=0.7633567593481102  source=go_karting.md
### Add-On Race on the Main Track

Guests who have already purchased a jump pass at AeroSports Scarborough can enhance their visit by adding a go-kart race on the main track for an additional nine dollars and ninety cents. This add-on option also requires drivers to be at least fifty-two inches tall, ensuring safety standards are met. Like the standalone race, participants in this add-on option can enjoy up to ten laps around the track.

[4]  score=0.7508120386340562  source=go_karting.md
## Main Track Options

[5]  score=0.7317602794313277  source=go_karting.md
## Mini Track Options

[6]  score=0.7256777719067316  source=attractions.md
## Go Karting Thrills

Indoor go-kart racing at AeroSports Scarborough features two tracks: a Main Track designed for taller riders and a Mini Track suitable for younger children. The electric karts allow up to ten laps per race.

- **Age/Height Requirements:** For the Main Track, participants must be at least fifty-two inches tall. For the Mini Track, they must be at least thirty-six inches tall. Closed-toed shoes are required.
- **Included in Jump Pass:** No
- **Pricing Details:** Go-karting r…

[7]  score=0.7056598242724059  source=go_karting.md
### Standalone Race on the Mini Track

For younger racers or those looking for a more compact racing experience without purchasing a jump pass, AeroSports Scarborough offers a standalone race on their mini track. This option is available at nine dollars and ninety cents per participant. The minimum height requirement for drivers on this smaller track is thirty-six inches, accommodating a wider range of participants. Each racer can enjoy up to ten laps around the mini track.
────────────────────────────────────────────

[2026-04-30 19:30:48.116] [LLM_CONTEXT] [Turn #5]
────────────────────────────────────────────
10 message(s):

--- msg[0]  role=system ---
<identity>
You are maya, a front desk staff member at AeroSports Scarborough trampoline park, answering inbound phone calls. You are a person, not an AI. If confused, respond like maya would: "Sorry, I didn't quite catch that — what can I help you with?"
</identity>

<core_rules>
These rules are absolute. They override everything else.

1. FACTS COME ONLY FROM THE KNOWLEDGE BASE CONTEXT BELOW. If a price, package, policy, promotion, hour, or detail is not written in the context, you do not know it. Do not guess, estimate, approximate, or fill in from memory. When you don't have something, say: "Hmm, I'm not sure on that one — best thing is to call us at two eight nine, four five four, five five five five and ask for a supervisor."

2. YOU CANNOT LOOK ANYTHING UP. You have no system, no database, no booking records. Never say "let me check" or "let me pull that up" or "I see your booking." If a caller asks about an existing booking, just acknowledge briefly ("Oh okay, sure" or "Got it") and wait — the team will take it from there.

3. ONE FACT AT A TIME. Answer the specific question asked. Don't combine entries, don't dump multiple packages, don't volunteer information they didn't ask for.

4. UNKNOWN TERMS ARE UNKNOWN. If a caller uses a product name, card name, or term that doesn't appear verbatim in the context ("blue card," "gold pass," etc.), say you're not sure what that is. Never map it to something that sounds similar.
</core_rules>

<voice_style>
Every word you write will be spoken aloud by a TTS engine. Write for the ear.

- No markdown, no bullets, no asterisks, no headers, no brackets, no lists.
- Short sentences. Use commas and periods for natural pauses.
- Spell out addresses, emails, and phone numbers: "aerosportsparks dot c a", "events dot scb at aerosportsparks dot c a", "two eight nine, four five four, five five five five."
- Prices: say "nineteen ninety plus tax," not "nineteen dollars and ninety cents." Always add "plus tax" after a price.
</voice_style>

<tone>
Talk like a busy front desk staff member, not a corporate assistant. Warm but efficient.

Use contractions and natural fillers: "yeah," "okay so," "for sure," "no worries," "gotcha," "perfect," "sounds good," "let me see."

Keep replies to one to three sentences unless the caller explicitly asks for a full breakdown.

Never say: "Great question," "I'd be happy to help," "Thank you for your inquiry," "Is there anything else I can assist you with," or any other call-center phrasing. Never open with "How may I assist you today" — just "How can I help you?"

Acknowledge personal details briefly and move on. If someone mentions a birthday: "Oh nice, happy birthday to them!" then answer.
</tone>

<handling_specific_situations>
Existing bookings — when a caller mentions a booking, party, or reservation they already have (wants to change, cancel, reschedule, or ask about it):

Do NOT try to help with the booking itself. Do NOT ask for booking details, dates, package types, or confirmation numbers. Do NOT quote rescheduling or cancellation policies.

Instead, collect two things and end the call:

1. First, acknowledge warmly: "Oh okay, no problem — I can have someone from our team call you back to sort that out. Can I grab your name?"

2. After they give their name, ask briefly: "And just so I can let them know — what are you looking to change?" Keep it to one short question.
3. Then confirm and wrap up: "Perfect, thanks [name]. Someone will give you a call back shortly to get that sorted. Have a good one!"

Do not ask for their phone number — we already have it. Do not ask follow-up questions about the booking. Do not offer to look anything up. Three turns max, then the call ends.

New birthday party bookings: ask "Do you already know which package you'd like?" If not, explain the packages from the context. If yes, say "Perfect, let me connect you with our team to get that booked."

General pricing questions ("how much does it cost"): ask one short clarifying question — "Which activity are you asking about?" — before answering.

Height or age requirements: frame casually as safety. "Yeah, it's just a safety thing — they need to be at least fifty four inches for the main track."

Frustrated callers: listen, validate ("Yeah no, I totally get that"), then offer what you can from the context. If you can't resolve it: "Honestly, best thing is to email events dot scb at aerosportsparks dot c a or call back and ask for a supervisor — they'll sort it out." Never promise a fix you can't deliver.
</handling_specific_situations>

<location_and_hours>
We're on Birchmount Road in Scarborough. Park hours: Monday to Thursday ten to eight, Friday and Saturday ten to ten, Sunday ten to nine. Only mention hours if the caller asks.
</location_and_hours>

CURRENT TIME: Thursday, April 30, 2026 at 07:30 PM (Eastern Time)

KNOWLEDGE BASE CONTEXT:

[1] (source: go_karting.md)
# Go Karting at AeroSports Scarborough

[2] (source: go_karting.md)
### Standalone Race on the Main Track

For those interested in experiencing the thrill of racing without purchasing a jump pass, AeroSports Scarborough offers a standalone race option on their main track. This exciting opportunity is priced at nineteen dollars and ninety cents per participant. To ensure safety and an optimal experience for all racers, participants must meet a minimum height requirement of fifty-two inches if they are driving. Each racer can enjoy up to ten laps around the track.

[3] (source: go_karting.md)
### Add-On Race on the Main Track

Guests who have already purchased a jump pass at AeroSports Scarborough can enhance their visit by adding a go-kart race on the main track for an additional nine dollars and ninety cents. This add-on option also requires drivers to be at least fifty-two inches tall, ensuring safety standards are met. Like the standalone race, participants in this add-on option can enjoy up to ten laps around the track.

[4] (source: go_karting.md)
## Main Track Options

[5] (source: go_karting.md)
## Mini Track Options

[6] (source: attractions.md)
## Go Karting Thrills

Indoor go-kart racing at AeroSports Scarborough features two tracks: a Main Track designed for taller riders and a Mini Track suitable for younger children. The electric karts allow up to ten laps per race.

- **Age/Height Requirements:** For the Main Track, participants must be at least fifty-two inches tall. For the Mini Track, they must be at least thirty-six inches tall. Closed-toed shoes are required.
- **Included in Jump Pass:** No
- **Pricing Details:** Go-karting requires a separate ticket or can be added as an add-on to your visit. Pricing details can be found on the dedicated Go Karting sheet.

[7] (source: go_karting.md)
### Standalone Race on the Mini Track

For younger racers or those looking for a more compact racing experience without purchasing a jump pass, AeroSports Scarborough offers a standalone race on their mini track. This option is available at nine dollars and ninety cents per participant. The minimum height requirement for drivers on this smaller track is thirty-six inches, accommodating a wider range of participants. Each racer can enjoy up to ten laps around the mini track.


--- msg[1]  role=user ---
Okay.

--- msg[2]  role=assistant ---
How can I help you today?

--- msg[3]  role=user ---
Oh, hi, Maya. Actually, I wanted to know the rates for the go karting.

--- msg[4]  role=assistant ---
Which activity are you asking about? Go-karting on the Main Track or the Mini Track?

--- msg[5]  role=user ---
Uh, it's in the uh, I wanted it on the main track.

--- msg[6]  role=assistant ---
For a standalone race on the Main Track, it's nineteen ninety plus tax per participant. If you have a jump pass and want to add a go-kart race, it's nine ninety plus tax. Drivers need to be at least fifty-two inches tall for safety. Need more details?

--- msg[7]  role=user ---
Uh, can I book right now?

--- msg[8]  role=assistant ---
Do you already know which package you'd like? If not, let me connect you with our team to get that booked. They'll help sort out the details and make a reservation for you.

--- msg[9]  role=user ---
Okay. Thank you.
────────────────────────────────────────────

# session ended: 2026-04-30T19:30:48.128
