# Voice Session Pipeline Log
# call_sid : CAa4ca9278c05f6b7515731d233167dbd8
# started  : 2026-04-30T20:05:47.704
# log_file : /Users/Rajan/Documents/GitHub/rag_pipeline/src/logs/voice_session_2026-04-30_20-05-47.log

[2026-04-30 20:05:47.704] [INCOMING_TRANSCRIPT] [Turn #1]
────────────────────────────────────────────
Meyer?
────────────────────────────────────────────

[2026-04-30 20:05:47.704] [REFINED_QUERY] [Turn #1]
────────────────────────────────────────────
Original : Meyer?
Refined  : (unchanged)
────────────────────────────────────────────

[2026-04-30 20:05:49.403] [RAG_RESULTS] [Turn #1]
────────────────────────────────────────────
Retrieved 7 document(s):

[1]  score=0.41657972085649075  source=faqs.md
## General Information

[2]  score=0.41494873673029986  source=chatbot_quick_replies.md
### How Much

**Sample question:** How much does it cost?

**Response:** The pricing for jump passes at AeroSports Scarborough includes a ninety-minute Premium Jump Pass priced at twenty-four dollars and ninety cents, and a one hundred and twenty-minute VIP Jump Pass priced at twenty-nine dollars and ninety cents. Additionally, there is an All Day Pass available for thirty-nine dollars and ninety cents. Required AeroSports grip socks are priced at three dollars and ninety-nine cents but can be r…

[3]  score=0.4004897117906644  source=faqs.md
# Frequently Asked Questions

[4]  score=0.3864052275427027  source=chatbot_quick_replies.md
## Chatbot Quick Replies

[5]  score=0.3850300243514797  source=voice_call_scripts.md
## Hold Message

If you need to retrieve information during the call, inform the caller with a friendly message: "One moment while I look that up for you."

[6]  score=0.3673889855974315  source=birthday_parties.md
## Package Comparisons

[7]  score=0.35836133584630525  source=voice_call_scripts.md
## Transfer to Human Protocol

In situations where the inquiry is beyond your scope, use this script to transfer the caller to a team member: "Let me connect you with one of our team members who can help you with that. One moment please."
────────────────────────────────────────────

[2026-04-30 20:05:49.403] [LLM_CONTEXT] [Turn #1]
────────────────────────────────────────────
2 message(s):

--- msg[0]  role=system ---
<identity>
You are maya, a front desk staff member at AeroSports Scarborough trampoline park, answering inbound phone calls. You are a person, not an AI. If confused, respond like maya would: "Sorry, I didn't quite catch that — what can I help you with?"
</identity>

<core_rules>
These rules are absolute. They override everything else.

1. FACTS COME ONLY FROM THE KNOWLEDGE BASE CONTEXT BELOW. If a price, package, policy, promotion, hour, or detail is not written in the context, you do not know it. Do not guess, estimate, approximate, or fill in from memory. When you don't have something, say: "Hmm, I'm not sure on that one — best thing is to call us at two eight nine, four five four, five five five five and ask for a supervisor."

2. YOU CANNOT LOOK ANYTHING UP. You have no system, no database, no booking records. Never say "let me check" or "let me pull that up" or "I see your booking." If a caller asks about an existing booking, just acknowledge briefly ("Oh okay, sure" or "Got it") and wait — the team will take it from there.

3. ONE FACT AT A TIME. Answer the specific question asked. Don't combine entries, don't dump multiple packages, don't volunteer information they didn't ask for.

4. UNKNOWN TERMS ARE UNKNOWN. If a caller uses a product name, card name, or term that doesn't appear verbatim in the context ("blue card," "gold pass," etc.), say you're not sure what that is. Never map it to something that sounds similar.
</core_rules>

<voice_style>
Every word you write will be spoken aloud by a TTS engine. Write for the ear.

- No markdown, no bullets, no asterisks, no headers, no brackets, no lists.
- Short sentences. Use commas and periods for natural pauses.
- Spell out addresses, emails, and phone numbers: "aerosportsparks dot c a", "events dot scb at aerosportsparks dot c a", "two eight nine, four five four, five five five five."
- Prices: say "nineteen ninety plus tax," not "nineteen dollars and ninety cents." Always add "plus tax" after a price.
</voice_style>

<tone>
Talk like a busy front desk staff member, not a corporate assistant. Warm but efficient.

Use contractions and natural fillers: "yeah," "okay so," "for sure," "no worries," "gotcha," "perfect," "sounds good," "let me see."

Keep replies to one to three sentences unless the caller explicitly asks for a full breakdown.

Never say: "Great question," "I'd be happy to help," "Thank you for your inquiry," "Is there anything else I can assist you with," or any other call-center phrasing. Never open with "How may I assist you today" — just "How can I help you?"

Acknowledge personal details briefly and move on. If someone mentions a birthday: "Oh nice, happy birthday to them!" then answer.
</tone>

<handling_specific_situations>
Existing bookings — when a caller mentions a booking, party, or reservation they already have (wants to change, cancel, reschedule, or ask about it):

Do NOT try to help with the booking itself. Do NOT ask for booking details, dates, package types, or confirmation numbers. Do NOT quote rescheduling or cancellation policies.

Instead, collect two things and end the call:

1. First, acknowledge warmly: "Oh okay, no problem — I can have someone from our team call you back to sort that out. Can I grab your name?"

2. After they give their name, ask briefly: "And just so I can let them know — what are you looking to change?" Keep it to one short question.
3. Then confirm and wrap up: "Perfect, thanks [name]. Someone will give you a call back shortly to get that sorted. Have a good one!"

Do not ask for their phone number — we already have it. Do not ask follow-up questions about the booking. Do not offer to look anything up. Three turns max, then the call ends.

New birthday party bookings: ask "Do you already know which package you'd like?" If not, explain the packages from the context. If yes, say "Perfect, let me connect you with our team to get that booked."

General pricing questions ("how much does it cost"): ask one short clarifying question — "Which activity are you asking about?" — before answering.

Height or age requirements: frame casually as safety. "Yeah, it's just a safety thing — they need to be at least fifty four inches for the main track."

Frustrated callers: listen, validate ("Yeah no, I totally get that"), then offer what you can from the context. If you can't resolve it: "Honestly, best thing is to email events dot scb at aerosportsparks dot c a or call back and ask for a supervisor — they'll sort it out." Never promise a fix you can't deliver.
</handling_specific_situations>

<location_and_hours>
We're on Birchmount Road in Scarborough. Park hours: Monday to Thursday ten to eight, Friday and Saturday ten to ten, Sunday ten to nine. Only mention hours if the caller asks.
</location_and_hours>

CURRENT TIME: Thursday, April 30, 2026 at 08:05 PM (Eastern Time)

KNOWLEDGE BASE CONTEXT:

[1] (source: faqs.md)
## General Information

[2] (source: chatbot_quick_replies.md)
### How Much

**Sample question:** How much does it cost?

**Response:** The pricing for jump passes at AeroSports Scarborough includes a ninety-minute Premium Jump Pass priced at twenty-four dollars and ninety cents, and a one hundred and twenty-minute VIP Jump Pass priced at twenty-nine dollars and ninety cents. Additionally, there is an All Day Pass available for thirty-nine dollars and ninety cents. Required AeroSports grip socks are priced at three dollars and ninety-nine cents but can be reused. Please note that all prices include tax. Go-karting has separate pricing starting at nine dollars and ninety cents. Would you like to proceed with booking?

[3] (source: faqs.md)
# Frequently Asked Questions

[4] (source: chatbot_quick_replies.md)
## Chatbot Quick Replies

[5] (source: voice_call_scripts.md)
## Hold Message

If you need to retrieve information during the call, inform the caller with a friendly message: "One moment while I look that up for you."

[6] (source: birthday_parties.md)
## Package Comparisons

[7] (source: voice_call_scripts.md)
## Transfer to Human Protocol

In situations where the inquiry is beyond your scope, use this script to transfer the caller to a team member: "Let me connect you with one of our team members who can help you with that. One moment please."


--- msg[1]  role=user ---
Meyer?
────────────────────────────────────────────

[2026-04-30 20:05:49.412] [INCOMING_TRANSCRIPT] [Turn #2]
────────────────────────────────────────────
Ear? Yeah. I want to book a birthday party.
────────────────────────────────────────────

[2026-04-30 20:05:51.476] [REFINED_QUERY] [Turn #2]
────────────────────────────────────────────
Original : Ear? Yeah. I want to book a birthday party.
Refined  : How can I book a birthday party at AeroSports Scarborough, and what are the available packages such as Premium Birthday Package or VIP Birthday Package?
────────────────────────────────────────────

[2026-04-30 20:05:52.207] [RAG_RESULTS] [Turn #2]
────────────────────────────────────────────
Retrieved 7 document(s):

[1]  score=0.8038899658951205  source=birthday_parties.md
# Birthday Parties at AeroSports Scarborough

AeroSports Scarborough offers three distinct birthday party packages: Premium, VIP, and Ultimate. Each package includes a minimum of ten jumpers and features amenities such as pizza, drinks, a private party room, a glow t-shirt, digital invitations, and a free sixty-minute add-on pass for guest jumpers.

[2]  score=0.7641581209756708  source=birthday_parties.md
## Add-Ons

Birthday party add-ons available at AeroSports Scarborough include large pizzas (cheese, pepperoni, halal pepperoni, vegetarian, or Hawaiian) for twenty-five dollars each. Juice boxes are available in packs of ten for thirty dollars. Soft drink cans come in packs of ten for twenty dollars. Physical birthday invitations cost seventy-five cents each. An outside food fee is fifty dollars but is waived for the Ultimate Party. A go-kart race add-on costs nine dollars and ninety cents per …

[3]  score=0.7449106644014122  source=group_bookings.md
## Corporate & Team Parties

AeroSports Scarborough offers corporate and team parties suitable for various occasions such as team-building events, milestone celebrations, and employee rewards. These gatherings take place in an energetic environment featuring trampoline courts, obstacle courses, and more. Customizable packages are available to cater to specific needs.

For booking a corporate event, interested parties can call 289-454-5555 or send an email to events.scb@aerosportsparks.ca for fur…

[4]  score=0.7417069298537654  source=birthday_parties.md
## Package Comparisons

[5]  score=0.7391031604737989  source=chatbot_quick_replies.md
### Party Info

**Sample question:** Tell me about birthday parties?

**Response:** AeroSports Scarborough offers three different birthday party packages. Each package starts at thirty-nine dollars and ninety cents per participant, with a minimum requirement of ten children. All packages include pizza, drinks, access to a private party room, a glow t-shirt for the birthday child, and digital invitations. The Ultimate Package additionally includes go-karting, a free thirty-day pass, and complimen…

[6]  score=0.7048812752820595  source=location_info.md
## Useful Links

For booking activities or parties, visit the main booking page at https://ecom.roller.app/aerosportsscarborough/products/en/home. If you are interested in organizing a birthday party, use this specific link: https://ecom.roller.app/aerosportsscarborough/birthdayparties/en/products. To access and complete necessary waivers, go to https://waiver.roller.app/aerosportsscarborough/. For directions or to view the location on Google Maps, visit https://g.page/AeroSports-scarborough. Bi…

[7]  score=0.6670136848982097  source=location_info.md
# AeroSports Scarborough — Location Information
────────────────────────────────────────────

[2026-04-30 20:05:52.208] [LLM_CONTEXT] [Turn #2]
────────────────────────────────────────────
3 message(s):

--- msg[0]  role=system ---
<identity>
You are maya, a front desk staff member at AeroSports Scarborough trampoline park, answering inbound phone calls. You are a person, not an AI. If confused, respond like maya would: "Sorry, I didn't quite catch that — what can I help you with?"
</identity>

<core_rules>
These rules are absolute. They override everything else.

1. FACTS COME ONLY FROM THE KNOWLEDGE BASE CONTEXT BELOW. If a price, package, policy, promotion, hour, or detail is not written in the context, you do not know it. Do not guess, estimate, approximate, or fill in from memory. When you don't have something, say: "Hmm, I'm not sure on that one — best thing is to call us at two eight nine, four five four, five five five five and ask for a supervisor."

2. YOU CANNOT LOOK ANYTHING UP. You have no system, no database, no booking records. Never say "let me check" or "let me pull that up" or "I see your booking." If a caller asks about an existing booking, just acknowledge briefly ("Oh okay, sure" or "Got it") and wait — the team will take it from there.

3. ONE FACT AT A TIME. Answer the specific question asked. Don't combine entries, don't dump multiple packages, don't volunteer information they didn't ask for.

4. UNKNOWN TERMS ARE UNKNOWN. If a caller uses a product name, card name, or term that doesn't appear verbatim in the context ("blue card," "gold pass," etc.), say you're not sure what that is. Never map it to something that sounds similar.
</core_rules>

<voice_style>
Every word you write will be spoken aloud by a TTS engine. Write for the ear.

- No markdown, no bullets, no asterisks, no headers, no brackets, no lists.
- Short sentences. Use commas and periods for natural pauses.
- Spell out addresses, emails, and phone numbers: "aerosportsparks dot c a", "events dot scb at aerosportsparks dot c a", "two eight nine, four five four, five five five five."
- Prices: say "nineteen ninety plus tax," not "nineteen dollars and ninety cents." Always add "plus tax" after a price.
</voice_style>

<tone>
Talk like a busy front desk staff member, not a corporate assistant. Warm but efficient.

Use contractions and natural fillers: "yeah," "okay so," "for sure," "no worries," "gotcha," "perfect," "sounds good," "let me see."

Keep replies to one to three sentences unless the caller explicitly asks for a full breakdown.

Never say: "Great question," "I'd be happy to help," "Thank you for your inquiry," "Is there anything else I can assist you with," or any other call-center phrasing. Never open with "How may I assist you today" — just "How can I help you?"

Acknowledge personal details briefly and move on. If someone mentions a birthday: "Oh nice, happy birthday to them!" then answer.
</tone>

<handling_specific_situations>
Existing bookings — when a caller mentions a booking, party, or reservation they already have (wants to change, cancel, reschedule, or ask about it):

Do NOT try to help with the booking itself. Do NOT ask for booking details, dates, package types, or confirmation numbers. Do NOT quote rescheduling or cancellation policies.

Instead, collect two things and end the call:

1. First, acknowledge warmly: "Oh okay, no problem — I can have someone from our team call you back to sort that out. Can I grab your name?"

2. After they give their name, ask briefly: "And just so I can let them know — what are you looking to change?" Keep it to one short question.
3. Then confirm and wrap up: "Perfect, thanks [name]. Someone will give you a call back shortly to get that sorted. Have a good one!"

Do not ask for their phone number — we already have it. Do not ask follow-up questions about the booking. Do not offer to look anything up. Three turns max, then the call ends.

New birthday party bookings: ask "Do you already know which package you'd like?" If not, explain the packages from the context. If yes, say "Perfect, let me connect you with our team to get that booked."

General pricing questions ("how much does it cost"): ask one short clarifying question — "Which activity are you asking about?" — before answering.

Height or age requirements: frame casually as safety. "Yeah, it's just a safety thing — they need to be at least fifty four inches for the main track."

Frustrated callers: listen, validate ("Yeah no, I totally get that"), then offer what you can from the context. If you can't resolve it: "Honestly, best thing is to email events dot scb at aerosportsparks dot c a or call back and ask for a supervisor — they'll sort it out." Never promise a fix you can't deliver.
</handling_specific_situations>

<location_and_hours>
We're on Birchmount Road in Scarborough. Park hours: Monday to Thursday ten to eight, Friday and Saturday ten to ten, Sunday ten to nine. Only mention hours if the caller asks.
</location_and_hours>

CURRENT TIME: Thursday, April 30, 2026 at 08:05 PM (Eastern Time)

KNOWLEDGE BASE CONTEXT:

[1] (source: birthday_parties.md)
# Birthday Parties at AeroSports Scarborough

AeroSports Scarborough offers three distinct birthday party packages: Premium, VIP, and Ultimate. Each package includes a minimum of ten jumpers and features amenities such as pizza, drinks, a private party room, a glow t-shirt, digital invitations, and a free sixty-minute add-on pass for guest jumpers.

[2] (source: birthday_parties.md)
## Add-Ons

Birthday party add-ons available at AeroSports Scarborough include large pizzas (cheese, pepperoni, halal pepperoni, vegetarian, or Hawaiian) for twenty-five dollars each. Juice boxes are available in packs of ten for thirty dollars. Soft drink cans come in packs of ten for twenty dollars. Physical birthday invitations cost seventy-five cents each. An outside food fee is fifty dollars but is waived for the Ultimate Party. A go-kart race add-on costs nine dollars and ninety cents per person, already included in the Ultimate Party. A late ordering fee within twenty-four hours is twenty dollars.

[3] (source: group_bookings.md)
## Corporate & Team Parties

AeroSports Scarborough offers corporate and team parties suitable for various occasions such as team-building events, milestone celebrations, and employee rewards. These gatherings take place in an energetic environment featuring trampoline courts, obstacle courses, and more. Customizable packages are available to cater to specific needs.

For booking a corporate event, interested parties can call 289-454-5555 or send an email to events.scb@aerosportsparks.ca for further assistance and package details.

[4] (source: birthday_parties.md)
## Package Comparisons

[5] (source: chatbot_quick_replies.md)
### Party Info

**Sample question:** Tell me about birthday parties?

**Response:** AeroSports Scarborough offers three different birthday party packages. Each package starts at thirty-nine dollars and ninety cents per participant, with a minimum requirement of ten children. All packages include pizza, drinks, access to a private party room, a glow t-shirt for the birthday child, and digital invitations. The Ultimate Package additionally includes go-karting, a free thirty-day pass, and complimentary socks for all attendees. Would you like more details on a specific package?

[6] (source: location_info.md)
## Useful Links

For booking activities or parties, visit the main booking page at https://ecom.roller.app/aerosportsscarborough/products/en/home. If you are interested in organizing a birthday party, use this specific link: https://ecom.roller.app/aerosportsscarborough/birthdayparties/en/products. To access and complete necessary waivers, go to https://waiver.roller.app/aerosportsscarborough/. For directions or to view the location on Google Maps, visit https://g.page/AeroSports-scarborough. Birthday invitations can be created at https://aerosportsinvitation.netlify.app/invitationscarborough.

[7] (source: location_info.md)
# AeroSports Scarborough — Location Information


--- msg[1]  role=user ---
Meyer?

--- msg[2]  role=user ---
Ear? Yeah. I want to book a birthday party.
────────────────────────────────────────────

[2026-04-30 20:05:53.554] [LLM_RAW_RESPONSE] [Turn #2]
────────────────────────────────────────────
Oh, how can I help you with the birthday party booking? Do you already know which package you'd like? We have Premium, VIP, and Ultimate packages available. Let me know if you need more details on each one! 
────────────────────────────────────────────

[2026-04-30 20:05:53.554] [FINAL_RESPONSE_TO_CALLER] [Turn #2]
────────────────────────────────────────────
Oh, how can I help you with the birthday party booking? Do you already know which package you'd like? We have Premium, VIP, and Ultimate packages available. Let me know if you need more details on each one!
────────────────────────────────────────────

[2026-04-30 20:05:58.301] [INCOMING_TRANSCRIPT] [Turn #3]
────────────────────────────────────────────
It's
────────────────────────────────────────────

[2026-04-30 20:05:59.001] [REFINED_QUERY] [Turn #3]
────────────────────────────────────────────
Original : It's
Refined  : What are the available birthday party packages at AeroSports Scarborough for booking an event, and can you provide details on options such as the Premium Birthday Package or VIP Birthday Package?
────────────────────────────────────────────

[2026-04-30 20:05:59.541] [RAG_RESULTS] [Turn #3]
────────────────────────────────────────────
Retrieved 7 document(s):

[1]  score=0.8131083734696264  source=birthday_parties.md
# Birthday Parties at AeroSports Scarborough

AeroSports Scarborough offers three distinct birthday party packages: Premium, VIP, and Ultimate. Each package includes a minimum of ten jumpers and features amenities such as pizza, drinks, a private party room, a glow t-shirt, digital invitations, and a free sixty-minute add-on pass for guest jumpers.

[2]  score=0.7535507981241755  source=birthday_parties.md
## Package Comparisons

[3]  score=0.7522017955780244  source=birthday_parties.md
## Add-Ons

Birthday party add-ons available at AeroSports Scarborough include large pizzas (cheese, pepperoni, halal pepperoni, vegetarian, or Hawaiian) for twenty-five dollars each. Juice boxes are available in packs of ten for thirty dollars. Soft drink cans come in packs of ten for twenty dollars. Physical birthday invitations cost seventy-five cents each. An outside food fee is fifty dollars but is waived for the Ultimate Party. A go-kart race add-on costs nine dollars and ninety cents per …

[4]  score=0.7482270298274845  source=chatbot_quick_replies.md
### Party Info

**Sample question:** Tell me about birthday parties?

**Response:** AeroSports Scarborough offers three different birthday party packages. Each package starts at thirty-nine dollars and ninety cents per participant, with a minimum requirement of ten children. All packages include pizza, drinks, access to a private party room, a glow t-shirt for the birthday child, and digital invitations. The Ultimate Package additionally includes go-karting, a free thirty-day pass, and complimen…

[5]  score=0.7259896503668412  source=group_bookings.md
## Corporate & Team Parties

AeroSports Scarborough offers corporate and team parties suitable for various occasions such as team-building events, milestone celebrations, and employee rewards. These gatherings take place in an energetic environment featuring trampoline courts, obstacle courses, and more. Customizable packages are available to cater to specific needs.

For booking a corporate event, interested parties can call 289-454-5555 or send an email to events.scb@aerosportsparks.ca for fur…

[6]  score=0.6788918004108254  source=location_info.md
## Useful Links

For booking activities or parties, visit the main booking page at https://ecom.roller.app/aerosportsscarborough/products/en/home. If you are interested in organizing a birthday party, use this specific link: https://ecom.roller.app/aerosportsscarborough/birthdayparties/en/products. To access and complete necessary waivers, go to https://waiver.roller.app/aerosportsscarborough/. For directions or to view the location on Google Maps, visit https://g.page/AeroSports-scarborough. Bi…

[7]  score=0.6558474478403373  source=chatbot_quick_replies.md
### What To Do

**Sample question:** What can I do at AeroSports Scarborough?

**Response:** At AeroSports Scarborough, you'll find a variety of activities to enjoy. The facility features wall-to-wall trampolines, a ninja warrior course, a ninja maze, rock climbing walls, dodgeball, slam basketball, a 360 bicycle ride, giant slides, a jump tower, and go-karting. Note that everything except the go-karting is included in your jump pass.
────────────────────────────────────────────

[2026-04-30 20:05:59.541] [LLM_CONTEXT] [Turn #3]
────────────────────────────────────────────
5 message(s):

--- msg[0]  role=system ---
<identity>
You are maya, a front desk staff member at AeroSports Scarborough trampoline park, answering inbound phone calls. You are a person, not an AI. If confused, respond like maya would: "Sorry, I didn't quite catch that — what can I help you with?"
</identity>

<core_rules>
These rules are absolute. They override everything else.

1. FACTS COME ONLY FROM THE KNOWLEDGE BASE CONTEXT BELOW. If a price, package, policy, promotion, hour, or detail is not written in the context, you do not know it. Do not guess, estimate, approximate, or fill in from memory. When you don't have something, say: "Hmm, I'm not sure on that one — best thing is to call us at two eight nine, four five four, five five five five and ask for a supervisor."

2. YOU CANNOT LOOK ANYTHING UP. You have no system, no database, no booking records. Never say "let me check" or "let me pull that up" or "I see your booking." If a caller asks about an existing booking, just acknowledge briefly ("Oh okay, sure" or "Got it") and wait — the team will take it from there.

3. ONE FACT AT A TIME. Answer the specific question asked. Don't combine entries, don't dump multiple packages, don't volunteer information they didn't ask for.

4. UNKNOWN TERMS ARE UNKNOWN. If a caller uses a product name, card name, or term that doesn't appear verbatim in the context ("blue card," "gold pass," etc.), say you're not sure what that is. Never map it to something that sounds similar.
</core_rules>

<voice_style>
Every word you write will be spoken aloud by a TTS engine. Write for the ear.

- No markdown, no bullets, no asterisks, no headers, no brackets, no lists.
- Short sentences. Use commas and periods for natural pauses.
- Spell out addresses, emails, and phone numbers: "aerosportsparks dot c a", "events dot scb at aerosportsparks dot c a", "two eight nine, four five four, five five five five."
- Prices: say "nineteen ninety plus tax," not "nineteen dollars and ninety cents." Always add "plus tax" after a price.
</voice_style>

<tone>
Talk like a busy front desk staff member, not a corporate assistant. Warm but efficient.

Use contractions and natural fillers: "yeah," "okay so," "for sure," "no worries," "gotcha," "perfect," "sounds good," "let me see."

Keep replies to one to three sentences unless the caller explicitly asks for a full breakdown.

Never say: "Great question," "I'd be happy to help," "Thank you for your inquiry," "Is there anything else I can assist you with," or any other call-center phrasing. Never open with "How may I assist you today" — just "How can I help you?"

Acknowledge personal details briefly and move on. If someone mentions a birthday: "Oh nice, happy birthday to them!" then answer.
</tone>

<handling_specific_situations>
Existing bookings — when a caller mentions a booking, party, or reservation they already have (wants to change, cancel, reschedule, or ask about it):

Do NOT try to help with the booking itself. Do NOT ask for booking details, dates, package types, or confirmation numbers. Do NOT quote rescheduling or cancellation policies.

Instead, collect two things and end the call:

1. First, acknowledge warmly: "Oh okay, no problem — I can have someone from our team call you back to sort that out. Can I grab your name?"

2. After they give their name, ask briefly: "And just so I can let them know — what are you looking to change?" Keep it to one short question.
3. Then confirm and wrap up: "Perfect, thanks [name]. Someone will give you a call back shortly to get that sorted. Have a good one!"

Do not ask for their phone number — we already have it. Do not ask follow-up questions about the booking. Do not offer to look anything up. Three turns max, then the call ends.

New birthday party bookings: ask "Do you already know which package you'd like?" If not, explain the packages from the context. If yes, say "Perfect, let me connect you with our team to get that booked."

General pricing questions ("how much does it cost"): ask one short clarifying question — "Which activity are you asking about?" — before answering.

Height or age requirements: frame casually as safety. "Yeah, it's just a safety thing — they need to be at least fifty four inches for the main track."

Frustrated callers: listen, validate ("Yeah no, I totally get that"), then offer what you can from the context. If you can't resolve it: "Honestly, best thing is to email events dot scb at aerosportsparks dot c a or call back and ask for a supervisor — they'll sort it out." Never promise a fix you can't deliver.
</handling_specific_situations>

<location_and_hours>
We're on Birchmount Road in Scarborough. Park hours: Monday to Thursday ten to eight, Friday and Saturday ten to ten, Sunday ten to nine. Only mention hours if the caller asks.
</location_and_hours>

CURRENT TIME: Thursday, April 30, 2026 at 08:05 PM (Eastern Time)

KNOWLEDGE BASE CONTEXT:

[1] (source: birthday_parties.md)
# Birthday Parties at AeroSports Scarborough

AeroSports Scarborough offers three distinct birthday party packages: Premium, VIP, and Ultimate. Each package includes a minimum of ten jumpers and features amenities such as pizza, drinks, a private party room, a glow t-shirt, digital invitations, and a free sixty-minute add-on pass for guest jumpers.

[2] (source: birthday_parties.md)
## Package Comparisons

[3] (source: birthday_parties.md)
## Add-Ons

Birthday party add-ons available at AeroSports Scarborough include large pizzas (cheese, pepperoni, halal pepperoni, vegetarian, or Hawaiian) for twenty-five dollars each. Juice boxes are available in packs of ten for thirty dollars. Soft drink cans come in packs of ten for twenty dollars. Physical birthday invitations cost seventy-five cents each. An outside food fee is fifty dollars but is waived for the Ultimate Party. A go-kart race add-on costs nine dollars and ninety cents per person, already included in the Ultimate Party. A late ordering fee within twenty-four hours is twenty dollars.

[4] (source: chatbot_quick_replies.md)
### Party Info

**Sample question:** Tell me about birthday parties?

**Response:** AeroSports Scarborough offers three different birthday party packages. Each package starts at thirty-nine dollars and ninety cents per participant, with a minimum requirement of ten children. All packages include pizza, drinks, access to a private party room, a glow t-shirt for the birthday child, and digital invitations. The Ultimate Package additionally includes go-karting, a free thirty-day pass, and complimentary socks for all attendees. Would you like more details on a specific package?

[5] (source: group_bookings.md)
## Corporate & Team Parties

AeroSports Scarborough offers corporate and team parties suitable for various occasions such as team-building events, milestone celebrations, and employee rewards. These gatherings take place in an energetic environment featuring trampoline courts, obstacle courses, and more. Customizable packages are available to cater to specific needs.

For booking a corporate event, interested parties can call 289-454-5555 or send an email to events.scb@aerosportsparks.ca for further assistance and package details.

[6] (source: location_info.md)
## Useful Links

For booking activities or parties, visit the main booking page at https://ecom.roller.app/aerosportsscarborough/products/en/home. If you are interested in organizing a birthday party, use this specific link: https://ecom.roller.app/aerosportsscarborough/birthdayparties/en/products. To access and complete necessary waivers, go to https://waiver.roller.app/aerosportsscarborough/. For directions or to view the location on Google Maps, visit https://g.page/AeroSports-scarborough. Birthday invitations can be created at https://aerosportsinvitation.netlify.app/invitationscarborough.

[7] (source: chatbot_quick_replies.md)
### What To Do

**Sample question:** What can I do at AeroSports Scarborough?

**Response:** At AeroSports Scarborough, you'll find a variety of activities to enjoy. The facility features wall-to-wall trampolines, a ninja warrior course, a ninja maze, rock climbing walls, dodgeball, slam basketball, a 360 bicycle ride, giant slides, a jump tower, and go-karting. Note that everything except the go-karting is included in your jump pass.


--- msg[1]  role=user ---
Meyer?

--- msg[2]  role=user ---
Ear? Yeah. I want to book a birthday party.

--- msg[3]  role=assistant ---
Do you already know which package you'd like?

--- msg[4]  role=user ---
It's
────────────────────────────────────────────

# session ended: 2026-04-30T20:05:59.549
