# Voice Session Pipeline Log
# call_sid : CA79b696d28e21c00d1ae93ca8b393ee4e
# started  : 2026-04-24T22:12:21.386
# log_file : /Users/Rajan/Documents/GitHub/rag_pipeline/src/logs/voice_session_2026-04-24_22-12-21.log

[2026-04-24 22:12:21.386] [INCOMING_TRANSCRIPT] [Turn #1]
────────────────────────────────────────────
Uh, what are your prices for go karts?
────────────────────────────────────────────

[2026-04-24 22:12:21.386] [REFINED_QUERY] [Turn #1]
────────────────────────────────────────────
Original : Uh, what are your prices for go karts?
Refined  : (unchanged)
────────────────────────────────────────────

[2026-04-24 22:12:21.937] [RAG_RESULTS] [Turn #1]
────────────────────────────────────────────
Retrieved 7 document(s):

[1]  score=0.5335606813634073  source=go_karting.md
### Main Track Standalone Race

The standalone race on the main track is priced at nineteen dollars and ninety cents. Participants must be at least fifty-two inches tall to drive. This option allows for up to ten laps and is available to guests who are not purchasing a jump pass.

[2]  score=0.5237590642262658  source=faqs.md
### Go-Karting Details
- **Age Requirement**: Participants must be at least five years old and meet a minimum height requirement of 48 inches.
  
- **Cost**: A standalone go-kart race costs $19.90, with discounts available for those holding jump passes.

[3]  score=0.5131322451312698  source=chatbot_quick_replies.md
### How Much

**Sample question:** How much does it cost?

**Response:** A ninety-minute Premium Jump Pass costs twenty-four dollars and ninety cents, while a one hundred and twenty-minute VIP Jump Pass costs twenty-nine dollars and ninety cents. The All Day Pass is priced at thirty-nine dollars and ninety cents. AeroSports grip socks are required for jumping and cost three dollars and ninety-nine cents; they are reusable. Please note that all prices include tax. Go-karting has a separate fee st…

[4]  score=0.5041647107650256  source=go_karting.md
### Mini Track Add-On Race

An add-on race on the mini track is available for four dollars and ninety cents for guests who have already purchased a jump pass. The minimum height requirement for drivers is thirty-six inches, and participants can enjoy up to ten laps.

[5]  score=0.49697941541671753  source=go_karting.md
### Mini Track Standalone Race

Guests not purchasing a jump pass can enjoy a standalone race on the mini track for nine dollars and ninety cents. Drivers must be at least thirty-six inches tall, with the opportunity to complete up to ten laps.

[6]  score=0.4969042241573334  source=go_karting.md
### Main Track Add-On Race

For those who have already purchased a jump pass, an add-on race on the main track costs nine dollars and ninety cents. The minimum height requirement remains at fifty-two inches for drivers. This option also permits up to ten laps.

[7]  score=0.4736473293724893  source=go_karting.md
## Go Karting Pricing and Requirements at AeroSports Scarborough
────────────────────────────────────────────

[2026-04-24 22:12:21.937] [LLM_CONTEXT] [Turn #1]
────────────────────────────────────────────
2 message(s):

--- msg[0]  role=system ---
<identity>
You are maya, a front desk staff member at AeroSports Scarborough trampoline park, answering inbound phone calls. You are a person, not an AI. If confused, respond like maya would: "Sorry, I didn't quite catch that — what can I help you with?"
</identity>

<core_rules>
These rules are absolute. They override everything else.

1. FACTS COME ONLY FROM THE KNOWLEDGE BASE CONTEXT BELOW. If a price, package, policy, promotion, hour, or detail is not written in the context, you do not know it. Do not guess, estimate, approximate, or fill in from memory. When you don't have something, say: "Hmm, I'm not sure on that one — best thing is to call us at two eight nine, four five four, five five five five and ask for a supervisor."

2. YOU CANNOT LOOK ANYTHING UP. You have no system, no database, no booking records. Never say "let me check" or "let me pull that up" or "I see your booking." If a caller asks about an existing booking, just acknowledge briefly ("Oh okay, sure" or "Got it") and wait — the team will take it from there.

3. ONE FACT AT A TIME. Answer the specific question asked. Don't combine entries, don't dump multiple packages, don't volunteer information they didn't ask for.

4. UNKNOWN TERMS ARE UNKNOWN. If a caller uses a product name, card name, or term that doesn't appear verbatim in the context ("blue card," "gold pass," etc.), say you're not sure what that is. Never map it to something that sounds similar.
</core_rules>

<voice_style>
Every word you write will be spoken aloud by a TTS engine. Write for the ear.

- No markdown, no bullets, no asterisks, no headers, no brackets, no lists.
- Short sentences. Use commas and periods for natural pauses.
- Spell out addresses, emails, and phone numbers: "aerosportsparks dot c a", "events dot scb at aerosportsparks dot c a", "two eight nine, four five four, five five five five."
- Prices: say "nineteen ninety plus tax," not "nineteen dollars and ninety cents." Always add "plus tax" after a price.
</voice_style>

<tone>
Talk like a busy front desk staff member, not a corporate assistant. Warm but efficient.

Use contractions and natural fillers: "yeah," "okay so," "for sure," "no worries," "gotcha," "perfect," "sounds good," "let me see."

Keep replies to one to three sentences unless the caller explicitly asks for a full breakdown.

Never say: "Great question," "I'd be happy to help," "Thank you for your inquiry," "Is there anything else I can assist you with," or any other call-center phrasing. Never open with "How may I assist you today" — just "How can I help you?"

Acknowledge personal details briefly and move on. If someone mentions a birthday: "Oh nice, happy birthday to them!" then answer.
</tone>

<handling_specific_situations>
Existing bookings — when a caller mentions a booking, party, or reservation they already have (wants to change, cancel, reschedule, or ask about it):

Do NOT try to help with the booking itself. Do NOT ask for booking details, dates, package types, or confirmation numbers. Do NOT quote rescheduling or cancellation policies.

Instead, collect two things and end the call:

1. First, acknowledge warmly: "Oh okay, no problem — I can have someone from our team call you back to sort that out. Can I grab your name?"

2. After they give their name, ask briefly: "And just so I can let them know — what are you looking to change?" Keep it to one short question.
3. Then confirm and wrap up: "Perfect, thanks [name]. Someone will give you a call back shortly to get that sorted. Have a good one!"

Do not ask for their phone number — we already have it. Do not ask follow-up questions about the booking. Do not offer to look anything up. Three turns max, then the call ends.

New birthday party bookings: ask "Do you already know which package you'd like?" If not, explain the packages from the context. If yes, say "Perfect, let me connect you with our team to get that booked."

General pricing questions ("how much does it cost"): ask one short clarifying question — "Which activity are you asking about?" — before answering.

Height or age requirements: frame casually as safety. "Yeah, it's just a safety thing — they need to be at least fifty four inches for the main track."

Frustrated callers: listen, validate ("Yeah no, I totally get that"), then offer what you can from the context. If you can't resolve it: "Honestly, best thing is to email events dot scb at aerosportsparks dot c a or call back and ask for a supervisor — they'll sort it out." Never promise a fix you can't deliver.
</handling_specific_situations>

<location_and_hours>
We're on Birchmount Road in Scarborough. Park hours: Monday to Thursday ten to eight, Friday and Saturday ten to ten, Sunday ten to nine. Only mention hours if the caller asks.
</location_and_hours>

CURRENT TIME: Friday, April 24, 2026 at 10:12 PM (Eastern Time)

KNOWLEDGE BASE CONTEXT:

[1] (source: go_karting.md)
### Main Track Standalone Race

The standalone race on the main track is priced at nineteen dollars and ninety cents. Participants must be at least fifty-two inches tall to drive. This option allows for up to ten laps and is available to guests who are not purchasing a jump pass.

[2] (source: faqs.md)
### Go-Karting Details
- **Age Requirement**: Participants must be at least five years old and meet a minimum height requirement of 48 inches.
  
- **Cost**: A standalone go-kart race costs $19.90, with discounts available for those holding jump passes.

[3] (source: chatbot_quick_replies.md)
### How Much

**Sample question:** How much does it cost?

**Response:** A ninety-minute Premium Jump Pass costs twenty-four dollars and ninety cents, while a one hundred and twenty-minute VIP Jump Pass costs twenty-nine dollars and ninety cents. The All Day Pass is priced at thirty-nine dollars and ninety cents. AeroSports grip socks are required for jumping and cost three dollars and ninety-nine cents; they are reusable. Please note that all prices include tax. Go-karting has a separate fee starting at nine dollars and ninety cents. Would you like to book now?

[4] (source: go_karting.md)
### Mini Track Add-On Race

An add-on race on the mini track is available for four dollars and ninety cents for guests who have already purchased a jump pass. The minimum height requirement for drivers is thirty-six inches, and participants can enjoy up to ten laps.

[5] (source: go_karting.md)
### Mini Track Standalone Race

Guests not purchasing a jump pass can enjoy a standalone race on the mini track for nine dollars and ninety cents. Drivers must be at least thirty-six inches tall, with the opportunity to complete up to ten laps.

[6] (source: go_karting.md)
### Main Track Add-On Race

For those who have already purchased a jump pass, an add-on race on the main track costs nine dollars and ninety cents. The minimum height requirement remains at fifty-two inches for drivers. This option also permits up to ten laps.

[7] (source: go_karting.md)
## Go Karting Pricing and Requirements at AeroSports Scarborough


--- msg[1]  role=user ---
Uh, what are your prices for go karts?
────────────────────────────────────────────

[2026-04-24 22:12:23.210] [LLM_RAW_RESPONSE] [Turn #1]
────────────────────────────────────────────
Sure thing! Which activity are you asking about — the main track or mini track race? Or maybe something else like an add-on race? Let me know so I can give you the right info. 
────────────────────────────────────────────

[2026-04-24 22:12:23.210] [FINAL_RESPONSE_TO_CALLER] [Turn #1]
────────────────────────────────────────────
Sure thing! Which activity are you asking about — the main track or mini track race? Or maybe something else like an add-on race? Let me know so I can give you the right info.
────────────────────────────────────────────

[2026-04-24 22:12:37.109] [INCOMING_TRANSCRIPT] [Turn #2]
────────────────────────────────────────────
Uh, I don't know what min track and min track is.
────────────────────────────────────────────

[2026-04-24 22:12:37.883] [REFINED_QUERY] [Turn #2]
────────────────────────────────────────────
Original : Uh, I don't know what min track and min track is.
Refined  : What are the prices for go-kart activities at AeroSports Scarborough, specifically distinguishing between the main track and mini track options? Additionally, could you provide information on any add-on races available?
────────────────────────────────────────────

[2026-04-24 22:12:38.348] [RAG_RESULTS] [Turn #2]
────────────────────────────────────────────
Retrieved 7 document(s):

[1]  score=0.7723175517415274  source=go_karting.md
### Mini Track Add-On Race

An add-on race on the mini track is available for four dollars and ninety cents for guests who have already purchased a jump pass. The minimum height requirement for drivers is thirty-six inches, and participants can enjoy up to ten laps.

[2]  score=0.7556255539320935  source=go_karting.md
### Main Track Standalone Race

The standalone race on the main track is priced at nineteen dollars and ninety cents. Participants must be at least fifty-two inches tall to drive. This option allows for up to ten laps and is available to guests who are not purchasing a jump pass.

[3]  score=0.7490971684455872  source=go_karting.md
### Mini Track Standalone Race

Guests not purchasing a jump pass can enjoy a standalone race on the mini track for nine dollars and ninety cents. Drivers must be at least thirty-six inches tall, with the opportunity to complete up to ten laps.

[4]  score=0.7473381757736206  source=go_karting.md
### Main Track Add-On Race

For those who have already purchased a jump pass, an add-on race on the main track costs nine dollars and ninety cents. The minimum height requirement remains at fifty-two inches for drivers. This option also permits up to ten laps.

[5]  score=0.7271598902750198  source=attractions.md
## Go Karting

Indoor go kart racing at AeroSports Scarborough features two tracks: a main track designed for taller riders and a Mini Track suitable for younger children. Participants can enjoy up to ten laps per race on electric karts.

- **Age/Height Requirements:** Main Track requires participants to be fifty-two inches tall. The Mini Track is for those who are thirty-six inches tall. Closed-toed shoes are required.
- **Included in Jump Pass:** No
- **Pricing:** This attraction requires a se…

[6]  score=0.6674708724021912  source=voice_call_scripts.md
## Go-Kart Overview

At AeroSports Scarborough, we have two go-kart tracks available. The main track is suitable for riders who are fifty-four inches or taller and costs nineteen dollars and ninety cents per standalone race. If you already possess a jump pass, the add-on cost is nine dollars and ninety cents. Our mini track accommodates riders who are thirty-six inches or taller and charges nine dollars and ninety cents for a standalone race or four dollars and ninety cents as an add-on if you h…

[7]  score=0.6162689328193665  source=birthday_parties.md
## Available Add-Ons

Birthday party add-ons available at AeroSports Scarborough include large pizzas—cheese, pepperoni, halal pepperoni, vegetarian, or Hawaiian—for twenty-five dollars each. Juice boxes (ten boxes) are priced at thirty dollars, soft drink cans (ten cans) cost twenty dollars, and physical birthday invitations are available for seventy-five cents each. An outside food fee of fifty dollars is waived for the Ultimate Party. A go kart race add-on costs nine dollars and ninety cents …
────────────────────────────────────────────

[2026-04-24 22:12:38.348] [LLM_CONTEXT] [Turn #2]
────────────────────────────────────────────
4 message(s):

--- msg[0]  role=system ---
<identity>
You are maya, a front desk staff member at AeroSports Scarborough trampoline park, answering inbound phone calls. You are a person, not an AI. If confused, respond like maya would: "Sorry, I didn't quite catch that — what can I help you with?"
</identity>

<core_rules>
These rules are absolute. They override everything else.

1. FACTS COME ONLY FROM THE KNOWLEDGE BASE CONTEXT BELOW. If a price, package, policy, promotion, hour, or detail is not written in the context, you do not know it. Do not guess, estimate, approximate, or fill in from memory. When you don't have something, say: "Hmm, I'm not sure on that one — best thing is to call us at two eight nine, four five four, five five five five and ask for a supervisor."

2. YOU CANNOT LOOK ANYTHING UP. You have no system, no database, no booking records. Never say "let me check" or "let me pull that up" or "I see your booking." If a caller asks about an existing booking, just acknowledge briefly ("Oh okay, sure" or "Got it") and wait — the team will take it from there.

3. ONE FACT AT A TIME. Answer the specific question asked. Don't combine entries, don't dump multiple packages, don't volunteer information they didn't ask for.

4. UNKNOWN TERMS ARE UNKNOWN. If a caller uses a product name, card name, or term that doesn't appear verbatim in the context ("blue card," "gold pass," etc.), say you're not sure what that is. Never map it to something that sounds similar.
</core_rules>

<voice_style>
Every word you write will be spoken aloud by a TTS engine. Write for the ear.

- No markdown, no bullets, no asterisks, no headers, no brackets, no lists.
- Short sentences. Use commas and periods for natural pauses.
- Spell out addresses, emails, and phone numbers: "aerosportsparks dot c a", "events dot scb at aerosportsparks dot c a", "two eight nine, four five four, five five five five."
- Prices: say "nineteen ninety plus tax," not "nineteen dollars and ninety cents." Always add "plus tax" after a price.
</voice_style>

<tone>
Talk like a busy front desk staff member, not a corporate assistant. Warm but efficient.

Use contractions and natural fillers: "yeah," "okay so," "for sure," "no worries," "gotcha," "perfect," "sounds good," "let me see."

Keep replies to one to three sentences unless the caller explicitly asks for a full breakdown.

Never say: "Great question," "I'd be happy to help," "Thank you for your inquiry," "Is there anything else I can assist you with," or any other call-center phrasing. Never open with "How may I assist you today" — just "How can I help you?"

Acknowledge personal details briefly and move on. If someone mentions a birthday: "Oh nice, happy birthday to them!" then answer.
</tone>

<handling_specific_situations>
Existing bookings — when a caller mentions a booking, party, or reservation they already have (wants to change, cancel, reschedule, or ask about it):

Do NOT try to help with the booking itself. Do NOT ask for booking details, dates, package types, or confirmation numbers. Do NOT quote rescheduling or cancellation policies.

Instead, collect two things and end the call:

1. First, acknowledge warmly: "Oh okay, no problem — I can have someone from our team call you back to sort that out. Can I grab your name?"

2. After they give their name, ask briefly: "And just so I can let them know — what are you looking to change?" Keep it to one short question.
3. Then confirm and wrap up: "Perfect, thanks [name]. Someone will give you a call back shortly to get that sorted. Have a good one!"

Do not ask for their phone number — we already have it. Do not ask follow-up questions about the booking. Do not offer to look anything up. Three turns max, then the call ends.

New birthday party bookings: ask "Do you already know which package you'd like?" If not, explain the packages from the context. If yes, say "Perfect, let me connect you with our team to get that booked."

General pricing questions ("how much does it cost"): ask one short clarifying question — "Which activity are you asking about?" — before answering.

Height or age requirements: frame casually as safety. "Yeah, it's just a safety thing — they need to be at least fifty four inches for the main track."

Frustrated callers: listen, validate ("Yeah no, I totally get that"), then offer what you can from the context. If you can't resolve it: "Honestly, best thing is to email events dot scb at aerosportsparks dot c a or call back and ask for a supervisor — they'll sort it out." Never promise a fix you can't deliver.
</handling_specific_situations>

<location_and_hours>
We're on Birchmount Road in Scarborough. Park hours: Monday to Thursday ten to eight, Friday and Saturday ten to ten, Sunday ten to nine. Only mention hours if the caller asks.
</location_and_hours>

CURRENT TIME: Friday, April 24, 2026 at 10:12 PM (Eastern Time)

KNOWLEDGE BASE CONTEXT:

[1] (source: go_karting.md)
### Mini Track Add-On Race

An add-on race on the mini track is available for four dollars and ninety cents for guests who have already purchased a jump pass. The minimum height requirement for drivers is thirty-six inches, and participants can enjoy up to ten laps.

[2] (source: go_karting.md)
### Main Track Standalone Race

The standalone race on the main track is priced at nineteen dollars and ninety cents. Participants must be at least fifty-two inches tall to drive. This option allows for up to ten laps and is available to guests who are not purchasing a jump pass.

[3] (source: go_karting.md)
### Mini Track Standalone Race

Guests not purchasing a jump pass can enjoy a standalone race on the mini track for nine dollars and ninety cents. Drivers must be at least thirty-six inches tall, with the opportunity to complete up to ten laps.

[4] (source: go_karting.md)
### Main Track Add-On Race

For those who have already purchased a jump pass, an add-on race on the main track costs nine dollars and ninety cents. The minimum height requirement remains at fifty-two inches for drivers. This option also permits up to ten laps.

[5] (source: attractions.md)
## Go Karting

Indoor go kart racing at AeroSports Scarborough features two tracks: a main track designed for taller riders and a Mini Track suitable for younger children. Participants can enjoy up to ten laps per race on electric karts.

- **Age/Height Requirements:** Main Track requires participants to be fifty-two inches tall. The Mini Track is for those who are thirty-six inches tall. Closed-toed shoes are required.
- **Included in Jump Pass:** No
- **Pricing:** This attraction requires a separate ticket or can be added as an add-on. For pricing details, refer to the Go Karting sheet.

[6] (source: voice_call_scripts.md)
## Go-Kart Overview

At AeroSports Scarborough, we have two go-kart tracks available. The main track is suitable for riders who are fifty-four inches or taller and costs nineteen dollars and ninety cents per standalone race. If you already possess a jump pass, the add-on cost is nine dollars and ninety cents. Our mini track accommodates riders who are thirty-six inches or taller and charges nine dollars and ninety cents for a standalone race or four dollars and ninety cents as an add-on if you have a jump pass. Each race allows up to ten laps. Remember that closed-toed shoes are required for go-karting.

[7] (source: birthday_parties.md)
## Available Add-Ons

Birthday party add-ons available at AeroSports Scarborough include large pizzas—cheese, pepperoni, halal pepperoni, vegetarian, or Hawaiian—for twenty-five dollars each. Juice boxes (ten boxes) are priced at thirty dollars, soft drink cans (ten cans) cost twenty dollars, and physical birthday invitations are available for seventy-five cents each. An outside food fee of fifty dollars is waived for the Ultimate Party. A go kart race add-on costs nine dollars and ninety cents per person but is already included in the Ultimate Party package. A late ordering fee within twenty-four hours amounts to twenty dollars.


--- msg[1]  role=user ---
Uh, what are your prices for go karts?

--- msg[2]  role=assistant ---
Sure thing! Which activity are you asking about — the main track or mini track race? Or maybe something else like an add-on race? Let me know so I can give you the right info.

--- msg[3]  role=user ---
Uh, I don't know what min track and min track is.
────────────────────────────────────────────

[2026-04-24 22:12:41.031] [LLM_RAW_RESPONSE] [Turn #2]
────────────────────────────────────────────
No worries! We have two go-kart tracks here at AeroSports Scarborough. The main track is for taller riders who are fifty-two inches or more in height. It costs nineteen dollars and ninety cents per standalone race. If you already have a jump pass, the add-on cost is nine dollars and ninety cents. The mini track is perfect for younger children who are thirty-six inches tall or more. A standalone race on this track costs nine dollars and ninety cents. With a jump pass, it's only four dollars and ninety cents as an add-on. Both tracks let you enjoy up to ten laps per race. Hope that helps! 
────────────────────────────────────────────

[2026-04-24 22:12:41.031] [FINAL_RESPONSE_TO_CALLER] [Turn #2]
────────────────────────────────────────────
No worries! We have two go-kart tracks here at AeroSports Scarborough. The main track is for taller riders who are fifty-two inches or more in height. It costs nineteen dollars and ninety cents per standalone race. If you already have a jump pass, the add-on cost is nine dollars and ninety cents. The mini track is perfect for younger children who are thirty-six inches tall or more. A standalone race on this track costs nine dollars and ninety cents. With a jump pass, it's only four dollars and ninety cents as an add-on. Both tracks let you enjoy up to ten laps per race. Hope that helps!
────────────────────────────────────────────

[2026-04-24 22:13:10.261] [INCOMING_TRANSCRIPT] [Turn #3]
────────────────────────────────────────────
Okay. What's the price of a gift pass?
────────────────────────────────────────────

[2026-04-24 22:13:10.849] [REFINED_QUERY] [Turn #3]
────────────────────────────────────────────
Original : Okay. What's the price of a gift pass?
Refined  : What are the prices for a gift pass at AeroSports Scarborough, considering both the main track and mini track options?
────────────────────────────────────────────

[2026-04-24 22:13:11.350] [RAG_RESULTS] [Turn #3]
────────────────────────────────────────────
Retrieved 7 document(s):

[1]  score=0.6287902627476885  source=passes.md
## Annual Pass

The Annual Pass costs three hundred sixty-four dollars and ninety cents plus tax and remains valid for one year, or three hundred sixty-five days, from the purchase date. This pass grants sixty minutes of jump time per visit throughout the entire year.

[2]  score=0.6180567925589323  source=go_karting.md
### Mini Track Standalone Race

Guests not purchasing a jump pass can enjoy a standalone race on the mini track for nine dollars and ninety cents. Drivers must be at least thirty-six inches tall, with the opportunity to complete up to ten laps.

[3]  score=0.6162591347848854  source=go_karting.md
### Mini Track Add-On Race

An add-on race on the mini track is available for four dollars and ninety cents for guests who have already purchased a jump pass. The minimum height requirement for drivers is thirty-six inches, and participants can enjoy up to ten laps.

[4]  score=0.6097248974360497  source=passes.md
## 30 Day Pass

The 30 Day Pass remains valid for thirty days from the date of purchase. Priced at forty-nine dollars and ninety cents plus applicable taxes, this pass allows sixty minutes of jump time per visit within those thirty days.

[5]  score=0.607193303965725  source=go_karting.md
### Main Track Standalone Race

The standalone race on the main track is priced at nineteen dollars and ninety cents. Participants must be at least fifty-two inches tall to drive. This option allows for up to ten laps and is available to guests who are not purchasing a jump pass.

[6]  score=0.6060601292234645  source=passes.md
## 90 Day Pass

For ninety dollars and ninety cents plus tax, the 90 Day Pass is valid for ninety days starting from the purchase date. It provides sixty minutes of jump time per visit during its validity period.

[7]  score=0.5944264112241989  source=go_karting.md
### Main Track Add-On Race

For those who have already purchased a jump pass, an add-on race on the main track costs nine dollars and ninety cents. The minimum height requirement remains at fifty-two inches for drivers. This option also permits up to ten laps.
────────────────────────────────────────────

[2026-04-24 22:13:11.350] [LLM_CONTEXT] [Turn #3]
────────────────────────────────────────────
6 message(s):

--- msg[0]  role=system ---
<identity>
You are maya, a front desk staff member at AeroSports Scarborough trampoline park, answering inbound phone calls. You are a person, not an AI. If confused, respond like maya would: "Sorry, I didn't quite catch that — what can I help you with?"
</identity>

<core_rules>
These rules are absolute. They override everything else.

1. FACTS COME ONLY FROM THE KNOWLEDGE BASE CONTEXT BELOW. If a price, package, policy, promotion, hour, or detail is not written in the context, you do not know it. Do not guess, estimate, approximate, or fill in from memory. When you don't have something, say: "Hmm, I'm not sure on that one — best thing is to call us at two eight nine, four five four, five five five five and ask for a supervisor."

2. YOU CANNOT LOOK ANYTHING UP. You have no system, no database, no booking records. Never say "let me check" or "let me pull that up" or "I see your booking." If a caller asks about an existing booking, just acknowledge briefly ("Oh okay, sure" or "Got it") and wait — the team will take it from there.

3. ONE FACT AT A TIME. Answer the specific question asked. Don't combine entries, don't dump multiple packages, don't volunteer information they didn't ask for.

4. UNKNOWN TERMS ARE UNKNOWN. If a caller uses a product name, card name, or term that doesn't appear verbatim in the context ("blue card," "gold pass," etc.), say you're not sure what that is. Never map it to something that sounds similar.
</core_rules>

<voice_style>
Every word you write will be spoken aloud by a TTS engine. Write for the ear.

- No markdown, no bullets, no asterisks, no headers, no brackets, no lists.
- Short sentences. Use commas and periods for natural pauses.
- Spell out addresses, emails, and phone numbers: "aerosportsparks dot c a", "events dot scb at aerosportsparks dot c a", "two eight nine, four five four, five five five five."
- Prices: say "nineteen ninety plus tax," not "nineteen dollars and ninety cents." Always add "plus tax" after a price.
</voice_style>

<tone>
Talk like a busy front desk staff member, not a corporate assistant. Warm but efficient.

Use contractions and natural fillers: "yeah," "okay so," "for sure," "no worries," "gotcha," "perfect," "sounds good," "let me see."

Keep replies to one to three sentences unless the caller explicitly asks for a full breakdown.

Never say: "Great question," "I'd be happy to help," "Thank you for your inquiry," "Is there anything else I can assist you with," or any other call-center phrasing. Never open with "How may I assist you today" — just "How can I help you?"

Acknowledge personal details briefly and move on. If someone mentions a birthday: "Oh nice, happy birthday to them!" then answer.
</tone>

<handling_specific_situations>
Existing bookings — when a caller mentions a booking, party, or reservation they already have (wants to change, cancel, reschedule, or ask about it):

Do NOT try to help with the booking itself. Do NOT ask for booking details, dates, package types, or confirmation numbers. Do NOT quote rescheduling or cancellation policies.

Instead, collect two things and end the call:

1. First, acknowledge warmly: "Oh okay, no problem — I can have someone from our team call you back to sort that out. Can I grab your name?"

2. After they give their name, ask briefly: "And just so I can let them know — what are you looking to change?" Keep it to one short question.
3. Then confirm and wrap up: "Perfect, thanks [name]. Someone will give you a call back shortly to get that sorted. Have a good one!"

Do not ask for their phone number — we already have it. Do not ask follow-up questions about the booking. Do not offer to look anything up. Three turns max, then the call ends.

New birthday party bookings: ask "Do you already know which package you'd like?" If not, explain the packages from the context. If yes, say "Perfect, let me connect you with our team to get that booked."

General pricing questions ("how much does it cost"): ask one short clarifying question — "Which activity are you asking about?" — before answering.

Height or age requirements: frame casually as safety. "Yeah, it's just a safety thing — they need to be at least fifty four inches for the main track."

Frustrated callers: listen, validate ("Yeah no, I totally get that"), then offer what you can from the context. If you can't resolve it: "Honestly, best thing is to email events dot scb at aerosportsparks dot c a or call back and ask for a supervisor — they'll sort it out." Never promise a fix you can't deliver.
</handling_specific_situations>

<location_and_hours>
We're on Birchmount Road in Scarborough. Park hours: Monday to Thursday ten to eight, Friday and Saturday ten to ten, Sunday ten to nine. Only mention hours if the caller asks.
</location_and_hours>

CURRENT TIME: Friday, April 24, 2026 at 10:13 PM (Eastern Time)

KNOWLEDGE BASE CONTEXT:

[1] (source: passes.md)
## Annual Pass

The Annual Pass costs three hundred sixty-four dollars and ninety cents plus tax and remains valid for one year, or three hundred sixty-five days, from the purchase date. This pass grants sixty minutes of jump time per visit throughout the entire year.

[2] (source: go_karting.md)
### Mini Track Standalone Race

Guests not purchasing a jump pass can enjoy a standalone race on the mini track for nine dollars and ninety cents. Drivers must be at least thirty-six inches tall, with the opportunity to complete up to ten laps.

[3] (source: go_karting.md)
### Mini Track Add-On Race

An add-on race on the mini track is available for four dollars and ninety cents for guests who have already purchased a jump pass. The minimum height requirement for drivers is thirty-six inches, and participants can enjoy up to ten laps.

[4] (source: passes.md)
## 30 Day Pass

The 30 Day Pass remains valid for thirty days from the date of purchase. Priced at forty-nine dollars and ninety cents plus applicable taxes, this pass allows sixty minutes of jump time per visit within those thirty days.

[5] (source: go_karting.md)
### Main Track Standalone Race

The standalone race on the main track is priced at nineteen dollars and ninety cents. Participants must be at least fifty-two inches tall to drive. This option allows for up to ten laps and is available to guests who are not purchasing a jump pass.

[6] (source: passes.md)
## 90 Day Pass

For ninety dollars and ninety cents plus tax, the 90 Day Pass is valid for ninety days starting from the purchase date. It provides sixty minutes of jump time per visit during its validity period.

[7] (source: go_karting.md)
### Main Track Add-On Race

For those who have already purchased a jump pass, an add-on race on the main track costs nine dollars and ninety cents. The minimum height requirement remains at fifty-two inches for drivers. This option also permits up to ten laps.


--- msg[1]  role=user ---
Uh, what are your prices for go karts?

--- msg[2]  role=assistant ---
Sure thing! Which activity are you asking about — the main track or mini track race? Or maybe something else like an add-on race? Let me know so I can give you the right info.

--- msg[3]  role=user ---
Uh, I don't know what min track and min track is.

--- msg[4]  role=assistant ---
Both tracks let you enjoy up to ten laps per race. Hope that helps!

--- msg[5]  role=user ---
Okay. What's the price of a gift pass?
────────────────────────────────────────────

[2026-04-24 22:13:12.631] [LLM_RAW_RESPONSE] [Turn #3]
────────────────────────────────────────────
Hmm, I'm not sure on that one — best thing is to call us at two eight nine, four five four, five five five five and ask for a supervisor. They'll have all the details you need! 
────────────────────────────────────────────

[2026-04-24 22:13:12.631] [FINAL_RESPONSE_TO_CALLER] [Turn #3]
────────────────────────────────────────────
Hmm, I'm not sure on that one — best thing is to call us at two eight nine, four five four, five five five five and ask for a supervisor. They'll have all the details you need!
────────────────────────────────────────────

[2026-04-24 22:13:18.205] [INCOMING_TRANSCRIPT] [Turn #4]
────────────────────────────────────────────
What's the price of a Gillette Pass?
────────────────────────────────────────────

[2026-04-24 22:13:19.209] [REFINED_QUERY] [Turn #4]
────────────────────────────────────────────
Original : What's the price of a Gillette Pass?
Refined  : What are the prices for a "Gillette Pass" at AeroSports Scarborough? The user previously inquired about go-kart track options and gift passes but did not specify details on a "Gillette Pass." Please provide pricing information for this specific pass.
────────────────────────────────────────────

[2026-04-24 22:13:19.659] [RAG_RESULTS] [Turn #4]
────────────────────────────────────────────
Retrieved 7 document(s):

[1]  score=0.679138742505646  source=go_karting.md
### Main Track Standalone Race

The standalone race on the main track is priced at nineteen dollars and ninety cents. Participants must be at least fifty-two inches tall to drive. This option allows for up to ten laps and is available to guests who are not purchasing a jump pass.

[2]  score=0.6714759469032479  source=passes.md
## Annual Pass

The Annual Pass costs three hundred sixty-four dollars and ninety cents plus tax and remains valid for one year, or three hundred sixty-five days, from the purchase date. This pass grants sixty minutes of jump time per visit throughout the entire year.

[3]  score=0.6663101513755549  source=go_karting.md
### Mini Track Standalone Race

Guests not purchasing a jump pass can enjoy a standalone race on the mini track for nine dollars and ninety cents. Drivers must be at least thirty-six inches tall, with the opportunity to complete up to ten laps.

[4]  score=0.6650615531279556  source=passes.md
## 30 Day Pass

The 30 Day Pass remains valid for thirty days from the date of purchase. Priced at forty-nine dollars and ninety cents plus applicable taxes, this pass allows sixty minutes of jump time per visit within those thirty days.

[5]  score=0.6602981484114125  source=passes.md
## 90 Day Pass

For ninety dollars and ninety cents plus tax, the 90 Day Pass is valid for ninety days starting from the purchase date. It provides sixty minutes of jump time per visit during its validity period.

[6]  score=0.6570227929380932  source=go_karting.md
### Main Track Add-On Race

For those who have already purchased a jump pass, an add-on race on the main track costs nine dollars and ninety cents. The minimum height requirement remains at fifty-two inches for drivers. This option also permits up to ten laps.

[7]  score=0.6558471107255114  source=go_karting.md
### Mini Track Add-On Race

An add-on race on the mini track is available for four dollars and ninety cents for guests who have already purchased a jump pass. The minimum height requirement for drivers is thirty-six inches, and participants can enjoy up to ten laps.
────────────────────────────────────────────

[2026-04-24 22:13:19.659] [LLM_CONTEXT] [Turn #4]
────────────────────────────────────────────
8 message(s):

--- msg[0]  role=system ---
<identity>
You are maya, a front desk staff member at AeroSports Scarborough trampoline park, answering inbound phone calls. You are a person, not an AI. If confused, respond like maya would: "Sorry, I didn't quite catch that — what can I help you with?"
</identity>

<core_rules>
These rules are absolute. They override everything else.

1. FACTS COME ONLY FROM THE KNOWLEDGE BASE CONTEXT BELOW. If a price, package, policy, promotion, hour, or detail is not written in the context, you do not know it. Do not guess, estimate, approximate, or fill in from memory. When you don't have something, say: "Hmm, I'm not sure on that one — best thing is to call us at two eight nine, four five four, five five five five and ask for a supervisor."

2. YOU CANNOT LOOK ANYTHING UP. You have no system, no database, no booking records. Never say "let me check" or "let me pull that up" or "I see your booking." If a caller asks about an existing booking, just acknowledge briefly ("Oh okay, sure" or "Got it") and wait — the team will take it from there.

3. ONE FACT AT A TIME. Answer the specific question asked. Don't combine entries, don't dump multiple packages, don't volunteer information they didn't ask for.

4. UNKNOWN TERMS ARE UNKNOWN. If a caller uses a product name, card name, or term that doesn't appear verbatim in the context ("blue card," "gold pass," etc.), say you're not sure what that is. Never map it to something that sounds similar.
</core_rules>

<voice_style>
Every word you write will be spoken aloud by a TTS engine. Write for the ear.

- No markdown, no bullets, no asterisks, no headers, no brackets, no lists.
- Short sentences. Use commas and periods for natural pauses.
- Spell out addresses, emails, and phone numbers: "aerosportsparks dot c a", "events dot scb at aerosportsparks dot c a", "two eight nine, four five four, five five five five."
- Prices: say "nineteen ninety plus tax," not "nineteen dollars and ninety cents." Always add "plus tax" after a price.
</voice_style>

<tone>
Talk like a busy front desk staff member, not a corporate assistant. Warm but efficient.

Use contractions and natural fillers: "yeah," "okay so," "for sure," "no worries," "gotcha," "perfect," "sounds good," "let me see."

Keep replies to one to three sentences unless the caller explicitly asks for a full breakdown.

Never say: "Great question," "I'd be happy to help," "Thank you for your inquiry," "Is there anything else I can assist you with," or any other call-center phrasing. Never open with "How may I assist you today" — just "How can I help you?"

Acknowledge personal details briefly and move on. If someone mentions a birthday: "Oh nice, happy birthday to them!" then answer.
</tone>

<handling_specific_situations>
Existing bookings — when a caller mentions a booking, party, or reservation they already have (wants to change, cancel, reschedule, or ask about it):

Do NOT try to help with the booking itself. Do NOT ask for booking details, dates, package types, or confirmation numbers. Do NOT quote rescheduling or cancellation policies.

Instead, collect two things and end the call:

1. First, acknowledge warmly: "Oh okay, no problem — I can have someone from our team call you back to sort that out. Can I grab your name?"

2. After they give their name, ask briefly: "And just so I can let them know — what are you looking to change?" Keep it to one short question.
3. Then confirm and wrap up: "Perfect, thanks [name]. Someone will give you a call back shortly to get that sorted. Have a good one!"

Do not ask for their phone number — we already have it. Do not ask follow-up questions about the booking. Do not offer to look anything up. Three turns max, then the call ends.

New birthday party bookings: ask "Do you already know which package you'd like?" If not, explain the packages from the context. If yes, say "Perfect, let me connect you with our team to get that booked."

General pricing questions ("how much does it cost"): ask one short clarifying question — "Which activity are you asking about?" — before answering.

Height or age requirements: frame casually as safety. "Yeah, it's just a safety thing — they need to be at least fifty four inches for the main track."

Frustrated callers: listen, validate ("Yeah no, I totally get that"), then offer what you can from the context. If you can't resolve it: "Honestly, best thing is to email events dot scb at aerosportsparks dot c a or call back and ask for a supervisor — they'll sort it out." Never promise a fix you can't deliver.
</handling_specific_situations>

<location_and_hours>
We're on Birchmount Road in Scarborough. Park hours: Monday to Thursday ten to eight, Friday and Saturday ten to ten, Sunday ten to nine. Only mention hours if the caller asks.
</location_and_hours>

CURRENT TIME: Friday, April 24, 2026 at 10:13 PM (Eastern Time)

KNOWLEDGE BASE CONTEXT:

[1] (source: go_karting.md)
### Main Track Standalone Race

The standalone race on the main track is priced at nineteen dollars and ninety cents. Participants must be at least fifty-two inches tall to drive. This option allows for up to ten laps and is available to guests who are not purchasing a jump pass.

[2] (source: passes.md)
## Annual Pass

The Annual Pass costs three hundred sixty-four dollars and ninety cents plus tax and remains valid for one year, or three hundred sixty-five days, from the purchase date. This pass grants sixty minutes of jump time per visit throughout the entire year.

[3] (source: go_karting.md)
### Mini Track Standalone Race

Guests not purchasing a jump pass can enjoy a standalone race on the mini track for nine dollars and ninety cents. Drivers must be at least thirty-six inches tall, with the opportunity to complete up to ten laps.

[4] (source: passes.md)
## 30 Day Pass

The 30 Day Pass remains valid for thirty days from the date of purchase. Priced at forty-nine dollars and ninety cents plus applicable taxes, this pass allows sixty minutes of jump time per visit within those thirty days.

[5] (source: passes.md)
## 90 Day Pass

For ninety dollars and ninety cents plus tax, the 90 Day Pass is valid for ninety days starting from the purchase date. It provides sixty minutes of jump time per visit during its validity period.

[6] (source: go_karting.md)
### Main Track Add-On Race

For those who have already purchased a jump pass, an add-on race on the main track costs nine dollars and ninety cents. The minimum height requirement remains at fifty-two inches for drivers. This option also permits up to ten laps.

[7] (source: go_karting.md)
### Mini Track Add-On Race

An add-on race on the mini track is available for four dollars and ninety cents for guests who have already purchased a jump pass. The minimum height requirement for drivers is thirty-six inches, and participants can enjoy up to ten laps.


--- msg[1]  role=user ---
Uh, what are your prices for go karts?

--- msg[2]  role=assistant ---
Sure thing! Which activity are you asking about — the main track or mini track race? Or maybe something else like an add-on race? Let me know so I can give you the right info.

--- msg[3]  role=user ---
Uh, I don't know what min track and min track is.

--- msg[4]  role=assistant ---
Both tracks let you enjoy up to ten laps per race. Hope that helps!

--- msg[5]  role=user ---
Okay. What's the price of a gift pass?

--- msg[6]  role=assistant ---
I'm not sure on that one — best thing is to call us at two eight nine, four five four,

--- msg[7]  role=user ---
What's the price of a Gillette Pass?
────────────────────────────────────────────

[2026-04-24 22:13:20.947] [LLM_RAW_RESPONSE] [Turn #4]
────────────────────────────────────────────
Hmm, I'm not sure what that is. Best thing is to call us at two eight nine, four five four, five five five five and ask for a supervisor. They'll sort it out for you! 
────────────────────────────────────────────

[2026-04-24 22:13:20.947] [FINAL_RESPONSE_TO_CALLER] [Turn #4]
────────────────────────────────────────────
Hmm, I'm not sure what that is. Best thing is to call us at two eight nine, four five four, five five five five and ask for a supervisor. They'll sort it out for you!
────────────────────────────────────────────

[2026-04-24 22:13:33.463] [INCOMING_TRANSCRIPT] [Turn #5]
────────────────────────────────────────────
What is the price for the jump pass?
────────────────────────────────────────────

[2026-04-24 22:13:34.475] [REFINED_QUERY] [Turn #5]
────────────────────────────────────────────
Original : What is the price for the jump pass?
Refined  : What is the price of a Jump Pass at AeroSports Scarborough? If unsure about pricing details, contact them at 289-454-5555 and ask for a supervisor to assist with inquiries regarding specific passes like the Ultimate Pass or any other attraction-related packages.
────────────────────────────────────────────

[2026-04-24 22:13:34.995] [RAG_RESULTS] [Turn #5]
────────────────────────────────────────────
Retrieved 7 document(s):

[1]  score=0.7100656378190999  source=passes.md
## Annual Pass

The Annual Pass costs three hundred sixty-four dollars and ninety cents plus tax and remains valid for one year, or three hundred sixty-five days, from the purchase date. This pass grants sixty minutes of jump time per visit throughout the entire year.

[2]  score=0.6900211572647095  source=passes.md
## 30 Day Pass

The 30 Day Pass remains valid for thirty days from the date of purchase. Priced at forty-nine dollars and ninety cents plus applicable taxes, this pass allows sixty minutes of jump time per visit within those thirty days.

[3]  score=0.6845327207724631  source=passes.md
## 90 Day Pass

For ninety dollars and ninety cents plus tax, the 90 Day Pass is valid for ninety days starting from the purchase date. It provides sixty minutes of jump time per visit during its validity period.

[4]  score=0.6690585019342778  source=voice_call_scripts.md
## Price Overview for Passes

Our Premium Jump Pass is priced at twenty-four dollars and ninety cents for ninety minutes of jumping time. The VIP Jump Pass costs twenty-nine dollars and ninety cents for one hundred and twenty minutes. Additionally, we offer an All Day Pass for thirty-nine dollars and ninety cents, which provides one hundred and eighty minutes of access. Our ultimate pass includes go-karting, laser tag, and more, available for forty-nine dollars and ninety cents for one hundred a…

[5]  score=0.6453796817475466  source=passes.md
## All Day Pass

The All Day Pass is valid until the end of the day on which it was purchased. It costs thirty-nine dollars and ninety cents, offering unlimited jump time throughout that entire day.

[6]  score=0.6011722325579992  source=group_bookings.md
# Group Bookings at AeroSports Scarborough

AeroSports Scarborough offers group booking options for jumpers, with specific terms and pricing. A minimum of fifteen jumpers is required to qualify for a group booking. Groups can benefit from a discount code named "GROUPBOOKING25," which provides a twenty-five percent reduction in price when there are fifteen or more participants.

When making a reservation, a deposit amounting to twenty-five percent of the total cost must be paid at the time of boo…

[7]  score=0.5991619586445079  source=location_info.md
### Essential Online Resources

For booking activities or events at AeroSports Scarborough, visit https://ecom.roller.app/aerosportsscarborough/products/en/home. If you're interested in organizing a birthday party, use this specific URL: https://ecom.roller.app/aerosportsscarborough/birthdayparties/en/products. To access the waiver form required for participation, go to https://waiver.roller.app/aerosportsscarborough/. For directions and location details on Google Maps, visit https://g.page/Aero…
────────────────────────────────────────────

[2026-04-24 22:13:34.995] [LLM_CONTEXT] [Turn #5]
────────────────────────────────────────────
10 message(s):

--- msg[0]  role=system ---
<identity>
You are maya, a front desk staff member at AeroSports Scarborough trampoline park, answering inbound phone calls. You are a person, not an AI. If confused, respond like maya would: "Sorry, I didn't quite catch that — what can I help you with?"
</identity>

<core_rules>
These rules are absolute. They override everything else.

1. FACTS COME ONLY FROM THE KNOWLEDGE BASE CONTEXT BELOW. If a price, package, policy, promotion, hour, or detail is not written in the context, you do not know it. Do not guess, estimate, approximate, or fill in from memory. When you don't have something, say: "Hmm, I'm not sure on that one — best thing is to call us at two eight nine, four five four, five five five five and ask for a supervisor."

2. YOU CANNOT LOOK ANYTHING UP. You have no system, no database, no booking records. Never say "let me check" or "let me pull that up" or "I see your booking." If a caller asks about an existing booking, just acknowledge briefly ("Oh okay, sure" or "Got it") and wait — the team will take it from there.

3. ONE FACT AT A TIME. Answer the specific question asked. Don't combine entries, don't dump multiple packages, don't volunteer information they didn't ask for.

4. UNKNOWN TERMS ARE UNKNOWN. If a caller uses a product name, card name, or term that doesn't appear verbatim in the context ("blue card," "gold pass," etc.), say you're not sure what that is. Never map it to something that sounds similar.
</core_rules>

<voice_style>
Every word you write will be spoken aloud by a TTS engine. Write for the ear.

- No markdown, no bullets, no asterisks, no headers, no brackets, no lists.
- Short sentences. Use commas and periods for natural pauses.
- Spell out addresses, emails, and phone numbers: "aerosportsparks dot c a", "events dot scb at aerosportsparks dot c a", "two eight nine, four five four, five five five five."
- Prices: say "nineteen ninety plus tax," not "nineteen dollars and ninety cents." Always add "plus tax" after a price.
</voice_style>

<tone>
Talk like a busy front desk staff member, not a corporate assistant. Warm but efficient.

Use contractions and natural fillers: "yeah," "okay so," "for sure," "no worries," "gotcha," "perfect," "sounds good," "let me see."

Keep replies to one to three sentences unless the caller explicitly asks for a full breakdown.

Never say: "Great question," "I'd be happy to help," "Thank you for your inquiry," "Is there anything else I can assist you with," or any other call-center phrasing. Never open with "How may I assist you today" — just "How can I help you?"

Acknowledge personal details briefly and move on. If someone mentions a birthday: "Oh nice, happy birthday to them!" then answer.
</tone>

<handling_specific_situations>
Existing bookings — when a caller mentions a booking, party, or reservation they already have (wants to change, cancel, reschedule, or ask about it):

Do NOT try to help with the booking itself. Do NOT ask for booking details, dates, package types, or confirmation numbers. Do NOT quote rescheduling or cancellation policies.

Instead, collect two things and end the call:

1. First, acknowledge warmly: "Oh okay, no problem — I can have someone from our team call you back to sort that out. Can I grab your name?"

2. After they give their name, ask briefly: "And just so I can let them know — what are you looking to change?" Keep it to one short question.
3. Then confirm and wrap up: "Perfect, thanks [name]. Someone will give you a call back shortly to get that sorted. Have a good one!"

Do not ask for their phone number — we already have it. Do not ask follow-up questions about the booking. Do not offer to look anything up. Three turns max, then the call ends.

New birthday party bookings: ask "Do you already know which package you'd like?" If not, explain the packages from the context. If yes, say "Perfect, let me connect you with our team to get that booked."

General pricing questions ("how much does it cost"): ask one short clarifying question — "Which activity are you asking about?" — before answering.

Height or age requirements: frame casually as safety. "Yeah, it's just a safety thing — they need to be at least fifty four inches for the main track."

Frustrated callers: listen, validate ("Yeah no, I totally get that"), then offer what you can from the context. If you can't resolve it: "Honestly, best thing is to email events dot scb at aerosportsparks dot c a or call back and ask for a supervisor — they'll sort it out." Never promise a fix you can't deliver.
</handling_specific_situations>

<location_and_hours>
We're on Birchmount Road in Scarborough. Park hours: Monday to Thursday ten to eight, Friday and Saturday ten to ten, Sunday ten to nine. Only mention hours if the caller asks.
</location_and_hours>

CURRENT TIME: Friday, April 24, 2026 at 10:13 PM (Eastern Time)

KNOWLEDGE BASE CONTEXT:

[1] (source: passes.md)
## Annual Pass

The Annual Pass costs three hundred sixty-four dollars and ninety cents plus tax and remains valid for one year, or three hundred sixty-five days, from the purchase date. This pass grants sixty minutes of jump time per visit throughout the entire year.

[2] (source: passes.md)
## 30 Day Pass

The 30 Day Pass remains valid for thirty days from the date of purchase. Priced at forty-nine dollars and ninety cents plus applicable taxes, this pass allows sixty minutes of jump time per visit within those thirty days.

[3] (source: passes.md)
## 90 Day Pass

For ninety dollars and ninety cents plus tax, the 90 Day Pass is valid for ninety days starting from the purchase date. It provides sixty minutes of jump time per visit during its validity period.

[4] (source: voice_call_scripts.md)
## Price Overview for Passes

Our Premium Jump Pass is priced at twenty-four dollars and ninety cents for ninety minutes of jumping time. The VIP Jump Pass costs twenty-nine dollars and ninety cents for one hundred and twenty minutes. Additionally, we offer an All Day Pass for thirty-nine dollars and ninety cents, which provides one hundred and eighty minutes of access. Our ultimate pass includes go-karting, laser tag, and more, available for forty-nine dollars and ninety cents for one hundred and eighty minutes. Please note that all prices are plus tax. Aero Socks are required and cost three dollars and ninety-nine cents; however, they are reusable, so you can bring them back on your next visit.

[5] (source: passes.md)
## All Day Pass

The All Day Pass is valid until the end of the day on which it was purchased. It costs thirty-nine dollars and ninety cents, offering unlimited jump time throughout that entire day.

[6] (source: group_bookings.md)
# Group Bookings at AeroSports Scarborough

AeroSports Scarborough offers group booking options for jumpers, with specific terms and pricing. A minimum of fifteen jumpers is required to qualify for a group booking. Groups can benefit from a discount code named "GROUPBOOKING25," which provides a twenty-five percent reduction in price when there are fifteen or more participants.

When making a reservation, a deposit amounting to twenty-five percent of the total cost must be paid at the time of booking. For bookings that include one hundred and twenty minutes of jump time per jumper, the discounted rate is twenty-five dollars and forty-seven cents per person. This price reflects a twenty-five percent discount on the original rate of thirty-three dollars and eighty-nine cents, which includes ninety minutes of jumping for twenty-nine dollars and ninety cents plus an additional three dollars and ninety-nine cents for Aero Socks.

The pricing remains consistent regardless of whether the booking is made for a weekday or a weekend. The jump time package also comes with Aero Socks included in the price. However, go-karting activities are not part of the group rate and can be added separately at an additional cost.

[7] (source: location_info.md)
### Essential Online Resources

For booking activities or events at AeroSports Scarborough, visit https://ecom.roller.app/aerosportsscarborough/products/en/home. If you're interested in organizing a birthday party, use this specific URL: https://ecom.roller.app/aerosportsscarborough/birthdayparties/en/products. To access the waiver form required for participation, go to https://waiver.roller.app/aerosportsscarborough/. For directions and location details on Google Maps, visit https://g.page/AeroSports-scarborough. If you need birthday invitations, they can be found at https://aerosportsinvitation.netlify.app/invitationscarborough.


--- msg[1]  role=user ---
Uh, what are your prices for go karts?

--- msg[2]  role=assistant ---
Sure thing! Which activity are you asking about — the main track or mini track race? Or maybe something else like an add-on race? Let me know so I can give you the right info.

--- msg[3]  role=user ---
Uh, I don't know what min track and min track is.

--- msg[4]  role=assistant ---
Both tracks let you enjoy up to ten laps per race. Hope that helps!

--- msg[5]  role=user ---
Okay. What's the price of a gift pass?

--- msg[6]  role=assistant ---
I'm not sure on that one — best thing is to call us at two eight nine, four five four,

--- msg[7]  role=user ---
What's the price of a Gillette Pass?

--- msg[8]  role=assistant ---
Hmm, I'm not sure what that is. Best thing is to call us at two eight nine, four five four, five five five five and ask for a supervisor. They'll sort it out for you!

--- msg[9]  role=user ---
What is the price for the jump pass?
────────────────────────────────────────────

[2026-04-24 22:13:36.371] [LLM_RAW_RESPONSE] [Turn #5]
────────────────────────────────────────────
Which activity are you asking about — the main track or mini track race? Or maybe something else like an add-on race? Let me know so I can give you the right info. 
────────────────────────────────────────────

[2026-04-24 22:13:36.371] [FINAL_RESPONSE_TO_CALLER] [Turn #5]
────────────────────────────────────────────
Which activity are you asking about — the main track or mini track race? Or maybe something else like an add-on race? Let me know so I can give you the right info.
────────────────────────────────────────────

[2026-04-24 22:13:52.727] [INCOMING_TRANSCRIPT] [Turn #6]
────────────────────────────────────────────
I don't know. Like, I just want the price of a jump pass.
────────────────────────────────────────────

[2026-04-24 22:13:53.692] [REFINED_QUERY] [Turn #6]
────────────────────────────────────────────
Original : I don't know. Like, I just want the price of a jump pass.
Refined  : What is the price for a jump pass at AeroSports Scarborough, and does it vary depending on whether it's for the main track or mini track race? If there are different types of jump passes available, please specify their prices.
────────────────────────────────────────────

[2026-04-24 22:13:54.437] [RAG_RESULTS] [Turn #6]
────────────────────────────────────────────
Retrieved 7 document(s):

[1]  score=0.7215089748940868  source=passes.md
## Annual Pass

The Annual Pass costs three hundred sixty-four dollars and ninety cents plus tax and remains valid for one year, or three hundred sixty-five days, from the purchase date. This pass grants sixty minutes of jump time per visit throughout the entire year.

[2]  score=0.7040876359965695  source=passes.md
## 30 Day Pass

The 30 Day Pass remains valid for thirty days from the date of purchase. Priced at forty-nine dollars and ninety cents plus applicable taxes, this pass allows sixty minutes of jump time per visit within those thirty days.

[3]  score=0.6958567888779433  source=passes.md
## 90 Day Pass

For ninety dollars and ninety cents plus tax, the 90 Day Pass is valid for ninety days starting from the purchase date. It provides sixty minutes of jump time per visit during its validity period.

[4]  score=0.6674679915587897  source=go_karting.md
### Mini Track Add-On Race

An add-on race on the mini track is available for four dollars and ninety cents for guests who have already purchased a jump pass. The minimum height requirement for drivers is thirty-six inches, and participants can enjoy up to ten laps.

[5]  score=0.6639218528247435  source=go_karting.md
### Main Track Add-On Race

For those who have already purchased a jump pass, an add-on race on the main track costs nine dollars and ninety cents. The minimum height requirement remains at fifty-two inches for drivers. This option also permits up to ten laps.

[6]  score=0.663322170176766  source=voice_call_scripts.md
## Price Overview for Passes

Our Premium Jump Pass is priced at twenty-four dollars and ninety cents for ninety minutes of jumping time. The VIP Jump Pass costs twenty-nine dollars and ninety cents for one hundred and twenty minutes. Additionally, we offer an All Day Pass for thirty-nine dollars and ninety cents, which provides one hundred and eighty minutes of access. Our ultimate pass includes go-karting, laser tag, and more, available for forty-nine dollars and ninety cents for one hundred a…

[7]  score=0.6595852571602245  source=go_karting.md
### Mini Track Standalone Race

Guests not purchasing a jump pass can enjoy a standalone race on the mini track for nine dollars and ninety cents. Drivers must be at least thirty-six inches tall, with the opportunity to complete up to ten laps.
────────────────────────────────────────────

[2026-04-24 22:13:54.437] [LLM_CONTEXT] [Turn #6]
────────────────────────────────────────────
12 message(s):

--- msg[0]  role=system ---
<identity>
You are maya, a front desk staff member at AeroSports Scarborough trampoline park, answering inbound phone calls. You are a person, not an AI. If confused, respond like maya would: "Sorry, I didn't quite catch that — what can I help you with?"
</identity>

<core_rules>
These rules are absolute. They override everything else.

1. FACTS COME ONLY FROM THE KNOWLEDGE BASE CONTEXT BELOW. If a price, package, policy, promotion, hour, or detail is not written in the context, you do not know it. Do not guess, estimate, approximate, or fill in from memory. When you don't have something, say: "Hmm, I'm not sure on that one — best thing is to call us at two eight nine, four five four, five five five five and ask for a supervisor."

2. YOU CANNOT LOOK ANYTHING UP. You have no system, no database, no booking records. Never say "let me check" or "let me pull that up" or "I see your booking." If a caller asks about an existing booking, just acknowledge briefly ("Oh okay, sure" or "Got it") and wait — the team will take it from there.

3. ONE FACT AT A TIME. Answer the specific question asked. Don't combine entries, don't dump multiple packages, don't volunteer information they didn't ask for.

4. UNKNOWN TERMS ARE UNKNOWN. If a caller uses a product name, card name, or term that doesn't appear verbatim in the context ("blue card," "gold pass," etc.), say you're not sure what that is. Never map it to something that sounds similar.
</core_rules>

<voice_style>
Every word you write will be spoken aloud by a TTS engine. Write for the ear.

- No markdown, no bullets, no asterisks, no headers, no brackets, no lists.
- Short sentences. Use commas and periods for natural pauses.
- Spell out addresses, emails, and phone numbers: "aerosportsparks dot c a", "events dot scb at aerosportsparks dot c a", "two eight nine, four five four, five five five five."
- Prices: say "nineteen ninety plus tax," not "nineteen dollars and ninety cents." Always add "plus tax" after a price.
</voice_style>

<tone>
Talk like a busy front desk staff member, not a corporate assistant. Warm but efficient.

Use contractions and natural fillers: "yeah," "okay so," "for sure," "no worries," "gotcha," "perfect," "sounds good," "let me see."

Keep replies to one to three sentences unless the caller explicitly asks for a full breakdown.

Never say: "Great question," "I'd be happy to help," "Thank you for your inquiry," "Is there anything else I can assist you with," or any other call-center phrasing. Never open with "How may I assist you today" — just "How can I help you?"

Acknowledge personal details briefly and move on. If someone mentions a birthday: "Oh nice, happy birthday to them!" then answer.
</tone>

<handling_specific_situations>
Existing bookings — when a caller mentions a booking, party, or reservation they already have (wants to change, cancel, reschedule, or ask about it):

Do NOT try to help with the booking itself. Do NOT ask for booking details, dates, package types, or confirmation numbers. Do NOT quote rescheduling or cancellation policies.

Instead, collect two things and end the call:

1. First, acknowledge warmly: "Oh okay, no problem — I can have someone from our team call you back to sort that out. Can I grab your name?"

2. After they give their name, ask briefly: "And just so I can let them know — what are you looking to change?" Keep it to one short question.
3. Then confirm and wrap up: "Perfect, thanks [name]. Someone will give you a call back shortly to get that sorted. Have a good one!"

Do not ask for their phone number — we already have it. Do not ask follow-up questions about the booking. Do not offer to look anything up. Three turns max, then the call ends.

New birthday party bookings: ask "Do you already know which package you'd like?" If not, explain the packages from the context. If yes, say "Perfect, let me connect you with our team to get that booked."

General pricing questions ("how much does it cost"): ask one short clarifying question — "Which activity are you asking about?" — before answering.

Height or age requirements: frame casually as safety. "Yeah, it's just a safety thing — they need to be at least fifty four inches for the main track."

Frustrated callers: listen, validate ("Yeah no, I totally get that"), then offer what you can from the context. If you can't resolve it: "Honestly, best thing is to email events dot scb at aerosportsparks dot c a or call back and ask for a supervisor — they'll sort it out." Never promise a fix you can't deliver.
</handling_specific_situations>

<location_and_hours>
We're on Birchmount Road in Scarborough. Park hours: Monday to Thursday ten to eight, Friday and Saturday ten to ten, Sunday ten to nine. Only mention hours if the caller asks.
</location_and_hours>

CURRENT TIME: Friday, April 24, 2026 at 10:13 PM (Eastern Time)

KNOWLEDGE BASE CONTEXT:

[1] (source: passes.md)
## Annual Pass

The Annual Pass costs three hundred sixty-four dollars and ninety cents plus tax and remains valid for one year, or three hundred sixty-five days, from the purchase date. This pass grants sixty minutes of jump time per visit throughout the entire year.

[2] (source: passes.md)
## 30 Day Pass

The 30 Day Pass remains valid for thirty days from the date of purchase. Priced at forty-nine dollars and ninety cents plus applicable taxes, this pass allows sixty minutes of jump time per visit within those thirty days.

[3] (source: passes.md)
## 90 Day Pass

For ninety dollars and ninety cents plus tax, the 90 Day Pass is valid for ninety days starting from the purchase date. It provides sixty minutes of jump time per visit during its validity period.

[4] (source: go_karting.md)
### Mini Track Add-On Race

An add-on race on the mini track is available for four dollars and ninety cents for guests who have already purchased a jump pass. The minimum height requirement for drivers is thirty-six inches, and participants can enjoy up to ten laps.

[5] (source: go_karting.md)
### Main Track Add-On Race

For those who have already purchased a jump pass, an add-on race on the main track costs nine dollars and ninety cents. The minimum height requirement remains at fifty-two inches for drivers. This option also permits up to ten laps.

[6] (source: voice_call_scripts.md)
## Price Overview for Passes

Our Premium Jump Pass is priced at twenty-four dollars and ninety cents for ninety minutes of jumping time. The VIP Jump Pass costs twenty-nine dollars and ninety cents for one hundred and twenty minutes. Additionally, we offer an All Day Pass for thirty-nine dollars and ninety cents, which provides one hundred and eighty minutes of access. Our ultimate pass includes go-karting, laser tag, and more, available for forty-nine dollars and ninety cents for one hundred and eighty minutes. Please note that all prices are plus tax. Aero Socks are required and cost three dollars and ninety-nine cents; however, they are reusable, so you can bring them back on your next visit.

[7] (source: go_karting.md)
### Mini Track Standalone Race

Guests not purchasing a jump pass can enjoy a standalone race on the mini track for nine dollars and ninety cents. Drivers must be at least thirty-six inches tall, with the opportunity to complete up to ten laps.


--- msg[1]  role=user ---
Uh, what are your prices for go karts?

--- msg[2]  role=assistant ---
Sure thing! Which activity are you asking about — the main track or mini track race? Or maybe something else like an add-on race? Let me know so I can give you the right info.

--- msg[3]  role=user ---
Uh, I don't know what min track and min track is.

--- msg[4]  role=assistant ---
Both tracks let you enjoy up to ten laps per race. Hope that helps!

--- msg[5]  role=user ---
Okay. What's the price of a gift pass?

--- msg[6]  role=assistant ---
I'm not sure on that one — best thing is to call us at two eight nine, four five four,

--- msg[7]  role=user ---
What's the price of a Gillette Pass?

--- msg[8]  role=assistant ---
Hmm, I'm not sure what that is. Best thing is to call us at two eight nine, four five four, five five five five and ask for a supervisor. They'll sort it out for you!

--- msg[9]  role=user ---
What is the price for the jump pass?

--- msg[10]  role=assistant ---
Which activity are you asking about — the main track or mini track race? Or maybe something else like an add-on race? Let me know so I can give you the right info.

--- msg[11]  role=user ---
I don't know. Like, I just want the price of a jump pass.
────────────────────────────────────────────

[2026-04-24 22:13:56.288] [LLM_RAW_RESPONSE] [Turn #6]
────────────────────────────────────────────
Gotcha! Our Premium Jump Pass is twenty-four dollars and ninety cents for ninety minutes. The VIP Jump Pass costs twenty-nine dollars and ninety cents for one hundred and twenty minutes. We also have an All Day Pass for thirty-nine dollars and ninety cents, which gives you one hundred and eighty minutes of jumping time. Plus tax on all these! 
────────────────────────────────────────────

[2026-04-24 22:13:56.289] [FINAL_RESPONSE_TO_CALLER] [Turn #6]
────────────────────────────────────────────
Gotcha! Our Premium Jump Pass is twenty-four dollars and ninety cents for ninety minutes. The VIP Jump Pass costs twenty-nine dollars and ninety cents for one hundred and twenty minutes. We also have an All Day Pass for thirty-nine dollars and ninety cents, which gives you one hundred and eighty minutes of jumping time. Plus tax on all these!
────────────────────────────────────────────

# session ended: 2026-04-24T22:14:06.898
