# Voice Session Pipeline Log
# call_sid : CA7a2afac6e63319764d9a2a0563ef0ab2
# started  : 2026-04-30T19:54:24.926
# log_file : /Users/Rajan/Documents/GitHub/rag_pipeline/src/logs/voice_session_2026-04-30_19-54-24.log

[2026-04-30 19:54:24.926] [INCOMING_TRANSCRIPT] [Turn #1]
────────────────────────────────────────────
Hi. I think
────────────────────────────────────────────

[2026-04-30 19:54:24.926] [REFINED_QUERY] [Turn #1]
────────────────────────────────────────────
Original : Hi. I think
Refined  : (unchanged)
────────────────────────────────────────────

[2026-04-30 19:54:26.249] [RAG_RESULTS] [Turn #1]
────────────────────────────────────────────
Retrieved 7 document(s):

[1]  score=0.4443713989479192  source=voice_call_scripts.md
## Hold Message

If you need to retrieve information during the call, inform the caller with a friendly message: "One moment while I look that up for you."

[2]  score=0.4030779662499995  source=voice_call_scripts.md
## Transfer to Human Protocol

In situations where the inquiry is beyond your scope, use this script to transfer the caller to a team member: "Let me connect you with one of our team members who can help you with that. One moment please."

[3]  score=0.3945170036728687  source=chatbot_quick_replies.md
## Chatbot Quick Replies

[4]  score=0.38779666351060116  source=voice_call_scripts.md
## Greeting Script

When answering a call at AeroSports Scarborough, start with a warm and upbeat tone by saying, "Thank you for calling AeroSports Scarborough! How can I help you today?"

[5]  score=0.38418973182501626  source=chatbot_quick_replies.md
### How Much

**Sample question:** How much does it cost?

**Response:** The pricing for jump passes at AeroSports Scarborough includes a ninety-minute Premium Jump Pass priced at twenty-four dollars and ninety cents, and a one hundred and twenty-minute VIP Jump Pass priced at twenty-nine dollars and ninety cents. Additionally, there is an All Day Pass available for thirty-nine dollars and ninety cents. Required AeroSports grip socks are priced at three dollars and ninety-nine cents but can be r…

[6]  score=0.3721663279632532  source=chatbot_quick_replies.md
### Party Info

**Sample question:** Tell me about birthday parties?

**Response:** AeroSports Scarborough offers three different birthday party packages. Each package starts at thirty-nine dollars and ninety cents per participant, with a minimum requirement of ten children. All packages include pizza, drinks, access to a private party room, a glow t-shirt for the birthday child, and digital invitations. The Ultimate Package additionally includes go-karting, a free thirty-day pass, and complimen…

[7]  score=0.3712014181137937  source=voice_call_scripts.md
## Cannot Answer Protocol

When faced with questions you cannot answer, collect callback information: "That is a great question. I do not have that specific information right now, but I can arrange for someone from our team to get back to you. Can I get your name and phone number?"
────────────────────────────────────────────

[2026-04-30 19:54:26.249] [LLM_CONTEXT] [Turn #1]
────────────────────────────────────────────
2 message(s):

--- msg[0]  role=system ---
<identity>
You are maya, a front desk staff member at AeroSports Scarborough trampoline park, answering inbound phone calls. You are a person, not an AI. If confused, respond like maya would: "Sorry, I didn't quite catch that — what can I help you with?"
</identity>

<core_rules>
These rules are absolute. They override everything else.

1. FACTS COME ONLY FROM THE KNOWLEDGE BASE CONTEXT BELOW. If a price, package, policy, promotion, hour, or detail is not written in the context, you do not know it. Do not guess, estimate, approximate, or fill in from memory. When you don't have something, say: "Hmm, I'm not sure on that one — best thing is to call us at two eight nine, four five four, five five five five and ask for a supervisor."

2. YOU CANNOT LOOK ANYTHING UP. You have no system, no database, no booking records. Never say "let me check" or "let me pull that up" or "I see your booking." If a caller asks about an existing booking, just acknowledge briefly ("Oh okay, sure" or "Got it") and wait — the team will take it from there.

3. ONE FACT AT A TIME. Answer the specific question asked. Don't combine entries, don't dump multiple packages, don't volunteer information they didn't ask for.

4. UNKNOWN TERMS ARE UNKNOWN. If a caller uses a product name, card name, or term that doesn't appear verbatim in the context ("blue card," "gold pass," etc.), say you're not sure what that is. Never map it to something that sounds similar.
</core_rules>

<voice_style>
Every word you write will be spoken aloud by a TTS engine. Write for the ear.

- No markdown, no bullets, no asterisks, no headers, no brackets, no lists.
- Short sentences. Use commas and periods for natural pauses.
- Spell out addresses, emails, and phone numbers: "aerosportsparks dot c a", "events dot scb at aerosportsparks dot c a", "two eight nine, four five four, five five five five."
- Prices: say "nineteen ninety plus tax," not "nineteen dollars and ninety cents." Always add "plus tax" after a price.
</voice_style>

<tone>
Talk like a busy front desk staff member, not a corporate assistant. Warm but efficient.

Use contractions and natural fillers: "yeah," "okay so," "for sure," "no worries," "gotcha," "perfect," "sounds good," "let me see."

Keep replies to one to three sentences unless the caller explicitly asks for a full breakdown.

Never say: "Great question," "I'd be happy to help," "Thank you for your inquiry," "Is there anything else I can assist you with," or any other call-center phrasing. Never open with "How may I assist you today" — just "How can I help you?"

Acknowledge personal details briefly and move on. If someone mentions a birthday: "Oh nice, happy birthday to them!" then answer.
</tone>

<handling_specific_situations>
Existing bookings — when a caller mentions a booking, party, or reservation they already have (wants to change, cancel, reschedule, or ask about it):

Do NOT try to help with the booking itself. Do NOT ask for booking details, dates, package types, or confirmation numbers. Do NOT quote rescheduling or cancellation policies.

Instead, collect two things and end the call:

1. First, acknowledge warmly: "Oh okay, no problem — I can have someone from our team call you back to sort that out. Can I grab your name?"

2. After they give their name, ask briefly: "And just so I can let them know — what are you looking to change?" Keep it to one short question.
3. Then confirm and wrap up: "Perfect, thanks [name]. Someone will give you a call back shortly to get that sorted. Have a good one!"

Do not ask for their phone number — we already have it. Do not ask follow-up questions about the booking. Do not offer to look anything up. Three turns max, then the call ends.

New birthday party bookings: ask "Do you already know which package you'd like?" If not, explain the packages from the context. If yes, say "Perfect, let me connect you with our team to get that booked."

General pricing questions ("how much does it cost"): ask one short clarifying question — "Which activity are you asking about?" — before answering.

Height or age requirements: frame casually as safety. "Yeah, it's just a safety thing — they need to be at least fifty four inches for the main track."

Frustrated callers: listen, validate ("Yeah no, I totally get that"), then offer what you can from the context. If you can't resolve it: "Honestly, best thing is to email events dot scb at aerosportsparks dot c a or call back and ask for a supervisor — they'll sort it out." Never promise a fix you can't deliver.
</handling_specific_situations>

<location_and_hours>
We're on Birchmount Road in Scarborough. Park hours: Monday to Thursday ten to eight, Friday and Saturday ten to ten, Sunday ten to nine. Only mention hours if the caller asks.
</location_and_hours>

CURRENT TIME: Thursday, April 30, 2026 at 07:54 PM (Eastern Time)

KNOWLEDGE BASE CONTEXT:

[1] (source: voice_call_scripts.md)
## Hold Message

If you need to retrieve information during the call, inform the caller with a friendly message: "One moment while I look that up for you."

[2] (source: voice_call_scripts.md)
## Transfer to Human Protocol

In situations where the inquiry is beyond your scope, use this script to transfer the caller to a team member: "Let me connect you with one of our team members who can help you with that. One moment please."

[3] (source: chatbot_quick_replies.md)
## Chatbot Quick Replies

[4] (source: voice_call_scripts.md)
## Greeting Script

When answering a call at AeroSports Scarborough, start with a warm and upbeat tone by saying, "Thank you for calling AeroSports Scarborough! How can I help you today?"

[5] (source: chatbot_quick_replies.md)
### How Much

**Sample question:** How much does it cost?

**Response:** The pricing for jump passes at AeroSports Scarborough includes a ninety-minute Premium Jump Pass priced at twenty-four dollars and ninety cents, and a one hundred and twenty-minute VIP Jump Pass priced at twenty-nine dollars and ninety cents. Additionally, there is an All Day Pass available for thirty-nine dollars and ninety cents. Required AeroSports grip socks are priced at three dollars and ninety-nine cents but can be reused. Please note that all prices include tax. Go-karting has separate pricing starting at nine dollars and ninety cents. Would you like to proceed with booking?

[6] (source: chatbot_quick_replies.md)
### Party Info

**Sample question:** Tell me about birthday parties?

**Response:** AeroSports Scarborough offers three different birthday party packages. Each package starts at thirty-nine dollars and ninety cents per participant, with a minimum requirement of ten children. All packages include pizza, drinks, access to a private party room, a glow t-shirt for the birthday child, and digital invitations. The Ultimate Package additionally includes go-karting, a free thirty-day pass, and complimentary socks for all attendees. Would you like more details on a specific package?

[7] (source: voice_call_scripts.md)
## Cannot Answer Protocol

When faced with questions you cannot answer, collect callback information: "That is a great question. I do not have that specific information right now, but I can arrange for someone from our team to get back to you. Can I get your name and phone number?"


--- msg[1]  role=user ---
Hi. I think
────────────────────────────────────────────

[2026-04-30 19:54:28.676] [LLM_RAW_RESPONSE] [Turn #1]
────────────────────────────────────────────
Thank you for calling AeroSports Scarborough! How can I help you today? 
────────────────────────────────────────────

[2026-04-30 19:54:28.676] [FINAL_RESPONSE_TO_CALLER] [Turn #1]
────────────────────────────────────────────
Thank you for calling AeroSports Scarborough! How can I help you today?
────────────────────────────────────────────

# session ended: 2026-04-30T19:54:32.905
