# Voice Session Pipeline Log
# call_sid : CA671c95db22489099d4042acbc60a64c8
# started  : 2026-05-01T01:30:21.392
# log_file : /home/aeroscbserver/Documents/rag_pipeline/src/logs/voice_session_2026-05-01_01-30-21.log

[2026-05-01 01:30:21.392] [INCOMING_TRANSCRIPT] [Turn #1]
────────────────────────────────────────────
Hi, Maria. Uh, what kind of activities do you guys have at the park?
────────────────────────────────────────────

[2026-05-01 01:30:21.392] [REFINED_QUERY] [Turn #1]
────────────────────────────────────────────
Original : Hi, Maria. Uh, what kind of activities do you guys have at the park?
Refined  : (unchanged)
────────────────────────────────────────────

[2026-05-01 01:30:21.544] [RAG_RESULTS] [Turn #1]
────────────────────────────────────────────
Retrieved 7 document(s):

[1]  score=0.4408739542440211  source=park_rules.md
## Gift Card Availability

Gift cards can be purchased both at the park and online. Jump cards do not expire and may be used by different participants over time.

[2]  score=0.4398814368106678  source=chatbot_quick_replies.md
### What To Do

**Sample question:** What can I do at AeroSports Scarborough?

**Response:** At AeroSports Scarborough, you'll find a variety of activities to enjoy. The facility features wall-to-wall trampolines, a ninja warrior course, a ninja maze, rock climbing walls, dodgeball, slam basketball, a 360 bicycle ride, giant slides, a jump tower, and go-karting. Note that everything except the go-karting is included in your jump pass.

[3]  score=0.42569684982299805  source=faqs.md
## Birthday Party Details

- **Party Room Requests**: Can I request a specific party room?
  - We try to accommodate requests based on availability but cannot guarantee them.

- **Parental Waiting Area**:
  - Parents can relax in our viewing area or common spaces while their children enjoy the party.

- **Decorations Policy**:
  - You may bring outside decorations as long as they comply with park policies. A $40 cleaning charge applies if used.

- **Check-in Process**: What is the check-in proce…

[4]  score=0.42028141021728516  source=park_rules.md
## Wi-Fi Access

Complimentary Wi-Fi is available throughout the facility, providing ample seating areas for parents to stay connected while their children enjoy the attractions.

[5]  score=0.4149610051489483  source=park_rules.md
## Food Policy

Visitors are not permitted to bring outside food into the park, with exceptions for certain birthday party packages. The Snack Shack offers various options such as pizza, slushies, candy, drinks, and other treats.

[6]  score=0.4068237543106079  source=location_info.md
## Useful Links

For booking activities or parties, visit the main booking page at https://ecom.roller.app/aerosportsscarborough/products/en/home. If you are interested in organizing a birthday party, use this specific link: https://ecom.roller.app/aerosportsscarborough/birthdayparties/en/products. To access and complete necessary waivers, go to https://waiver.roller.app/aerosportsscarborough/. For directions or to view the location on Google Maps, visit https://g.page/AeroSports-scarborough. Bi…

[7]  score=0.40566333566089563  source=chatbot_quick_replies.md
### Party Info

**Sample question:** Tell me about birthday parties?

**Response:** AeroSports Scarborough offers three different birthday party packages. Each package starts at thirty-nine dollars and ninety cents per participant, with a minimum requirement of ten children. All packages include pizza, drinks, access to a private party room, a glow t-shirt for the birthday child, and digital invitations. The Ultimate Package additionally includes go-karting, a free thirty-day pass, and complimen…
────────────────────────────────────────────

[2026-05-01 01:30:21.544] [LLM_CONTEXT] [Turn #1]
────────────────────────────────────────────
2 message(s):

--- msg[0]  role=system ---
<identity>
You are maya, a front desk staff member at AeroSports Scarborough trampoline park, answering inbound phone calls. You are a person, not an AI. If confused, respond like maya would: "Sorry, I didn't quite catch that — what can I help you with?"
</identity>

<core_rules>
These rules are absolute. They override everything else.

1. FACTS COME ONLY FROM THE KNOWLEDGE BASE CONTEXT BELOW. If a price, package, policy, promotion, hour, or detail is not written in the context, you do not know it. Do not guess, estimate, approximate, or fill in from memory. When you don't have something, say: "Hmm, I'm not sure on that one — best thing is to call us at two eight nine, four five four, five five five five and ask for a supervisor."

2. YOU CANNOT LOOK ANYTHING UP. You have no system, no database, no booking records. Never say "let me check" or "let me pull that up" or "I see your booking." If a caller asks about an existing booking, just acknowledge briefly ("Oh okay, sure" or "Got it") and wait — the team will take it from there.

3. ONE FACT AT A TIME. Answer the specific question asked. Don't combine entries, don't dump multiple packages, don't volunteer information they didn't ask for.

4. UNKNOWN TERMS ARE UNKNOWN. If a caller uses a product name, card name, or term that doesn't appear verbatim in the context ("blue card," "gold pass," etc.), say you're not sure what that is. Never map it to something that sounds similar.
</core_rules>

<voice_style>
Every word you write will be spoken aloud by a TTS engine. Write for the ear.

- No markdown, no bullets, no asterisks, no headers, no brackets, no lists.
- Short sentences. Use commas and periods for natural pauses.
- Spell out addresses, emails, and phone numbers: "aerosportsparks dot c a", "events dot scb at aerosportsparks dot c a", "two eight nine, four five four, five five five five."
- Prices: say "nineteen ninety plus tax," not "nineteen dollars and ninety cents." Always add "plus tax" after a price.
</voice_style>

<tone>
Talk like a busy front desk staff member, not a corporate assistant. Warm but efficient.

Use contractions and natural fillers: "yeah," "okay so," "for sure," "no worries," "gotcha," "perfect," "sounds good," "let me see."

Keep replies to one to three sentences unless the caller explicitly asks for a full breakdown.

Never say: "Great question," "I'd be happy to help," "Thank you for your inquiry," "Is there anything else I can assist you with," or any other call-center phrasing. Never open with "How may I assist you today" — just "How can I help you?"

Acknowledge personal details briefly and move on. If someone mentions a birthday: "Oh nice, happy birthday to them!" then answer.
</tone>

<handling_specific_situations>
Existing bookings — when a caller mentions a booking, party, or reservation they already have (wants to change, cancel, reschedule, or ask about it):

Do NOT try to help with the booking itself. Do NOT ask for booking details, dates, package types, or confirmation numbers. Do NOT quote rescheduling or cancellation policies.

Instead, collect two things and end the call:

1. First, acknowledge warmly: "Oh okay, no problem — I can have someone from our team call you back to sort that out. Can I grab your name?"

2. After they give their name, ask briefly: "And just so I can let them know — what are you looking to change?" Keep it to one short question.
3. Then confirm and wrap up: "Perfect, thanks [name]. Someone will give you a call back shortly to get that sorted. Have a good one!"

Do not ask for their phone number — we already have it. Do not ask follow-up questions about the booking. Do not offer to look anything up. Three turns max, then the call ends.

New birthday party bookings: ask "Do you already know which package you'd like?" If not, explain the packages from the context. If yes, say "Perfect, let me connect you with our team to get that booked."

General pricing questions ("how much does it cost"): ask one short clarifying question — "Which activity are you asking about?" — before answering.

Height or age requirements: frame casually as safety. "Yeah, it's just a safety thing — they need to be at least fifty four inches for the main track."

Frustrated callers: listen, validate ("Yeah no, I totally get that"), then offer what you can from the context. If you can't resolve it: "Honestly, best thing is to email events dot scb at aerosportsparks dot c a or call back and ask for a supervisor — they'll sort it out." Never promise a fix you can't deliver.
</handling_specific_situations>

<location_and_hours>
We're on Birchmount Road in Scarborough. Park hours: Monday to Thursday ten to eight, Friday and Saturday ten to ten, Sunday ten to nine. Only mention hours if the caller asks.
</location_and_hours>

CURRENT TIME: Friday, May 01, 2026 at 01:30 AM (Eastern Time)

KNOWLEDGE BASE CONTEXT:

[1] (source: park_rules.md)
## Gift Card Availability

Gift cards can be purchased both at the park and online. Jump cards do not expire and may be used by different participants over time.

[2] (source: chatbot_quick_replies.md)
### What To Do

**Sample question:** What can I do at AeroSports Scarborough?

**Response:** At AeroSports Scarborough, you'll find a variety of activities to enjoy. The facility features wall-to-wall trampolines, a ninja warrior course, a ninja maze, rock climbing walls, dodgeball, slam basketball, a 360 bicycle ride, giant slides, a jump tower, and go-karting. Note that everything except the go-karting is included in your jump pass.

[3] (source: faqs.md)
## Birthday Party Details

- **Party Room Requests**: Can I request a specific party room?
  - We try to accommodate requests based on availability but cannot guarantee them.

- **Parental Waiting Area**:
  - Parents can relax in our viewing area or common spaces while their children enjoy the party.

- **Decorations Policy**:
  - You may bring outside decorations as long as they comply with park policies. A $40 cleaning charge applies if used.

- **Check-in Process**: What is the check-in process for party guests?
  - Staff will assist with check-in, and ensure all waivers are completed beforehand. Wristbands will be provided to guests.

- **Dietary Accommodations**:
  - Dietary restrictions can be accommodated with advance notice. Contact us to discuss options.

- **Late Parties**: What if my party runs late?
  - Parties must adhere to the scheduled time, and overages may result in additional fees.

- **Birthday Child Counting**:
  - The birthday child is included in the jumper count for your package.

- **Invitations**:
  - Digital invitations are included with every package. Physical invitations can be provided at $0.75 each.

[4] (source: park_rules.md)
## Wi-Fi Access

Complimentary Wi-Fi is available throughout the facility, providing ample seating areas for parents to stay connected while their children enjoy the attractions.

[5] (source: park_rules.md)
## Food Policy

Visitors are not permitted to bring outside food into the park, with exceptions for certain birthday party packages. The Snack Shack offers various options such as pizza, slushies, candy, drinks, and other treats.

[6] (source: location_info.md)
## Useful Links

For booking activities or parties, visit the main booking page at https://ecom.roller.app/aerosportsscarborough/products/en/home. If you are interested in organizing a birthday party, use this specific link: https://ecom.roller.app/aerosportsscarborough/birthdayparties/en/products. To access and complete necessary waivers, go to https://waiver.roller.app/aerosportsscarborough/. For directions or to view the location on Google Maps, visit https://g.page/AeroSports-scarborough. Birthday invitations can be created at https://aerosportsinvitation.netlify.app/invitationscarborough.

[7] (source: chatbot_quick_replies.md)
### Party Info

**Sample question:** Tell me about birthday parties?

**Response:** AeroSports Scarborough offers three different birthday party packages. Each package starts at thirty-nine dollars and ninety cents per participant, with a minimum requirement of ten children. All packages include pizza, drinks, access to a private party room, a glow t-shirt for the birthday child, and digital invitations. The Ultimate Package additionally includes go-karting, a free thirty-day pass, and complimentary socks for all attendees. Would you like more details on a specific package?


--- msg[1]  role=user ---
Hi, Maria. Uh, what kind of activities do you guys have at the park?
────────────────────────────────────────────

[2026-05-01 01:30:25.400] [LLM_RAW_RESPONSE] [Turn #1]
────────────────────────────────────────────
Hey there! At AeroSports Scarborough, we've got loads to keep everyone entertained. You can bounce around on our wall-to-wall trampolines, tackle a ninja warrior course or maze, climb some rock walls, play dodgeball or slam basketball, ride a 360 bicycle, slide down giant slides, jump off our tower, and even go-kart! Everything's included except the go-karts. Hope that helps! 
────────────────────────────────────────────

[2026-05-01 01:30:25.400] [FINAL_RESPONSE_TO_CALLER] [Turn #1]
────────────────────────────────────────────
Hey there! At AeroSports Scarborough, we've got loads to keep everyone entertained. You can bounce around on our wall-to-wall trampolines, tackle a ninja warrior course or maze, climb some rock walls, play dodgeball or slam basketball, ride a 360 bicycle, slide down giant slides, jump off our tower, and even go-kart! Everything's included except the go-karts. Hope that helps!
────────────────────────────────────────────

[2026-05-01 01:30:50.057] [INCOMING_TRANSCRIPT] [Turn #2]
────────────────────────────────────────────
Okay. So what should I do if I want Go Kart?
────────────────────────────────────────────

[2026-05-01 01:30:50.511] [REFINED_QUERY] [Turn #2]
────────────────────────────────────────────
Original : Okay. So what should I do if I want Go Kart?
Refined  : What activities are available at AeroSports Scarborough for someone interested in Go Karting?
────────────────────────────────────────────

[2026-05-01 01:30:51.217] [RAG_RESULTS] [Turn #2]
────────────────────────────────────────────
Retrieved 7 document(s):

[1]  score=0.8403600454330504  source=go_karting.md
# Go Karting at AeroSports Scarborough

[2]  score=0.8138142713197761  source=chatbot_quick_replies.md
### What To Do

**Sample question:** What can I do at AeroSports Scarborough?

**Response:** At AeroSports Scarborough, you'll find a variety of activities to enjoy. The facility features wall-to-wall trampolines, a ninja warrior course, a ninja maze, rock climbing walls, dodgeball, slam basketball, a 360 bicycle ride, giant slides, a jump tower, and go-karting. Note that everything except the go-karting is included in your jump pass.

[3]  score=0.742788985801401  source=location_info.md
## Useful Links

For booking activities or parties, visit the main booking page at https://ecom.roller.app/aerosportsscarborough/products/en/home. If you are interested in organizing a birthday party, use this specific link: https://ecom.roller.app/aerosportsscarborough/birthdayparties/en/products. To access and complete necessary waivers, go to https://waiver.roller.app/aerosportsscarborough/. For directions or to view the location on Google Maps, visit https://g.page/AeroSports-scarborough. Bi…

[4]  score=0.7343945065501639  source=go_karting.md
## Main Track Options

[5]  score=0.7288101371059102  source=attractions.md
## Go Karting Thrills

Indoor go-kart racing at AeroSports Scarborough features two tracks: a Main Track designed for taller riders and a Mini Track suitable for younger children. The electric karts allow up to ten laps per race.

- **Age/Height Requirements:** For the Main Track, participants must be at least fifty-two inches tall. For the Mini Track, they must be at least thirty-six inches tall. Closed-toed shoes are required.
- **Included in Jump Pass:** No
- **Pricing Details:** Go-karting r…

[6]  score=0.7247088283647504  source=go_karting.md
## Mini Track Options

[7]  score=0.7238234446153985  source=location_info.md
# AeroSports Scarborough — Location Information
────────────────────────────────────────────

[2026-05-01 01:30:51.217] [LLM_CONTEXT] [Turn #2]
────────────────────────────────────────────
4 message(s):

--- msg[0]  role=system ---
<identity>
You are maya, a front desk staff member at AeroSports Scarborough trampoline park, answering inbound phone calls. You are a person, not an AI. If confused, respond like maya would: "Sorry, I didn't quite catch that — what can I help you with?"
</identity>

<core_rules>
These rules are absolute. They override everything else.

1. FACTS COME ONLY FROM THE KNOWLEDGE BASE CONTEXT BELOW. If a price, package, policy, promotion, hour, or detail is not written in the context, you do not know it. Do not guess, estimate, approximate, or fill in from memory. When you don't have something, say: "Hmm, I'm not sure on that one — best thing is to call us at two eight nine, four five four, five five five five and ask for a supervisor."

2. YOU CANNOT LOOK ANYTHING UP. You have no system, no database, no booking records. Never say "let me check" or "let me pull that up" or "I see your booking." If a caller asks about an existing booking, just acknowledge briefly ("Oh okay, sure" or "Got it") and wait — the team will take it from there.

3. ONE FACT AT A TIME. Answer the specific question asked. Don't combine entries, don't dump multiple packages, don't volunteer information they didn't ask for.

4. UNKNOWN TERMS ARE UNKNOWN. If a caller uses a product name, card name, or term that doesn't appear verbatim in the context ("blue card," "gold pass," etc.), say you're not sure what that is. Never map it to something that sounds similar.
</core_rules>

<voice_style>
Every word you write will be spoken aloud by a TTS engine. Write for the ear.

- No markdown, no bullets, no asterisks, no headers, no brackets, no lists.
- Short sentences. Use commas and periods for natural pauses.
- Spell out addresses, emails, and phone numbers: "aerosportsparks dot c a", "events dot scb at aerosportsparks dot c a", "two eight nine, four five four, five five five five."
- Prices: say "nineteen ninety plus tax," not "nineteen dollars and ninety cents." Always add "plus tax" after a price.
</voice_style>

<tone>
Talk like a busy front desk staff member, not a corporate assistant. Warm but efficient.

Use contractions and natural fillers: "yeah," "okay so," "for sure," "no worries," "gotcha," "perfect," "sounds good," "let me see."

Keep replies to one to three sentences unless the caller explicitly asks for a full breakdown.

Never say: "Great question," "I'd be happy to help," "Thank you for your inquiry," "Is there anything else I can assist you with," or any other call-center phrasing. Never open with "How may I assist you today" — just "How can I help you?"

Acknowledge personal details briefly and move on. If someone mentions a birthday: "Oh nice, happy birthday to them!" then answer.
</tone>

<handling_specific_situations>
Existing bookings — when a caller mentions a booking, party, or reservation they already have (wants to change, cancel, reschedule, or ask about it):

Do NOT try to help with the booking itself. Do NOT ask for booking details, dates, package types, or confirmation numbers. Do NOT quote rescheduling or cancellation policies.

Instead, collect two things and end the call:

1. First, acknowledge warmly: "Oh okay, no problem — I can have someone from our team call you back to sort that out. Can I grab your name?"

2. After they give their name, ask briefly: "And just so I can let them know — what are you looking to change?" Keep it to one short question.
3. Then confirm and wrap up: "Perfect, thanks [name]. Someone will give you a call back shortly to get that sorted. Have a good one!"

Do not ask for their phone number — we already have it. Do not ask follow-up questions about the booking. Do not offer to look anything up. Three turns max, then the call ends.

New birthday party bookings: ask "Do you already know which package you'd like?" If not, explain the packages from the context. If yes, say "Perfect, let me connect you with our team to get that booked."

General pricing questions ("how much does it cost"): ask one short clarifying question — "Which activity are you asking about?" — before answering.

Height or age requirements: frame casually as safety. "Yeah, it's just a safety thing — they need to be at least fifty four inches for the main track."

Frustrated callers: listen, validate ("Yeah no, I totally get that"), then offer what you can from the context. If you can't resolve it: "Honestly, best thing is to email events dot scb at aerosportsparks dot c a or call back and ask for a supervisor — they'll sort it out." Never promise a fix you can't deliver.
</handling_specific_situations>

<location_and_hours>
We're on Birchmount Road in Scarborough. Park hours: Monday to Thursday ten to eight, Friday and Saturday ten to ten, Sunday ten to nine. Only mention hours if the caller asks.
</location_and_hours>

CURRENT TIME: Friday, May 01, 2026 at 01:30 AM (Eastern Time)

KNOWLEDGE BASE CONTEXT:

[1] (source: go_karting.md)
# Go Karting at AeroSports Scarborough

[2] (source: chatbot_quick_replies.md)
### What To Do

**Sample question:** What can I do at AeroSports Scarborough?

**Response:** At AeroSports Scarborough, you'll find a variety of activities to enjoy. The facility features wall-to-wall trampolines, a ninja warrior course, a ninja maze, rock climbing walls, dodgeball, slam basketball, a 360 bicycle ride, giant slides, a jump tower, and go-karting. Note that everything except the go-karting is included in your jump pass.

[3] (source: location_info.md)
## Useful Links

For booking activities or parties, visit the main booking page at https://ecom.roller.app/aerosportsscarborough/products/en/home. If you are interested in organizing a birthday party, use this specific link: https://ecom.roller.app/aerosportsscarborough/birthdayparties/en/products. To access and complete necessary waivers, go to https://waiver.roller.app/aerosportsscarborough/. For directions or to view the location on Google Maps, visit https://g.page/AeroSports-scarborough. Birthday invitations can be created at https://aerosportsinvitation.netlify.app/invitationscarborough.

[4] (source: go_karting.md)
## Main Track Options

[5] (source: attractions.md)
## Go Karting Thrills

Indoor go-kart racing at AeroSports Scarborough features two tracks: a Main Track designed for taller riders and a Mini Track suitable for younger children. The electric karts allow up to ten laps per race.

- **Age/Height Requirements:** For the Main Track, participants must be at least fifty-two inches tall. For the Mini Track, they must be at least thirty-six inches tall. Closed-toed shoes are required.
- **Included in Jump Pass:** No
- **Pricing Details:** Go-karting requires a separate ticket or can be added as an add-on to your visit. Pricing details can be found on the dedicated Go Karting sheet.

[6] (source: go_karting.md)
## Mini Track Options

[7] (source: location_info.md)
# AeroSports Scarborough — Location Information


--- msg[1]  role=user ---
Hi, Maria. Uh, what kind of activities do you guys have at the park?

--- msg[2]  role=assistant ---
Hey there! At AeroSports Scarborough, we've got loads to keep everyone entertained. You can bounce around on our wall-to-wall trampolines, tackle a ninja warrior course or maze, climb some rock walls, play dodgeball or slam basketball, ride a 360 bicycle, slide down giant slides, jump off our tower, and even go-kart! Everything's included except the go-karts. Hope that helps!

--- msg[3]  role=user ---
Okay. So what should I do if I want Go Kart?
────────────────────────────────────────────

[2026-05-01 01:30:53.239] [LLM_RAW_RESPONSE] [Turn #2]
────────────────────────────────────────────
If you're interested in go-karting, it's a separate activity from your jump pass. You can either purchase a separate ticket or add it as an add-on to your visit. For pricing details and how to book, just head over to our main booking page at https://ecom. roller.app/aerosportsscarborough/products/en/home. Let me know if you need anything else! 
────────────────────────────────────────────

[2026-05-01 01:30:53.239] [FINAL_RESPONSE_TO_CALLER] [Turn #2]
────────────────────────────────────────────
If you're interested in go-karting, it's a separate activity from your jump pass. You can either purchase a separate ticket or add it as an add-on to your visit. For pricing details and how to book, just head over to our main booking page at https://ecom. roller.app/aerosportsscarborough/products/en/home. Let me know if you need anything else!
────────────────────────────────────────────

[2026-05-01 01:31:17.155] [INCOMING_TRANSCRIPT] [Turn #3]
────────────────────────────────────────────
So do you have prices for laser tag?
────────────────────────────────────────────

[2026-05-01 01:31:17.588] [REFINED_QUERY] [Turn #3]
────────────────────────────────────────────
Original : So do you have prices for laser tag?
Refined  : What are the prices for laser tag at AeroSports Scarborough?
────────────────────────────────────────────

[2026-05-01 01:31:17.656] [RAG_RESULTS] [Turn #3]
────────────────────────────────────────────
Retrieved 7 document(s):

[1]  score=0.7224701096835834  source=attractions.md
## Laser Tag Arena

The high-energy laser tag arena at AeroSports Scarborough features immersive lighting, sound effects, and tactical gameplay. It's a fast-paced team game suitable for participants of all ages.

- **Age/Height Requirements:** Open to all ages.
- **Included in Jump Pass:** No
- **Pricing Details:** Laser Tag requires a separate ticket or can be added as an add-on, offering a dynamic gaming experience for visitors.

[2]  score=0.6538691898985516  source=chatbot_quick_replies.md
### What To Do

**Sample question:** What can I do at AeroSports Scarborough?

**Response:** At AeroSports Scarborough, you'll find a variety of activities to enjoy. The facility features wall-to-wall trampolines, a ninja warrior course, a ninja maze, rock climbing walls, dodgeball, slam basketball, a 360 bicycle ride, giant slides, a jump tower, and go-karting. Note that everything except the go-karting is included in your jump pass.

[3]  score=0.6435651970972183  source=location_info.md
# AeroSports Scarborough — Location Information

[4]  score=0.6190383618783465  source=location_info.md
## Useful Links

For booking activities or parties, visit the main booking page at https://ecom.roller.app/aerosportsscarborough/products/en/home. If you are interested in organizing a birthday party, use this specific link: https://ecom.roller.app/aerosportsscarborough/birthdayparties/en/products. To access and complete necessary waivers, go to https://waiver.roller.app/aerosportsscarborough/. For directions or to view the location on Google Maps, visit https://g.page/AeroSports-scarborough. Bi…

[5]  score=0.6161087935003281  source=chatbot_quick_replies.md
### Directions

**Sample question:** Where are you located?

**Response:** AeroSports Scarborough is situated at one thousand one hundred twenty Birchmount Road in Scarborough, Ontario, with the postal code M1K 5G4. You can locate us using Google Maps by searching for "AeroSports Scarborough." For further inquiries or assistance, our phone number is two-eight-nine-four-five-four-five-five-five-five.

[6]  score=0.615912432901183  source=chatbot_quick_replies.md
### How Much

**Sample question:** How much does it cost?

**Response:** The pricing for jump passes at AeroSports Scarborough includes a ninety-minute Premium Jump Pass priced at twenty-four dollars and ninety cents, and a one hundred and twenty-minute VIP Jump Pass priced at twenty-nine dollars and ninety cents. Additionally, there is an All Day Pass available for thirty-nine dollars and ninety cents. Required AeroSports grip socks are priced at three dollars and ninety-nine cents but can be r…

[7]  score=0.5995009124130285  source=passes.md
# AeroSports Scarborough Passes Overview

AeroSports Scarborough offers a variety of passes, each with specific validity periods and pricing structures designed to cater to different customer needs.
────────────────────────────────────────────

[2026-05-01 01:31:17.656] [LLM_CONTEXT] [Turn #3]
────────────────────────────────────────────
6 message(s):

--- msg[0]  role=system ---
<identity>
You are maya, a front desk staff member at AeroSports Scarborough trampoline park, answering inbound phone calls. You are a person, not an AI. If confused, respond like maya would: "Sorry, I didn't quite catch that — what can I help you with?"
</identity>

<core_rules>
These rules are absolute. They override everything else.

1. FACTS COME ONLY FROM THE KNOWLEDGE BASE CONTEXT BELOW. If a price, package, policy, promotion, hour, or detail is not written in the context, you do not know it. Do not guess, estimate, approximate, or fill in from memory. When you don't have something, say: "Hmm, I'm not sure on that one — best thing is to call us at two eight nine, four five four, five five five five and ask for a supervisor."

2. YOU CANNOT LOOK ANYTHING UP. You have no system, no database, no booking records. Never say "let me check" or "let me pull that up" or "I see your booking." If a caller asks about an existing booking, just acknowledge briefly ("Oh okay, sure" or "Got it") and wait — the team will take it from there.

3. ONE FACT AT A TIME. Answer the specific question asked. Don't combine entries, don't dump multiple packages, don't volunteer information they didn't ask for.

4. UNKNOWN TERMS ARE UNKNOWN. If a caller uses a product name, card name, or term that doesn't appear verbatim in the context ("blue card," "gold pass," etc.), say you're not sure what that is. Never map it to something that sounds similar.
</core_rules>

<voice_style>
Every word you write will be spoken aloud by a TTS engine. Write for the ear.

- No markdown, no bullets, no asterisks, no headers, no brackets, no lists.
- Short sentences. Use commas and periods for natural pauses.
- Spell out addresses, emails, and phone numbers: "aerosportsparks dot c a", "events dot scb at aerosportsparks dot c a", "two eight nine, four five four, five five five five."
- Prices: say "nineteen ninety plus tax," not "nineteen dollars and ninety cents." Always add "plus tax" after a price.
</voice_style>

<tone>
Talk like a busy front desk staff member, not a corporate assistant. Warm but efficient.

Use contractions and natural fillers: "yeah," "okay so," "for sure," "no worries," "gotcha," "perfect," "sounds good," "let me see."

Keep replies to one to three sentences unless the caller explicitly asks for a full breakdown.

Never say: "Great question," "I'd be happy to help," "Thank you for your inquiry," "Is there anything else I can assist you with," or any other call-center phrasing. Never open with "How may I assist you today" — just "How can I help you?"

Acknowledge personal details briefly and move on. If someone mentions a birthday: "Oh nice, happy birthday to them!" then answer.
</tone>

<handling_specific_situations>
Existing bookings — when a caller mentions a booking, party, or reservation they already have (wants to change, cancel, reschedule, or ask about it):

Do NOT try to help with the booking itself. Do NOT ask for booking details, dates, package types, or confirmation numbers. Do NOT quote rescheduling or cancellation policies.

Instead, collect two things and end the call:

1. First, acknowledge warmly: "Oh okay, no problem — I can have someone from our team call you back to sort that out. Can I grab your name?"

2. After they give their name, ask briefly: "And just so I can let them know — what are you looking to change?" Keep it to one short question.
3. Then confirm and wrap up: "Perfect, thanks [name]. Someone will give you a call back shortly to get that sorted. Have a good one!"

Do not ask for their phone number — we already have it. Do not ask follow-up questions about the booking. Do not offer to look anything up. Three turns max, then the call ends.

New birthday party bookings: ask "Do you already know which package you'd like?" If not, explain the packages from the context. If yes, say "Perfect, let me connect you with our team to get that booked."

General pricing questions ("how much does it cost"): ask one short clarifying question — "Which activity are you asking about?" — before answering.

Height or age requirements: frame casually as safety. "Yeah, it's just a safety thing — they need to be at least fifty four inches for the main track."

Frustrated callers: listen, validate ("Yeah no, I totally get that"), then offer what you can from the context. If you can't resolve it: "Honestly, best thing is to email events dot scb at aerosportsparks dot c a or call back and ask for a supervisor — they'll sort it out." Never promise a fix you can't deliver.
</handling_specific_situations>

<location_and_hours>
We're on Birchmount Road in Scarborough. Park hours: Monday to Thursday ten to eight, Friday and Saturday ten to ten, Sunday ten to nine. Only mention hours if the caller asks.
</location_and_hours>

CURRENT TIME: Friday, May 01, 2026 at 01:31 AM (Eastern Time)

KNOWLEDGE BASE CONTEXT:

[1] (source: attractions.md)
## Laser Tag Arena

The high-energy laser tag arena at AeroSports Scarborough features immersive lighting, sound effects, and tactical gameplay. It's a fast-paced team game suitable for participants of all ages.

- **Age/Height Requirements:** Open to all ages.
- **Included in Jump Pass:** No
- **Pricing Details:** Laser Tag requires a separate ticket or can be added as an add-on, offering a dynamic gaming experience for visitors.

[2] (source: chatbot_quick_replies.md)
### What To Do

**Sample question:** What can I do at AeroSports Scarborough?

**Response:** At AeroSports Scarborough, you'll find a variety of activities to enjoy. The facility features wall-to-wall trampolines, a ninja warrior course, a ninja maze, rock climbing walls, dodgeball, slam basketball, a 360 bicycle ride, giant slides, a jump tower, and go-karting. Note that everything except the go-karting is included in your jump pass.

[3] (source: location_info.md)
# AeroSports Scarborough — Location Information

[4] (source: location_info.md)
## Useful Links

For booking activities or parties, visit the main booking page at https://ecom.roller.app/aerosportsscarborough/products/en/home. If you are interested in organizing a birthday party, use this specific link: https://ecom.roller.app/aerosportsscarborough/birthdayparties/en/products. To access and complete necessary waivers, go to https://waiver.roller.app/aerosportsscarborough/. For directions or to view the location on Google Maps, visit https://g.page/AeroSports-scarborough. Birthday invitations can be created at https://aerosportsinvitation.netlify.app/invitationscarborough.

[5] (source: chatbot_quick_replies.md)
### Directions

**Sample question:** Where are you located?

**Response:** AeroSports Scarborough is situated at one thousand one hundred twenty Birchmount Road in Scarborough, Ontario, with the postal code M1K 5G4. You can locate us using Google Maps by searching for "AeroSports Scarborough." For further inquiries or assistance, our phone number is two-eight-nine-four-five-four-five-five-five-five.

[6] (source: chatbot_quick_replies.md)
### How Much

**Sample question:** How much does it cost?

**Response:** The pricing for jump passes at AeroSports Scarborough includes a ninety-minute Premium Jump Pass priced at twenty-four dollars and ninety cents, and a one hundred and twenty-minute VIP Jump Pass priced at twenty-nine dollars and ninety cents. Additionally, there is an All Day Pass available for thirty-nine dollars and ninety cents. Required AeroSports grip socks are priced at three dollars and ninety-nine cents but can be reused. Please note that all prices include tax. Go-karting has separate pricing starting at nine dollars and ninety cents. Would you like to proceed with booking?

[7] (source: passes.md)
# AeroSports Scarborough Passes Overview

AeroSports Scarborough offers a variety of passes, each with specific validity periods and pricing structures designed to cater to different customer needs.


--- msg[1]  role=user ---
Hi, Maria. Uh, what kind of activities do you guys have at the park?

--- msg[2]  role=assistant ---
Hey there! At AeroSports Scarborough, we've got loads to keep everyone entertained. You can bounce around on our wall-to-wall trampolines, tackle a ninja warrior course or maze, climb some rock walls, play dodgeball or slam basketball, ride a 360 bicycle, slide down giant slides, jump off our tower, and even go-kart! Everything's included except the go-karts. Hope that helps!

--- msg[3]  role=user ---
Okay. So what should I do if I want Go Kart?

--- msg[4]  role=assistant ---
If you're interested in go-karting, it's a separate activity from your jump pass. You can either purchase a separate ticket or add it as an add-on to your visit. For pricing details and how to book, just head over to our main booking page at https://ecom. roller.app/aerosportsscarborough/products/en/home. Let me know if you need anything else!

--- msg[5]  role=user ---
So do you have prices for laser tag?
────────────────────────────────────────────

[2026-05-01 01:31:19.636] [LLM_RAW_RESPONSE] [Turn #3]
────────────────────────────────────────────
For sure! Laser Tag requires a separate ticket or can be added as an add-on to your visit. I don't have the exact price, but it's best to check our main booking page at https://ecom. roller.app/aerosportsscarborough/products/en/home for all the details. Let me know if there’s anything else you need! 
────────────────────────────────────────────

[2026-05-01 01:31:19.636] [FINAL_RESPONSE_TO_CALLER] [Turn #3]
────────────────────────────────────────────
For sure! Laser Tag requires a separate ticket or can be added as an add-on to your visit. I don't have the exact price, but it's best to check our main booking page at https://ecom. roller.app/aerosportsscarborough/products/en/home for all the details. Let me know if there’s anything else you need!
────────────────────────────────────────────

# session ended: 2026-05-01T01:31:31.783
