# Voice Session Pipeline Log
# call_sid : CA3c352bf8acefe982d9402ccd53c9e593
# started  : 2026-04-25T15:20:04.068
# log_file : /Users/Rajan/Documents/GitHub/rag_pipeline/src/logs/voice_session_2026-04-25_15-20-04.log

[2026-04-25 15:20:04.068] [INCOMING_TRANSCRIPT] [Turn #1]
────────────────────────────────────────────
I I'd like to book a birthday party at Aero Sports Scarborough.
────────────────────────────────────────────

[2026-04-25 15:20:04.068] [REFINED_QUERY] [Turn #1]
────────────────────────────────────────────
Original : I I'd like to book a birthday party at Aero Sports Scarborough.
Refined  : (unchanged)
────────────────────────────────────────────

[2026-04-25 15:20:05.184] [RAG_RESULTS] [Turn #1]
────────────────────────────────────────────
Retrieved 7 document(s):

[1]  score=0.7784276936564081  source=location_info.md
AeroSports Scarborough is located at one thousand one hundred and twenty Birchmount Road, Scarborough, Ontario, M1K five zero four four. The contact phone number for AeroSports Scarborough is two eighty-nine dash four fifty-four-five five five five. To reach the park extension, dial three. For email inquiries, send messages to events.scb at aerosportsparks dot ca. Scott and Rachit are the contact managers available for assistance. More information can be found on their website at https://www.aer…

[2]  score=0.6796990060268068  source=chatbot_quick_replies.md
AeroSports Scarborough offers a variety of activities including wall-to-wall trampolines, a ninja warrior course, a ninja maze, rock climbing walls, dodgeball, slam basketball, a 360 bicycle ride, giant slides, a jump tower, and go karting. Everything except go karting is included in your jump pass.

A ninety-minute Premium Jump Pass costs twenty-four dollars and ninety cents, while a one hundred and twenty-minute VIP Jump Pass costs twenty-nine dollars and ninety cents. The All Day Pass is pric…

[3]  score=0.6744473382501219  source=voice_call_scripts.md
Thank you for calling AeroSports Scarborough! How can I help you today? Use a warm, upbeat tone.

One moment while I look that up for you. Use this phrase when retrieving information.

Let me connect you with one of our team members who can help you with that. One moment please. This is used when the question is beyond what the AI can handle.

Thanks for calling AeroSports Scarborough! We look forward to seeing you. Have a great day! Always end on a positive note.

We are located at one thousand…

[4]  score=0.5958831906318707  source=faqs.md
Yes, AeroSports socks are required at all locations. These jump socks are available for three dollars and ninety-nine cents plus tax. They are reusable, so it's recommended to keep them for future visits.

Our trampolines have a weight limit of three hundred pounds.

Waivers are necessary for every guest visiting the park, including those who do not participate in jumping activities. You can fill out the waiver online before your arrival to reduce check-in time. Children under eighteen years old…

[5]  score=0.5913360336628083  source=voice_call_scripts.md
Currently, we have an April Birthday Promotion offering up to one hundred and fifty dollars off birthday parties. Use the code APRILBDAY50 for a discount of fifty dollars on a Premium party, APRILBDAY100 for a hundred-dollar discount on a VIP party, or APRILBDAY150 for a one hundred and fifty-dollar discount on an Ultimate party. To qualify, you need to book by April thirty-first and host the event by September thirtieth.

We offer AeroCamp for children aged four to twelve years old. The full-da…

[6]  score=0.5822828661034876  source=birthday_parties.md
AeroSports Scarborough offers three birthday party packages: Premium, VIP, and Ultimate. 

The Premium Party costs thirty-nine dollars and ninety cents per jumper with a minimum of ten jumpers required, at a base price of three hundred ninety-nine dollars. It includes seventy-five minutes on the trampoline courts followed by forty-five minutes in a private party room that fits twenty-five to thirty people. Food included is one large pizza for every five jumpers and one juice box per jumper. The …

[7]  score=0.5633871370650189  source=group_bookings.md
Group bookings require a minimum group size of fifteen jumpers. A discount code named GROUPBOOKING25 offers twenty-five percent off for groups consisting of fifteen or more jumpers. A deposit amounting to twenty-five percent is required at the time of booking.

For pricing, sixty minutes of jump time costs four thousand dollars on weekdays from Monday to Thursday and five thousand dollars on weekends from Friday to Sunday. This rate provides exclusive access to the entire facility with a capacit…
────────────────────────────────────────────

[2026-04-25 15:20:05.184] [LLM_CONTEXT] [Turn #1]
────────────────────────────────────────────
2 message(s):

--- msg[0]  role=system ---
<identity>
You are maya, a front desk staff member at AeroSports Scarborough trampoline park, answering inbound phone calls. You are a person, not an AI. If confused, respond like maya would: "Sorry, I didn't quite catch that — what can I help you with?"
</identity>

<core_rules>
These rules are absolute. They override everything else.

1. FACTS COME ONLY FROM THE KNOWLEDGE BASE CONTEXT BELOW. If a price, package, policy, promotion, hour, or detail is not written in the context, you do not know it. Do not guess, estimate, approximate, or fill in from memory. When you don't have something, say: "Hmm, I'm not sure on that one — best thing is to call us at two eight nine, four five four, five five five five and ask for a supervisor."

2. YOU CANNOT LOOK ANYTHING UP. You have no system, no database, no booking records. Never say "let me check" or "let me pull that up" or "I see your booking." If a caller asks about an existing booking, just acknowledge briefly ("Oh okay, sure" or "Got it") and wait — the team will take it from there.

3. ONE FACT AT A TIME. Answer the specific question asked. Don't combine entries, don't dump multiple packages, don't volunteer information they didn't ask for.

4. UNKNOWN TERMS ARE UNKNOWN. If a caller uses a product name, card name, or term that doesn't appear verbatim in the context ("blue card," "gold pass," etc.), say you're not sure what that is. Never map it to something that sounds similar.
</core_rules>

<voice_style>
Every word you write will be spoken aloud by a TTS engine. Write for the ear.

- No markdown, no bullets, no asterisks, no headers, no brackets, no lists.
- Short sentences. Use commas and periods for natural pauses.
- Spell out addresses, emails, and phone numbers: "aerosportsparks dot c a", "events dot scb at aerosportsparks dot c a", "two eight nine, four five four, five five five five."
- Prices: say "nineteen ninety plus tax," not "nineteen dollars and ninety cents." Always add "plus tax" after a price.
</voice_style>

<tone>
Talk like a busy front desk staff member, not a corporate assistant. Warm but efficient.

Use contractions and natural fillers: "yeah," "okay so," "for sure," "no worries," "gotcha," "perfect," "sounds good," "let me see."

Keep replies to one to three sentences unless the caller explicitly asks for a full breakdown.

Never say: "Great question," "I'd be happy to help," "Thank you for your inquiry," "Is there anything else I can assist you with," or any other call-center phrasing. Never open with "How may I assist you today" — just "How can I help you?"

Acknowledge personal details briefly and move on. If someone mentions a birthday: "Oh nice, happy birthday to them!" then answer.
</tone>

<response_pattern>
When a question involves multiple options, packages, or price tiers — give a brief one-sentence overview of what's available, then ask ONE follow-up to narrow down. Do NOT list every option with full pricing unless the caller explicitly asks for the full breakdown.

Birthday packages example:
Caller: "What birthday packages do you have?"
Wrong: [list all three packages with full details and prices]
Right: "Yeah we've got a few — a Premium, VIP, and Ultimate package. Do you have a rough idea of how many kids are coming?"

Jump pass example:
Caller: "How much does it cost?"
Wrong: [list all pass types and prices]
Right: "Depends on how long you're staying — are you thinking just a session, or more of an all-day thing?"

Let the caller ask for more. One piece of info at a time.
</response_pattern>

<handling_specific_situations>
Existing bookings — when a caller mentions a booking, party, or reservation they already have (wants to change, cancel, reschedule, or ask about it):

Do NOT try to help with the booking itself. Do NOT ask for booking details, dates, package types, or confirmation numbers. Do NOT quote rescheduling or cancellation policies.

Instead, collect two things and end the call:

1. First, acknowledge warmly: "Oh okay, no problem — I can have someone from our team call you back to sort that out. Can I grab your name?"

2. After they give their name, ask briefly: "And just so I can let them know — what are you looking to change?" Keep it to one short question.
3. Then confirm and wrap up: "Perfect, thanks [name]. Someone will give you a call back shortly to get that sorted. Have a good one!"

Do not ask for their phone number — we already have it. Do not ask follow-up questions about the booking. Do not offer to look anything up. Three turns max, then the call ends.

New birthday party bookings: briefly mention the tiers available ("We've got a Premium, VIP, and Ultimate package"). Ask one narrowing question: "Do you have a rough idea of how many kids are coming?" or "Do you already know which one you'd like?" Once they pick one, say "Perfect — for bookings you'd want to email events dot scb at aerosportsparks dot c a or I can have our events team reach out."

General pricing questions ("how much does it cost"): ask one short clarifying question first — "Which activity are you asking about?" or "Are you thinking a single visit or something longer-term?" — before answering.

Height or age requirements: frame casually as safety. "Yeah, it's just a safety thing — they need to be at least fifty four inches for the main track."

Frustrated callers: listen, validate ("Yeah no, I totally get that"), then offer what you can from the context. If you can't resolve it: "Honestly, best thing is to email events dot scb at aerosportsparks dot c a or call back and ask for a supervisor — they'll sort it out." Never promise a fix you can't deliver.
</handling_specific_situations>

<location_and_hours>
We're on Birchmount Road in Scarborough. Park hours: Monday to Thursday ten to eight, Friday and Saturday ten to ten, Sunday ten to nine. Only mention hours if the caller asks.
</location_and_hours>

CURRENT TIME: Saturday, April 25, 2026 at 03:20 PM (Eastern Time)

KNOWLEDGE BASE CONTEXT:

[1] (source: location_info.md)
AeroSports Scarborough is located at one thousand one hundred and twenty Birchmount Road, Scarborough, Ontario, M1K five zero four four. The contact phone number for AeroSports Scarborough is two eighty-nine dash four fifty-four-five five five five. To reach the park extension, dial three. For email inquiries, send messages to events.scb at aerosportsparks dot ca. Scott and Rachit are the contact managers available for assistance. More information can be found on their website at https://www.aerosportsparks.ca.

The hours of operation for AeroSports Scarborough from Sunday to Thursday are ten o'clock in the morning until eight o'clock in the evening. On Fridays and Saturdays, the facility is open from ten o'clock in the morning until ten o'clock in the evening.

For booking activities at AeroSports Scarborough, visit their booking URL at https://ecom.roller.app/aerosportsscarborough/products/en/home. Birthday parties can be organized by visiting the birthday booking URL at https://ecom.roller.app/aerosportsscarborough/birthdayparties/en/products. To access and complete necessary waivers, go to https://waiver.roller.app/aerosportsscarborough/. The location on Google Maps can be found at https://g.page/AeroSports-scarborough. Birthday invitations are available for download or customization at https://aerosportsinvitation.netlify.app/invitationscarborough.

[2] (source: chatbot_quick_replies.md)
AeroSports Scarborough offers a variety of activities including wall-to-wall trampolines, a ninja warrior course, a ninja maze, rock climbing walls, dodgeball, slam basketball, a 360 bicycle ride, giant slides, a jump tower, and go karting. Everything except go karting is included in your jump pass.

A ninety-minute Premium Jump Pass costs twenty-four dollars and ninety cents, while a one hundred and twenty-minute VIP Jump Pass costs twenty-nine dollars and ninety cents. The All Day Pass is priced at thirty-nine dollars and ninety cents. AeroSports grip socks are required for participation and cost three dollars and ninety-nine cents but are reusable. All prices mentioned are plus tax. Go karting is available separately starting at nine dollars and ninety cents.

AeroSports Scarborough welcomes guests of all ages as long as they can walk. Children under two years old can enter free with a paying adult. Additionally, there is Toddler Time on Saturday mornings from nine to ten o'clock in the morning exclusively for children five years old and under, which costs fifteen dollars and ninety cents per child, and one parent jumps free.

For birthday parties, AeroSports Scarborough offers three packages starting at thirty-nine dollars and ninety cents per jumper with a minimum of ten kids. All packages include pizza, drinks, access to a private party room, a glow t-shirt for the birthday child, and digital invitations. The Ultimate Package also includes go karting, a free thirty-day pass, and free socks for everyone.

AeroSports Scarborough is located at one thousand one hundred and twenty Birchmount Road in Scarborough, Ontario, M1K 5G4. You can find it on Google Maps by searching AeroSports Scarborough. The phone number to contact them is two eight nine dash four five four dash five five five five.

Safety is a top priority at AeroSports Scarborough. They have trained staff and park rules posted throughout the facility. There is a three hundred pound weight limit on trampolines, and all jumpers need a signed waiver. Children under ten years old must be accompanied by an adult. Spectators are always free to watch, and there is comfortable seating along with complimentary Wi-Fi available for parents.

[3] (source: voice_call_scripts.md)
Thank you for calling AeroSports Scarborough! How can I help you today? Use a warm, upbeat tone.

One moment while I look that up for you. Use this phrase when retrieving information.

Let me connect you with one of our team members who can help you with that. One moment please. This is used when the question is beyond what the AI can handle.

Thanks for calling AeroSports Scarborough! We look forward to seeing you. Have a great day! Always end on a positive note.

We are located at one thousand one hundred and twenty Birchmount Road in Scarborough. The postal code is M1K 5G4. Speak the address clearly and slowly.

Our operating hours are from ten o'clock in the morning until eight o'clock in the evening, Sunday through Thursday, and from ten o'clock in the morning until ten o'clock in the evening on Friday and Saturday. Say times clearly with AM/PM.

The Premium Jump Pass costs twenty-four dollars and ninety cents for ninety minutes, while the VIP Jump Pass is priced at twenty-nine dollars and ninety cents for one hundred and twenty minutes. We also offer an All Day Pass for thirty-nine dollars and ninety cents and an ultimate pass which includes go karting and laser tag for forty-nine dollars and ninety cents for one hundred and eighty minutes. Please note that all prices are plus tax. Aero Socks, required for participation, cost three dollars and ninety-nine cents but they are reusable so you can bring them back next time.

We have three birthday party packages available. The Premium Party starts at thirty-nine dollars and ninety cents per jumper, offering seventy-five minutes of jump time and forty-five minutes in a private party room. The VIP Party is priced at forty-four dollars and ninety cents per jumper with ninety minutes of jump time and sixty minutes of room time. Lastly, the Ultimate Party costs fifty-nine dollars and ninety cents per jumper, providing one hundred and twenty minutes of jump time, sixty minutes of room time, plus go karting for every jumper. All packages include pizza and drinks, with a minimum requirement of ten jumpers. Would you like more details on any package?

Go karting is available on two tracks at our facility. The main track is suitable for riders who are fifty-four inches or taller and costs nineteen dollars and ninety cents for a standalone race or nine dollars and ninety cents as an add-on if you already have a jump pass. The mini track accommodates riders who are thirty-six inches or taller, with a standalone cost of nine dollars and ninety cents or four dollars and ninety cents as an add-on. Each race allows up to ten laps. Remember that closed-toed shoes are required for go karting.

You can book online at our website aerosportsparks.ca, or I can assist you with the booking process right now. Would you like to proceed?

Everyone who enters the park needs a signed waiver, including non-jumpers. You have the option to fill it out online ahead of time on our website to save time at check-in. For anyone under eighteen years old, a parent or legal guardian must sign the waiver. Emphasize completing the waiver online to reduce wait times.

For groups of fifteen or more people, we offer a twenty-five percent discount with the code GROUPBOOKING25, which brings the price down to approximately twenty-five dollars and forty-seven cents per person for one hundred and twenty minutes including socks. Would you like to book a group visit?

Currently, we have an April Birthday Promotion offering up to one hundred and fifty dollars off birthday parties. Use the code APRILBDAY50 for a discount of fifty dollars on a Premium party, APRILBDAY100 for a hundred-dollar discount on a VIP party, or APRILBDAY150 for a one hundred and fifty-dollar discount on an Ultimate party. To qualify, you need to book by April thirty-first and host the event by September thirtieth.

We offer AeroCamp for children aged four to twelve years old. The full-day camp runs from eight-thirty in the morning until four-thirty in the afternoon at a cost of sixty-nine dollars and ninety cents per day or two hundred and ninety-nine dollars and ninety cents for a full week. We also have half-day options available for thirty-nine dollars and ninety cents. Activities include trampolines, games, challenges, crafts, and group activities.

[4] (source: faqs.md)
Yes, AeroSports socks are required at all locations. These jump socks are available for three dollars and ninety-nine cents plus tax. They are reusable, so it's recommended to keep them for future visits.

Our trampolines have a weight limit of three hundred pounds.

Waivers are necessary for every guest visiting the park, including those who do not participate in jumping activities. You can fill out the waiver online before your arrival to reduce check-in time. Children under eighteen years old must have their waivers signed by a parent or legal guardian.

Children under twelve years old cannot be left unattended at the park. While all children under eighteen need a parent or legal guardian to sign the waiver, it's important to ensure they understand the park rules before being dropped off.

Non-jumpers are never charged admission; only those participating in jumping activities pay for general admission.

Yes! We have a fully stocked Snack Shack serving delicious treats available for purchase.

Weekends tend to be busier than weekdays at our park. Weekdays generally offer shorter wait times and less crowded conditions, making it easier to enjoy the attractions without long lines.

The best time to visit is typically in the morning right when we open or later in the afternoon before closing. This timing helps avoid peak crowds that usually occur around midday.

Yes, you can bring your own food into the park. However, please note that outside food and beverages are not allowed inside our attractions for safety reasons. You're welcome to enjoy your snacks in designated areas such as picnic spots or while waiting in line.

Our birthday party packages include a private room with jump time included. The premium package does not include socks, but you can purchase them separately. The VIP package offers socks at fifty percent off, and the ultimate package includes free socks.

Additional jumpers beyond the minimum required for your package can be added at the per-jumper price. Make sure that the total number of jumpers does not exceed the room capacity.

Yes, additional jumping or party room time may be available for purchase based on availability.

The minimum jumper count for your package is still charged even if some guests do not show up. There might also be additional fees for extra arrivals beyond what was initially planned.

While we try to accommodate requests for specific party rooms, we cannot guarantee them as it depends on availability at the time of booking.

Yes, there is an area designated for parents to wait while their children enjoy the party activities. Parents can relax in our viewing area or common spaces within the park.

You are allowed to bring outside decorations as long as they comply with our policies. Please note that confetti, piñatas, and silly string are not permitted, and a cleaning charge of forty dollars will be applied if these items are used.

The check-in process for party guests involves staff assistance. It's important to ensure all waivers are completed beforehand, and wristbands will be provided upon arrival.

Yes, we can accommodate dietary restrictions with advance notice. Please contact us in advance to discuss your specific needs so that we can make the necessary arrangements.

If your party runs late, it must adhere to the scheduled time as planned. Overages may result in additional fees being charged.

The birthday child is included in the jumper count for the minimum required by your package.

Digital invitations are included with every birthday party package. If you prefer physical invitations, they can be provided at a cost of seventy-five cents each.

Yes, themed props or costumes that are safe and suitable for jumping activities are allowed.

If a child gets injured during their time at our park, trained staff will respond on-site immediately. Parents will be notified right away, and emergency protocols will be followed if the injury is serious.

You can arrange to tour the facility before making your booking by contacting us directly. We'll help set up a convenient time for you to visit.

Yes, splitting the party cost is possible. Please let us know in advance so we can accommodate this request.

Our staff assists with both setup and cleanup of birthday parties to ensure everything runs smoothly from start to finish.

Non-jumpers are welcome to enjoy the party room and food but will not have access to jumping attractions. They do not count toward the minimum number required for your package.

Yes, you can book our camp programs for twins or multiple children. Please inform us in advance so we can customize plans accordingly.

If you need to reschedule your booking within one year of the original date, there is no charge.

[5] (source: voice_call_scripts.md)
Currently, we have an April Birthday Promotion offering up to one hundred and fifty dollars off birthday parties. Use the code APRILBDAY50 for a discount of fifty dollars on a Premium party, APRILBDAY100 for a hundred-dollar discount on a VIP party, or APRILBDAY150 for a one hundred and fifty-dollar discount on an Ultimate party. To qualify, you need to book by April thirty-first and host the event by September thirtieth.

We offer AeroCamp for children aged four to twelve years old. The full-day camp runs from eight-thirty in the morning until four-thirty in the afternoon at a cost of sixty-nine dollars and ninety cents per day or two hundred and ninety-nine dollars and ninety cents for a full week. We also have half-day options available for thirty-nine dollars and ninety cents. Activities include trampolines, games, challenges, crafts, and group activities. Early drop-off is available from seven-thirty in the morning and late pick-up past six o'clock in the evening for an additional ten dollars each.

That is a great question. I do not have that specific information right now, but I can arrange for someone from our team to get back to you. Can I get your name and phone number?

[6] (source: birthday_parties.md)
AeroSports Scarborough offers three birthday party packages: Premium, VIP, and Ultimate. 

The Premium Party costs thirty-nine dollars and ninety cents per jumper with a minimum of ten jumpers required, at a base price of three hundred ninety-nine dollars. It includes seventy-five minutes on the trampoline courts followed by forty-five minutes in a private party room that fits twenty-five to thirty people. Food included is one large pizza for every five jumpers and one juice box per jumper. The birthday child receives a free glow t-shirt, digital invitations, and a free sixty-minute jump pass. All guest jumpers receive a free sixty-minute add-on pass. Go karting can be added on at nine dollars and ninety cents per person. There is no discount for socks, physical invitations are not included, and outside food requires a fifty-dollar fee. The total party duration is approximately two hours.

The VIP Party costs forty-four dollars and ninety cents per jumper with the same minimum of ten jumpers required, at a base price of four hundred forty-nine dollars. It includes ninety minutes on the trampoline courts followed by sixty minutes in a private party room that fits twenty-five to thirty people. Food included is one large pizza for every five jumpers, plus one juice box and one water bottle per jumper. The birthday child receives a free glow t-shirt, digital invitations, and a free sixty-minute jump pass. All guest jumpers receive a free sixty-minute add-on pass. Socks are fifty percent off at two dollars instead of three dollars and ninety-nine cents. Go karting can be added on for nine dollars and ninety cents per person. Physical invitations are not included, and outside food requires a fifty-dollar fee. The total party duration is approximately two and a half hours.

The Ultimate Party costs fifty-nine dollars and ninety cents per jumper with the same minimum of ten jumpers required, at a base price of five hundred ninety-nine dollars. It includes one hundred twenty minutes on the trampoline courts followed by sixty minutes in a private party room that fits twenty-five to thirty people. Food included is one large pizza for every five jumpers, plus one juice box or pop and one water bottle per jumper. The birthday child receives a free glow t-shirt, digital and physical invitations, and a free thirty-day jump pass. All guest jumpers receive a free sixty-minute add-on pass. Socks are free for all jumpers. Go karting is included with one race per jumper. The fifty-dollar outside food fee is waived. The total party duration is approximately three hours.

Upgrading from Premium to VIP adds fifteen more minutes of jump time, fifteen more minutes of room time, a water bottle in addition to the juice box, and fifty percent off socks at two dollars instead of three dollars and ninety-nine cents. The cost difference is five dollars per jumper or fifty dollars for ten jumpers.

Upgrading from VIP to Ultimate adds thirty more minutes of jump time, includes go karting for every jumper, provides free socks for all jumpers, offers free physical invitations, gives a free thirty-day pass for the birthday child instead of sixty minutes, waives the fifty-dollar outside food fee, and allows drinks to include pop as an option. The cost difference is fifteen dollars per jumper or one hundred fifty dollars for ten jumpers.

The Ultimate Party offers the most value with go karting alone worth nine dollars and ninety cents per jumper, free socks at three dollars and ninety-nine cents per jumper, and a waived fifty-dollar outside food fee. This amounts to roughly one hundred eighty-nine dollars in extras for one hundred fifty dollars more than VIP.

Birthday party add-ons available include large pizzas (cheese, pepperoni, halal pepperoni, vegetarian, or Hawaiian) for twenty-five dollars each, juice boxes at thirty dollars for ten boxes, soft drink cans at twenty dollars for ten cans, physical birthday invitations at seventy-five cents each, and a go kart race add-on at nine dollars and ninety cents per person. The outside food fee is fifty dollars but is waived for the Ultimate Party. A late ordering fee within twenty-four hours is twenty dollars.

Terms and conditions include free rescheduling up to one year from the booking date. Cancellations with fourteen or more days notice receive a store gift card for the refund amount, while cancellations within fourteen days receive no refund. Package changes must be made fourteen or more days in advance and are subject to availability.

[7] (source: group_bookings.md)
Group bookings require a minimum group size of fifteen jumpers. A discount code named GROUPBOOKING25 offers twenty-five percent off for groups consisting of fifteen or more jumpers. A deposit amounting to twenty-five percent is required at the time of booking.

For pricing, sixty minutes of jump time costs four thousand dollars on weekdays from Monday to Thursday and five thousand dollars on weekends from Friday to Sunday. This rate provides exclusive access to the entire facility with a capacity for up to two hundred and twenty jumpers, private access, and dedicated staff on-site. Included in this package are jump socks, all party rooms, and cutlery, while food and catering incur additional costs. Unlimited go karting is included with the facility rental.

For group bookings lasting one hundred and twenty minutes per jumper, the cost is twenty-five dollars and forty-seven cents after a twenty-five percent discount on thirty-three dollars and eighty-nine cents. This discounted rate includes jump time plus Aero Socks, with add-on options available at extra costs. Go karting can be added separately to the group rate.

Pricing remains consistent for both weekdays and weekends. The included package consists of jump time plus Aero Socks, with additional options available at an extra cost.

Corporate and team parties are available for purposes such as team-building, milestone celebrations, and employee rewards. These events take place in an energetic environment featuring trampoline courts, obstacle courses, and more. Customizable packages can be arranged by calling two-eight-nine-four-five-four-five-five-five-five or emailing events.scb@aerosportsparks.ca.

Schools, church groups, sports teams, and youth organizations are eligible for school and field trips. These trips require a minimum of fifteen people and promote active play and teamwork in a safe environment. Access to trampoline courts, obstacle courses, and more is provided. School bookings can be arranged by calling two-eight-nine-four-five-four-five-five-five-five or emailing events.scb@aerosportsparks.ca.

Organizations can host fundraising events at AeroSports, earning twenty percent of the night's jump time sales. This option suits schools, teams, troops, and community organizations. Fundraiser bookings are available through a call to two-eight-nine-four-five-four-five-five-five-five or an email to events.scb@aerosportsparks.ca, with customizable packages that include promotional support.

Room rentals offer party rooms for one, two, three, or four at one hundred dollars per forty-five minutes, accommodating twenty-five to thirty people. The Birds Eye Party Arena is available for two hundred dollars per forty-five minutes and can accommodate eighty people.


--- msg[1]  role=user ---
I I'd like to book a birthday party at Aero Sports Scarborough.
────────────────────────────────────────────

[2026-04-25 15:20:14.437] [LLM_RAW_RESPONSE] [Turn #1]
────────────────────────────────────────────
That sounds like a fantastic idea! Booking a birthday party at AeroSports Scarborough will surely make it an unforgettable event. Here's how you can get started:

 Step 1: Choose Your Package

AeroSports offers three main birthday party packages:
- Premium Party: 39. 90 per jumper, includes 75 minutes on trampoline courts and 45 minutes in a private party room. - VIP Party: 44. 90 per jumper, includes 90 minutes on trampoline courts and 60 minutes in a private party room. - Ultimate Party: 59. 90 per jumper, includes 120 minutes on trampoline courts and 60 minutes in a private party room. Step 2: Consider Add-ons

You can enhance your party with various add-ons:
- Go karting
- Additional pizzas or drinks
- Physical invitations (available for the Ultimate Party)

 Step 3: Book Your Party

1. Visit the Booking Page: You can book directly through AeroSports Scarborough's website at [AeroSports Birthday Parties](https://www.aerosportsparks.ca/birthday-parties/). 2. Contact Them Directly: If you have specific questions or need assistance, you can call them at 289-454-5555. 3. Promotions: Check if there are any current promotions, like the April Birthday Promotion, which offers discounts on party packages. Step 4: Confirm Details

Once booked, confirm:
- Date and time
- Number of jumpers (minimum ten required)
- Any dietary restrictions or special requests

 Step 5: Prepare for the Party

- Ensure all guests have completed their waivers online. - Plan any additional activities or decorations you might want. If you need further assistance or have specific questions, feel free to ask! 
────────────────────────────────────────────

[2026-04-25 15:20:14.437] [FINAL_RESPONSE_TO_CALLER] [Turn #1]
────────────────────────────────────────────
That sounds like a fantastic idea! Booking a birthday party at AeroSports Scarborough will surely make it an unforgettable event. Here's how you can get started:  Step 1: Choose Your Package AeroSports offers three main birthday party packages: Premium Party: 39. 90 per jumper, includes 75 minutes on trampoline courts and 45 minutes in a private party room. - VIP Party: 44. 90 per jumper, includes 90 minutes on trampoline courts and 60 minutes in a private party room. - Ultimate Party: 59. 90 per jumper, includes 120 minutes on trampoline courts and 60 minutes in a private party room. Step 2: Consider Add-ons You can enhance your party with various add-ons: Go karting Additional pizzas or drinks Physical invitations (available for the Ultimate Party)  Step 3: Book Your Party 1. Visit the Booking Page: You can book directly through AeroSports Scarborough's website at AeroSports Birthday Parties. 2. Contact Them Directly: If you have specific questions or need assistance, you can call them at 289-454-5555. 3. Promotions: Check if there are any current promotions, like the April Birthday Promotion, which offers discounts on party packages. Step 4: Confirm Details Once booked, confirm: Date and time Number of jumpers (minimum ten required) Any dietary restrictions or special requests  Step 5: Prepare for the Party Ensure all guests have completed their waivers online. - Plan any additional activities or decorations you might want. If you need further assistance or have specific questions, feel free to ask!
────────────────────────────────────────────

[2026-04-25 15:21:57.697] [INCOMING_TRANSCRIPT] [Turn #2]
────────────────────────────────────────────
Okay. That is good. But with the birthday party any of the birthday party packaging for the go kart version?
────────────────────────────────────────────

[2026-04-25 15:21:58.333] [REFINED_QUERY] [Turn #2]
────────────────────────────────────────────
Original : Okay. That is good. But with the birthday party any of the birthday party packaging for the go kart version?
Refined  : Are there any birthday party packages available specifically for the go-kart experience at Aero Sports Scarborough?
────────────────────────────────────────────

[2026-04-25 15:21:58.711] [RAG_RESULTS] [Turn #2]
────────────────────────────────────────────
Retrieved 7 document(s):

[1]  score=0.7349312305450648  source=chatbot_quick_replies.md
AeroSports Scarborough offers a variety of activities including wall-to-wall trampolines, a ninja warrior course, a ninja maze, rock climbing walls, dodgeball, slam basketball, a 360 bicycle ride, giant slides, a jump tower, and go karting. Everything except go karting is included in your jump pass.

A ninety-minute Premium Jump Pass costs twenty-four dollars and ninety cents, while a one hundred and twenty-minute VIP Jump Pass costs twenty-nine dollars and ninety cents. The All Day Pass is pric…

[2]  score=0.7166337539772056  source=location_info.md
AeroSports Scarborough is located at one thousand one hundred and twenty Birchmount Road, Scarborough, Ontario, M1K five zero four four. The contact phone number for AeroSports Scarborough is two eighty-nine dash four fifty-four-five five five five. To reach the park extension, dial three. For email inquiries, send messages to events.scb at aerosportsparks dot ca. Scott and Rachit are the contact managers available for assistance. More information can be found on their website at https://www.aer…

[3]  score=0.6758509068666856  source=voice_call_scripts.md
Thank you for calling AeroSports Scarborough! How can I help you today? Use a warm, upbeat tone.

One moment while I look that up for you. Use this phrase when retrieving information.

Let me connect you with one of our team members who can help you with that. One moment please. This is used when the question is beyond what the AI can handle.

Thanks for calling AeroSports Scarborough! We look forward to seeing you. Have a great day! Always end on a positive note.

We are located at one thousand…

[4]  score=0.62798989510717  source=faqs.md
Yes, AeroSports socks are required at all locations. These jump socks are available for three dollars and ninety-nine cents plus tax. They are reusable, so it's recommended to keep them for future visits.

Our trampolines have a weight limit of three hundred pounds.

Waivers are necessary for every guest visiting the park, including those who do not participate in jumping activities. You can fill out the waiver online before your arrival to reduce check-in time. Children under eighteen years old…

[5]  score=0.6129711000988245  source=birthday_parties.md
AeroSports Scarborough offers three birthday party packages: Premium, VIP, and Ultimate. 

The Premium Party costs thirty-nine dollars and ninety cents per jumper with a minimum of ten jumpers required, at a base price of three hundred ninety-nine dollars. It includes seventy-five minutes on the trampoline courts followed by forty-five minutes in a private party room that fits twenty-five to thirty people. Food included is one large pizza for every five jumpers and one juice box per jumper. The …

[6]  score=0.5745591267680856  source=voice_call_scripts.md
Currently, we have an April Birthday Promotion offering up to one hundred and fifty dollars off birthday parties. Use the code APRILBDAY50 for a discount of fifty dollars on a Premium party, APRILBDAY100 for a hundred-dollar discount on a VIP party, or APRILBDAY150 for a one hundred and fifty-dollar discount on an Ultimate party. To qualify, you need to book by April thirty-first and host the event by September thirtieth.

We offer AeroCamp for children aged four to twelve years old. The full-da…

[7]  score=0.5700477361679239  source=group_bookings.md
Group bookings require a minimum group size of fifteen jumpers. A discount code named GROUPBOOKING25 offers twenty-five percent off for groups consisting of fifteen or more jumpers. A deposit amounting to twenty-five percent is required at the time of booking.

For pricing, sixty minutes of jump time costs four thousand dollars on weekdays from Monday to Thursday and five thousand dollars on weekends from Friday to Sunday. This rate provides exclusive access to the entire facility with a capacit…
────────────────────────────────────────────

[2026-04-25 15:21:58.711] [LLM_CONTEXT] [Turn #2]
────────────────────────────────────────────
4 message(s):

--- msg[0]  role=system ---
<identity>
You are maya, a front desk staff member at AeroSports Scarborough trampoline park, answering inbound phone calls. You are a person, not an AI. If confused, respond like maya would: "Sorry, I didn't quite catch that — what can I help you with?"
</identity>

<core_rules>
These rules are absolute. They override everything else.

1. FACTS COME ONLY FROM THE KNOWLEDGE BASE CONTEXT BELOW. If a price, package, policy, promotion, hour, or detail is not written in the context, you do not know it. Do not guess, estimate, approximate, or fill in from memory. When you don't have something, say: "Hmm, I'm not sure on that one — best thing is to call us at two eight nine, four five four, five five five five and ask for a supervisor."

2. YOU CANNOT LOOK ANYTHING UP. You have no system, no database, no booking records. Never say "let me check" or "let me pull that up" or "I see your booking." If a caller asks about an existing booking, just acknowledge briefly ("Oh okay, sure" or "Got it") and wait — the team will take it from there.

3. ONE FACT AT A TIME. Answer the specific question asked. Don't combine entries, don't dump multiple packages, don't volunteer information they didn't ask for.

4. UNKNOWN TERMS ARE UNKNOWN. If a caller uses a product name, card name, or term that doesn't appear verbatim in the context ("blue card," "gold pass," etc.), say you're not sure what that is. Never map it to something that sounds similar.
</core_rules>

<voice_style>
Every word you write will be spoken aloud by a TTS engine. Write for the ear.

- No markdown, no bullets, no asterisks, no headers, no brackets, no lists.
- Short sentences. Use commas and periods for natural pauses.
- Spell out addresses, emails, and phone numbers: "aerosportsparks dot c a", "events dot scb at aerosportsparks dot c a", "two eight nine, four five four, five five five five."
- Prices: say "nineteen ninety plus tax," not "nineteen dollars and ninety cents." Always add "plus tax" after a price.
</voice_style>

<tone>
Talk like a busy front desk staff member, not a corporate assistant. Warm but efficient.

Use contractions and natural fillers: "yeah," "okay so," "for sure," "no worries," "gotcha," "perfect," "sounds good," "let me see."

Keep replies to one to three sentences unless the caller explicitly asks for a full breakdown.

Never say: "Great question," "I'd be happy to help," "Thank you for your inquiry," "Is there anything else I can assist you with," or any other call-center phrasing. Never open with "How may I assist you today" — just "How can I help you?"

Acknowledge personal details briefly and move on. If someone mentions a birthday: "Oh nice, happy birthday to them!" then answer.
</tone>

<response_pattern>
When a question involves multiple options, packages, or price tiers — give a brief one-sentence overview of what's available, then ask ONE follow-up to narrow down. Do NOT list every option with full pricing unless the caller explicitly asks for the full breakdown.

Birthday packages example:
Caller: "What birthday packages do you have?"
Wrong: [list all three packages with full details and prices]
Right: "Yeah we've got a few — a Premium, VIP, and Ultimate package. Do you have a rough idea of how many kids are coming?"

Jump pass example:
Caller: "How much does it cost?"
Wrong: [list all pass types and prices]
Right: "Depends on how long you're staying — are you thinking just a session, or more of an all-day thing?"

Let the caller ask for more. One piece of info at a time.
</response_pattern>

<handling_specific_situations>
Existing bookings — when a caller mentions a booking, party, or reservation they already have (wants to change, cancel, reschedule, or ask about it):

Do NOT try to help with the booking itself. Do NOT ask for booking details, dates, package types, or confirmation numbers. Do NOT quote rescheduling or cancellation policies.

Instead, collect two things and end the call:

1. First, acknowledge warmly: "Oh okay, no problem — I can have someone from our team call you back to sort that out. Can I grab your name?"

2. After they give their name, ask briefly: "And just so I can let them know — what are you looking to change?" Keep it to one short question.
3. Then confirm and wrap up: "Perfect, thanks [name]. Someone will give you a call back shortly to get that sorted. Have a good one!"

Do not ask for their phone number — we already have it. Do not ask follow-up questions about the booking. Do not offer to look anything up. Three turns max, then the call ends.

New birthday party bookings: briefly mention the tiers available ("We've got a Premium, VIP, and Ultimate package"). Ask one narrowing question: "Do you have a rough idea of how many kids are coming?" or "Do you already know which one you'd like?" Once they pick one, say "Perfect — for bookings you'd want to email events dot scb at aerosportsparks dot c a or I can have our events team reach out."

General pricing questions ("how much does it cost"): ask one short clarifying question first — "Which activity are you asking about?" or "Are you thinking a single visit or something longer-term?" — before answering.

Height or age requirements: frame casually as safety. "Yeah, it's just a safety thing — they need to be at least fifty four inches for the main track."

Frustrated callers: listen, validate ("Yeah no, I totally get that"), then offer what you can from the context. If you can't resolve it: "Honestly, best thing is to email events dot scb at aerosportsparks dot c a or call back and ask for a supervisor — they'll sort it out." Never promise a fix you can't deliver.
</handling_specific_situations>

<location_and_hours>
We're on Birchmount Road in Scarborough. Park hours: Monday to Thursday ten to eight, Friday and Saturday ten to ten, Sunday ten to nine. Only mention hours if the caller asks.
</location_and_hours>

CURRENT TIME: Saturday, April 25, 2026 at 03:21 PM (Eastern Time)

KNOWLEDGE BASE CONTEXT:

[1] (source: chatbot_quick_replies.md)
AeroSports Scarborough offers a variety of activities including wall-to-wall trampolines, a ninja warrior course, a ninja maze, rock climbing walls, dodgeball, slam basketball, a 360 bicycle ride, giant slides, a jump tower, and go karting. Everything except go karting is included in your jump pass.

A ninety-minute Premium Jump Pass costs twenty-four dollars and ninety cents, while a one hundred and twenty-minute VIP Jump Pass costs twenty-nine dollars and ninety cents. The All Day Pass is priced at thirty-nine dollars and ninety cents. AeroSports grip socks are required for participation and cost three dollars and ninety-nine cents but are reusable. All prices mentioned are plus tax. Go karting is available separately starting at nine dollars and ninety cents.

AeroSports Scarborough welcomes guests of all ages as long as they can walk. Children under two years old can enter free with a paying adult. Additionally, there is Toddler Time on Saturday mornings from nine to ten o'clock in the morning exclusively for children five years old and under, which costs fifteen dollars and ninety cents per child, and one parent jumps free.

For birthday parties, AeroSports Scarborough offers three packages starting at thirty-nine dollars and ninety cents per jumper with a minimum of ten kids. All packages include pizza, drinks, access to a private party room, a glow t-shirt for the birthday child, and digital invitations. The Ultimate Package also includes go karting, a free thirty-day pass, and free socks for everyone.

AeroSports Scarborough is located at one thousand one hundred and twenty Birchmount Road in Scarborough, Ontario, M1K 5G4. You can find it on Google Maps by searching AeroSports Scarborough. The phone number to contact them is two eight nine dash four five four dash five five five five.

Safety is a top priority at AeroSports Scarborough. They have trained staff and park rules posted throughout the facility. There is a three hundred pound weight limit on trampolines, and all jumpers need a signed waiver. Children under ten years old must be accompanied by an adult. Spectators are always free to watch, and there is comfortable seating along with complimentary Wi-Fi available for parents.

[2] (source: location_info.md)
AeroSports Scarborough is located at one thousand one hundred and twenty Birchmount Road, Scarborough, Ontario, M1K five zero four four. The contact phone number for AeroSports Scarborough is two eighty-nine dash four fifty-four-five five five five. To reach the park extension, dial three. For email inquiries, send messages to events.scb at aerosportsparks dot ca. Scott and Rachit are the contact managers available for assistance. More information can be found on their website at https://www.aerosportsparks.ca.

The hours of operation for AeroSports Scarborough from Sunday to Thursday are ten o'clock in the morning until eight o'clock in the evening. On Fridays and Saturdays, the facility is open from ten o'clock in the morning until ten o'clock in the evening.

For booking activities at AeroSports Scarborough, visit their booking URL at https://ecom.roller.app/aerosportsscarborough/products/en/home. Birthday parties can be organized by visiting the birthday booking URL at https://ecom.roller.app/aerosportsscarborough/birthdayparties/en/products. To access and complete necessary waivers, go to https://waiver.roller.app/aerosportsscarborough/. The location on Google Maps can be found at https://g.page/AeroSports-scarborough. Birthday invitations are available for download or customization at https://aerosportsinvitation.netlify.app/invitationscarborough.

[3] (source: voice_call_scripts.md)
Thank you for calling AeroSports Scarborough! How can I help you today? Use a warm, upbeat tone.

One moment while I look that up for you. Use this phrase when retrieving information.

Let me connect you with one of our team members who can help you with that. One moment please. This is used when the question is beyond what the AI can handle.

Thanks for calling AeroSports Scarborough! We look forward to seeing you. Have a great day! Always end on a positive note.

We are located at one thousand one hundred and twenty Birchmount Road in Scarborough. The postal code is M1K 5G4. Speak the address clearly and slowly.

Our operating hours are from ten o'clock in the morning until eight o'clock in the evening, Sunday through Thursday, and from ten o'clock in the morning until ten o'clock in the evening on Friday and Saturday. Say times clearly with AM/PM.

The Premium Jump Pass costs twenty-four dollars and ninety cents for ninety minutes, while the VIP Jump Pass is priced at twenty-nine dollars and ninety cents for one hundred and twenty minutes. We also offer an All Day Pass for thirty-nine dollars and ninety cents and an ultimate pass which includes go karting and laser tag for forty-nine dollars and ninety cents for one hundred and eighty minutes. Please note that all prices are plus tax. Aero Socks, required for participation, cost three dollars and ninety-nine cents but they are reusable so you can bring them back next time.

We have three birthday party packages available. The Premium Party starts at thirty-nine dollars and ninety cents per jumper, offering seventy-five minutes of jump time and forty-five minutes in a private party room. The VIP Party is priced at forty-four dollars and ninety cents per jumper with ninety minutes of jump time and sixty minutes of room time. Lastly, the Ultimate Party costs fifty-nine dollars and ninety cents per jumper, providing one hundred and twenty minutes of jump time, sixty minutes of room time, plus go karting for every jumper. All packages include pizza and drinks, with a minimum requirement of ten jumpers. Would you like more details on any package?

Go karting is available on two tracks at our facility. The main track is suitable for riders who are fifty-four inches or taller and costs nineteen dollars and ninety cents for a standalone race or nine dollars and ninety cents as an add-on if you already have a jump pass. The mini track accommodates riders who are thirty-six inches or taller, with a standalone cost of nine dollars and ninety cents or four dollars and ninety cents as an add-on. Each race allows up to ten laps. Remember that closed-toed shoes are required for go karting.

You can book online at our website aerosportsparks.ca, or I can assist you with the booking process right now. Would you like to proceed?

Everyone who enters the park needs a signed waiver, including non-jumpers. You have the option to fill it out online ahead of time on our website to save time at check-in. For anyone under eighteen years old, a parent or legal guardian must sign the waiver. Emphasize completing the waiver online to reduce wait times.

For groups of fifteen or more people, we offer a twenty-five percent discount with the code GROUPBOOKING25, which brings the price down to approximately twenty-five dollars and forty-seven cents per person for one hundred and twenty minutes including socks. Would you like to book a group visit?

Currently, we have an April Birthday Promotion offering up to one hundred and fifty dollars off birthday parties. Use the code APRILBDAY50 for a discount of fifty dollars on a Premium party, APRILBDAY100 for a hundred-dollar discount on a VIP party, or APRILBDAY150 for a one hundred and fifty-dollar discount on an Ultimate party. To qualify, you need to book by April thirty-first and host the event by September thirtieth.

We offer AeroCamp for children aged four to twelve years old. The full-day camp runs from eight-thirty in the morning until four-thirty in the afternoon at a cost of sixty-nine dollars and ninety cents per day or two hundred and ninety-nine dollars and ninety cents for a full week. We also have half-day options available for thirty-nine dollars and ninety cents. Activities include trampolines, games, challenges, crafts, and group activities.

[4] (source: faqs.md)
Yes, AeroSports socks are required at all locations. These jump socks are available for three dollars and ninety-nine cents plus tax. They are reusable, so it's recommended to keep them for future visits.

Our trampolines have a weight limit of three hundred pounds.

Waivers are necessary for every guest visiting the park, including those who do not participate in jumping activities. You can fill out the waiver online before your arrival to reduce check-in time. Children under eighteen years old must have their waivers signed by a parent or legal guardian.

Children under twelve years old cannot be left unattended at the park. While all children under eighteen need a parent or legal guardian to sign the waiver, it's important to ensure they understand the park rules before being dropped off.

Non-jumpers are never charged admission; only those participating in jumping activities pay for general admission.

Yes! We have a fully stocked Snack Shack serving delicious treats available for purchase.

Weekends tend to be busier than weekdays at our park. Weekdays generally offer shorter wait times and less crowded conditions, making it easier to enjoy the attractions without long lines.

The best time to visit is typically in the morning right when we open or later in the afternoon before closing. This timing helps avoid peak crowds that usually occur around midday.

Yes, you can bring your own food into the park. However, please note that outside food and beverages are not allowed inside our attractions for safety reasons. You're welcome to enjoy your snacks in designated areas such as picnic spots or while waiting in line.

Our birthday party packages include a private room with jump time included. The premium package does not include socks, but you can purchase them separately. The VIP package offers socks at fifty percent off, and the ultimate package includes free socks.

Additional jumpers beyond the minimum required for your package can be added at the per-jumper price. Make sure that the total number of jumpers does not exceed the room capacity.

Yes, additional jumping or party room time may be available for purchase based on availability.

The minimum jumper count for your package is still charged even if some guests do not show up. There might also be additional fees for extra arrivals beyond what was initially planned.

While we try to accommodate requests for specific party rooms, we cannot guarantee them as it depends on availability at the time of booking.

Yes, there is an area designated for parents to wait while their children enjoy the party activities. Parents can relax in our viewing area or common spaces within the park.

You are allowed to bring outside decorations as long as they comply with our policies. Please note that confetti, piñatas, and silly string are not permitted, and a cleaning charge of forty dollars will be applied if these items are used.

The check-in process for party guests involves staff assistance. It's important to ensure all waivers are completed beforehand, and wristbands will be provided upon arrival.

Yes, we can accommodate dietary restrictions with advance notice. Please contact us in advance to discuss your specific needs so that we can make the necessary arrangements.

If your party runs late, it must adhere to the scheduled time as planned. Overages may result in additional fees being charged.

The birthday child is included in the jumper count for the minimum required by your package.

Digital invitations are included with every birthday party package. If you prefer physical invitations, they can be provided at a cost of seventy-five cents each.

Yes, themed props or costumes that are safe and suitable for jumping activities are allowed.

If a child gets injured during their time at our park, trained staff will respond on-site immediately. Parents will be notified right away, and emergency protocols will be followed if the injury is serious.

You can arrange to tour the facility before making your booking by contacting us directly. We'll help set up a convenient time for you to visit.

Yes, splitting the party cost is possible. Please let us know in advance so we can accommodate this request.

Our staff assists with both setup and cleanup of birthday parties to ensure everything runs smoothly from start to finish.

Non-jumpers are welcome to enjoy the party room and food but will not have access to jumping attractions. They do not count toward the minimum number required for your package.

Yes, you can book our camp programs for twins or multiple children. Please inform us in advance so we can customize plans accordingly.

If you need to reschedule your booking within one year of the original date, there is no charge.

[5] (source: birthday_parties.md)
AeroSports Scarborough offers three birthday party packages: Premium, VIP, and Ultimate. 

The Premium Party costs thirty-nine dollars and ninety cents per jumper with a minimum of ten jumpers required, at a base price of three hundred ninety-nine dollars. It includes seventy-five minutes on the trampoline courts followed by forty-five minutes in a private party room that fits twenty-five to thirty people. Food included is one large pizza for every five jumpers and one juice box per jumper. The birthday child receives a free glow t-shirt, digital invitations, and a free sixty-minute jump pass. All guest jumpers receive a free sixty-minute add-on pass. Go karting can be added on at nine dollars and ninety cents per person. There is no discount for socks, physical invitations are not included, and outside food requires a fifty-dollar fee. The total party duration is approximately two hours.

The VIP Party costs forty-four dollars and ninety cents per jumper with the same minimum of ten jumpers required, at a base price of four hundred forty-nine dollars. It includes ninety minutes on the trampoline courts followed by sixty minutes in a private party room that fits twenty-five to thirty people. Food included is one large pizza for every five jumpers, plus one juice box and one water bottle per jumper. The birthday child receives a free glow t-shirt, digital invitations, and a free sixty-minute jump pass. All guest jumpers receive a free sixty-minute add-on pass. Socks are fifty percent off at two dollars instead of three dollars and ninety-nine cents. Go karting can be added on for nine dollars and ninety cents per person. Physical invitations are not included, and outside food requires a fifty-dollar fee. The total party duration is approximately two and a half hours.

The Ultimate Party costs fifty-nine dollars and ninety cents per jumper with the same minimum of ten jumpers required, at a base price of five hundred ninety-nine dollars. It includes one hundred twenty minutes on the trampoline courts followed by sixty minutes in a private party room that fits twenty-five to thirty people. Food included is one large pizza for every five jumpers, plus one juice box or pop and one water bottle per jumper. The birthday child receives a free glow t-shirt, digital and physical invitations, and a free thirty-day jump pass. All guest jumpers receive a free sixty-minute add-on pass. Socks are free for all jumpers. Go karting is included with one race per jumper. The fifty-dollar outside food fee is waived. The total party duration is approximately three hours.

Upgrading from Premium to VIP adds fifteen more minutes of jump time, fifteen more minutes of room time, a water bottle in addition to the juice box, and fifty percent off socks at two dollars instead of three dollars and ninety-nine cents. The cost difference is five dollars per jumper or fifty dollars for ten jumpers.

Upgrading from VIP to Ultimate adds thirty more minutes of jump time, includes go karting for every jumper, provides free socks for all jumpers, offers free physical invitations, gives a free thirty-day pass for the birthday child instead of sixty minutes, waives the fifty-dollar outside food fee, and allows drinks to include pop as an option. The cost difference is fifteen dollars per jumper or one hundred fifty dollars for ten jumpers.

The Ultimate Party offers the most value with go karting alone worth nine dollars and ninety cents per jumper, free socks at three dollars and ninety-nine cents per jumper, and a waived fifty-dollar outside food fee. This amounts to roughly one hundred eighty-nine dollars in extras for one hundred fifty dollars more than VIP.

Birthday party add-ons available include large pizzas (cheese, pepperoni, halal pepperoni, vegetarian, or Hawaiian) for twenty-five dollars each, juice boxes at thirty dollars for ten boxes, soft drink cans at twenty dollars for ten cans, physical birthday invitations at seventy-five cents each, and a go kart race add-on at nine dollars and ninety cents per person. The outside food fee is fifty dollars but is waived for the Ultimate Party. A late ordering fee within twenty-four hours is twenty dollars.

Terms and conditions include free rescheduling up to one year from the booking date. Cancellations with fourteen or more days notice receive a store gift card for the refund amount, while cancellations within fourteen days receive no refund. Package changes must be made fourteen or more days in advance and are subject to availability.

[6] (source: voice_call_scripts.md)
Currently, we have an April Birthday Promotion offering up to one hundred and fifty dollars off birthday parties. Use the code APRILBDAY50 for a discount of fifty dollars on a Premium party, APRILBDAY100 for a hundred-dollar discount on a VIP party, or APRILBDAY150 for a one hundred and fifty-dollar discount on an Ultimate party. To qualify, you need to book by April thirty-first and host the event by September thirtieth.

We offer AeroCamp for children aged four to twelve years old. The full-day camp runs from eight-thirty in the morning until four-thirty in the afternoon at a cost of sixty-nine dollars and ninety cents per day or two hundred and ninety-nine dollars and ninety cents for a full week. We also have half-day options available for thirty-nine dollars and ninety cents. Activities include trampolines, games, challenges, crafts, and group activities. Early drop-off is available from seven-thirty in the morning and late pick-up past six o'clock in the evening for an additional ten dollars each.

That is a great question. I do not have that specific information right now, but I can arrange for someone from our team to get back to you. Can I get your name and phone number?

[7] (source: group_bookings.md)
Group bookings require a minimum group size of fifteen jumpers. A discount code named GROUPBOOKING25 offers twenty-five percent off for groups consisting of fifteen or more jumpers. A deposit amounting to twenty-five percent is required at the time of booking.

For pricing, sixty minutes of jump time costs four thousand dollars on weekdays from Monday to Thursday and five thousand dollars on weekends from Friday to Sunday. This rate provides exclusive access to the entire facility with a capacity for up to two hundred and twenty jumpers, private access, and dedicated staff on-site. Included in this package are jump socks, all party rooms, and cutlery, while food and catering incur additional costs. Unlimited go karting is included with the facility rental.

For group bookings lasting one hundred and twenty minutes per jumper, the cost is twenty-five dollars and forty-seven cents after a twenty-five percent discount on thirty-three dollars and eighty-nine cents. This discounted rate includes jump time plus Aero Socks, with add-on options available at extra costs. Go karting can be added separately to the group rate.

Pricing remains consistent for both weekdays and weekends. The included package consists of jump time plus Aero Socks, with additional options available at an extra cost.

Corporate and team parties are available for purposes such as team-building, milestone celebrations, and employee rewards. These events take place in an energetic environment featuring trampoline courts, obstacle courses, and more. Customizable packages can be arranged by calling two-eight-nine-four-five-four-five-five-five-five or emailing events.scb@aerosportsparks.ca.

Schools, church groups, sports teams, and youth organizations are eligible for school and field trips. These trips require a minimum of fifteen people and promote active play and teamwork in a safe environment. Access to trampoline courts, obstacle courses, and more is provided. School bookings can be arranged by calling two-eight-nine-four-five-four-five-five-five-five or emailing events.scb@aerosportsparks.ca.

Organizations can host fundraising events at AeroSports, earning twenty percent of the night's jump time sales. This option suits schools, teams, troops, and community organizations. Fundraiser bookings are available through a call to two-eight-nine-four-five-four-five-five-five-five or an email to events.scb@aerosportsparks.ca, with customizable packages that include promotional support.

Room rentals offer party rooms for one, two, three, or four at one hundred dollars per forty-five minutes, accommodating twenty-five to thirty people. The Birds Eye Party Arena is available for two hundred dollars per forty-five minutes and can accommodate eighty people.


--- msg[1]  role=user ---
I I'd like to book a birthday party at Aero Sports Scarborough.

--- msg[2]  role=assistant ---
That sounds like a fantastic idea! Booking a birthday party at AeroSports Scarborough will surely make it an unforgettable event. Here's how you can get started:  Step 1: Choose Your Package AeroSports offers three main birthday party packages: Premium Party: 39. 90 per jumper, includes 75 minutes on trampoline courts and 45 minutes in a private party room. - VIP Party: 44. 90 per jumper, includes 90 minutes on trampoline courts and 60 minutes in a private party room. - Ultimate Party: 59. 90 per jumper, includes 120 minutes on trampoline courts and 60 minutes in a private party room. Step 2: Consider Add-ons You can enhance your party with various add-ons: Go karting Additional pizzas or drinks Physical invitations (available for the Ultimate Party)  Step 3: Book Your Party 1. Visit the Booking Page: You can book directly through AeroSports Scarborough's website at AeroSports Birthday Parties. 2. Contact Them Directly: If you have specific questions or need assistance, you can call them at 289-454-5555. 3. Promotions: Check if there are any current promotions, like the April Birthday Promotion, which offers discounts on party packages. Step 4: Confirm Details Once booked, confirm: Date and time Number of jumpers (minimum ten required) Any dietary restrictions or special requests  Step 5: Prepare for the Party Ensure all guests have completed their waivers online. - Plan any additional activities or decorations you might want. If you need further assistance or have specific questions, feel free to ask!

--- msg[3]  role=user ---
Okay. That is good. But with the birthday party any of the birthday party packaging for the go kart version?
────────────────────────────────────────────

[2026-04-25 15:22:03.156] [LLM_RAW_RESPONSE] [Turn #2]
────────────────────────────────────────────
For the Ultimate Birthday Party package at AeroSports Scarborough , go karting is included as part of the package. Each jumper receives one race on the go-karts without additional charges. This feature distinguishes the Ultimate package from the Premium and VIP packages, where go karting can be added for an extra cost of nine dollars and ninety cents per person. Here's a quick comparison:

- Premium Party: Includes trampoline time and party room access; go karting is available as an add-on. - VIP Party: Similar to Premium but with additional perks like water bottles and discounted socks; go karting can be added for extra. - Ultimate Party: Includes all the benefits of VIP plus free go karting for each jumper, making it a more comprehensive package. If you're considering the Ultimate Birthday Party, this inclusion makes it an attractive option if your child's birthday group is interested in go-kart racing. 
────────────────────────────────────────────

[2026-04-25 15:22:03.156] [FINAL_RESPONSE_TO_CALLER] [Turn #2]
────────────────────────────────────────────
For the Ultimate Birthday Party package at AeroSports Scarborough , go karting is included as part of the package. Each jumper receives one race on the go-karts without additional charges. This feature distinguishes the Ultimate package from the Premium and VIP packages, where go karting can be added for an extra cost of nine dollars and ninety cents per person. Here's a quick comparison: Premium Party: Includes trampoline time and party room access; go karting is available as an add-on. - VIP Party: Similar to Premium but with additional perks like water bottles and discounted socks; go karting can be added for extra. - Ultimate Party: Includes all the benefits of VIP plus free go karting for each jumper, making it a more comprehensive package. If you're considering the Ultimate Birthday Party, this inclusion makes it an attractive option if your child's birthday group is interested in go-kart racing.
────────────────────────────────────────────

# session ended: 2026-04-25T15:22:54.430
