2026-04-25 11:40:02,289  INFO      chatbot.server  [CA28cb26e29c9fbe3e30c47973e3f79e02] Session log opened → /Users/Rajan/Documents/GitHub/rag_pipeline/logs/CA28cb26e29c9fbe3e30c47973e3f79e02.log
2026-04-25 11:40:02,289  INFO      chatbot.server  [CA28cb26e29c9fbe3e30c47973e3f79e02] ConversationRelay connected from +14374383992
2026-04-25 11:40:10,695  INFO      chatbot.server  [CA28cb26e29c9fbe3e30c47973e3f79e02] User said: Hi. My are you guys open today?
2026-04-25 11:40:12,242  INFO      chatbot.voice_handler  [CA28cb26e29c9fbe3e30c47973e3f79e02] LATENCY rag_api=1544ms  docs=7
2026-04-25 11:40:12,243  INFO      chatbot.voice_handler  [CA28cb26e29c9fbe3e30c47973e3f79e02] LATENCY prepare_voice_stream=1545ms
2026-04-25 11:40:13,241  INFO      chatbot.server  [CA28cb26e29c9fbe3e30c47973e3f79e02] LATENCY silence_to_first_reply=2546ms
2026-04-25 11:40:13,721  INFO      chatbot.server  [CA28cb26e29c9fbe3e30c47973e3f79e02] Assistant (full): We're open today, yes! We're operating on our regular hours. If you'd like to check the exact times or plan your visit, I can give you a quick rundown of our schedule for the day. Would you like me to
2026-04-25 11:40:25,645  INFO      chatbot.server  [CA28cb26e29c9fbe3e30c47973e3f79e02] User said: Yes, sir.
2026-04-25 11:40:26,209  INFO      chatbot.voice_handler  [CA28cb26e29c9fbe3e30c47973e3f79e02] LATENCY rag_api=316ms  docs=7
2026-04-25 11:40:26,209  INFO      chatbot.voice_handler  [CA28cb26e29c9fbe3e30c47973e3f79e02] LATENCY prepare_voice_stream=562ms
2026-04-25 11:40:27,108  INFO      chatbot.server  [CA28cb26e29c9fbe3e30c47973e3f79e02] LATENCY silence_to_first_reply=1463ms
2026-04-25 11:40:27,563  INFO      chatbot.server  [CA28cb26e29c9fbe3e30c47973e3f79e02] Assistant (full): Welcome to AeroSports Scarborough! I'd be happy to help answer any questions you may have about our facilities and activities. What brings you here today? Are you looking for information on our jump p
2026-04-25 11:40:44,647  INFO      chatbot.server  [CA28cb26e29c9fbe3e30c47973e3f79e02] User said: Okay. What are the birthday party packages you guys have?
2026-04-25 11:40:45,490  INFO      chatbot.voice_handler  [CA28cb26e29c9fbe3e30c47973e3f79e02] LATENCY rag_api=543ms  docs=7
2026-04-25 11:40:45,490  INFO      chatbot.voice_handler  [CA28cb26e29c9fbe3e30c47973e3f79e02] LATENCY prepare_voice_stream=842ms
2026-04-25 11:40:46,356  INFO      chatbot.server  [CA28cb26e29c9fbe3e30c47973e3f79e02] LATENCY silence_to_first_reply=1709ms
2026-04-25 11:40:48,423  INFO      chatbot.server  [CA28cb26e29c9fbe3e30c47973e3f79e02] Assistant (full): We've got three awesome birthday party packages for you to choose from! Our first package is the VIP Party, which starts at 39. 90 per jumper (minimum of 10 kids). This package includes:  Pizza and dr
2026-04-25 11:41:42,837  INFO      chatbot.server  [CA28cb26e29c9fbe3e30c47973e3f79e02] User said: You only send me 2 birthday parties.
2026-04-25 11:41:51,433  INFO      chatbot.voice_handler  [CA28cb26e29c9fbe3e30c47973e3f79e02] LATENCY rag_api=8164ms  docs=7
2026-04-25 11:41:51,433  INFO      chatbot.voice_handler  [CA28cb26e29c9fbe3e30c47973e3f79e02] LATENCY prepare_voice_stream=8589ms
2026-04-25 11:41:52,309  INFO      chatbot.server  [CA28cb26e29c9fbe3e30c47973e3f79e02] LATENCY silence_to_first_reply=9472ms
2026-04-25 11:41:57,092  INFO      chatbot.server  [CA28cb26e29c9fbe3e30c47973e3f79e02] Assistant (full): Here are all 6 sources related to birthday parties : [1] (source: birthday_parties.md) Upgrading from the VIP Party to the Ultimate Party adds thirty more minutes of jump time (one hundred and twenty 
2026-04-25 11:42:01,723  INFO      chatbot.server  [CA28cb26e29c9fbe3e30c47973e3f79e02] Finalized abandoned call in DB
2026-04-25 11:42:01,723  INFO      chatbot.server  [CA28cb26e29c9fbe3e30c47973e3f79e02] Session log closed
