2026-04-25 14:59:46,204  INFO      chatbot.server  [CA439a9d50af655d041697236a7bb33b25] Session log opened → /Users/Rajan/Documents/GitHub/rag_pipeline/logs/CA439a9d50af655d041697236a7bb33b25.log
2026-04-25 14:59:46,204  INFO      chatbot.server  [CA439a9d50af655d041697236a7bb33b25] ConversationRelay connected from +14374383992
2026-04-25 14:59:57,971  INFO      chatbot.server  [CA439a9d50af655d041697236a7bb33b25] User said: Hi. How are you doing?
2026-04-25 14:59:58,921  INFO      chatbot.voice_handler  [CA439a9d50af655d041697236a7bb33b25] LATENCY rag_api=945ms  docs=7
2026-04-25 14:59:58,922  WARNING   chatbot.voice_handler  [CA439a9d50af655d041697236a7bb33b25] RAG: all 7 docs below threshold 0.50 — keeping top-1
2026-04-25 14:59:58,922  INFO      chatbot.voice_handler  [CA439a9d50af655d041697236a7bb33b25] LATENCY prepare_voice_stream=948ms
2026-04-25 15:00:01,278  INFO      chatbot.server  [CA439a9d50af655d041697236a7bb33b25] LATENCY silence_to_first_reply=3307ms
2026-04-25 15:00:01,433  INFO      chatbot.server  [CA439a9d50af655d041697236a7bb33b25] Assistant (full): I'm good, thanks! How can I help you today?
2026-04-25 15:00:07,609  INFO      chatbot.server  [CA439a9d50af655d041697236a7bb33b25] User said: I want to book a.
2026-04-25 15:00:08,266  INFO      chatbot.voice_handler  [CA439a9d50af655d041697236a7bb33b25] LATENCY rag_api=298ms  docs=7
2026-04-25 15:00:08,266  INFO      chatbot.voice_handler  [CA439a9d50af655d041697236a7bb33b25] RAG: 4/7 docs passed score threshold 0.50
2026-04-25 15:00:08,267  INFO      chatbot.voice_handler  [CA439a9d50af655d041697236a7bb33b25] LATENCY prepare_voice_stream=654ms
2026-04-25 15:00:09,608  INFO      chatbot.server  [CA439a9d50af655d041697236a7bb33b25] LATENCY silence_to_first_reply=1999ms
2026-04-25 15:00:10,160  INFO      chatbot.server  [CA439a9d50af655d041697236a7bb33b25] Assistant (full): Sure thing! What kind of booking are you looking to make? Are you thinking about a birthday party or something else? Let me know so I can assist you better!
2026-04-25 15:00:21,042  INFO      chatbot.server  [CA439a9d50af655d041697236a7bb33b25] User said: I'd like to book a birthday party.
2026-04-25 15:00:21,940  INFO      chatbot.voice_handler  [CA439a9d50af655d041697236a7bb33b25] LATENCY rag_api=309ms  docs=7
2026-04-25 15:00:21,940  INFO      chatbot.voice_handler  [CA439a9d50af655d041697236a7bb33b25] RAG: 7/7 docs passed score threshold 0.50
2026-04-25 15:00:21,940  INFO      chatbot.voice_handler  [CA439a9d50af655d041697236a7bb33b25] LATENCY prepare_voice_stream=894ms
2026-04-25 15:00:23,295  INFO      chatbot.server  [CA439a9d50af655d041697236a7bb33b25] LATENCY silence_to_first_reply=2252ms
2026-04-25 15:00:26,551  INFO      chatbot.server  [CA439a9d50af655d041697236a7bb33b25] Assistant (full): That sounds fantastic! I’d be happy to help you with that. We have three main packages for birthday parties: Premium, VIP, and Ultimate. 1. Premium Package: Includes jump time in a private room but do
2026-04-25 15:01:17,656  INFO      chatbot.server  [CA439a9d50af655d041697236a7bb33b25] User said: Uh, just give me some pricing comparison between all 3 of the body, please.
2026-04-25 15:01:18,487  INFO      chatbot.voice_handler  [CA439a9d50af655d041697236a7bb33b25] LATENCY rag_api=295ms  docs=7
2026-04-25 15:01:18,487  INFO      chatbot.voice_handler  [CA439a9d50af655d041697236a7bb33b25] RAG: 7/7 docs passed score threshold 0.50
2026-04-25 15:01:18,487  INFO      chatbot.voice_handler  [CA439a9d50af655d041697236a7bb33b25] LATENCY prepare_voice_stream=827ms
2026-04-25 15:01:19,838  INFO      chatbot.server  [CA439a9d50af655d041697236a7bb33b25] LATENCY silence_to_first_reply=2183ms
2026-04-25 15:01:24,156  INFO      chatbot.server  [CA439a9d50af655d041697236a7bb33b25] Assistant (full): Certainly! Here's a breakdown of the three birthday party packages at AeroSports: 1. Premium Party Package Price: 39. 90 per jumper Jump Time: 75 minutes Room Time: 45 minutes Includes: Pizza, drinks,
2026-04-25 15:02:22,953  INFO      chatbot.server  [CA439a9d50af655d041697236a7bb33b25] User said: No. That's okay.
2026-04-25 15:02:23,974  INFO      chatbot.voice_handler  [CA439a9d50af655d041697236a7bb33b25] LATENCY rag_api=466ms  docs=7
2026-04-25 15:02:23,974  INFO      chatbot.voice_handler  [CA439a9d50af655d041697236a7bb33b25] RAG: 7/7 docs passed score threshold 0.50
2026-04-25 15:02:23,975  INFO      chatbot.voice_handler  [CA439a9d50af655d041697236a7bb33b25] LATENCY prepare_voice_stream=1017ms
2026-04-25 15:02:25,464  INFO      chatbot.server  [CA439a9d50af655d041697236a7bb33b25] LATENCY silence_to_first_reply=2510ms
2026-04-25 15:02:26,440  INFO      chatbot.server  [CA439a9d50af655d041697236a7bb33b25] Assistant (full): It sounds like you're considering something but decided against it, and that's perfectly fine! If there's anything else you'd like to know or discuss—whether it's about planning an event, exploring ac
2026-04-25 15:02:57,622  INFO      chatbot.server  [CA439a9d50af655d041697236a7bb33b25] User said: My
2026-04-25 15:02:59,059  INFO      chatbot.voice_handler  [CA439a9d50af655d041697236a7bb33b25] LATENCY rag_api=379ms  docs=7
2026-04-25 15:02:59,059  INFO      chatbot.voice_handler  [CA439a9d50af655d041697236a7bb33b25] RAG: 1/7 docs passed score threshold 0.50
2026-04-25 15:02:59,060  INFO      chatbot.voice_handler  [CA439a9d50af655d041697236a7bb33b25] LATENCY prepare_voice_stream=1433ms
2026-04-25 15:03:00,164  INFO      chatbot.server  [CA439a9d50af655d041697236a7bb33b25] LATENCY silence_to_first_reply=2542ms
2026-04-25 15:03:00,950  INFO      chatbot.server  [CA439a9d50af655d041697236a7bb33b25] Assistant (full): I’m here to help with whatever you need. Could you please provide a bit more detail on what you’re looking for? Whether it’s about booking an event, asking questions about our facilities, or anything 
2026-04-25 15:03:07,816  INFO      chatbot.server  [CA439a9d50af655d041697236a7bb33b25] User interrupted. Spoken so far: asking questions about our facilities, or anything else, just let me know how I can assist!
2026-04-25 15:03:07,817  INFO      chatbot.server  [CA439a9d50af655d041697236a7bb33b25] Assistant (truncated to spoken): asking questions about our facilities, or anything else, just let me know how I can assist!
2026-04-25 15:03:07,818  INFO      chatbot.server  [CA439a9d50af655d041697236a7bb33b25] User said: Bye bye.
2026-04-25 15:03:08,474  INFO      chatbot.voice_handler  [CA439a9d50af655d041697236a7bb33b25] LATENCY rag_api=364ms  docs=7
2026-04-25 15:03:08,474  INFO      chatbot.voice_handler  [CA439a9d50af655d041697236a7bb33b25] RAG: 1/7 docs passed score threshold 0.50
2026-04-25 15:03:08,475  INFO      chatbot.voice_handler  [CA439a9d50af655d041697236a7bb33b25] LATENCY prepare_voice_stream=654ms
2026-04-25 15:03:09,444  INFO      chatbot.server  [CA439a9d50af655d041697236a7bb33b25] LATENCY silence_to_first_reply=1626ms
2026-04-25 15:03:09,864  INFO      chatbot.server  [CA439a9d50af655d041697236a7bb33b25] Assistant (full): Goodbye! If you have any more questions in the future, feel free to reach out. Have a great day and take care!
2026-04-25 15:03:09,866  INFO      chatbot.server  [CA439a9d50af655d041697236a7bb33b25] End-call keyword DEFINITE match
2026-04-25 15:03:09,870  INFO      chatbot.server  [CA439a9d50af655d041697236a7bb33b25] Sent end-session message to Twilio
2026-04-25 15:03:15,310  INFO      chatbot.server  [CA439a9d50af655d041697236a7bb33b25] Session log closed
