2026-04-30 19:45:46,754  INFO      chatbot.routers.voice  [CA5795392df43103c4feb961a4abc0d092] Session log opened → /Users/Rajan/Documents/GitHub/rag_pipeline/logs/CA5795392df43103c4feb961a4abc0d092.log
2026-04-30 19:45:46,754  INFO      chatbot.routers.voice  [CA5795392df43103c4feb961a4abc0d092] ConversationRelay connected from +14374383992
2026-04-30 19:45:53,967  INFO      chatbot.routers.voice  [CA5795392df43103c4feb961a4abc0d092] User said: Emiya.
2026-04-30 19:45:55,453  INFO      chatbot.voice_handler  [CA5795392df43103c4feb961a4abc0d092] LATENCY rag_api=1479ms  docs=7
2026-04-30 19:45:55,454  INFO      chatbot.voice_handler  [CA5795392df43103c4feb961a4abc0d092] LATENCY prepare_voice_stream=1480ms
2026-04-30 19:45:55,460  INFO      chatbot.routers.voice  [CA5795392df43103c4feb961a4abc0d092] User said: Are you guys open today?
2026-04-30 19:45:56,563  INFO      chatbot.voice_handler  [CA5795392df43103c4feb961a4abc0d092] LATENCY rag_api=645ms  docs=7
2026-04-30 19:45:56,564  INFO      chatbot.voice_handler  [CA5795392df43103c4feb961a4abc0d092] LATENCY prepare_voice_stream=1101ms
2026-04-30 19:45:57,219  INFO      chatbot.routers.voice  [CA5795392df43103c4feb961a4abc0d092] LATENCY silence_to_first_reply=1759ms
2026-04-30 19:45:57,550  INFO      chatbot.routers.voice  [CA5795392df43103c4feb961a4abc0d092] Assistant (full): Yeah, we're open today. We close at eight tonight since it's a Thursday. How can I help you further?
2026-04-30 19:46:08,913  INFO      chatbot.routers.voice  [CA5795392df43103c4feb961a4abc0d092] User said: Uh, no. That's what I wanted. So if I come now uh, is it possible for me to jump today?
2026-04-30 19:46:09,976  INFO      chatbot.voice_handler  [CA5795392df43103c4feb961a4abc0d092] LATENCY rag_api=554ms  docs=7
2026-04-30 19:46:09,977  INFO      chatbot.voice_handler  [CA5795392df43103c4feb961a4abc0d092] LATENCY prepare_voice_stream=1055ms
2026-04-30 19:46:10,642  INFO      chatbot.routers.voice  [CA5795392df43103c4feb961a4abc0d092] LATENCY silence_to_first_reply=1729ms
2026-04-30 19:46:11,109  INFO      chatbot.routers.voice  [CA5795392df43103c4feb961a4abc0d092] Assistant (full): Sure thing! You can definitely come and enjoy the trampolines today. Just remember we close at eight tonight. Anything else you need help with?
2026-04-30 19:46:22,439  INFO      chatbot.routers.voice  [CA5795392df43103c4feb961a4abc0d092] User said: No. That's everything for today. Thank you.
2026-04-30 19:46:24,755  INFO      chatbot.voice_handler  [CA5795392df43103c4feb961a4abc0d092] LATENCY rag_api=1349ms  docs=7
2026-04-30 19:46:24,756  INFO      chatbot.voice_handler  [CA5795392df43103c4feb961a4abc0d092] LATENCY prepare_voice_stream=2311ms
2026-04-30 19:46:25,690  INFO      chatbot.routers.voice  [CA5795392df43103c4feb961a4abc0d092] LATENCY silence_to_first_reply=3251ms
2026-04-30 19:46:26,226  INFO      chatbot.routers.voice  [CA5795392df43103c4feb961a4abc0d092] Assistant (full): You're welcome! Have a great time jumping, and see you soon! If you have any more questions later, feel free to reach out. Bye!
2026-04-30 19:46:26,228  INFO      chatbot.routers.voice  [CA5795392df43103c4feb961a4abc0d092] End-call keyword DEFINITE
2026-04-30 19:46:33,890  INFO      chatbot.routers.voice  [CA5795392df43103c4feb961a4abc0d092] Session log closed
