2026-04-24 22:12:13,320  INFO      chatbot.server  [CA79b696d28e21c00d1ae93ca8b393ee4e] Session log opened → /Users/Rajan/Documents/GitHub/rag_pipeline/logs/CA79b696d28e21c00d1ae93ca8b393ee4e.log
2026-04-24 22:12:13,320  INFO      chatbot.server  [CA79b696d28e21c00d1ae93ca8b393ee4e] ConversationRelay connected from +14373612990
2026-04-24 22:12:21,378  INFO      chatbot.server  [CA79b696d28e21c00d1ae93ca8b393ee4e] User said: Uh, what are your prices for go karts?
2026-04-24 22:12:21,936  INFO      chatbot.voice_handler  [CA79b696d28e21c00d1ae93ca8b393ee4e] LATENCY rag_api=550ms  docs=7
2026-04-24 22:12:21,937  INFO      chatbot.voice_handler  [CA79b696d28e21c00d1ae93ca8b393ee4e] LATENCY prepare_voice_stream=552ms
2026-04-24 22:12:22,596  INFO      chatbot.server  [CA79b696d28e21c00d1ae93ca8b393ee4e] LATENCY silence_to_first_reply=1217ms
2026-04-24 22:12:23,210  INFO      chatbot.server  [CA79b696d28e21c00d1ae93ca8b393ee4e] Assistant (full): Sure thing! Which activity are you asking about — the main track or mini track race? Or maybe something else like an add-on race? Let me know so I can give you the right info.
2026-04-24 22:12:37,103  INFO      chatbot.server  [CA79b696d28e21c00d1ae93ca8b393ee4e] User said: Uh, I don't know what min track and min track is.
2026-04-24 22:12:38,348  INFO      chatbot.voice_handler  [CA79b696d28e21c00d1ae93ca8b393ee4e] LATENCY rag_api=465ms  docs=7
2026-04-24 22:12:38,348  INFO      chatbot.voice_handler  [CA79b696d28e21c00d1ae93ca8b393ee4e] LATENCY prepare_voice_stream=1240ms
2026-04-24 22:12:38,998  INFO      chatbot.server  [CA79b696d28e21c00d1ae93ca8b393ee4e] LATENCY silence_to_first_reply=1895ms
2026-04-24 22:12:41,030  INFO      chatbot.server  [CA79b696d28e21c00d1ae93ca8b393ee4e] Assistant (full): No worries! We have two go-kart tracks here at AeroSports Scarborough. The main track is for taller riders who are fifty-two inches or more in height. It costs nineteen dollars and ninety cents per st
2026-04-24 22:13:08,455  INFO      chatbot.server  [CA79b696d28e21c00d1ae93ca8b393ee4e] User interrupted. Spoken so far: Both tracks let you enjoy up to ten laps per race. Hope that helps!
2026-04-24 22:13:08,456  INFO      chatbot.server  [CA79b696d28e21c00d1ae93ca8b393ee4e] Assistant (truncated to spoken): Both tracks let you enjoy up to ten laps per race. Hope that helps!
2026-04-24 22:13:10,256  INFO      chatbot.server  [CA79b696d28e21c00d1ae93ca8b393ee4e] User said: Okay. What's the price of a gift pass?
2026-04-24 22:13:11,349  INFO      chatbot.voice_handler  [CA79b696d28e21c00d1ae93ca8b393ee4e] LATENCY rag_api=500ms  docs=7
2026-04-24 22:13:11,350  INFO      chatbot.voice_handler  [CA79b696d28e21c00d1ae93ca8b393ee4e] LATENCY prepare_voice_stream=1089ms
2026-04-24 22:13:11,931  INFO      chatbot.server  [CA79b696d28e21c00d1ae93ca8b393ee4e] LATENCY silence_to_first_reply=1675ms
2026-04-24 22:13:12,630  INFO      chatbot.server  [CA79b696d28e21c00d1ae93ca8b393ee4e] Assistant (full): Hmm, I'm not sure on that one — best thing is to call us at two eight nine, four five four, five five five five and ask for a supervisor. They'll have all the details you need!
2026-04-24 22:13:16,470  INFO      chatbot.server  [CA79b696d28e21c00d1ae93ca8b393ee4e] User interrupted. Spoken so far: I'm not sure on that one — best thing is to call us at two eight nine, four five four,
2026-04-24 22:13:16,470  INFO      chatbot.server  [CA79b696d28e21c00d1ae93ca8b393ee4e] Assistant (truncated to spoken): I'm not sure on that one — best thing is to call us at two eight nine, four five four,
2026-04-24 22:13:18,201  INFO      chatbot.server  [CA79b696d28e21c00d1ae93ca8b393ee4e] User said: What's the price of a Gillette Pass?
2026-04-24 22:13:19,659  INFO      chatbot.voice_handler  [CA79b696d28e21c00d1ae93ca8b393ee4e] LATENCY rag_api=450ms  docs=7
2026-04-24 22:13:19,659  INFO      chatbot.voice_handler  [CA79b696d28e21c00d1ae93ca8b393ee4e] LATENCY prepare_voice_stream=1454ms
2026-04-24 22:13:20,244  INFO      chatbot.server  [CA79b696d28e21c00d1ae93ca8b393ee4e] LATENCY silence_to_first_reply=2042ms
2026-04-24 22:13:20,946  INFO      chatbot.server  [CA79b696d28e21c00d1ae93ca8b393ee4e] Assistant (full): Hmm, I'm not sure what that is. Best thing is to call us at two eight nine, four five four, five five five five and ask for a supervisor. They'll sort it out for you!
2026-04-24 22:13:33,458  INFO      chatbot.server  [CA79b696d28e21c00d1ae93ca8b393ee4e] User said: What is the price for the jump pass?
2026-04-24 22:13:34,995  INFO      chatbot.voice_handler  [CA79b696d28e21c00d1ae93ca8b393ee4e] LATENCY rag_api=520ms  docs=7
2026-04-24 22:13:34,995  INFO      chatbot.voice_handler  [CA79b696d28e21c00d1ae93ca8b393ee4e] LATENCY prepare_voice_stream=1532ms
2026-04-24 22:13:35,865  INFO      chatbot.server  [CA79b696d28e21c00d1ae93ca8b393ee4e] LATENCY silence_to_first_reply=2407ms
2026-04-24 22:13:36,370  INFO      chatbot.server  [CA79b696d28e21c00d1ae93ca8b393ee4e] Assistant (full): Which activity are you asking about — the main track or mini track race? Or maybe something else like an add-on race? Let me know so I can give you the right info.
2026-04-24 22:13:52,724  INFO      chatbot.server  [CA79b696d28e21c00d1ae93ca8b393ee4e] User said: I don't know. Like, I just want the price of a jump pass.
2026-04-24 22:13:54,436  INFO      chatbot.voice_handler  [CA79b696d28e21c00d1ae93ca8b393ee4e] LATENCY rag_api=744ms  docs=7
2026-04-24 22:13:54,437  INFO      chatbot.voice_handler  [CA79b696d28e21c00d1ae93ca8b393ee4e] LATENCY prepare_voice_stream=1709ms
2026-04-24 22:13:55,126  INFO      chatbot.server  [CA79b696d28e21c00d1ae93ca8b393ee4e] LATENCY silence_to_first_reply=2403ms
2026-04-24 22:13:56,288  INFO      chatbot.server  [CA79b696d28e21c00d1ae93ca8b393ee4e] Assistant (full): Gotcha! Our Premium Jump Pass is twenty-four dollars and ninety cents for ninety minutes. The VIP Jump Pass costs twenty-nine dollars and ninety cents for one hundred and twenty minutes. We also have 
2026-04-24 22:14:06,898  INFO      chatbot.server  [CA79b696d28e21c00d1ae93ca8b393ee4e] Finalized abandoned call in DB
2026-04-24 22:14:06,898  INFO      chatbot.server  [CA79b696d28e21c00d1ae93ca8b393ee4e] Session log closed
