2026-04-25 16:06:15,470  INFO      chatbot.server  [CA813d5584240b1f3ec052403c7d297b71] Session log opened → /Users/Rajan/Documents/GitHub/rag_pipeline/logs/CA813d5584240b1f3ec052403c7d297b71.log
2026-04-25 16:06:15,471  INFO      chatbot.server  [CA813d5584240b1f3ec052403c7d297b71] ConversationRelay connected from +16477004511
2026-04-25 16:06:17,447  INFO      chatbot.server  [CA813d5584240b1f3ec052403c7d297b71] User interrupted. Spoken so far: Thank you for calling AeroSports Scarborough, this is Maya. How can I help you?
2026-04-25 16:06:17,447  INFO      chatbot.server  [CA813d5584240b1f3ec052403c7d297b71] Assistant (truncated to spoken): Thank you for calling AeroSports Scarborough, this is Maya. How can I help you?
2026-04-25 16:06:19,270  INFO      chatbot.server  [CA813d5584240b1f3ec052403c7d297b71] User said: I'm checking their
2026-04-25 16:06:19,824  INFO      chatbot.voice_handler  [CA813d5584240b1f3ec052403c7d297b71] LATENCY rag_api=550ms  docs=0
2026-04-25 16:06:19,824  INFO      chatbot.voice_handler  [CA813d5584240b1f3ec052403c7d297b71] LATENCY prepare_voice_stream=551ms
2026-04-25 16:06:20,320  INFO      chatbot.server  [CA813d5584240b1f3ec052403c7d297b71] LATENCY silence_to_first_reply=1049ms
2026-04-25 16:06:20,851  INFO      chatbot.server  [CA813d5584240b1f3ec052403c7d297b71] Assistant (full): How can I help you? If it's about a booking, just let me know and I'll have someone from our team call you back to sort that out. Can I grab your name first?
2026-04-25 16:06:23,011  INFO      chatbot.server  [CA813d5584240b1f3ec052403c7d297b71] User interrupted. Spoken so far: just let me know and I'll have someone from our team call you back to sort that out.
2026-04-25 16:06:23,011  INFO      chatbot.server  [CA813d5584240b1f3ec052403c7d297b71] Assistant (truncated to spoken): just let me know and I'll have someone from our team call you back to sort that out.
2026-04-25 16:06:23,011  INFO      chatbot.server  [CA813d5584240b1f3ec052403c7d297b71] User said: Hello?
2026-04-25 16:06:23,013  INFO      chatbot.voice_handler  [CA813d5584240b1f3ec052403c7d297b71] Skipping RAG — conversational message: Hello?
2026-04-25 16:06:23,013  INFO      chatbot.voice_handler  [CA813d5584240b1f3ec052403c7d297b71] LATENCY prepare_voice_stream=1ms
2026-04-25 16:06:23,220  INFO      chatbot.server  [CA813d5584240b1f3ec052403c7d297b71] LATENCY silence_to_first_reply=209ms
2026-04-25 16:06:23,221  INFO      chatbot.server  [CA813d5584240b1f3ec052403c7d297b71] Assistant (full): How can I help you today?
2026-04-25 16:06:32,715  INFO      chatbot.server  [CA813d5584240b1f3ec052403c7d297b71] User said: So I wanted to know, like, how much is the fee and does it include everything?
2026-04-25 16:06:33,627  INFO      chatbot.voice_handler  [CA813d5584240b1f3ec052403c7d297b71] LATENCY rag_api=372ms  docs=0
2026-04-25 16:06:33,627  INFO      chatbot.voice_handler  [CA813d5584240b1f3ec052403c7d297b71] LATENCY prepare_voice_stream=909ms
2026-04-25 16:06:34,237  INFO      chatbot.server  [CA813d5584240b1f3ec052403c7d297b71] LATENCY silence_to_first_reply=1522ms
2026-04-25 16:06:34,486  INFO      chatbot.server  [CA813d5584240b1f3ec052403c7d297b71] Assistant (full): Which activity are you asking about? Are you thinking a single visit or something longer-term?
2026-04-25 16:06:40,673  INFO      chatbot.server  [CA813d5584240b1f3ec052403c7d297b71] User said: Single visit.
2026-04-25 16:06:41,586  INFO      chatbot.voice_handler  [CA813d5584240b1f3ec052403c7d297b71] LATENCY rag_api=286ms  docs=0
2026-04-25 16:06:41,586  INFO      chatbot.voice_handler  [CA813d5584240b1f3ec052403c7d297b71] LATENCY prepare_voice_stream=910ms
2026-04-25 16:06:42,162  INFO      chatbot.server  [CA813d5584240b1f3ec052403c7d297b71] LATENCY silence_to_first_reply=1489ms
2026-04-25 16:06:42,445  INFO      chatbot.server  [CA813d5584240b1f3ec052403c7d297b71] Assistant (full): For a single visit, we have different packages depending on what you're looking for. Want more details on that?
2026-04-25 16:06:49,717  INFO      chatbot.server  [CA813d5584240b1f3ec052403c7d297b71] User said: Yes.
2026-04-25 16:06:49,720  INFO      chatbot.voice_handler  [CA813d5584240b1f3ec052403c7d297b71] Skipping RAG — conversational message: Yes.
2026-04-25 16:06:49,720  INFO      chatbot.voice_handler  [CA813d5584240b1f3ec052403c7d297b71] LATENCY prepare_voice_stream=1ms
2026-04-25 16:06:49,942  INFO      chatbot.server  [CA813d5584240b1f3ec052403c7d297b71] LATENCY silence_to_first_reply=225ms
2026-04-25 16:06:50,213  INFO      chatbot.server  [CA813d5584240b1f3ec052403c7d297b71] Assistant (full): We've got options like Premium, VIP, and Ultimate. Roughly how many kids are coming?
2026-04-25 16:06:56,902  INFO      chatbot.server  [CA813d5584240b1f3ec052403c7d297b71] User said: 2.
2026-04-25 16:06:57,589  INFO      chatbot.voice_handler  [CA813d5584240b1f3ec052403c7d297b71] LATENCY rag_api=280ms  docs=0
2026-04-25 16:06:57,589  INFO      chatbot.voice_handler  [CA813d5584240b1f3ec052403c7d297b71] LATENCY prepare_voice_stream=685ms
2026-04-25 16:06:58,164  INFO      chatbot.server  [CA813d5584240b1f3ec052403c7d297b71] LATENCY silence_to_first_reply=1263ms
2026-04-25 16:06:58,598  INFO      chatbot.server  [CA813d5584240b1f3ec052403c7d297b71] Assistant (full): For two kids, the Premium package is a great choice. It's nineteen ninety plus tax for each kid. Want more on that?
2026-04-25 16:07:14,004  INFO      chatbot.server  [CA813d5584240b1f3ec052403c7d297b71] User said: And what is included in the premium? Like, go karting, jumps, everything is included? Or what is included in the premium?
2026-04-25 16:07:14,367  INFO      chatbot.voice_handler  [CA813d5584240b1f3ec052403c7d297b71] LATENCY rag_api=359ms  docs=0
2026-04-25 16:07:14,367  INFO      chatbot.voice_handler  [CA813d5584240b1f3ec052403c7d297b71] LATENCY prepare_voice_stream=360ms
2026-04-25 16:07:14,731  INFO      chatbot.server  [CA813d5584240b1f3ec052403c7d297b71] LATENCY silence_to_first_reply=727ms
2026-04-25 16:07:15,175  INFO      chatbot.server  [CA813d5584240b1f3ec052403c7d297b71] Assistant (full): The Premium package includes access to all trampolines and some special activities like mini-golf. It doesn't include go-karting or other extra attractions. Want more on that?
2026-04-25 16:07:28,119  INFO      chatbot.server  [CA813d5584240b1f3ec052403c7d297b71] User said: Oh, my.
2026-04-25 16:07:43,478  INFO      chatbot.voice_handler  [CA813d5584240b1f3ec052403c7d297b71] LATENCY rag_api=15005ms  docs=0
2026-04-25 16:07:43,479  INFO      chatbot.voice_handler  [CA813d5584240b1f3ec052403c7d297b71] LATENCY prepare_voice_stream=15357ms
2026-04-25 16:07:43,479  INFO      chatbot.server  [CA813d5584240b1f3ec052403c7d297b71] User said: So it's only jump. Right?
2026-04-25 16:07:58,909  INFO      chatbot.voice_handler  [CA813d5584240b1f3ec052403c7d297b71] LATENCY rag_api=15004ms  docs=0
2026-04-25 16:07:58,910  INFO      chatbot.voice_handler  [CA813d5584240b1f3ec052403c7d297b71] LATENCY prepare_voice_stream=15430ms
2026-04-25 16:07:58,911  INFO      chatbot.server  [CA813d5584240b1f3ec052403c7d297b71] User said: Hello?
2026-04-25 16:07:58,912  INFO      chatbot.voice_handler  [CA813d5584240b1f3ec052403c7d297b71] Skipping RAG — conversational message: Hello?
2026-04-25 16:07:58,913  INFO      chatbot.voice_handler  [CA813d5584240b1f3ec052403c7d297b71] LATENCY prepare_voice_stream=1ms
2026-04-25 16:07:58,913  INFO      chatbot.server  [CA813d5584240b1f3ec052403c7d297b71] User said: Hello?
2026-04-25 16:07:58,914  INFO      chatbot.voice_handler  [CA813d5584240b1f3ec052403c7d297b71] Skipping RAG — conversational message: Hello?
2026-04-25 16:07:58,914  INFO      chatbot.voice_handler  [CA813d5584240b1f3ec052403c7d297b71] LATENCY prepare_voice_stream=0ms
2026-04-25 16:07:58,915  INFO      chatbot.server  [CA813d5584240b1f3ec052403c7d297b71] User said: Hello?
2026-04-25 16:07:58,915  INFO      chatbot.voice_handler  [CA813d5584240b1f3ec052403c7d297b71] Skipping RAG — conversational message: Hello?
2026-04-25 16:07:58,916  INFO      chatbot.voice_handler  [CA813d5584240b1f3ec052403c7d297b71] LATENCY prepare_voice_stream=0ms
2026-04-25 16:07:58,924  INFO      chatbot.server  [CA813d5584240b1f3ec052403c7d297b71] Finalized abandoned call in DB
2026-04-25 16:07:58,924  INFO      chatbot.server  [CA813d5584240b1f3ec052403c7d297b71] Session log closed
