2026-04-25 15:36:09,189  INFO      chatbot.server  [CA94bbfc0b16b0c16774f28e448b4a3976] Session log opened → /Users/Rajan/Documents/GitHub/rag_pipeline/logs/CA94bbfc0b16b0c16774f28e448b4a3976.log
2026-04-25 15:36:09,189  INFO      chatbot.server  [CA94bbfc0b16b0c16774f28e448b4a3976] ConversationRelay connected from +14374383992
2026-04-25 15:36:16,332  INFO      chatbot.server  [CA94bbfc0b16b0c16774f28e448b4a3976] User said: Hey, Maya. How are you today?
2026-04-25 15:36:16,630  INFO      chatbot.voice_handler  [CA94bbfc0b16b0c16774f28e448b4a3976] LATENCY rag_api=295ms  docs=0
2026-04-25 15:36:16,631  INFO      chatbot.voice_handler  [CA94bbfc0b16b0c16774f28e448b4a3976] LATENCY prepare_voice_stream=296ms
2026-04-25 15:36:17,361  INFO      chatbot.server  [CA94bbfc0b16b0c16774f28e448b4a3976] LATENCY silence_to_first_reply=1029ms
2026-04-25 15:36:17,478  INFO      chatbot.server  [CA94bbfc0b16b0c16774f28e448b4a3976] Assistant (full): I'm good, thanks! How can I help you?
2026-04-25 15:36:23,120  INFO      chatbot.server  [CA94bbfc0b16b0c16774f28e448b4a3976] User said: I want to book a birthday party at your place.
2026-04-25 15:36:23,851  INFO      chatbot.voice_handler  [CA94bbfc0b16b0c16774f28e448b4a3976] LATENCY rag_api=343ms  docs=0
2026-04-25 15:36:23,851  INFO      chatbot.voice_handler  [CA94bbfc0b16b0c16774f28e448b4a3976] LATENCY prepare_voice_stream=727ms
2026-04-25 15:36:24,401  INFO      chatbot.server  [CA94bbfc0b16b0c16774f28e448b4a3976] LATENCY silence_to_first_reply=1281ms
2026-04-25 15:36:24,763  INFO      chatbot.server  [CA94bbfc0b16b0c16774f28e448b4a3976] Assistant (full): We've got Premium, VIP, and Ultimate packages for birthday parties. Do you have a rough idea of how many kids are coming?
2026-04-25 15:36:35,428  INFO      chatbot.server  [CA94bbfc0b16b0c16774f28e448b4a3976] User said: I will be having around 20 kids.
2026-04-25 15:36:36,381  INFO      chatbot.voice_handler  [CA94bbfc0b16b0c16774f28e448b4a3976] LATENCY rag_api=368ms  docs=0
2026-04-25 15:36:36,382  INFO      chatbot.voice_handler  [CA94bbfc0b16b0c16774f28e448b4a3976] LATENCY prepare_voice_stream=950ms
2026-04-25 15:36:37,019  INFO      chatbot.server  [CA94bbfc0b16b0c16774f28e448b4a3976] LATENCY silence_to_first_reply=1591ms
2026-04-25 15:36:37,812  INFO      chatbot.server  [CA94bbfc0b16b0c16774f28e448b4a3976] Assistant (full): Perfect! For that number, the Ultimate package might suit your needs best. You'd want to email events.scb@aerosportsparks.ca or I can have our events team reach out to you for more details. Which woul
2026-04-25 15:36:52,892  INFO      chatbot.server  [CA94bbfc0b16b0c16774f28e448b4a3976] User said: I want your email events team to reach out to me.
2026-04-25 15:36:53,549  INFO      chatbot.voice_handler  [CA94bbfc0b16b0c16774f28e448b4a3976] LATENCY rag_api=299ms  docs=0
2026-04-25 15:36:53,550  INFO      chatbot.voice_handler  [CA94bbfc0b16b0c16774f28e448b4a3976] LATENCY prepare_voice_stream=653ms
2026-04-25 15:36:54,125  INFO      chatbot.server  [CA94bbfc0b16b0c16774f28e448b4a3976] LATENCY silence_to_first_reply=1234ms
2026-04-25 15:36:54,638  INFO      chatbot.server  [CA94bbfc0b16b0c16774f28e448b4a3976] Assistant (full): Got it! Could I grab your name, please? And just so they know — are there any specific details or preferences you'd like them to consider when reaching out?
2026-04-25 15:37:04,265  INFO      chatbot.server  [CA94bbfc0b16b0c16774f28e448b4a3976] User said: My name is Gilol.
2026-04-25 15:37:04,843  INFO      chatbot.voice_handler  [CA94bbfc0b16b0c16774f28e448b4a3976] LATENCY rag_api=294ms  docs=0
2026-04-25 15:37:04,843  INFO      chatbot.voice_handler  [CA94bbfc0b16b0c16774f28e448b4a3976] LATENCY prepare_voice_stream=574ms
2026-04-25 15:37:05,406  INFO      chatbot.server  [CA94bbfc0b16b0c16774f28e448b4a3976] LATENCY silence_to_first_reply=1141ms
2026-04-25 15:37:05,865  INFO      chatbot.server  [CA94bbfc0b16b0c16774f28e448b4a3976] Assistant (full): Thanks, Gilol! Someone from our events team will give you a call back shortly to get everything sorted for your party. Have a great day!
2026-04-25 15:37:17,643  INFO      chatbot.server  [CA94bbfc0b16b0c16774f28e448b4a3976] User said: No. Wait. My name is g a y l o r d, Gaylord.
2026-04-25 15:37:18,453  INFO      chatbot.voice_handler  [CA94bbfc0b16b0c16774f28e448b4a3976] LATENCY rag_api=265ms  docs=0
2026-04-25 15:37:18,453  INFO      chatbot.voice_handler  [CA94bbfc0b16b0c16774f28e448b4a3976] LATENCY prepare_voice_stream=805ms
2026-04-25 15:37:19,040  INFO      chatbot.server  [CA94bbfc0b16b0c16774f28e448b4a3976] LATENCY silence_to_first_reply=1397ms
2026-04-25 15:37:19,413  INFO      chatbot.server  [CA94bbfc0b16b0c16774f28e448b4a3976] Assistant (full): Gotcha, Gaylord! Perfect, thanks — someone from our events team will reach out soon. Have a good one!
2026-04-25 15:37:27,093  INFO      chatbot.server  [CA94bbfc0b16b0c16774f28e448b4a3976] User said: Night.
2026-04-25 15:37:27,631  INFO      chatbot.voice_handler  [CA94bbfc0b16b0c16774f28e448b4a3976] LATENCY rag_api=278ms  docs=0
2026-04-25 15:37:27,631  INFO      chatbot.voice_handler  [CA94bbfc0b16b0c16774f28e448b4a3976] LATENCY prepare_voice_stream=534ms
2026-04-25 15:37:28,208  INFO      chatbot.server  [CA94bbfc0b16b0c16774f28e448b4a3976] LATENCY silence_to_first_reply=1115ms
2026-04-25 15:37:28,667  INFO      chatbot.server  [CA94bbfc0b16b0c16774f28e448b4a3976] Assistant (full): Night, Gaylord! If you have any more questions later, feel free to call us at 289-454-5555. Take care!
2026-04-25 15:37:40,203  INFO      chatbot.server  [CA94bbfc0b16b0c16774f28e448b4a3976] User said: Hi.
2026-04-25 15:37:40,207  INFO      chatbot.voice_handler  [CA94bbfc0b16b0c16774f28e448b4a3976] Skipping RAG — conversational message: Hi.
2026-04-25 15:37:40,207  INFO      chatbot.voice_handler  [CA94bbfc0b16b0c16774f28e448b4a3976] LATENCY prepare_voice_stream=1ms
2026-04-25 15:37:40,337  INFO      chatbot.server  [CA94bbfc0b16b0c16774f28e448b4a3976] LATENCY silence_to_first_reply=134ms
2026-04-25 15:37:40,460  INFO      chatbot.server  [CA94bbfc0b16b0c16774f28e448b4a3976] Assistant (full): Hello! How can I help you today?
2026-04-25 15:37:44,098  INFO      chatbot.server  [CA94bbfc0b16b0c16774f28e448b4a3976] User said: Bye bye.
2026-04-25 15:37:44,675  INFO      chatbot.voice_handler  [CA94bbfc0b16b0c16774f28e448b4a3976] LATENCY rag_api=286ms  docs=0
2026-04-25 15:37:44,675  INFO      chatbot.voice_handler  [CA94bbfc0b16b0c16774f28e448b4a3976] LATENCY prepare_voice_stream=573ms
2026-04-25 15:37:45,300  INFO      chatbot.server  [CA94bbfc0b16b0c16774f28e448b4a3976] LATENCY silence_to_first_reply=1202ms
2026-04-25 15:37:45,700  INFO      chatbot.server  [CA94bbfc0b16b0c16774f28e448b4a3976] Assistant (full): Goodbye! If you need anything else, just give us a call at 289-454-5555. Have a great day!
2026-04-25 15:37:45,704  INFO      chatbot.server  [CA94bbfc0b16b0c16774f28e448b4a3976] End-call keyword DEFINITE match
2026-04-25 15:37:45,707  INFO      chatbot.server  [CA94bbfc0b16b0c16774f28e448b4a3976] Sent end-session message to Twilio
2026-04-25 15:37:53,378  INFO      chatbot.server  [CA94bbfc0b16b0c16774f28e448b4a3976] Session log closed
