2026-04-25 15:37:59,268  INFO      chatbot.server  [CAa162ba6c1155c7f7be1c8ed6aa08b1af] Session log opened → /Users/Rajan/Documents/GitHub/rag_pipeline/logs/CAa162ba6c1155c7f7be1c8ed6aa08b1af.log
2026-04-25 15:37:59,268  INFO      chatbot.server  [CAa162ba6c1155c7f7be1c8ed6aa08b1af] ConversationRelay connected from +14374383992
2026-04-25 15:38:07,746  INFO      chatbot.server  [CAa162ba6c1155c7f7be1c8ed6aa08b1af] User said: Hey. I would like to jump for 90 minutes.
2026-04-25 15:38:08,033  INFO      chatbot.voice_handler  [CAa162ba6c1155c7f7be1c8ed6aa08b1af] LATENCY rag_api=282ms  docs=0
2026-04-25 15:38:08,033  INFO      chatbot.voice_handler  [CAa162ba6c1155c7f7be1c8ed6aa08b1af] LATENCY prepare_voice_stream=284ms
2026-04-25 15:38:08,179  INFO      chatbot.server  [CAa162ba6c1155c7f7be1c8ed6aa08b1af] LATENCY silence_to_first_reply=432ms
2026-04-25 15:38:08,505  INFO      chatbot.server  [CAa162ba6c1155c7f7be1c8ed6aa08b1af] Assistant (full): Sure, you can book a single session pass for that! Want more on how much it costs?
2026-04-25 15:38:14,316  INFO      chatbot.server  [CAa162ba6c1155c7f7be1c8ed6aa08b1af] User said: Yes, sir.
2026-04-25 15:38:14,946  INFO      chatbot.voice_handler  [CAa162ba6c1155c7f7be1c8ed6aa08b1af] LATENCY rag_api=353ms  docs=0
2026-04-25 15:38:14,946  INFO      chatbot.voice_handler  [CAa162ba6c1155c7f7be1c8ed6aa08b1af] LATENCY prepare_voice_stream=626ms
2026-04-25 15:38:15,590  INFO      chatbot.server  [CAa162ba6c1155c7f7be1c8ed6aa08b1af] LATENCY silence_to_first_reply=1274ms
2026-04-25 15:38:15,663  INFO      chatbot.server  [CAa162ba6c1155c7f7be1c8ed6aa08b1af] Assistant (full): A single session is nineteen ninety plus tax. Need anything else?
2026-04-25 15:38:23,312  INFO      chatbot.server  [CAa162ba6c1155c7f7be1c8ed6aa08b1af] User said: What's the name of the bus?
2026-04-25 15:38:23,975  INFO      chatbot.voice_handler  [CAa162ba6c1155c7f7be1c8ed6aa08b1af] LATENCY rag_api=356ms  docs=0
2026-04-25 15:38:23,975  INFO      chatbot.voice_handler  [CAa162ba6c1155c7f7be1c8ed6aa08b1af] LATENCY prepare_voice_stream=661ms
2026-04-25 15:38:24,541  INFO      chatbot.server  [CAa162ba6c1155c7f7be1c8ed6aa08b1af] LATENCY silence_to_first_reply=1229ms
2026-04-25 15:38:25,169  INFO      chatbot.server  [CAa162ba6c1155c7f7be1c8ed6aa08b1af] Assistant (full): Hmm, I'm not sure on that one — best thing is to call us at two eight nine, four five four, five five five five and ask for a supervisor. Anything else you need help with?
2026-04-25 15:38:43,280  INFO      chatbot.server  [CAa162ba6c1155c7f7be1c8ed6aa08b1af] User said: No. I would like to jump her 90 minutes. What are the pricing or what the package is available?
2026-04-25 15:38:43,991  INFO      chatbot.voice_handler  [CAa162ba6c1155c7f7be1c8ed6aa08b1af] LATENCY rag_api=293ms  docs=5
2026-04-25 15:38:43,992  INFO      chatbot.voice_handler  [CAa162ba6c1155c7f7be1c8ed6aa08b1af] RAG: 5/5 docs passed score threshold 0.50
2026-04-25 15:38:43,992  INFO      chatbot.voice_handler  [CAa162ba6c1155c7f7be1c8ed6aa08b1af] LATENCY prepare_voice_stream=709ms
2026-04-25 15:38:45,447  INFO      chatbot.server  [CAa162ba6c1155c7f7be1c8ed6aa08b1af] LATENCY silence_to_first_reply=2168ms
2026-04-25 15:38:46,863  INFO      chatbot.server  [CAa162ba6c1155c7f7be1c8ed6aa08b1af] Assistant (full): For ninety minutes of jump time per visit, we offer a Ninety-Day Pass priced at one hundred and forty-nine dollars and ninety cents plus tax. This pass provides sixty minutes of jump time per visit fo
2026-04-25 15:39:14,362  INFO      chatbot.server  [CAa162ba6c1155c7f7be1c8ed6aa08b1af] User said: I saw online that you guys have 90 minutes jump time and 1 20 minute jump time.
2026-04-25 15:39:15,101  INFO      chatbot.voice_handler  [CAa162ba6c1155c7f7be1c8ed6aa08b1af] LATENCY rag_api=280ms  docs=4
2026-04-25 15:39:15,101  INFO      chatbot.voice_handler  [CAa162ba6c1155c7f7be1c8ed6aa08b1af] RAG: 4/4 docs passed score threshold 0.50
2026-04-25 15:39:15,101  INFO      chatbot.voice_handler  [CAa162ba6c1155c7f7be1c8ed6aa08b1af] LATENCY prepare_voice_stream=735ms
2026-04-25 15:39:16,248  INFO      chatbot.server  [CAa162ba6c1155c7f7be1c8ed6aa08b1af] LATENCY silence_to_first_reply=1886ms
2026-04-25 15:39:18,239  INFO      chatbot.server  [CAa162ba6c1155c7f7be1c8ed6aa08b1af] Assistant (full): Yes, we do offer different durations for jump times. For ninety minutes of jump time per visit, the Ninety-Day Pass is available at one hundred and forty-nine dollars and ninety cents plus tax. This p
2026-04-25 15:39:52,401  INFO      chatbot.server  [CAa162ba6c1155c7f7be1c8ed6aa08b1af] User said: Okay. So what what are the jump passes you guys have?
2026-04-25 15:39:53,244  INFO      chatbot.voice_handler  [CAa162ba6c1155c7f7be1c8ed6aa08b1af] LATENCY rag_api=327ms  docs=1
2026-04-25 15:39:53,244  INFO      chatbot.voice_handler  [CAa162ba6c1155c7f7be1c8ed6aa08b1af] RAG: 1/1 docs passed score threshold 0.50
2026-04-25 15:39:53,244  INFO      chatbot.voice_handler  [CAa162ba6c1155c7f7be1c8ed6aa08b1af] LATENCY prepare_voice_stream=839ms
2026-04-25 15:39:54,111  INFO      chatbot.server  [CAa162ba6c1155c7f7be1c8ed6aa08b1af] LATENCY silence_to_first_reply=1710ms
2026-04-25 15:39:54,718  INFO      chatbot.server  [CAa162ba6c1155c7f7be1c8ed6aa08b1af] Assistant (full): We've got a few different jump pass options: Premium Jump Pass, VIP Jump Pass, Ultimate Jump Pass, and an All Day Pass. Do you know how long you'd like to stay or which one interests you most?
2026-04-25 15:40:07,762  INFO      chatbot.server  [CAa162ba6c1155c7f7be1c8ed6aa08b1af] User said: I would like to stay there for 1 20 minutes.
2026-04-25 15:40:08,581  INFO      chatbot.voice_handler  [CAa162ba6c1155c7f7be1c8ed6aa08b1af] LATENCY rag_api=407ms  docs=1
2026-04-25 15:40:08,582  INFO      chatbot.voice_handler  [CAa162ba6c1155c7f7be1c8ed6aa08b1af] RAG: 1/1 docs passed score threshold 0.50
2026-04-25 15:40:08,582  INFO      chatbot.voice_handler  [CAa162ba6c1155c7f7be1c8ed6aa08b1af] LATENCY prepare_voice_stream=816ms
2026-04-25 15:40:09,380  INFO      chatbot.server  [CAa162ba6c1155c7f7be1c8ed6aa08b1af] LATENCY silence_to_first_reply=1618ms
2026-04-25 15:40:10,207  INFO      chatbot.server  [CAa162ba6c1155c7f7be1c8ed6aa08b1af] Assistant (full): For a single session of 120 minutes, the VIP Jump Pass is perfect. It's priced at twenty-nine dollars and ninety cents plus tax, giving you access to all attractions except Go Karting, Laser tag, Bazo
2026-04-25 15:40:27,526  INFO      chatbot.server  [CAa162ba6c1155c7f7be1c8ed6aa08b1af] User said: Yeah.
2026-04-25 15:40:27,529  INFO      chatbot.voice_handler  [CAa162ba6c1155c7f7be1c8ed6aa08b1af] Skipping RAG — conversational message: Yeah.
2026-04-25 15:40:27,530  INFO      chatbot.voice_handler  [CAa162ba6c1155c7f7be1c8ed6aa08b1af] LATENCY prepare_voice_stream=1ms
2026-04-25 15:40:27,964  INFO      chatbot.server  [CAa162ba6c1155c7f7be1c8ed6aa08b1af] LATENCY silence_to_first_reply=439ms
2026-04-25 15:40:29,015  INFO      chatbot.server  [CAa162ba6c1155c7f7be1c8ed6aa08b1af] Assistant (full): The VIP Jump Pass allows 120 minutes of jump time in one visit, with access to most attractions like the main trampoline area, foam pits, dodgeball arena, and more. It's great for a full experience wi
2026-04-25 15:40:49,131  INFO      chatbot.server  [CAa162ba6c1155c7f7be1c8ed6aa08b1af] User said: How much is the mini golf?
2026-04-25 15:40:49,740  INFO      chatbot.voice_handler  [CAa162ba6c1155c7f7be1c8ed6aa08b1af] LATENCY rag_api=290ms  docs=0
2026-04-25 15:40:49,740  INFO      chatbot.voice_handler  [CAa162ba6c1155c7f7be1c8ed6aa08b1af] LATENCY prepare_voice_stream=606ms
2026-04-25 15:40:50,505  INFO      chatbot.server  [CAa162ba6c1155c7f7be1c8ed6aa08b1af] LATENCY silence_to_first_reply=1374ms
2026-04-25 15:40:51,120  INFO      chatbot.server  [CAa162ba6c1155c7f7be1c8ed6aa08b1af] Assistant (full): Hmm, I'm not sure on that one — best thing is to call us at two eight nine, four five four, five five five five and ask for a supervisor. Anything else you'd like to know about?
2026-04-25 15:41:05,265  INFO      chatbot.server  [CAa162ba6c1155c7f7be1c8ed6aa08b1af] User said: I like to more no.
2026-04-25 15:41:06,504  INFO      chatbot.voice_handler  [CAa162ba6c1155c7f7be1c8ed6aa08b1af] LATENCY rag_api=373ms  docs=0
2026-04-25 15:41:06,505  INFO      chatbot.voice_handler  [CAa162ba6c1155c7f7be1c8ed6aa08b1af] LATENCY prepare_voice_stream=1237ms
2026-04-25 15:41:06,510  INFO      chatbot.server  [CAa162ba6c1155c7f7be1c8ed6aa08b1af] Finalized abandoned call in DB
2026-04-25 15:41:06,510  INFO      chatbot.server  [CAa162ba6c1155c7f7be1c8ed6aa08b1af] Session log closed
