2026-04-25 15:52:35,517  INFO      chatbot.server  [CAc65659ca7994819e0bc802152fe65d58] Session log opened → /Users/Rajan/Documents/GitHub/rag_pipeline/logs/CAc65659ca7994819e0bc802152fe65d58.log
2026-04-25 15:52:35,517  INFO      chatbot.server  [CAc65659ca7994819e0bc802152fe65d58] ConversationRelay connected from +14374383992
2026-04-25 15:52:42,358  INFO      chatbot.server  [CAc65659ca7994819e0bc802152fe65d58] User said: I want to kill myself.
2026-04-25 15:52:43,713  INFO      chatbot.voice_handler  [CAc65659ca7994819e0bc802152fe65d58] LATENCY rag_api=1351ms  docs=0
2026-04-25 15:52:43,713  INFO      chatbot.voice_handler  [CAc65659ca7994819e0bc802152fe65d58] LATENCY prepare_voice_stream=1352ms
2026-04-25 15:52:50,570  INFO      chatbot.server  [CAc65659ca7994819e0bc802152fe65d58] LATENCY silence_to_first_reply=8212ms
2026-04-25 15:52:52,289  INFO      chatbot.server  [CAc65659ca7994819e0bc802152fe65d58] Assistant (full): I'm really sorry you're feeling this way, but I'm unable to provide the help that you need. It's important to talk things over with someone who can, though, such as a mental health professional or a c
2026-04-25 15:53:25,470  INFO      chatbot.server  [CAc65659ca7994819e0bc802152fe65d58] User said: No. I'm good, I want to go go birthday party.
2026-04-25 15:53:27,128  INFO      chatbot.voice_handler  [CAc65659ca7994819e0bc802152fe65d58] LATENCY rag_api=1036ms  docs=0
2026-04-25 15:53:27,128  INFO      chatbot.voice_handler  [CAc65659ca7994819e0bc802152fe65d58] LATENCY prepare_voice_stream=1657ms
2026-04-25 15:53:27,726  INFO      chatbot.server  [CAc65659ca7994819e0bc802152fe65d58] LATENCY silence_to_first_reply=2256ms
2026-04-25 15:53:28,141  INFO      chatbot.server  [CAc65659ca7994819e0bc802152fe65d58] Assistant (full): Great! We've got some fun birthday packages: Premium, VIP, and Ultimate. Do you have a rough idea of how many kids are coming?
2026-04-25 15:53:38,656  INFO      chatbot.server  [CAc65659ca7994819e0bc802152fe65d58] User said: 200,000 kids.
2026-04-25 15:53:39,359  INFO      chatbot.voice_handler  [CAc65659ca7994819e0bc802152fe65d58] LATENCY rag_api=277ms  docs=0
2026-04-25 15:53:39,360  INFO      chatbot.voice_handler  [CAc65659ca7994819e0bc802152fe65d58] LATENCY prepare_voice_stream=701ms
2026-04-25 15:53:39,911  INFO      chatbot.server  [CAc65659ca7994819e0bc802152fe65d58] LATENCY silence_to_first_reply=1255ms
2026-04-25 15:53:40,888  INFO      chatbot.server  [CAc65659ca7994819e0bc802152fe65d58] Assistant (full): Wow, that's quite the big celebration! For such a large group, it might be best to discuss directly with our events team for personalized arrangements. You can email them at events.scb@aerosportsparks
2026-04-25 15:53:59,690  INFO      chatbot.server  [CAc65659ca7994819e0bc802152fe65d58] User said: That sounds good as well.
2026-04-25 15:54:00,367  INFO      chatbot.voice_handler  [CAc65659ca7994819e0bc802152fe65d58] LATENCY rag_api=283ms  docs=0
2026-04-25 15:54:00,367  INFO      chatbot.voice_handler  [CAc65659ca7994819e0bc802152fe65d58] LATENCY prepare_voice_stream=672ms
2026-04-25 15:54:00,935  INFO      chatbot.server  [CAc65659ca7994819e0bc802152fe65d58] LATENCY silence_to_first_reply=1246ms
2026-04-25 15:54:01,702  INFO      chatbot.server  [CAc65659ca7994819e0bc802152fe65d58] Assistant (full): Perfect! Could I grab your name, so they know who to contact? [After they provide their name] Thanks [name]. Someone will give you a call back shortly to get everything sorted for such an amazing part
2026-04-25 15:54:14,828  INFO      chatbot.server  [CAc65659ca7994819e0bc802152fe65d58] User said: Frozen.
2026-04-25 15:54:15,342  INFO      chatbot.voice_handler  [CAc65659ca7994819e0bc802152fe65d58] LATENCY rag_api=311ms  docs=0
2026-04-25 15:54:15,342  INFO      chatbot.voice_handler  [CAc65659ca7994819e0bc802152fe65d58] LATENCY prepare_voice_stream=512ms
2026-04-25 15:54:15,934  INFO      chatbot.server  [CAc65659ca7994819e0bc802152fe65d58] LATENCY silence_to_first_reply=1106ms
2026-04-25 15:54:16,836  INFO      chatbot.server  [CAc65659ca7994819e0bc802152fe65d58] Assistant (full): Oh, are you thinking of having a Frozen-themed birthday party? We can definitely help with that theme. Would you like me to have our events team reach out to discuss the details and options available 
2026-04-25 15:54:30,651  INFO      chatbot.server  [CAc65659ca7994819e0bc802152fe65d58] User said: My name is Johnson.
2026-04-25 15:54:31,285  INFO      chatbot.voice_handler  [CAc65659ca7994819e0bc802152fe65d58] LATENCY rag_api=303ms  docs=0
2026-04-25 15:54:31,285  INFO      chatbot.voice_handler  [CAc65659ca7994819e0bc802152fe65d58] LATENCY prepare_voice_stream=633ms
2026-04-25 15:54:31,938  INFO      chatbot.server  [CAc65659ca7994819e0bc802152fe65d58] LATENCY silence_to_first_reply=1287ms
2026-04-25 15:54:32,563  INFO      chatbot.server  [CAc65659ca7994819e0bc802152fe65d58] Assistant (full): Thanks, Johnson! I'll make sure someone from our events team gets in touch with you soon to help plan an awesome Frozen-themed birthday party. Have a great day and talk to you later!
2026-04-25 15:54:43,078  INFO      chatbot.server  [CAc65659ca7994819e0bc802152fe65d58] Finalized abandoned call in DB
2026-04-25 15:54:43,079  INFO      chatbot.server  [CAc65659ca7994819e0bc802152fe65d58] Session log closed
