2026-04-25 16:08:06,626  INFO      chatbot.server  [CAcc101e5a7c52e90f69f8bb972e49970f] Session log opened → /Users/Rajan/Documents/GitHub/rag_pipeline/logs/CAcc101e5a7c52e90f69f8bb972e49970f.log
2026-04-25 16:08:06,627  INFO      chatbot.server  [CAcc101e5a7c52e90f69f8bb972e49970f] ConversationRelay connected from +14374383992
2026-04-25 16:08:09,629  INFO      chatbot.server  [CAcc101e5a7c52e90f69f8bb972e49970f] User interrupted. Spoken so far: Thank you for calling AeroSports Scarborough, this is Maya. How can I help you?
2026-04-25 16:08:09,629  INFO      chatbot.server  [CAcc101e5a7c52e90f69f8bb972e49970f] Assistant (truncated to spoken): Thank you for calling AeroSports Scarborough, this is Maya. How can I help you?
2026-04-25 16:08:10,426  INFO      chatbot.server  [CAcc101e5a7c52e90f69f8bb972e49970f] User said: Thank you for calling Aero Sports Carpet.
2026-04-25 16:08:17,551  INFO      chatbot.voice_handler  [CAcc101e5a7c52e90f69f8bb972e49970f] LATENCY rag_api=7121ms  docs=1
2026-04-25 16:08:17,551  INFO      chatbot.voice_handler  [CAcc101e5a7c52e90f69f8bb972e49970f] RAG: 1/1 docs passed score threshold 0.50
2026-04-25 16:08:17,551  INFO      chatbot.voice_handler  [CAcc101e5a7c52e90f69f8bb972e49970f] LATENCY prepare_voice_stream=7123ms
2026-04-25 16:08:17,552  INFO      chatbot.server  [CAcc101e5a7c52e90f69f8bb972e49970f] User said: Yeah. I'd like to book a job for 20 minutes.
2026-04-25 16:08:17,771  INFO      chatbot.voice_handler  [CAcc101e5a7c52e90f69f8bb972e49970f] LATENCY rag_api=218ms  docs=0
2026-04-25 16:08:17,771  INFO      chatbot.voice_handler  [CAcc101e5a7c52e90f69f8bb972e49970f] LATENCY prepare_voice_stream=219ms
2026-04-25 16:08:18,320  INFO      chatbot.server  [CAcc101e5a7c52e90f69f8bb972e49970f] LATENCY silence_to_first_reply=768ms
2026-04-25 16:08:19,158  INFO      chatbot.server  [CAcc101e5a7c52e90f69f8bb972e49970f] Assistant (full): I'm sorry, but we don't offer bookings for specific time slots like that. We have open play sessions where guests can enjoy the park at their own pace. If there's anything else you need help with or w
2026-04-25 16:08:34,184  INFO      chatbot.server  [CAcc101e5a7c52e90f69f8bb972e49970f] User said: No. I would like to jump in 90 minutes.
2026-04-25 16:08:34,554  INFO      chatbot.voice_handler  [CAcc101e5a7c52e90f69f8bb972e49970f] LATENCY rag_api=367ms  docs=0
2026-04-25 16:08:34,554  INFO      chatbot.voice_handler  [CAcc101e5a7c52e90f69f8bb972e49970f] LATENCY prepare_voice_stream=368ms
2026-04-25 16:08:34,705  INFO      chatbot.server  [CAcc101e5a7c52e90f69f8bb972e49970f] LATENCY silence_to_first_reply=522ms
2026-04-25 16:08:35,455  INFO      chatbot.server  [CAcc101e5a7c52e90f69f8bb972e49970f] Assistant (full): Got it! You're welcome to come and jump anytime during our open hours. We're open today until ten at night. Just show up when you’re ready, and have fun jumping! If you need anything else, feel free t
2026-04-25 16:08:53,436  INFO      chatbot.server  [CAcc101e5a7c52e90f69f8bb972e49970f] User said: Okay. I want to come and jump around 08:30 for 90 minutes. So that will make it 10:30. Right?
2026-04-25 16:08:54,309  INFO      chatbot.voice_handler  [CAcc101e5a7c52e90f69f8bb972e49970f] LATENCY rag_api=287ms  docs=0
2026-04-25 16:08:54,309  INFO      chatbot.voice_handler  [CAcc101e5a7c52e90f69f8bb972e49970f] LATENCY prepare_voice_stream=870ms
2026-04-25 16:08:54,878  INFO      chatbot.server  [CAcc101e5a7c52e90f69f8bb972e49970f] LATENCY silence_to_first_reply=1443ms
2026-04-25 16:08:55,771  INFO      chatbot.server  [CAcc101e5a7c52e90f69f8bb972e49970f] Assistant (full): Exactly right! You can start your session at 8:30 PM and enjoy jumping until about 10:30 PM. We'll be open until ten, so you've got plenty of time to have fun. If there's anything else I can help with
2026-04-25 16:09:12,485  INFO      chatbot.server  [CAcc101e5a7c52e90f69f8bb972e49970f] User said: But how is that possible? You guys are open till 10 and I can jump till 10:30. How's that possible?
2026-04-25 16:09:13,888  INFO      chatbot.voice_handler  [CAcc101e5a7c52e90f69f8bb972e49970f] LATENCY rag_api=279ms  docs=0
2026-04-25 16:09:13,888  INFO      chatbot.voice_handler  [CAcc101e5a7c52e90f69f8bb972e49970f] LATENCY prepare_voice_stream=1401ms
2026-04-25 16:09:14,478  INFO      chatbot.server  [CAcc101e5a7c52e90f69f8bb972e49970f] LATENCY silence_to_first_reply=1993ms
2026-04-25 16:09:15,430  INFO      chatbot.server  [CAcc101e5a7c52e90f69f8bb972e49970f] Assistant (full): Oops, my mistake! Our park closes at ten, so you'll need to finish your session by then. If you arrive around 8:30 PM, you’ll have about two hours to enjoy the park before we close. Let me know if the
2026-04-25 16:09:30,505  INFO      chatbot.server  [CAcc101e5a7c52e90f69f8bb972e49970f] User said: Okay. What are the jump passes you guys have?
2026-04-25 16:09:30,859  INFO      chatbot.voice_handler  [CAcc101e5a7c52e90f69f8bb972e49970f] LATENCY rag_api=350ms  docs=0
2026-04-25 16:09:30,859  INFO      chatbot.voice_handler  [CAcc101e5a7c52e90f69f8bb972e49970f] LATENCY prepare_voice_stream=351ms
2026-04-25 16:09:31,153  INFO      chatbot.server  [CAcc101e5a7c52e90f69f8bb972e49970f] LATENCY silence_to_first_reply=649ms
2026-04-25 16:09:31,577  INFO      chatbot.server  [CAcc101e5a7c52e90f69f8bb972e49970f] Assistant (full): We've got a few different options for jump passes : Premium, VIP, and Ultimate packages. Do you have a rough idea of how many people will be joining you?
2026-04-25 16:09:41,244  INFO      chatbot.server  [CAcc101e5a7c52e90f69f8bb972e49970f] User said: It's only me.
2026-04-25 16:09:41,975  INFO      chatbot.voice_handler  [CAcc101e5a7c52e90f69f8bb972e49970f] LATENCY rag_api=279ms  docs=0
2026-04-25 16:09:41,976  INFO      chatbot.voice_handler  [CAcc101e5a7c52e90f69f8bb972e49970f] LATENCY prepare_voice_stream=729ms
2026-04-25 16:09:42,687  INFO      chatbot.server  [CAcc101e5a7c52e90f69f8bb972e49970f] LATENCY silence_to_first_reply=1444ms
2026-04-25 16:09:43,325  INFO      chatbot.server  [CAcc101e5a7c52e90f69f8bb972e49970f] Assistant (full): Got it! For solo visitors, our single visit pass is perfect. You can come in anytime during open hours and enjoy the park at your own pace. If you want more details on pricing or anything else, just l
2026-04-25 16:09:55,278  INFO      chatbot.server  [CAcc101e5a7c52e90f69f8bb972e49970f] User said: What's the single digit pass?
2026-04-25 16:09:55,563  INFO      chatbot.voice_handler  [CAcc101e5a7c52e90f69f8bb972e49970f] LATENCY rag_api=277ms  docs=0
2026-04-25 16:09:55,563  INFO      chatbot.voice_handler  [CAcc101e5a7c52e90f69f8bb972e49970f] LATENCY prepare_voice_stream=278ms
2026-04-25 16:09:55,808  INFO      chatbot.server  [CAcc101e5a7c52e90f69f8bb972e49970f] LATENCY silence_to_first_reply=530ms
2026-04-25 16:09:56,418  INFO      chatbot.server  [CAcc101e5a7c52e90f69f8bb972e49970f] Assistant (full): Our single visit pass allows one person to jump for as long as they like during our open hours. It’s perfect if you’re planning a solo trip. If you need more details on pricing or anything else, just 
2026-04-25 16:10:09,242  INFO      chatbot.server  [CAcc101e5a7c52e90f69f8bb972e49970f] User said: **** off.
2026-04-25 16:10:09,974  INFO      chatbot.voice_handler  [CAcc101e5a7c52e90f69f8bb972e49970f] LATENCY rag_api=358ms  docs=1
2026-04-25 16:10:09,974  INFO      chatbot.voice_handler  [CAcc101e5a7c52e90f69f8bb972e49970f] RAG: 1/1 docs passed score threshold 0.50
2026-04-25 16:10:09,975  INFO      chatbot.voice_handler  [CAcc101e5a7c52e90f69f8bb972e49970f] LATENCY prepare_voice_stream=729ms
2026-04-25 16:10:10,791  INFO      chatbot.server  [CAcc101e5a7c52e90f69f8bb972e49970f] LATENCY silence_to_first_reply=1549ms
2026-04-25 16:10:11,334  INFO      chatbot.server  [CAcc101e5a7c52e90f69f8bb972e49970f] Assistant (full): I'm sorry to hear that you're frustrated. I’m here to help in any way I can. If there's something specific bothering you, please let me know so we can try to sort it out together.
2026-04-25 16:10:23,458  INFO      chatbot.server  [CAcc101e5a7c52e90f69f8bb972e49970f] Finalized abandoned call in DB
2026-04-25 16:10:23,458  INFO      chatbot.server  [CAcc101e5a7c52e90f69f8bb972e49970f] Session log closed
