2026-04-25 13:05:00,923  INFO      chatbot.server  [CAf2db197046a10532183f47337751fc4d] Session log opened → /Users/Rajan/Documents/GitHub/rag_pipeline/logs/CAf2db197046a10532183f47337751fc4d.log
2026-04-25 13:05:00,923  INFO      chatbot.server  [CAf2db197046a10532183f47337751fc4d] ConversationRelay connected from +17052052914
2026-04-25 13:05:13,972  INFO      chatbot.server  [CAf2db197046a10532183f47337751fc4d] User said: I was just looking. Um, you don't need to book a time anymore. Can you just come in off the street and play?
2026-04-25 13:05:14,336  INFO      chatbot.voice_handler  [CAf2db197046a10532183f47337751fc4d] LATENCY rag_api=361ms  docs=7
2026-04-25 13:05:14,337  INFO      chatbot.voice_handler  [CAf2db197046a10532183f47337751fc4d] LATENCY prepare_voice_stream=362ms
2026-04-25 13:05:16,280  INFO      chatbot.server  [CAf2db197046a10532183f47337751fc4d] LATENCY silence_to_first_reply=2308ms
2026-04-25 13:05:16,429  INFO      chatbot.server  [CAf2db197046a10532183f47337751fc4d] Assistant (full): Sorry, I didn't quite catch that — what can I help you with?
2026-04-25 13:05:17,055  INFO      chatbot.server  [CAf2db197046a10532183f47337751fc4d] User interrupted. Spoken so far: Sorry,
2026-04-25 13:05:17,056  INFO      chatbot.server  [CAf2db197046a10532183f47337751fc4d] Assistant (truncated to spoken): Sorry,
2026-04-25 13:05:17,056  INFO      chatbot.server  [CAf2db197046a10532183f47337751fc4d] User said: Hello?
2026-04-25 13:05:17,058  INFO      chatbot.voice_handler  [CAf2db197046a10532183f47337751fc4d] Skipping RAG — conversational message: Hello?
2026-04-25 13:05:17,059  INFO      chatbot.voice_handler  [CAf2db197046a10532183f47337751fc4d] LATENCY prepare_voice_stream=0ms
2026-04-25 13:05:17,237  INFO      chatbot.server  [CAf2db197046a10532183f47337751fc4d] LATENCY silence_to_first_reply=181ms
2026-04-25 13:05:17,238  INFO      chatbot.server  [CAf2db197046a10532183f47337751fc4d] Assistant (full): How can I help you?
2026-04-25 13:05:22,696  INFO      chatbot.server  [CAf2db197046a10532183f47337751fc4d] User said: Hi. I'm just looking to see, are you able to just walk in?
2026-04-25 13:05:23,269  INFO      chatbot.voice_handler  [CAf2db197046a10532183f47337751fc4d] LATENCY rag_api=283ms  docs=7
2026-04-25 13:05:23,270  INFO      chatbot.voice_handler  [CAf2db197046a10532183f47337751fc4d] LATENCY prepare_voice_stream=569ms
2026-04-25 13:05:23,814  INFO      chatbot.server  [CAf2db197046a10532183f47337751fc4d] LATENCY silence_to_first_reply=1118ms
2026-04-25 13:05:24,379  INFO      chatbot.server  [CAf2db197046a10532183f47337751fc4d] Assistant (full): No worries! Yeah, we don't require booking times anymore. You're welcome to come on in and play at your convenience. Just be aware that during peak hours it might get a bit busy, but you can usually j
2026-04-25 13:05:39,651  INFO      chatbot.server  [CAf2db197046a10532183f47337751fc4d] Finalized abandoned call in DB
2026-04-25 13:05:39,651  INFO      chatbot.server  [CAf2db197046a10532183f47337751fc4d] Session log closed
