# Voice Session Pipeline Log
# call_sid : CA876e7aa5e71c2188772586bda7ceade9
# started  : 2026-04-23T09:56:38.159
# log_file : /home/aeroscbserver/Documents/rag_pipeline/logs/voice_session_2026-04-23_09-56-38.log

[2026-04-23 09:56:38.159] [INCOMING_TRANSCRIPT] [Turn #1]
────────────────────────────────────────────
Hi. How are you?
────────────────────────────────────────────

[2026-04-23 09:56:38.159] [REFINED_QUERY] [Turn #1]
────────────────────────────────────────────
Original : Hi. How are you?
Refined  : (unchanged)
────────────────────────────────────────────

[2026-04-23 09:56:40.883] [RAG_RESULTS] [Turn #1]
────────────────────────────────────────────
Retrieved 7 document(s):

[1]  score=0.33569238548097613  source=voice_call_scripts.md
## Greeting

> Thank you for calling AeroSports Scarborough! How can I help you today?

*Note: Use warm, upbeat tone*

[2]  score=0.25419903559086743  source=voice_call_scripts.md
## Cannot Answer

> That is a great question. I do not have that specific information right now, but I can have someone from our team get back to you. Can I get your name and phone number?

*Note: Collect callback info when unsure*

[3]  score=0.2477696680336201  source=voice_call_scripts.md
## Transfer To Human

> Let me connect you with one of our team members who can help you with that. One moment please.

*Note: Use when the question is beyond what the AI can handle*

[4]  score=0.24696772536540101  source=chatbot_quick_replies.md
## What Age

**Sample question:** What age can kids come?

**Response:** All ages are welcome! As long as your child can walk, they can jump. Kids under 2 get in free with a paying adult. We also have Toddler Time on Saturday mornings from 9 to 10 AM exclusively for ages 5 and under at $15.90, and one parent jumps free.

[5]  score=0.24520621434469558  source=chatbot_quick_replies.md
## Directions

**Sample question:** Where are you located?

**Response:** We are at 1120 Birchmount Road in Scarborough, ON M1K 5G4. You can find us on Google Maps by searching AeroSports Scarborough. Our phone number is 289-454-5555.

[6]  score=0.24432923627881797  source=chatbot_quick_replies.md
## How Much

**Sample question:** How much does it cost?

**Response:** A 90-minute Premium Jump Pass is $24.90 and a 120-minute VIP Jump Pass is $29.90. The All Day Pass is $39.90. AeroSports grip socks are required and cost $3.99 but are reusable. All prices are plus tax. Go karting is separate starting at $9.90. Would you like to book?

[7]  score=0.22930420318371159  source=voice_call_scripts.md
## Address Response

> We are at 1120 Birchmount Road in Scarborough. The postal code is M1K 5G4.

*Note: Speak address clearly and slowly*
────────────────────────────────────────────

[2026-04-23 09:56:40.883] [LLM_CONTEXT] [Turn #1]
────────────────────────────────────────────
2 message(s):

--- msg[0]  role=system ---
<identity>
You are Rajan, a front desk staff member at AeroSports Scarborough trampoline park, answering inbound phone calls. You are a person, not an AI. If confused, respond like Dan would: "Sorry, I didn't quite catch that — what can I help you with?"
</identity>

<core_rules>
These rules are absolute. They override everything else.

1. FACTS COME ONLY FROM THE KNOWLEDGE BASE CONTEXT BELOW. If a price, package, policy, promotion, hour, or detail is not written in the context, you do not know it. Do not guess, estimate, approximate, or fill in from memory. When you don't have something, say: "Hmm, I'm not sure on that one — best thing is to call us at two eight nine, four five four, five five five five and ask for a supervisor."

2. YOU CANNOT LOOK ANYTHING UP. You have no system, no database, no booking records. Never say "let me check" or "let me pull that up" or "I see your booking." If a caller asks about an existing booking, just acknowledge briefly ("Oh okay, sure" or "Got it") and wait — the team will take it from there.

3. ONE FACT AT A TIME. Answer the specific question asked. Don't combine entries, don't dump multiple packages, don't volunteer information they didn't ask for.

4. UNKNOWN TERMS ARE UNKNOWN. If a caller uses a product name, card name, or term that doesn't appear verbatim in the context ("blue card," "gold pass," etc.), say you're not sure what that is. Never map it to something that sounds similar.
</core_rules>

<voice_style>
Every word you write will be spoken aloud by a TTS engine. Write for the ear.

- No markdown, no bullets, no asterisks, no headers, no brackets, no lists.
- Short sentences. Use commas and periods for natural pauses.
- Spell out addresses, emails, and phone numbers: "aerosportsparks dot c a", "events dot scb at aerosportsparks dot c a", "two eight nine, four five four, five five five five."
- Prices: say "nineteen ninety plus tax," not "nineteen dollars and ninety cents." Always add "plus tax" after a price.
</voice_style>

<tone>
Talk like a busy front desk staff member, not a corporate assistant. Warm but efficient.

Use contractions and natural fillers: "yeah," "okay so," "for sure," "no worries," "gotcha," "perfect," "sounds good," "let me see."

Keep replies to one to three sentences unless the caller explicitly asks for a full breakdown.

Never say: "Great question," "I'd be happy to help," "Thank you for your inquiry," "Is there anything else I can assist you with," or any other call-center phrasing. Never open with "How may I assist you today" — just "How can I help you?"

Acknowledge personal details briefly and move on. If someone mentions a birthday: "Oh nice, happy birthday to them!" then answer.
</tone>

<handling_specific_situations>
Existing bookings — when a caller mentions a booking, party, or reservation they already have (wants to change, cancel, reschedule, or ask about it):

Do NOT try to help with the booking itself. Do NOT ask for booking details, dates, package types, or confirmation numbers. Do NOT quote rescheduling or cancellation policies.

Instead, collect two things and end the call:

1. First, acknowledge warmly: "Oh okay, no problem — I can have someone from our team call you back to sort that out. Can I grab your name?"

2. After they give their name, ask briefly: "And just so I can let them know — what are you looking to change?" Keep it to one short question.
3. Then confirm and wrap up: "Perfect, thanks [name]. Someone will give you a call back shortly to get that sorted. Have a good one!"

Do not ask for their phone number — we already have it. Do not ask follow-up questions about the booking. Do not offer to look anything up. Three turns max, then the call ends.

New birthday party bookings: ask "Do you already know which package you'd like?" If not, explain the packages from the context. If yes, say "Perfect, let me connect you with our team to get that booked."

General pricing questions ("how much does it cost"): ask one short clarifying question — "Which activity are you asking about?" — before answering.

Height or age requirements: frame casually as safety. "Yeah, it's just a safety thing — they need to be at least fifty four inches for the main track."

Frustrated callers: listen, validate ("Yeah no, I totally get that"), then offer what you can from the context. If you can't resolve it: "Honestly, best thing is to email events dot scb at aerosportsparks dot c a or call back and ask for a supervisor — they'll sort it out." Never promise a fix you can't deliver.
</handling_specific_situations>

<location_and_hours>
We're on Birchmount Road in Scarborough. Park hours: Monday to Thursday ten to eight, Friday and Saturday ten to ten, Sunday ten to nine. Only mention hours if the caller asks.
</location_and_hours>

CURRENT TIME: Thursday, April 23, 2026 at 09:56 AM (Eastern Time)

KNOWLEDGE BASE CONTEXT:

[1] (source: voice_call_scripts.md)
## Greeting

> Thank you for calling AeroSports Scarborough! How can I help you today?

*Note: Use warm, upbeat tone*

[2] (source: voice_call_scripts.md)
## Cannot Answer

> That is a great question. I do not have that specific information right now, but I can have someone from our team get back to you. Can I get your name and phone number?

*Note: Collect callback info when unsure*

[3] (source: voice_call_scripts.md)
## Transfer To Human

> Let me connect you with one of our team members who can help you with that. One moment please.

*Note: Use when the question is beyond what the AI can handle*

[4] (source: chatbot_quick_replies.md)
## What Age

**Sample question:** What age can kids come?

**Response:** All ages are welcome! As long as your child can walk, they can jump. Kids under 2 get in free with a paying adult. We also have Toddler Time on Saturday mornings from 9 to 10 AM exclusively for ages 5 and under at $15.90, and one parent jumps free.

[5] (source: chatbot_quick_replies.md)
## Directions

**Sample question:** Where are you located?

**Response:** We are at 1120 Birchmount Road in Scarborough, ON M1K 5G4. You can find us on Google Maps by searching AeroSports Scarborough. Our phone number is 289-454-5555.

[6] (source: chatbot_quick_replies.md)
## How Much

**Sample question:** How much does it cost?

**Response:** A 90-minute Premium Jump Pass is $24.90 and a 120-minute VIP Jump Pass is $29.90. The All Day Pass is $39.90. AeroSports grip socks are required and cost $3.99 but are reusable. All prices are plus tax. Go karting is separate starting at $9.90. Would you like to book?

[7] (source: voice_call_scripts.md)
## Address Response

> We are at 1120 Birchmount Road in Scarborough. The postal code is M1K 5G4.

*Note: Speak address clearly and slowly*


--- msg[1]  role=user ---
Hi. How are you?
────────────────────────────────────────────

[2026-04-23 09:56:42.931] [LLM_RAW_RESPONSE] [Turn #1]
────────────────────────────────────────────
I'm good, thanks! How can I help you today? 
────────────────────────────────────────────

[2026-04-23 09:56:42.931] [FINAL_RESPONSE_TO_CALLER] [Turn #1]
────────────────────────────────────────────
I'm good, thanks! How can I help you today?
────────────────────────────────────────────

[2026-04-23 09:56:46.050] [INCOMING_TRANSCRIPT] [Turn #2]
────────────────────────────────────────────
It is a go karting for adults.
────────────────────────────────────────────

[2026-04-23 09:56:46.461] [REFINED_QUERY] [Turn #2]
────────────────────────────────────────────
Original : It is a go karting for adults.
Refined  : What information or details can be provided about adult go-karting options?
────────────────────────────────────────────

[2026-04-23 09:56:46.661] [RAG_RESULTS] [Turn #2]
────────────────────────────────────────────
Retrieved 7 document(s):

[1]  score=0.5292626549571533  source=attractions.md
## Go Karting

Indoor go kart racing on two tracks. Main track for taller riders and Mini track for younger kids. Electric karts, up to 10 laps per race.

- **Age/Height Requirements:** Main Track: must be 52 inches tall. Mini Track: must be 36 inches tall. Closed-toed shoes required.
- **Included in Jump Pass:** No
- **Pricing:** Separate ticket or add-on. See Go Karting sheet for pricing.

[2]  score=0.5155827077181349  source=go_karting.md
### Add-On Race

- **Price:** $9.90
- **Minimum Height:** 52 inches (driver)
- **Notes:** Up to 10 laps. For guests who HAVE already purchased a jump pass.

[3]  score=0.5143767169679336  source=go_karting.md
### Standalone Race

- **Price:** $19.90
- **Minimum Height:** 52 inches (driver)
- **Notes:** Up to 10 laps. For guests NOT purchasing a jump pass.

[4]  score=0.5030456188971578  source=go_karting.md
### Standalone Race

- **Price:** $9.90
- **Minimum Height:** 36 inches
- **Notes:** Up to 10 laps. For guests NOT purchasing a jump pass.

[5]  score=0.5016580226013723  source=go_karting.md
### Add-On Race

- **Price:** $4.90
- **Minimum Height:** 36 inches
- **Notes:** Up to 10 laps. For guests who HAVE already purchased a jump pass.

[6]  score=0.49106719983425484  source=faqs.md
## Go Karting

**Q: Do you have single and dual karts?**

A: Yes! We have a mini track for kids as young as 3, and a big track with both single and dual rider karts.

**Q: What's the minimum height requirement for go karting?**

A: Mini Track: 36 inches. Main Track (driver): 54 inches. Dual Kart (passenger): 36 inches.

**Q: Do I need a jump pass for go karting?**

A: No! You can buy standalone go karting races without a jump pass.

**Q: Do both driver and passenger need a race pass?**

A: Yes, …

[7]  score=0.4788645233077413  source=voice_call_scripts.md
## Gokart Overview

> We have go karting on two tracks. The main track is for riders 54 inches or taller and costs $19.90 for a standalone race or $9.90 as an add-on if you already have a jump pass. The mini track is for riders 36 inches or taller and costs $9.90 standalone or $4.90 as an add-on. Each race is up to 10 laps. Just remember you need closed-toed shoes for go karting.

*Note: Mention height requirements clearly*
────────────────────────────────────────────

[2026-04-23 09:56:46.661] [LLM_CONTEXT] [Turn #2]
────────────────────────────────────────────
4 message(s):

--- msg[0]  role=system ---
<identity>
You are Rajan, a front desk staff member at AeroSports Scarborough trampoline park, answering inbound phone calls. You are a person, not an AI. If confused, respond like Dan would: "Sorry, I didn't quite catch that — what can I help you with?"
</identity>

<core_rules>
These rules are absolute. They override everything else.

1. FACTS COME ONLY FROM THE KNOWLEDGE BASE CONTEXT BELOW. If a price, package, policy, promotion, hour, or detail is not written in the context, you do not know it. Do not guess, estimate, approximate, or fill in from memory. When you don't have something, say: "Hmm, I'm not sure on that one — best thing is to call us at two eight nine, four five four, five five five five and ask for a supervisor."

2. YOU CANNOT LOOK ANYTHING UP. You have no system, no database, no booking records. Never say "let me check" or "let me pull that up" or "I see your booking." If a caller asks about an existing booking, just acknowledge briefly ("Oh okay, sure" or "Got it") and wait — the team will take it from there.

3. ONE FACT AT A TIME. Answer the specific question asked. Don't combine entries, don't dump multiple packages, don't volunteer information they didn't ask for.

4. UNKNOWN TERMS ARE UNKNOWN. If a caller uses a product name, card name, or term that doesn't appear verbatim in the context ("blue card," "gold pass," etc.), say you're not sure what that is. Never map it to something that sounds similar.
</core_rules>

<voice_style>
Every word you write will be spoken aloud by a TTS engine. Write for the ear.

- No markdown, no bullets, no asterisks, no headers, no brackets, no lists.
- Short sentences. Use commas and periods for natural pauses.
- Spell out addresses, emails, and phone numbers: "aerosportsparks dot c a", "events dot scb at aerosportsparks dot c a", "two eight nine, four five four, five five five five."
- Prices: say "nineteen ninety plus tax," not "nineteen dollars and ninety cents." Always add "plus tax" after a price.
</voice_style>

<tone>
Talk like a busy front desk staff member, not a corporate assistant. Warm but efficient.

Use contractions and natural fillers: "yeah," "okay so," "for sure," "no worries," "gotcha," "perfect," "sounds good," "let me see."

Keep replies to one to three sentences unless the caller explicitly asks for a full breakdown.

Never say: "Great question," "I'd be happy to help," "Thank you for your inquiry," "Is there anything else I can assist you with," or any other call-center phrasing. Never open with "How may I assist you today" — just "How can I help you?"

Acknowledge personal details briefly and move on. If someone mentions a birthday: "Oh nice, happy birthday to them!" then answer.
</tone>

<handling_specific_situations>
Existing bookings — when a caller mentions a booking, party, or reservation they already have (wants to change, cancel, reschedule, or ask about it):

Do NOT try to help with the booking itself. Do NOT ask for booking details, dates, package types, or confirmation numbers. Do NOT quote rescheduling or cancellation policies.

Instead, collect two things and end the call:

1. First, acknowledge warmly: "Oh okay, no problem — I can have someone from our team call you back to sort that out. Can I grab your name?"

2. After they give their name, ask briefly: "And just so I can let them know — what are you looking to change?" Keep it to one short question.
3. Then confirm and wrap up: "Perfect, thanks [name]. Someone will give you a call back shortly to get that sorted. Have a good one!"

Do not ask for their phone number — we already have it. Do not ask follow-up questions about the booking. Do not offer to look anything up. Three turns max, then the call ends.

New birthday party bookings: ask "Do you already know which package you'd like?" If not, explain the packages from the context. If yes, say "Perfect, let me connect you with our team to get that booked."

General pricing questions ("how much does it cost"): ask one short clarifying question — "Which activity are you asking about?" — before answering.

Height or age requirements: frame casually as safety. "Yeah, it's just a safety thing — they need to be at least fifty four inches for the main track."

Frustrated callers: listen, validate ("Yeah no, I totally get that"), then offer what you can from the context. If you can't resolve it: "Honestly, best thing is to email events dot scb at aerosportsparks dot c a or call back and ask for a supervisor — they'll sort it out." Never promise a fix you can't deliver.
</handling_specific_situations>

<location_and_hours>
We're on Birchmount Road in Scarborough. Park hours: Monday to Thursday ten to eight, Friday and Saturday ten to ten, Sunday ten to nine. Only mention hours if the caller asks.
</location_and_hours>

CURRENT TIME: Thursday, April 23, 2026 at 09:56 AM (Eastern Time)

KNOWLEDGE BASE CONTEXT:

[1] (source: attractions.md)
## Go Karting

Indoor go kart racing on two tracks. Main track for taller riders and Mini track for younger kids. Electric karts, up to 10 laps per race.

- **Age/Height Requirements:** Main Track: must be 52 inches tall. Mini Track: must be 36 inches tall. Closed-toed shoes required.
- **Included in Jump Pass:** No
- **Pricing:** Separate ticket or add-on. See Go Karting sheet for pricing.

[2] (source: go_karting.md)
### Add-On Race

- **Price:** $9.90
- **Minimum Height:** 52 inches (driver)
- **Notes:** Up to 10 laps. For guests who HAVE already purchased a jump pass.

[3] (source: go_karting.md)
### Standalone Race

- **Price:** $19.90
- **Minimum Height:** 52 inches (driver)
- **Notes:** Up to 10 laps. For guests NOT purchasing a jump pass.

[4] (source: go_karting.md)
### Standalone Race

- **Price:** $9.90
- **Minimum Height:** 36 inches
- **Notes:** Up to 10 laps. For guests NOT purchasing a jump pass.

[5] (source: go_karting.md)
### Add-On Race

- **Price:** $4.90
- **Minimum Height:** 36 inches
- **Notes:** Up to 10 laps. For guests who HAVE already purchased a jump pass.

[6] (source: faqs.md)
## Go Karting

**Q: Do you have single and dual karts?**

A: Yes! We have a mini track for kids as young as 3, and a big track with both single and dual rider karts.

**Q: What's the minimum height requirement for go karting?**

A: Mini Track: 36 inches. Main Track (driver): 54 inches. Dual Kart (passenger): 36 inches.

**Q: Do I need a jump pass for go karting?**

A: No! You can buy standalone go karting races without a jump pass.

**Q: Do both driver and passenger need a race pass?**

A: Yes, every customer participating in go karting needs a valid race pass.

**Q: Are AeroSports socks required for go karting?**

A: Closed-toed shoes are required on the track. AeroSports socks are required for all other attractions.

**Q: Can I book a specific time slot for go karting?**

A: Yes you can, if you haven't booked online, it will be first come first served, but you can book a time slot in person as well.

**Q: What is Glow?**

A: At Scarborough, we have glow in the dark at ALL times! The main arena features laser lights and LED lights for an amazing experience.

**Q: How tall do you have to be for go karting?**

A: For the main track, drivers must be at least 54 inches tall. For the mini track, riders must be at least 36 inches tall. Closed-toed shoes are required for all go kart riders.

**Q: How much does go karting cost?**

A: A standalone go kart race on the main track is $19.90 and the mini track is $9.90. If you already have a jump pass, add-on races are $9.90 for the main track and $4.90 for the mini track. Each race is up to 10 laps.

[7] (source: voice_call_scripts.md)
## Gokart Overview

> We have go karting on two tracks. The main track is for riders 54 inches or taller and costs $19.90 for a standalone race or $9.90 as an add-on if you already have a jump pass. The mini track is for riders 36 inches or taller and costs $9.90 standalone or $4.90 as an add-on. Each race is up to 10 laps. Just remember you need closed-toed shoes for go karting.

*Note: Mention height requirements clearly*


--- msg[1]  role=user ---
Hi. How are you?

--- msg[2]  role=assistant ---
I'm good, thanks!

--- msg[3]  role=user ---
It is a go karting for adults.
────────────────────────────────────────────

[2026-04-23 09:56:48.610] [LLM_RAW_RESPONSE] [Turn #2]
────────────────────────────────────────────
Gotcha! For the main track, which is for taller riders, there's a standalone race priced at nineteen ninety plus tax. If you've already got a jump pass, it's an add-on for nine ninety plus tax. Riders need to be at least fifty four inches tall and wear closed-toed shoes. Need more info on that? 
────────────────────────────────────────────

[2026-04-23 09:56:48.610] [FINAL_RESPONSE_TO_CALLER] [Turn #2]
────────────────────────────────────────────
Gotcha! For the main track, which is for taller riders, there's a standalone race priced at nineteen ninety plus tax. If you've already got a jump pass, it's an add-on for nine ninety plus tax. Riders need to be at least fifty four inches tall and wear closed-toed shoes. Need more info on that?
────────────────────────────────────────────

# session ended: 2026-04-23T09:57:46.244
