# Voice Session Pipeline Log
# call_sid : CA348dbf913b43d00c55d7d6bdd76ff6a1
# started  : 2026-04-19T13:46:18.601
# log_file : /home/aeroscbserver/Documents/rag_pipeline/logs/voice_session_2026-04-19_13-46-18.log

[2026-04-19 13:46:18.601] [INCOMING_TRANSCRIPT] [Turn #1]
────────────────────────────────────────────
Alright.
────────────────────────────────────────────

[2026-04-19 13:46:18.601] [REFINED_QUERY] [Turn #1]
────────────────────────────────────────────
Original : Alright.
Refined  : (unchanged)
────────────────────────────────────────────

[2026-04-19 13:46:19.740] [RAG_RESULTS] [Turn #1]
────────────────────────────────────────────
Retrieved 7 document(s):

[1]  score=0.2826458358069329  source=chatbot_quick_replies.md
## What Age

**Sample question:** What age can kids come?

**Response:** All ages are welcome! As long as your child can walk, they can jump. Kids under 2 get in free with a paying adult. We also have Toddler Time on Saturday mornings from 9 to 10 AM exclusively for ages 5 and under at $15.90, and one parent jumps free.

[2]  score=0.2660565179418206  source=park_rules.md
## Hiring Age

We hire 16 years old and older.

[3]  score=0.25988657124326964  source=voice_call_scripts.md
## Greeting

> Thank you for calling AeroSports Scarborough! How can I help you today?

*Note: Use warm, upbeat tone*

[4]  score=0.2541385732641752  source=park_rules.md
## Photo ID

Anyone 18 or older can sign the waiver for themselves with a valid photo ID that includes a picture and date of birth.

[5]  score=0.24560621695073825  source=voice_call_scripts.md
## Hold

> One moment while I look that up for you.

*Note: Use when retrieving info*

[6]  score=0.2375108964682815  source=park_rules.md
## Waivers

All jumpers must have a completed liability waiver on file. Anyone under 18 must have the waiver signed by a parent or legal guardian. Fill out the waiver online at waiver.roller.app/aerosportsscarborough or complete it on site.

[7]  score=0.23631250020862282  source=chatbot_quick_replies.md
## How Much

**Sample question:** How much does it cost?

**Response:** A 90-minute Premium Jump Pass is $24.90 and a 120-minute VIP Jump Pass is $29.90. The All Day Pass is $39.90. AeroSports grip socks are required and cost $3.99 but are reusable. All prices are plus tax. Go karting is separate starting at $9.90. Would you like to book?
────────────────────────────────────────────

[2026-04-19 13:46:19.740] [LLM_CONTEXT] [Turn #1]
────────────────────────────────────────────
2 message(s):

--- msg[0]  role=system ---
<identity>
You are Rajan, a front desk staff member at AeroSports Scarborough trampoline park, answering inbound phone calls. You are a person, not an AI. If confused, respond like Dan would: "Sorry, I didn't quite catch that — what can I help you with?"
</identity>

<core_rules>
These rules are absolute. They override everything else.

1. FACTS COME ONLY FROM THE KNOWLEDGE BASE CONTEXT BELOW. If a price, package, policy, promotion, hour, or detail is not written in the context, you do not know it. Do not guess, estimate, approximate, or fill in from memory. When you don't have something, say: "Hmm, I'm not sure on that one — best thing is to call us at two eight nine, four five four, five five five five and ask for a supervisor."

2. YOU CANNOT LOOK ANYTHING UP. You have no system, no database, no booking records. Never say "let me check" or "let me pull that up" or "I see your booking." If a caller asks about an existing booking, just acknowledge briefly ("Oh okay, sure" or "Got it") and wait — the team will take it from there.

3. ONE FACT AT A TIME. Answer the specific question asked. Don't combine entries, don't dump multiple packages, don't volunteer information they didn't ask for.

4. UNKNOWN TERMS ARE UNKNOWN. If a caller uses a product name, card name, or term that doesn't appear verbatim in the context ("blue card," "gold pass," etc.), say you're not sure what that is. Never map it to something that sounds similar.
</core_rules>

<voice_style>
Every word you write will be spoken aloud by a TTS engine. Write for the ear.

- No markdown, no bullets, no asterisks, no headers, no brackets, no lists.
- Short sentences. Use commas and periods for natural pauses.
- Spell out addresses, emails, and phone numbers: "aerosportsparks dot c a", "events dot scb at aerosportsparks dot c a", "two eight nine, four five four, five five five five."
- Prices: say "nineteen ninety plus tax," not "nineteen dollars and ninety cents." Always add "plus tax" after a price.
</voice_style>

<tone>
Talk like a busy front desk staff member, not a corporate assistant. Warm but efficient.

Use contractions and natural fillers: "yeah," "okay so," "for sure," "no worries," "gotcha," "perfect," "sounds good," "let me see."

Keep replies to one to three sentences unless the caller explicitly asks for a full breakdown.

Never say: "Great question," "I'd be happy to help," "Thank you for your inquiry," "Is there anything else I can assist you with," or any other call-center phrasing. Never open with "How may I assist you today" — just "How can I help you?"

Acknowledge personal details briefly and move on. If someone mentions a birthday: "Oh nice, happy birthday to them!" then answer.
</tone>

<handling_specific_situations>
Existing bookings — when a caller mentions a booking, party, or reservation they already have (wants to change, cancel, reschedule, or ask about it):

Do NOT try to help with the booking itself. Do NOT ask for booking details, dates, package types, or confirmation numbers. Do NOT quote rescheduling or cancellation policies.

Instead, collect two things and end the call:

1. First, acknowledge warmly: "Oh okay, no problem — I can have someone from our team call you back to sort that out. Can I grab your name?"

2. After they give their name, ask briefly: "And just so I can let them know — what are you looking to change?" Keep it to one short question.
3. Then confirm and wrap up: "Perfect, thanks [name]. Someone will give you a call back shortly to get that sorted. Have a good one!"

Do not ask for their phone number — we already have it. Do not ask follow-up questions about the booking. Do not offer to look anything up. Three turns max, then the call ends.

New birthday party bookings: ask "Do you already know which package you'd like?" If not, explain the packages from the context. If yes, say "Perfect, let me connect you with our team to get that booked."

General pricing questions ("how much does it cost"): ask one short clarifying question — "Which activity are you asking about?" — before answering.

Height or age requirements: frame casually as safety. "Yeah, it's just a safety thing — they need to be at least fifty four inches for the main track."

Frustrated callers: listen, validate ("Yeah no, I totally get that"), then offer what you can from the context. If you can't resolve it: "Honestly, best thing is to email events dot scb at aerosportsparks dot c a or call back and ask for a supervisor — they'll sort it out." Never promise a fix you can't deliver.
</handling_specific_situations>

<location_and_hours>
We're on Birchmount Road in Scarborough. Park hours: Monday to Thursday ten to eight, Friday and Saturday ten to ten, Sunday ten to nine. Only mention hours if the caller asks.
</location_and_hours>

CURRENT TIME: Sunday, April 19, 2026 at 01:46 PM (Eastern Time)

KNOWLEDGE BASE CONTEXT:

[1] (source: chatbot_quick_replies.md)
## What Age

**Sample question:** What age can kids come?

**Response:** All ages are welcome! As long as your child can walk, they can jump. Kids under 2 get in free with a paying adult. We also have Toddler Time on Saturday mornings from 9 to 10 AM exclusively for ages 5 and under at $15.90, and one parent jumps free.

[2] (source: park_rules.md)
## Hiring Age

We hire 16 years old and older.

[3] (source: voice_call_scripts.md)
## Greeting

> Thank you for calling AeroSports Scarborough! How can I help you today?

*Note: Use warm, upbeat tone*

[4] (source: park_rules.md)
## Photo ID

Anyone 18 or older can sign the waiver for themselves with a valid photo ID that includes a picture and date of birth.

[5] (source: voice_call_scripts.md)
## Hold

> One moment while I look that up for you.

*Note: Use when retrieving info*

[6] (source: park_rules.md)
## Waivers

All jumpers must have a completed liability waiver on file. Anyone under 18 must have the waiver signed by a parent or legal guardian. Fill out the waiver online at waiver.roller.app/aerosportsscarborough or complete it on site.

[7] (source: chatbot_quick_replies.md)
## How Much

**Sample question:** How much does it cost?

**Response:** A 90-minute Premium Jump Pass is $24.90 and a 120-minute VIP Jump Pass is $29.90. The All Day Pass is $39.90. AeroSports grip socks are required and cost $3.99 but are reusable. All prices are plus tax. Go karting is separate starting at $9.90. Would you like to book?


--- msg[1]  role=user ---
Alright.
────────────────────────────────────────────

[2026-04-19 13:46:21.691] [LLM_RAW_RESPONSE] [Turn #1]
────────────────────────────────────────────
How can I help you today? 
────────────────────────────────────────────

[2026-04-19 13:46:21.691] [FINAL_RESPONSE_TO_CALLER] [Turn #1]
────────────────────────────────────────────
How can I help you today?
────────────────────────────────────────────

[2026-04-19 13:46:23.157] [INCOMING_TRANSCRIPT] [Turn #2]
────────────────────────────────────────────
How much is, uh, for, uh, children 1 children? How much is the ticket?
────────────────────────────────────────────

[2026-04-19 13:46:23.571] [REFINED_QUERY] [Turn #2]
────────────────────────────────────────────
Original : How much is, uh, for, uh, children 1 children? How much is the ticket?
Refined  : What is the cost of a ticket for one child at AeroSports Scarborough?
────────────────────────────────────────────

[2026-04-19 13:46:23.754] [RAG_RESULTS] [Turn #2]
────────────────────────────────────────────
Retrieved 7 document(s):

[1]  score=0.6426176641811344  source=faqs.md
**Q: Do you have any current promotions or deals?**

A: Check our website or ask us about current promotions. We run monthly specials including birthday party discounts and seasonal deals.

**Q: Is there a special needs program?**

A: Yes! We offer a special needs program during all operating hours for $19.90. It includes 120 minutes of play time. One support worker is admitted free with a signed waiver. Go kart races are not included.

**Q: What is glow night at Scarborough?**

A: At AeroSports…

[2]  score=0.6338276863098145  source=faqs.md
## General

**Q: Are AeroSports jump socks required?**

A: Yes, AeroSports socks are required at all locations. Jump socks are available for $3.99 + tax. They are reusable, so keep yours for future visits!

**Q: Is there a weight limit for the trampolines?**

A: Our trampolines have a 300-pound weight limit.

**Q: Are waivers required? Can they be filled out online?**

A: Waivers are required for every guest to the park including non-jumpers. You can fill out the waiver online before you arrive …

[3]  score=0.6033166174073998  source=faqs.md
## Go Karting

**Q: Do you have single and dual karts?**

A: Yes! We have a mini track for kids as young as 3, and a big track with both single and dual rider karts.

**Q: What's the minimum height requirement for go karting?**

A: Mini Track: 36 inches. Main Track (driver): 54 inches. Dual Kart (passenger): 36 inches.

**Q: Do I need a jump pass for go karting?**

A: No! You can buy standalone go karting races without a jump pass.

**Q: Do both driver and passenger need a race pass?**

A: Yes, …

[4]  score=0.5779345035552979  source=birthday_parties.md
## All Packages

AeroSports Scarborough offers 3 birthday party packages: Premium ($39.90/jumper), VIP ($44.90/jumper), and Ultimate ($59.90/jumper). All require a minimum of 10 jumpers. All include pizza, drinks, a private party room, a glow t-shirt, digital invitations, and a FREE 60-min add-on pass for guest jumpers.

**What Upgrades From Premium To Vip:** Upgrading from Premium to VIP adds: 15 more minutes of jump time (90 vs 75), 15 more minutes of room time (60 vs 45), a water bottle in ad…

[5]  score=0.5455039143562317  source=location_info.md
## Important Links

- **Booking URL:** https://ecom.roller.app/aerosportsscarborough/products/en/home
- **Birthday Booking URL:** https://ecom.roller.app/aerosportsscarborough/birthdayparties/en/products
- **Waiver URL:** https://waiver.roller.app/aerosportsscarborough/
- **Google Maps:** https://g.page/AeroSports-scarborough
- **Birthday Invitations:** https://aerosportsinvitation.netlify.app/invitationscarborough

[6]  score=0.534654493969147  source=location_info.md
## Contact Information

- **Location Name:** AeroSports Scarborough
- **Address:** 1120 Birchmount Rd, Scarborough, ON M1K 5G4
- **Phone:** 289-454-5555
- **Park Extension:** 3
- **Email:** events.scb@aerosportsparks.ca
- **Contact Manager:** Scott/Rachit
- **Website:** https://www.aerosportsparks.ca

[7]  score=0.5245125606365547  source=location_info.md
## Hours of Operation

- **Hours - Sun to Thur:** 10am to 8pm
- **Hours - Fri to Sat:** 10am to 10pm
────────────────────────────────────────────

[2026-04-19 13:46:23.754] [LLM_CONTEXT] [Turn #2]
────────────────────────────────────────────
4 message(s):

--- msg[0]  role=system ---
<identity>
You are Rajan, a front desk staff member at AeroSports Scarborough trampoline park, answering inbound phone calls. You are a person, not an AI. If confused, respond like Dan would: "Sorry, I didn't quite catch that — what can I help you with?"
</identity>

<core_rules>
These rules are absolute. They override everything else.

1. FACTS COME ONLY FROM THE KNOWLEDGE BASE CONTEXT BELOW. If a price, package, policy, promotion, hour, or detail is not written in the context, you do not know it. Do not guess, estimate, approximate, or fill in from memory. When you don't have something, say: "Hmm, I'm not sure on that one — best thing is to call us at two eight nine, four five four, five five five five and ask for a supervisor."

2. YOU CANNOT LOOK ANYTHING UP. You have no system, no database, no booking records. Never say "let me check" or "let me pull that up" or "I see your booking." If a caller asks about an existing booking, just acknowledge briefly ("Oh okay, sure" or "Got it") and wait — the team will take it from there.

3. ONE FACT AT A TIME. Answer the specific question asked. Don't combine entries, don't dump multiple packages, don't volunteer information they didn't ask for.

4. UNKNOWN TERMS ARE UNKNOWN. If a caller uses a product name, card name, or term that doesn't appear verbatim in the context ("blue card," "gold pass," etc.), say you're not sure what that is. Never map it to something that sounds similar.
</core_rules>

<voice_style>
Every word you write will be spoken aloud by a TTS engine. Write for the ear.

- No markdown, no bullets, no asterisks, no headers, no brackets, no lists.
- Short sentences. Use commas and periods for natural pauses.
- Spell out addresses, emails, and phone numbers: "aerosportsparks dot c a", "events dot scb at aerosportsparks dot c a", "two eight nine, four five four, five five five five."
- Prices: say "nineteen ninety plus tax," not "nineteen dollars and ninety cents." Always add "plus tax" after a price.
</voice_style>

<tone>
Talk like a busy front desk staff member, not a corporate assistant. Warm but efficient.

Use contractions and natural fillers: "yeah," "okay so," "for sure," "no worries," "gotcha," "perfect," "sounds good," "let me see."

Keep replies to one to three sentences unless the caller explicitly asks for a full breakdown.

Never say: "Great question," "I'd be happy to help," "Thank you for your inquiry," "Is there anything else I can assist you with," or any other call-center phrasing. Never open with "How may I assist you today" — just "How can I help you?"

Acknowledge personal details briefly and move on. If someone mentions a birthday: "Oh nice, happy birthday to them!" then answer.
</tone>

<handling_specific_situations>
Existing bookings — when a caller mentions a booking, party, or reservation they already have (wants to change, cancel, reschedule, or ask about it):

Do NOT try to help with the booking itself. Do NOT ask for booking details, dates, package types, or confirmation numbers. Do NOT quote rescheduling or cancellation policies.

Instead, collect two things and end the call:

1. First, acknowledge warmly: "Oh okay, no problem — I can have someone from our team call you back to sort that out. Can I grab your name?"

2. After they give their name, ask briefly: "And just so I can let them know — what are you looking to change?" Keep it to one short question.
3. Then confirm and wrap up: "Perfect, thanks [name]. Someone will give you a call back shortly to get that sorted. Have a good one!"

Do not ask for their phone number — we already have it. Do not ask follow-up questions about the booking. Do not offer to look anything up. Three turns max, then the call ends.

New birthday party bookings: ask "Do you already know which package you'd like?" If not, explain the packages from the context. If yes, say "Perfect, let me connect you with our team to get that booked."

General pricing questions ("how much does it cost"): ask one short clarifying question — "Which activity are you asking about?" — before answering.

Height or age requirements: frame casually as safety. "Yeah, it's just a safety thing — they need to be at least fifty four inches for the main track."

Frustrated callers: listen, validate ("Yeah no, I totally get that"), then offer what you can from the context. If you can't resolve it: "Honestly, best thing is to email events dot scb at aerosportsparks dot c a or call back and ask for a supervisor — they'll sort it out." Never promise a fix you can't deliver.
</handling_specific_situations>

<location_and_hours>
We're on Birchmount Road in Scarborough. Park hours: Monday to Thursday ten to eight, Friday and Saturday ten to ten, Sunday ten to nine. Only mention hours if the caller asks.
</location_and_hours>

CURRENT TIME: Sunday, April 19, 2026 at 01:46 PM (Eastern Time)

KNOWLEDGE BASE CONTEXT:

[1] (source: faqs.md)
**Q: Do you have any current promotions or deals?**

A: Check our website or ask us about current promotions. We run monthly specials including birthday party discounts and seasonal deals.

**Q: Is there a special needs program?**

A: Yes! We offer a special needs program during all operating hours for $19.90. It includes 120 minutes of play time. One support worker is admitted free with a signed waiver. Go kart races are not included.

**Q: What is glow night at Scarborough?**

A: At AeroSports Scarborough, we have glow in the dark all the time during regular operating hours. The neon lights and glow effects are always on, so you can enjoy the glow experience any time you visit at no extra cost.

**Q: Can I host a corporate event or team building activity?**

A: Yes! We offer corporate and team party packages perfect for team building, milestone celebrations, and employee rewards. Call us at 289-454-5555 or email events.scb@aerosportsparks.ca to customize your event.

**Q: Can schools book field trips at AeroSports?**

A: Absolutely! We welcome school groups, church groups, sports teams, and youth organizations. Minimum 15 people. Call 289-454-5555 or email events.scb@aerosportsparks.ca to book.

**Q: Can I rent the whole facility for a private event?**

A: Yes, we offer full facility rentals. Weekday rentals are $4,000 per hour and weekend rentals are $5,000 per hour. Capacity is up to 220 jumpers with exclusive access to the entire facility including unlimited go karting.

[2] (source: faqs.md)
## General

**Q: Are AeroSports jump socks required?**

A: Yes, AeroSports socks are required at all locations. Jump socks are available for $3.99 + tax. They are reusable, so keep yours for future visits!

**Q: Is there a weight limit for the trampolines?**

A: Our trampolines have a 300-pound weight limit.

**Q: Are waivers required? Can they be filled out online?**

A: Waivers are required for every guest to the park including non-jumpers. You can fill out the waiver online before you arrive to reduce check-in time. Children under 18 must have the waiver signed by a parent or legal guardian.

**Q: Can I leave my child(ren) unattended?**

A: Children under 12 cannot be dropped off without an adult present. While every child under 18 needs a parent or legal guardian to sign the waiver, please ensure all children understand the park rules before dropping them off.

**Q: Do spectators have to pay to watch jumpers?**

A: Non-jumpers are never charged admission. Only jumpers pay for general admission.

**Q: Do you have food available to purchase?**

A: Yes! We have a fully stocked Snack Shack serving delicious treats.

**Q: What days are the least busy?**

A: Weekends are our busiest days. Mondays and Tuesdays are usually less busy.

**Q: Can my small child come to the park?**

A: As long as the child can walk, they can jump!

**Q: Do you sell gift cards?**

A: Yes! Purchase a physical gift card at the park or buy one online.

**Q: Do jump cards expire?**

A: No, our jump cards never expire and can be used by different jumpers.

**Q: When are refunds processed?**

A: Refunds take 3-5 business days to reflect in your bank account.

**Q: What attractions do you have in the park?**

A: We have trampoines, ninja warrior obstacle course, ninja maze, donut slide, 360 bike, Go Karting, dodgeball area in trampoline, rock walls, airbags, laser tag, mini golf, bazooka ball

**Q: What is included in the jump pass price?**

A: Your jump pass includes access to all attractions in the park like trampolines, dodgeball, rock walls, ninja course, slam basketball, 360 bicycle, slides, jump tower, and ninja maze. laser tag, mini golf, bazooka ball, go karts are the attractions not included in your premium, vip and all day jump passes and needs a separate ticket or add-on.

**Q: What is the address of AeroSports Scarborough?**

A: We are located at 1120 Birchmount Rd, Scarborough, Ontario, M1K 5G4. You can find us on Google Maps by searching AeroSports Scarborough.

**Q: What are your hours of operation?**

A: We are open Sunday to Thursday from 10am to 8pm, and Friday to Saturday from 10am to 10pm.

**Q: How do I book online?**

A: You can book your jump passes online at ecom.roller.app/aerosportsscarborough. For birthday parties, visit the birthday booking page on our website or call us at 289-454-5555.

**Q: Do you have any current promotions or deals?**

A: Check our website or ask us about current promotions. We run monthly specials including birthday party discounts and seasonal deals.

**Q: Is there a special needs program?**

A: Yes! We offer a special needs program during all operating hours for $19.90. It includes 120 minutes of play time. One support worker is admitted free with a signed waiver. Go kart races are not included.

**Q: What is glow night at Scarborough?**

A: At AeroSports Scarborough, we have glow in the dark all the time during regular operating hours. The neon lights and glow effects are always on, so you can enjoy the glow experience any time you visit at no extra cost.

**Q: Can I host a corporate event or team building activity?**

A: Yes! We offer corporate and team party packages perfect for team building, milestone celebrations, and employee rewards.

[3] (source: faqs.md)
## Go Karting

**Q: Do you have single and dual karts?**

A: Yes! We have a mini track for kids as young as 3, and a big track with both single and dual rider karts.

**Q: What's the minimum height requirement for go karting?**

A: Mini Track: 36 inches. Main Track (driver): 54 inches. Dual Kart (passenger): 36 inches.

**Q: Do I need a jump pass for go karting?**

A: No! You can buy standalone go karting races without a jump pass.

**Q: Do both driver and passenger need a race pass?**

A: Yes, every customer participating in go karting needs a valid race pass.

**Q: Are AeroSports socks required for go karting?**

A: Closed-toed shoes are required on the track. AeroSports socks are required for all other attractions.

**Q: Can I book a specific time slot for go karting?**

A: Yes you can, if you haven't booked online, it will be first come first served, but you can book a time slot in person as well.

**Q: What is Glow?**

A: At Scarborough, we have glow in the dark at ALL times! The main arena features laser lights and LED lights for an amazing experience.

**Q: How tall do you have to be for go karting?**

A: For the main track, drivers must be at least 54 inches tall. For the mini track, riders must be at least 36 inches tall. Closed-toed shoes are required for all go kart riders.

**Q: How much does go karting cost?**

A: A standalone go kart race on the main track is $19.90 and the mini track is $9.90. If you already have a jump pass, add-on races are $9.90 for the main track and $4.90 for the mini track. Each race is up to 10 laps.

[4] (source: birthday_parties.md)
## All Packages

AeroSports Scarborough offers 3 birthday party packages: Premium ($39.90/jumper), VIP ($44.90/jumper), and Ultimate ($59.90/jumper). All require a minimum of 10 jumpers. All include pizza, drinks, a private party room, a glow t-shirt, digital invitations, and a FREE 60-min add-on pass for guest jumpers.

**What Upgrades From Premium To Vip:** Upgrading from Premium to VIP adds: 15 more minutes of jump time (90 vs 75), 15 more minutes of room time (60 vs 45), a water bottle in addition to the juice box, and 50% off socks ($2.00 instead of $3.99). Cost difference is $5 per jumper ($50 more for 10 jumpers).

**What Upgrades From Vip To Ultimate:** Upgrading from VIP to Ultimate adds: 30 more minutes of jump time (120 vs 90), go karting included for every jumper, FREE socks for all jumpers, FREE physical invitations, a FREE 30-Day pass for the birthday child (instead of 60-min), the $50 outside food fee is waived, and drinks include pop as an option. Cost difference is $15 per jumper ($150 more for 10 jumpers).

**Best Value:** The Ultimate Party offers the most value with go karting alone worth $9.90/jumper ($99 for 10 kids), plus free socks ($3.99/jumper = $39.90 for 10), and the waived $50 outside food fee. That is roughly $189 in extras for $150 more than VIP.

[5] (source: location_info.md)
## Important Links

- **Booking URL:** https://ecom.roller.app/aerosportsscarborough/products/en/home
- **Birthday Booking URL:** https://ecom.roller.app/aerosportsscarborough/birthdayparties/en/products
- **Waiver URL:** https://waiver.roller.app/aerosportsscarborough/
- **Google Maps:** https://g.page/AeroSports-scarborough
- **Birthday Invitations:** https://aerosportsinvitation.netlify.app/invitationscarborough

[6] (source: location_info.md)
## Contact Information

- **Location Name:** AeroSports Scarborough
- **Address:** 1120 Birchmount Rd, Scarborough, ON M1K 5G4
- **Phone:** 289-454-5555
- **Park Extension:** 3
- **Email:** events.scb@aerosportsparks.ca
- **Contact Manager:** Scott/Rachit
- **Website:** https://www.aerosportsparks.ca

[7] (source: location_info.md)
## Hours of Operation

- **Hours - Sun to Thur:** 10am to 8pm
- **Hours - Fri to Sat:** 10am to 10pm


--- msg[1]  role=user ---
Alright.

--- msg[2]  role=assistant ---
How can I help you today?

--- msg[3]  role=user ---
How much is, uh, for, uh, children 1 children? How much is the ticket?
────────────────────────────────────────────

[2026-04-19 13:46:25.467] [LLM_RAW_RESPONSE] [Turn #2]
────────────────────────────────────────────
Which activity are you asking about?  [INTERRUPTED]
────────────────────────────────────────────

[2026-04-19 13:46:25.467] [FINAL_RESPONSE_TO_CALLER] [Turn #2]
────────────────────────────────────────────
Which activity are you asking about? [INTERRUPTED]
────────────────────────────────────────────

[2026-04-19 13:46:27.057] [INCOMING_TRANSCRIPT] [Turn #3]
────────────────────────────────────────────
For children?
────────────────────────────────────────────

[2026-04-19 13:46:27.469] [REFINED_QUERY] [Turn #3]
────────────────────────────────────────────
Original : For children?
Refined  : What is the cost of a ticket for one child at AeroSports Scarborough?
────────────────────────────────────────────

[2026-04-19 13:46:27.643] [RAG_RESULTS] [Turn #3]
────────────────────────────────────────────
Retrieved 7 document(s):

[1]  score=0.6426176641811344  source=faqs.md
**Q: Do you have any current promotions or deals?**

A: Check our website or ask us about current promotions. We run monthly specials including birthday party discounts and seasonal deals.

**Q: Is there a special needs program?**

A: Yes! We offer a special needs program during all operating hours for $19.90. It includes 120 minutes of play time. One support worker is admitted free with a signed waiver. Go kart races are not included.

**Q: What is glow night at Scarborough?**

A: At AeroSports…

[2]  score=0.6338276863098145  source=faqs.md
## General

**Q: Are AeroSports jump socks required?**

A: Yes, AeroSports socks are required at all locations. Jump socks are available for $3.99 + tax. They are reusable, so keep yours for future visits!

**Q: Is there a weight limit for the trampolines?**

A: Our trampolines have a 300-pound weight limit.

**Q: Are waivers required? Can they be filled out online?**

A: Waivers are required for every guest to the park including non-jumpers. You can fill out the waiver online before you arrive …

[3]  score=0.6033166174073998  source=faqs.md
## Go Karting

**Q: Do you have single and dual karts?**

A: Yes! We have a mini track for kids as young as 3, and a big track with both single and dual rider karts.

**Q: What's the minimum height requirement for go karting?**

A: Mini Track: 36 inches. Main Track (driver): 54 inches. Dual Kart (passenger): 36 inches.

**Q: Do I need a jump pass for go karting?**

A: No! You can buy standalone go karting races without a jump pass.

**Q: Do both driver and passenger need a race pass?**

A: Yes, …

[4]  score=0.5779345035552979  source=birthday_parties.md
## All Packages

AeroSports Scarborough offers 3 birthday party packages: Premium ($39.90/jumper), VIP ($44.90/jumper), and Ultimate ($59.90/jumper). All require a minimum of 10 jumpers. All include pizza, drinks, a private party room, a glow t-shirt, digital invitations, and a FREE 60-min add-on pass for guest jumpers.

**What Upgrades From Premium To Vip:** Upgrading from Premium to VIP adds: 15 more minutes of jump time (90 vs 75), 15 more minutes of room time (60 vs 45), a water bottle in ad…

[5]  score=0.5455039143562317  source=location_info.md
## Important Links

- **Booking URL:** https://ecom.roller.app/aerosportsscarborough/products/en/home
- **Birthday Booking URL:** https://ecom.roller.app/aerosportsscarborough/birthdayparties/en/products
- **Waiver URL:** https://waiver.roller.app/aerosportsscarborough/
- **Google Maps:** https://g.page/AeroSports-scarborough
- **Birthday Invitations:** https://aerosportsinvitation.netlify.app/invitationscarborough

[6]  score=0.534654493969147  source=location_info.md
## Contact Information

- **Location Name:** AeroSports Scarborough
- **Address:** 1120 Birchmount Rd, Scarborough, ON M1K 5G4
- **Phone:** 289-454-5555
- **Park Extension:** 3
- **Email:** events.scb@aerosportsparks.ca
- **Contact Manager:** Scott/Rachit
- **Website:** https://www.aerosportsparks.ca

[7]  score=0.5245125606365547  source=location_info.md
## Hours of Operation

- **Hours - Sun to Thur:** 10am to 8pm
- **Hours - Fri to Sat:** 10am to 10pm
────────────────────────────────────────────

[2026-04-19 13:46:27.643] [LLM_CONTEXT] [Turn #3]
────────────────────────────────────────────
6 message(s):

--- msg[0]  role=system ---
<identity>
You are Rajan, a front desk staff member at AeroSports Scarborough trampoline park, answering inbound phone calls. You are a person, not an AI. If confused, respond like Dan would: "Sorry, I didn't quite catch that — what can I help you with?"
</identity>

<core_rules>
These rules are absolute. They override everything else.

1. FACTS COME ONLY FROM THE KNOWLEDGE BASE CONTEXT BELOW. If a price, package, policy, promotion, hour, or detail is not written in the context, you do not know it. Do not guess, estimate, approximate, or fill in from memory. When you don't have something, say: "Hmm, I'm not sure on that one — best thing is to call us at two eight nine, four five four, five five five five and ask for a supervisor."

2. YOU CANNOT LOOK ANYTHING UP. You have no system, no database, no booking records. Never say "let me check" or "let me pull that up" or "I see your booking." If a caller asks about an existing booking, just acknowledge briefly ("Oh okay, sure" or "Got it") and wait — the team will take it from there.

3. ONE FACT AT A TIME. Answer the specific question asked. Don't combine entries, don't dump multiple packages, don't volunteer information they didn't ask for.

4. UNKNOWN TERMS ARE UNKNOWN. If a caller uses a product name, card name, or term that doesn't appear verbatim in the context ("blue card," "gold pass," etc.), say you're not sure what that is. Never map it to something that sounds similar.
</core_rules>

<voice_style>
Every word you write will be spoken aloud by a TTS engine. Write for the ear.

- No markdown, no bullets, no asterisks, no headers, no brackets, no lists.
- Short sentences. Use commas and periods for natural pauses.
- Spell out addresses, emails, and phone numbers: "aerosportsparks dot c a", "events dot scb at aerosportsparks dot c a", "two eight nine, four five four, five five five five."
- Prices: say "nineteen ninety plus tax," not "nineteen dollars and ninety cents." Always add "plus tax" after a price.
</voice_style>

<tone>
Talk like a busy front desk staff member, not a corporate assistant. Warm but efficient.

Use contractions and natural fillers: "yeah," "okay so," "for sure," "no worries," "gotcha," "perfect," "sounds good," "let me see."

Keep replies to one to three sentences unless the caller explicitly asks for a full breakdown.

Never say: "Great question," "I'd be happy to help," "Thank you for your inquiry," "Is there anything else I can assist you with," or any other call-center phrasing. Never open with "How may I assist you today" — just "How can I help you?"

Acknowledge personal details briefly and move on. If someone mentions a birthday: "Oh nice, happy birthday to them!" then answer.
</tone>

<handling_specific_situations>
Existing bookings — when a caller mentions a booking, party, or reservation they already have (wants to change, cancel, reschedule, or ask about it):

Do NOT try to help with the booking itself. Do NOT ask for booking details, dates, package types, or confirmation numbers. Do NOT quote rescheduling or cancellation policies.

Instead, collect two things and end the call:

1. First, acknowledge warmly: "Oh okay, no problem — I can have someone from our team call you back to sort that out. Can I grab your name?"

2. After they give their name, ask briefly: "And just so I can let them know — what are you looking to change?" Keep it to one short question.
3. Then confirm and wrap up: "Perfect, thanks [name]. Someone will give you a call back shortly to get that sorted. Have a good one!"

Do not ask for their phone number — we already have it. Do not ask follow-up questions about the booking. Do not offer to look anything up. Three turns max, then the call ends.

New birthday party bookings: ask "Do you already know which package you'd like?" If not, explain the packages from the context. If yes, say "Perfect, let me connect you with our team to get that booked."

General pricing questions ("how much does it cost"): ask one short clarifying question — "Which activity are you asking about?" — before answering.

Height or age requirements: frame casually as safety. "Yeah, it's just a safety thing — they need to be at least fifty four inches for the main track."

Frustrated callers: listen, validate ("Yeah no, I totally get that"), then offer what you can from the context. If you can't resolve it: "Honestly, best thing is to email events dot scb at aerosportsparks dot c a or call back and ask for a supervisor — they'll sort it out." Never promise a fix you can't deliver.
</handling_specific_situations>

<location_and_hours>
We're on Birchmount Road in Scarborough. Park hours: Monday to Thursday ten to eight, Friday and Saturday ten to ten, Sunday ten to nine. Only mention hours if the caller asks.
</location_and_hours>

CURRENT TIME: Sunday, April 19, 2026 at 01:46 PM (Eastern Time)

KNOWLEDGE BASE CONTEXT:

[1] (source: faqs.md)
**Q: Do you have any current promotions or deals?**

A: Check our website or ask us about current promotions. We run monthly specials including birthday party discounts and seasonal deals.

**Q: Is there a special needs program?**

A: Yes! We offer a special needs program during all operating hours for $19.90. It includes 120 minutes of play time. One support worker is admitted free with a signed waiver. Go kart races are not included.

**Q: What is glow night at Scarborough?**

A: At AeroSports Scarborough, we have glow in the dark all the time during regular operating hours. The neon lights and glow effects are always on, so you can enjoy the glow experience any time you visit at no extra cost.

**Q: Can I host a corporate event or team building activity?**

A: Yes! We offer corporate and team party packages perfect for team building, milestone celebrations, and employee rewards. Call us at 289-454-5555 or email events.scb@aerosportsparks.ca to customize your event.

**Q: Can schools book field trips at AeroSports?**

A: Absolutely! We welcome school groups, church groups, sports teams, and youth organizations. Minimum 15 people. Call 289-454-5555 or email events.scb@aerosportsparks.ca to book.

**Q: Can I rent the whole facility for a private event?**

A: Yes, we offer full facility rentals. Weekday rentals are $4,000 per hour and weekend rentals are $5,000 per hour. Capacity is up to 220 jumpers with exclusive access to the entire facility including unlimited go karting.

[2] (source: faqs.md)
## General

**Q: Are AeroSports jump socks required?**

A: Yes, AeroSports socks are required at all locations. Jump socks are available for $3.99 + tax. They are reusable, so keep yours for future visits!

**Q: Is there a weight limit for the trampolines?**

A: Our trampolines have a 300-pound weight limit.

**Q: Are waivers required? Can they be filled out online?**

A: Waivers are required for every guest to the park including non-jumpers. You can fill out the waiver online before you arrive to reduce check-in time. Children under 18 must have the waiver signed by a parent or legal guardian.

**Q: Can I leave my child(ren) unattended?**

A: Children under 12 cannot be dropped off without an adult present. While every child under 18 needs a parent or legal guardian to sign the waiver, please ensure all children understand the park rules before dropping them off.

**Q: Do spectators have to pay to watch jumpers?**

A: Non-jumpers are never charged admission. Only jumpers pay for general admission.

**Q: Do you have food available to purchase?**

A: Yes! We have a fully stocked Snack Shack serving delicious treats.

**Q: What days are the least busy?**

A: Weekends are our busiest days. Mondays and Tuesdays are usually less busy.

**Q: Can my small child come to the park?**

A: As long as the child can walk, they can jump!

**Q: Do you sell gift cards?**

A: Yes! Purchase a physical gift card at the park or buy one online.

**Q: Do jump cards expire?**

A: No, our jump cards never expire and can be used by different jumpers.

**Q: When are refunds processed?**

A: Refunds take 3-5 business days to reflect in your bank account.

**Q: What attractions do you have in the park?**

A: We have trampoines, ninja warrior obstacle course, ninja maze, donut slide, 360 bike, Go Karting, dodgeball area in trampoline, rock walls, airbags, laser tag, mini golf, bazooka ball

**Q: What is included in the jump pass price?**

A: Your jump pass includes access to all attractions in the park like trampolines, dodgeball, rock walls, ninja course, slam basketball, 360 bicycle, slides, jump tower, and ninja maze. laser tag, mini golf, bazooka ball, go karts are the attractions not included in your premium, vip and all day jump passes and needs a separate ticket or add-on.

**Q: What is the address of AeroSports Scarborough?**

A: We are located at 1120 Birchmount Rd, Scarborough, Ontario, M1K 5G4. You can find us on Google Maps by searching AeroSports Scarborough.

**Q: What are your hours of operation?**

A: We are open Sunday to Thursday from 10am to 8pm, and Friday to Saturday from 10am to 10pm.

**Q: How do I book online?**

A: You can book your jump passes online at ecom.roller.app/aerosportsscarborough. For birthday parties, visit the birthday booking page on our website or call us at 289-454-5555.

**Q: Do you have any current promotions or deals?**

A: Check our website or ask us about current promotions. We run monthly specials including birthday party discounts and seasonal deals.

**Q: Is there a special needs program?**

A: Yes! We offer a special needs program during all operating hours for $19.90. It includes 120 minutes of play time. One support worker is admitted free with a signed waiver. Go kart races are not included.

**Q: What is glow night at Scarborough?**

A: At AeroSports Scarborough, we have glow in the dark all the time during regular operating hours. The neon lights and glow effects are always on, so you can enjoy the glow experience any time you visit at no extra cost.

**Q: Can I host a corporate event or team building activity?**

A: Yes! We offer corporate and team party packages perfect for team building, milestone celebrations, and employee rewards.

[3] (source: faqs.md)
## Go Karting

**Q: Do you have single and dual karts?**

A: Yes! We have a mini track for kids as young as 3, and a big track with both single and dual rider karts.

**Q: What's the minimum height requirement for go karting?**

A: Mini Track: 36 inches. Main Track (driver): 54 inches. Dual Kart (passenger): 36 inches.

**Q: Do I need a jump pass for go karting?**

A: No! You can buy standalone go karting races without a jump pass.

**Q: Do both driver and passenger need a race pass?**

A: Yes, every customer participating in go karting needs a valid race pass.

**Q: Are AeroSports socks required for go karting?**

A: Closed-toed shoes are required on the track. AeroSports socks are required for all other attractions.

**Q: Can I book a specific time slot for go karting?**

A: Yes you can, if you haven't booked online, it will be first come first served, but you can book a time slot in person as well.

**Q: What is Glow?**

A: At Scarborough, we have glow in the dark at ALL times! The main arena features laser lights and LED lights for an amazing experience.

**Q: How tall do you have to be for go karting?**

A: For the main track, drivers must be at least 54 inches tall. For the mini track, riders must be at least 36 inches tall. Closed-toed shoes are required for all go kart riders.

**Q: How much does go karting cost?**

A: A standalone go kart race on the main track is $19.90 and the mini track is $9.90. If you already have a jump pass, add-on races are $9.90 for the main track and $4.90 for the mini track. Each race is up to 10 laps.

[4] (source: birthday_parties.md)
## All Packages

AeroSports Scarborough offers 3 birthday party packages: Premium ($39.90/jumper), VIP ($44.90/jumper), and Ultimate ($59.90/jumper). All require a minimum of 10 jumpers. All include pizza, drinks, a private party room, a glow t-shirt, digital invitations, and a FREE 60-min add-on pass for guest jumpers.

**What Upgrades From Premium To Vip:** Upgrading from Premium to VIP adds: 15 more minutes of jump time (90 vs 75), 15 more minutes of room time (60 vs 45), a water bottle in addition to the juice box, and 50% off socks ($2.00 instead of $3.99). Cost difference is $5 per jumper ($50 more for 10 jumpers).

**What Upgrades From Vip To Ultimate:** Upgrading from VIP to Ultimate adds: 30 more minutes of jump time (120 vs 90), go karting included for every jumper, FREE socks for all jumpers, FREE physical invitations, a FREE 30-Day pass for the birthday child (instead of 60-min), the $50 outside food fee is waived, and drinks include pop as an option. Cost difference is $15 per jumper ($150 more for 10 jumpers).

**Best Value:** The Ultimate Party offers the most value with go karting alone worth $9.90/jumper ($99 for 10 kids), plus free socks ($3.99/jumper = $39.90 for 10), and the waived $50 outside food fee. That is roughly $189 in extras for $150 more than VIP.

[5] (source: location_info.md)
## Important Links

- **Booking URL:** https://ecom.roller.app/aerosportsscarborough/products/en/home
- **Birthday Booking URL:** https://ecom.roller.app/aerosportsscarborough/birthdayparties/en/products
- **Waiver URL:** https://waiver.roller.app/aerosportsscarborough/
- **Google Maps:** https://g.page/AeroSports-scarborough
- **Birthday Invitations:** https://aerosportsinvitation.netlify.app/invitationscarborough

[6] (source: location_info.md)
## Contact Information

- **Location Name:** AeroSports Scarborough
- **Address:** 1120 Birchmount Rd, Scarborough, ON M1K 5G4
- **Phone:** 289-454-5555
- **Park Extension:** 3
- **Email:** events.scb@aerosportsparks.ca
- **Contact Manager:** Scott/Rachit
- **Website:** https://www.aerosportsparks.ca

[7] (source: location_info.md)
## Hours of Operation

- **Hours - Sun to Thur:** 10am to 8pm
- **Hours - Fri to Sat:** 10am to 10pm


--- msg[1]  role=user ---
Alright.

--- msg[2]  role=assistant ---
How can I help you today?

--- msg[3]  role=user ---
How much is, uh, for, uh, children 1 children? How much is the ticket?

--- msg[4]  role=assistant ---
Which activity are you asking about?

--- msg[5]  role=user ---
For children?
────────────────────────────────────────────

[2026-04-19 13:46:28.585] [INCOMING_TRANSCRIPT] [Turn #4]
────────────────────────────────────────────
Hello?
────────────────────────────────────────────

[2026-04-19 13:46:28.585] [REFINED_QUERY] [Turn #4]
────────────────────────────────────────────
Original : Hello?
Refined  : (not run — conversational message) (RAG skipped)
────────────────────────────────────────────

[2026-04-19 13:46:28.585] [RAG_RESULTS] [Turn #4]
────────────────────────────────────────────
(no documents retrieved)
────────────────────────────────────────────

[2026-04-19 13:46:28.585] [LLM_CONTEXT] [Turn #4]
────────────────────────────────────────────
7 message(s):

--- msg[0]  role=system ---
<identity>
You are Rajan, a front desk staff member at AeroSports Scarborough trampoline park, answering inbound phone calls. You are a person, not an AI. If confused, respond like Dan would: "Sorry, I didn't quite catch that — what can I help you with?"
</identity>

<core_rules>
These rules are absolute. They override everything else.

1. FACTS COME ONLY FROM THE KNOWLEDGE BASE CONTEXT BELOW. If a price, package, policy, promotion, hour, or detail is not written in the context, you do not know it. Do not guess, estimate, approximate, or fill in from memory. When you don't have something, say: "Hmm, I'm not sure on that one — best thing is to call us at two eight nine, four five four, five five five five and ask for a supervisor."

2. YOU CANNOT LOOK ANYTHING UP. You have no system, no database, no booking records. Never say "let me check" or "let me pull that up" or "I see your booking." If a caller asks about an existing booking, just acknowledge briefly ("Oh okay, sure" or "Got it") and wait — the team will take it from there.

3. ONE FACT AT A TIME. Answer the specific question asked. Don't combine entries, don't dump multiple packages, don't volunteer information they didn't ask for.

4. UNKNOWN TERMS ARE UNKNOWN. If a caller uses a product name, card name, or term that doesn't appear verbatim in the context ("blue card," "gold pass," etc.), say you're not sure what that is. Never map it to something that sounds similar.
</core_rules>

<voice_style>
Every word you write will be spoken aloud by a TTS engine. Write for the ear.

- No markdown, no bullets, no asterisks, no headers, no brackets, no lists.
- Short sentences. Use commas and periods for natural pauses.
- Spell out addresses, emails, and phone numbers: "aerosportsparks dot c a", "events dot scb at aerosportsparks dot c a", "two eight nine, four five four, five five five five."
- Prices: say "nineteen ninety plus tax," not "nineteen dollars and ninety cents." Always add "plus tax" after a price.
</voice_style>

<tone>
Talk like a busy front desk staff member, not a corporate assistant. Warm but efficient.

Use contractions and natural fillers: "yeah," "okay so," "for sure," "no worries," "gotcha," "perfect," "sounds good," "let me see."

Keep replies to one to three sentences unless the caller explicitly asks for a full breakdown.

Never say: "Great question," "I'd be happy to help," "Thank you for your inquiry," "Is there anything else I can assist you with," or any other call-center phrasing. Never open with "How may I assist you today" — just "How can I help you?"

Acknowledge personal details briefly and move on. If someone mentions a birthday: "Oh nice, happy birthday to them!" then answer.
</tone>

<handling_specific_situations>
Existing bookings — when a caller mentions a booking, party, or reservation they already have (wants to change, cancel, reschedule, or ask about it):

Do NOT try to help with the booking itself. Do NOT ask for booking details, dates, package types, or confirmation numbers. Do NOT quote rescheduling or cancellation policies.

Instead, collect two things and end the call:

1. First, acknowledge warmly: "Oh okay, no problem — I can have someone from our team call you back to sort that out. Can I grab your name?"

2. After they give their name, ask briefly: "And just so I can let them know — what are you looking to change?" Keep it to one short question.
3. Then confirm and wrap up: "Perfect, thanks [name]. Someone will give you a call back shortly to get that sorted. Have a good one!"

Do not ask for their phone number — we already have it. Do not ask follow-up questions about the booking. Do not offer to look anything up. Three turns max, then the call ends.

New birthday party bookings: ask "Do you already know which package you'd like?" If not, explain the packages from the context. If yes, say "Perfect, let me connect you with our team to get that booked."

General pricing questions ("how much does it cost"): ask one short clarifying question — "Which activity are you asking about?" — before answering.

Height or age requirements: frame casually as safety. "Yeah, it's just a safety thing — they need to be at least fifty four inches for the main track."

Frustrated callers: listen, validate ("Yeah no, I totally get that"), then offer what you can from the context. If you can't resolve it: "Honestly, best thing is to email events dot scb at aerosportsparks dot c a or call back and ask for a supervisor — they'll sort it out." Never promise a fix you can't deliver.
</handling_specific_situations>

<location_and_hours>
We're on Birchmount Road in Scarborough. Park hours: Monday to Thursday ten to eight, Friday and Saturday ten to ten, Sunday ten to nine. Only mention hours if the caller asks.
</location_and_hours>

CURRENT TIME: Sunday, April 19, 2026 at 01:46 PM (Eastern Time)

KNOWLEDGE BASE CONTEXT:

No matching context was found for this query. Direct the caller to phone 289-454-5555 or email events.scb@aerosportsparks.ca.

--- msg[1]  role=user ---
Alright.

--- msg[2]  role=assistant ---
How can I help you today?

--- msg[3]  role=user ---
How much is, uh, for, uh, children 1 children? How much is the ticket?

--- msg[4]  role=assistant ---
Which activity are you asking about?

--- msg[5]  role=user ---
For children?

--- msg[6]  role=user ---
Hello?
────────────────────────────────────────────

[2026-04-19 13:46:28.587] [LLM_RAW_RESPONSE] [Turn #4]
────────────────────────────────────────────
 [INTERRUPTED]
────────────────────────────────────────────

[2026-04-19 13:46:28.587] [FINAL_RESPONSE_TO_CALLER] [Turn #4]
────────────────────────────────────────────
 [INTERRUPTED]
────────────────────────────────────────────

[2026-04-19 13:46:29.868] [LLM_RAW_RESPONSE] [Turn #4]
────────────────────────────────────────────
I'm not sure on that one — best thing is to call us at two eight nine, four five four, five five five five and ask for a supervisor. They can give you the details on pricing for kids' activities. No worries! 
────────────────────────────────────────────

[2026-04-19 13:46:29.868] [FINAL_RESPONSE_TO_CALLER] [Turn #4]
────────────────────────────────────────────
I'm not sure on that one — best thing is to call us at two eight nine, four five four, five five five five and ask for a supervisor. They can give you the details on pricing for kids' activities. No worries!
────────────────────────────────────────────

[2026-04-19 13:46:43.858] [INCOMING_TRANSCRIPT] [Turn #5]
────────────────────────────────────────────
Thank you.
────────────────────────────────────────────

[2026-04-19 13:46:43.858] [REFINED_QUERY] [Turn #5]
────────────────────────────────────────────
Original : Thank you.
Refined  : (not run — conversational message) (RAG skipped)
────────────────────────────────────────────

[2026-04-19 13:46:43.858] [RAG_RESULTS] [Turn #5]
────────────────────────────────────────────
(no documents retrieved)
────────────────────────────────────────────

[2026-04-19 13:46:43.858] [LLM_CONTEXT] [Turn #5]
────────────────────────────────────────────
9 message(s):

--- msg[0]  role=system ---
<identity>
You are Rajan, a front desk staff member at AeroSports Scarborough trampoline park, answering inbound phone calls. You are a person, not an AI. If confused, respond like Dan would: "Sorry, I didn't quite catch that — what can I help you with?"
</identity>

<core_rules>
These rules are absolute. They override everything else.

1. FACTS COME ONLY FROM THE KNOWLEDGE BASE CONTEXT BELOW. If a price, package, policy, promotion, hour, or detail is not written in the context, you do not know it. Do not guess, estimate, approximate, or fill in from memory. When you don't have something, say: "Hmm, I'm not sure on that one — best thing is to call us at two eight nine, four five four, five five five five and ask for a supervisor."

2. YOU CANNOT LOOK ANYTHING UP. You have no system, no database, no booking records. Never say "let me check" or "let me pull that up" or "I see your booking." If a caller asks about an existing booking, just acknowledge briefly ("Oh okay, sure" or "Got it") and wait — the team will take it from there.

3. ONE FACT AT A TIME. Answer the specific question asked. Don't combine entries, don't dump multiple packages, don't volunteer information they didn't ask for.

4. UNKNOWN TERMS ARE UNKNOWN. If a caller uses a product name, card name, or term that doesn't appear verbatim in the context ("blue card," "gold pass," etc.), say you're not sure what that is. Never map it to something that sounds similar.
</core_rules>

<voice_style>
Every word you write will be spoken aloud by a TTS engine. Write for the ear.

- No markdown, no bullets, no asterisks, no headers, no brackets, no lists.
- Short sentences. Use commas and periods for natural pauses.
- Spell out addresses, emails, and phone numbers: "aerosportsparks dot c a", "events dot scb at aerosportsparks dot c a", "two eight nine, four five four, five five five five."
- Prices: say "nineteen ninety plus tax," not "nineteen dollars and ninety cents." Always add "plus tax" after a price.
</voice_style>

<tone>
Talk like a busy front desk staff member, not a corporate assistant. Warm but efficient.

Use contractions and natural fillers: "yeah," "okay so," "for sure," "no worries," "gotcha," "perfect," "sounds good," "let me see."

Keep replies to one to three sentences unless the caller explicitly asks for a full breakdown.

Never say: "Great question," "I'd be happy to help," "Thank you for your inquiry," "Is there anything else I can assist you with," or any other call-center phrasing. Never open with "How may I assist you today" — just "How can I help you?"

Acknowledge personal details briefly and move on. If someone mentions a birthday: "Oh nice, happy birthday to them!" then answer.
</tone>

<handling_specific_situations>
Existing bookings — when a caller mentions a booking, party, or reservation they already have (wants to change, cancel, reschedule, or ask about it):

Do NOT try to help with the booking itself. Do NOT ask for booking details, dates, package types, or confirmation numbers. Do NOT quote rescheduling or cancellation policies.

Instead, collect two things and end the call:

1. First, acknowledge warmly: "Oh okay, no problem — I can have someone from our team call you back to sort that out. Can I grab your name?"

2. After they give their name, ask briefly: "And just so I can let them know — what are you looking to change?" Keep it to one short question.
3. Then confirm and wrap up: "Perfect, thanks [name]. Someone will give you a call back shortly to get that sorted. Have a good one!"

Do not ask for their phone number — we already have it. Do not ask follow-up questions about the booking. Do not offer to look anything up. Three turns max, then the call ends.

New birthday party bookings: ask "Do you already know which package you'd like?" If not, explain the packages from the context. If yes, say "Perfect, let me connect you with our team to get that booked."

General pricing questions ("how much does it cost"): ask one short clarifying question — "Which activity are you asking about?" — before answering.

Height or age requirements: frame casually as safety. "Yeah, it's just a safety thing — they need to be at least fifty four inches for the main track."

Frustrated callers: listen, validate ("Yeah no, I totally get that"), then offer what you can from the context. If you can't resolve it: "Honestly, best thing is to email events dot scb at aerosportsparks dot c a or call back and ask for a supervisor — they'll sort it out." Never promise a fix you can't deliver.
</handling_specific_situations>

<location_and_hours>
We're on Birchmount Road in Scarborough. Park hours: Monday to Thursday ten to eight, Friday and Saturday ten to ten, Sunday ten to nine. Only mention hours if the caller asks.
</location_and_hours>

CURRENT TIME: Sunday, April 19, 2026 at 01:46 PM (Eastern Time)

KNOWLEDGE BASE CONTEXT:

No matching context was found for this query. Direct the caller to phone 289-454-5555 or email events.scb@aerosportsparks.ca.

--- msg[1]  role=user ---
Alright.

--- msg[2]  role=assistant ---
How can I help you today?

--- msg[3]  role=user ---
How much is, uh, for, uh, children 1 children? How much is the ticket?

--- msg[4]  role=assistant ---
Which activity are you asking about?

--- msg[5]  role=user ---
For children?

--- msg[6]  role=user ---
Hello?

--- msg[7]  role=assistant ---
I'm not sure on that one — best thing is to call us at two eight nine, four five four, five five five five and ask for a supervisor. They can give you the details on pricing for kids' activities. No worries!

--- msg[8]  role=user ---
Thank you.
────────────────────────────────────────────

[2026-04-19 13:46:44.342] [LLM_RAW_RESPONSE] [Turn #5]
────────────────────────────────────────────
You're welcome! If there's anything else I can help with, just let me know. Otherwise, have a great day! 
────────────────────────────────────────────

[2026-04-19 13:46:44.342] [FINAL_RESPONSE_TO_CALLER] [Turn #5]
────────────────────────────────────────────
You're welcome! If there's anything else I can help with, just let me know. Otherwise, have a great day!
────────────────────────────────────────────

# session ended: 2026-04-19T13:46:51.713
