# Voice Session Pipeline Log
# call_sid : CA947a089ba24b03a3c7323e4b8b31b49d
# started  : 2026-04-22T14:37:04.492
# log_file : /home/aeroscbserver/Documents/rag_pipeline/logs/voice_session_2026-04-22_14-37-04.log

[2026-04-22 14:37:04.492] [INCOMING_TRANSCRIPT] [Turn #1]
────────────────────────────────────────────
Hi. This is Raj. Right?
────────────────────────────────────────────

[2026-04-22 14:37:04.492] [REFINED_QUERY] [Turn #1]
────────────────────────────────────────────
Original : Hi. This is Raj. Right?
Refined  : (unchanged)
────────────────────────────────────────────

[2026-04-22 14:37:05.609] [RAG_RESULTS] [Turn #1]
────────────────────────────────────────────
Retrieved 7 document(s):

[1]  score=0.292665911158013  source=voice_call_scripts.md
## Greeting

> Thank you for calling AeroSports Scarborough! How can I help you today?

*Note: Use warm, upbeat tone*

[2]  score=0.2523135247604442  source=voice_call_scripts.md
## Cannot Answer

> That is a great question. I do not have that specific information right now, but I can have someone from our team get back to you. Can I get your name and phone number?

*Note: Collect callback info when unsure*

[3]  score=0.24664854963406113  source=chatbot_quick_replies.md
## What Age

**Sample question:** What age can kids come?

**Response:** All ages are welcome! As long as your child can walk, they can jump. Kids under 2 get in free with a paying adult. We also have Toddler Time on Saturday mornings from 9 to 10 AM exclusively for ages 5 and under at $15.90, and one parent jumps free.

[4]  score=0.2337165008445532  source=chatbot_quick_replies.md
## How Much

**Sample question:** How much does it cost?

**Response:** A 90-minute Premium Jump Pass is $24.90 and a 120-minute VIP Jump Pass is $29.90. The All Day Pass is $39.90. AeroSports grip socks are required and cost $3.99 but are reusable. All prices are plus tax. Go karting is separate starting at $9.90. Would you like to book?

[5]  score=0.232854322406835  source=voice_call_scripts.md
## Address Response

> We are at 1120 Birchmount Road in Scarborough. The postal code is M1K 5G4.

*Note: Speak address clearly and slowly*

[6]  score=0.23112841990672295  source=chatbot_quick_replies.md
## What To Do

**Sample question:** What can I do at AeroSports Scarborough?

**Response:** AeroSports Scarborough has tons of activities! We have wall-to-wall trampolines, a ninja warrior course, ninja maze, rock climbing walls, dodgeball, slam basketball, a 360 bicycle ride, giant slides, a jump tower, and go karting. Everything except go karting is included in your jump pass.

[7]  score=0.22689418219260027  source=voice_call_scripts.md
## Gokart Overview

> We have go karting on two tracks. The main track is for riders 54 inches or taller and costs $19.90 for a standalone race or $9.90 as an add-on if you already have a jump pass. The mini track is for riders 36 inches or taller and costs $9.90 standalone or $4.90 as an add-on. Each race is up to 10 laps. Just remember you need closed-toed shoes for go karting.

*Note: Mention height requirements clearly*
────────────────────────────────────────────

[2026-04-22 14:37:05.609] [LLM_CONTEXT] [Turn #1]
────────────────────────────────────────────
2 message(s):

--- msg[0]  role=system ---
<identity>
You are Rajan, a front desk staff member at AeroSports Scarborough trampoline park, answering inbound phone calls. You are a person, not an AI. If confused, respond like Dan would: "Sorry, I didn't quite catch that — what can I help you with?"
</identity>

<core_rules>
These rules are absolute. They override everything else.

1. FACTS COME ONLY FROM THE KNOWLEDGE BASE CONTEXT BELOW. If a price, package, policy, promotion, hour, or detail is not written in the context, you do not know it. Do not guess, estimate, approximate, or fill in from memory. When you don't have something, say: "Hmm, I'm not sure on that one — best thing is to call us at two eight nine, four five four, five five five five and ask for a supervisor."

2. YOU CANNOT LOOK ANYTHING UP. You have no system, no database, no booking records. Never say "let me check" or "let me pull that up" or "I see your booking." If a caller asks about an existing booking, just acknowledge briefly ("Oh okay, sure" or "Got it") and wait — the team will take it from there.

3. ONE FACT AT A TIME. Answer the specific question asked. Don't combine entries, don't dump multiple packages, don't volunteer information they didn't ask for.

4. UNKNOWN TERMS ARE UNKNOWN. If a caller uses a product name, card name, or term that doesn't appear verbatim in the context ("blue card," "gold pass," etc.), say you're not sure what that is. Never map it to something that sounds similar.
</core_rules>

<voice_style>
Every word you write will be spoken aloud by a TTS engine. Write for the ear.

- No markdown, no bullets, no asterisks, no headers, no brackets, no lists.
- Short sentences. Use commas and periods for natural pauses.
- Spell out addresses, emails, and phone numbers: "aerosportsparks dot c a", "events dot scb at aerosportsparks dot c a", "two eight nine, four five four, five five five five."
- Prices: say "nineteen ninety plus tax," not "nineteen dollars and ninety cents." Always add "plus tax" after a price.
</voice_style>

<tone>
Talk like a busy front desk staff member, not a corporate assistant. Warm but efficient.

Use contractions and natural fillers: "yeah," "okay so," "for sure," "no worries," "gotcha," "perfect," "sounds good," "let me see."

Keep replies to one to three sentences unless the caller explicitly asks for a full breakdown.

Never say: "Great question," "I'd be happy to help," "Thank you for your inquiry," "Is there anything else I can assist you with," or any other call-center phrasing. Never open with "How may I assist you today" — just "How can I help you?"

Acknowledge personal details briefly and move on. If someone mentions a birthday: "Oh nice, happy birthday to them!" then answer.
</tone>

<handling_specific_situations>
Existing bookings — when a caller mentions a booking, party, or reservation they already have (wants to change, cancel, reschedule, or ask about it):

Do NOT try to help with the booking itself. Do NOT ask for booking details, dates, package types, or confirmation numbers. Do NOT quote rescheduling or cancellation policies.

Instead, collect two things and end the call:

1. First, acknowledge warmly: "Oh okay, no problem — I can have someone from our team call you back to sort that out. Can I grab your name?"

2. After they give their name, ask briefly: "And just so I can let them know — what are you looking to change?" Keep it to one short question.
3. Then confirm and wrap up: "Perfect, thanks [name]. Someone will give you a call back shortly to get that sorted. Have a good one!"

Do not ask for their phone number — we already have it. Do not ask follow-up questions about the booking. Do not offer to look anything up. Three turns max, then the call ends.

New birthday party bookings: ask "Do you already know which package you'd like?" If not, explain the packages from the context. If yes, say "Perfect, let me connect you with our team to get that booked."

General pricing questions ("how much does it cost"): ask one short clarifying question — "Which activity are you asking about?" — before answering.

Height or age requirements: frame casually as safety. "Yeah, it's just a safety thing — they need to be at least fifty four inches for the main track."

Frustrated callers: listen, validate ("Yeah no, I totally get that"), then offer what you can from the context. If you can't resolve it: "Honestly, best thing is to email events dot scb at aerosportsparks dot c a or call back and ask for a supervisor — they'll sort it out." Never promise a fix you can't deliver.
</handling_specific_situations>

<location_and_hours>
We're on Birchmount Road in Scarborough. Park hours: Monday to Thursday ten to eight, Friday and Saturday ten to ten, Sunday ten to nine. Only mention hours if the caller asks.
</location_and_hours>

CURRENT TIME: Wednesday, April 22, 2026 at 02:37 PM (Eastern Time)

KNOWLEDGE BASE CONTEXT:

[1] (source: voice_call_scripts.md)
## Greeting

> Thank you for calling AeroSports Scarborough! How can I help you today?

*Note: Use warm, upbeat tone*

[2] (source: voice_call_scripts.md)
## Cannot Answer

> That is a great question. I do not have that specific information right now, but I can have someone from our team get back to you. Can I get your name and phone number?

*Note: Collect callback info when unsure*

[3] (source: chatbot_quick_replies.md)
## What Age

**Sample question:** What age can kids come?

**Response:** All ages are welcome! As long as your child can walk, they can jump. Kids under 2 get in free with a paying adult. We also have Toddler Time on Saturday mornings from 9 to 10 AM exclusively for ages 5 and under at $15.90, and one parent jumps free.

[4] (source: chatbot_quick_replies.md)
## How Much

**Sample question:** How much does it cost?

**Response:** A 90-minute Premium Jump Pass is $24.90 and a 120-minute VIP Jump Pass is $29.90. The All Day Pass is $39.90. AeroSports grip socks are required and cost $3.99 but are reusable. All prices are plus tax. Go karting is separate starting at $9.90. Would you like to book?

[5] (source: voice_call_scripts.md)
## Address Response

> We are at 1120 Birchmount Road in Scarborough. The postal code is M1K 5G4.

*Note: Speak address clearly and slowly*

[6] (source: chatbot_quick_replies.md)
## What To Do

**Sample question:** What can I do at AeroSports Scarborough?

**Response:** AeroSports Scarborough has tons of activities! We have wall-to-wall trampolines, a ninja warrior course, ninja maze, rock climbing walls, dodgeball, slam basketball, a 360 bicycle ride, giant slides, a jump tower, and go karting. Everything except go karting is included in your jump pass.

[7] (source: voice_call_scripts.md)
## Gokart Overview

> We have go karting on two tracks. The main track is for riders 54 inches or taller and costs $19.90 for a standalone race or $9.90 as an add-on if you already have a jump pass. The mini track is for riders 36 inches or taller and costs $9.90 standalone or $4.90 as an add-on. Each race is up to 10 laps. Just remember you need closed-toed shoes for go karting.

*Note: Mention height requirements clearly*


--- msg[1]  role=user ---
Hi. This is Raj. Right?
────────────────────────────────────────────

[2026-04-22 14:37:07.203] [INCOMING_TRANSCRIPT] [Turn #2]
────────────────────────────────────────────
Hello?
────────────────────────────────────────────

[2026-04-22 14:37:07.203] [REFINED_QUERY] [Turn #2]
────────────────────────────────────────────
Original : Hello?
Refined  : (not run — conversational message) (RAG skipped)
────────────────────────────────────────────

[2026-04-22 14:37:07.203] [RAG_RESULTS] [Turn #2]
────────────────────────────────────────────
(no documents retrieved)
────────────────────────────────────────────

[2026-04-22 14:37:07.203] [LLM_CONTEXT] [Turn #2]
────────────────────────────────────────────
3 message(s):

--- msg[0]  role=system ---
<identity>
You are Rajan, a front desk staff member at AeroSports Scarborough trampoline park, answering inbound phone calls. You are a person, not an AI. If confused, respond like Dan would: "Sorry, I didn't quite catch that — what can I help you with?"
</identity>

<core_rules>
These rules are absolute. They override everything else.

1. FACTS COME ONLY FROM THE KNOWLEDGE BASE CONTEXT BELOW. If a price, package, policy, promotion, hour, or detail is not written in the context, you do not know it. Do not guess, estimate, approximate, or fill in from memory. When you don't have something, say: "Hmm, I'm not sure on that one — best thing is to call us at two eight nine, four five four, five five five five and ask for a supervisor."

2. YOU CANNOT LOOK ANYTHING UP. You have no system, no database, no booking records. Never say "let me check" or "let me pull that up" or "I see your booking." If a caller asks about an existing booking, just acknowledge briefly ("Oh okay, sure" or "Got it") and wait — the team will take it from there.

3. ONE FACT AT A TIME. Answer the specific question asked. Don't combine entries, don't dump multiple packages, don't volunteer information they didn't ask for.

4. UNKNOWN TERMS ARE UNKNOWN. If a caller uses a product name, card name, or term that doesn't appear verbatim in the context ("blue card," "gold pass," etc.), say you're not sure what that is. Never map it to something that sounds similar.
</core_rules>

<voice_style>
Every word you write will be spoken aloud by a TTS engine. Write for the ear.

- No markdown, no bullets, no asterisks, no headers, no brackets, no lists.
- Short sentences. Use commas and periods for natural pauses.
- Spell out addresses, emails, and phone numbers: "aerosportsparks dot c a", "events dot scb at aerosportsparks dot c a", "two eight nine, four five four, five five five five."
- Prices: say "nineteen ninety plus tax," not "nineteen dollars and ninety cents." Always add "plus tax" after a price.
</voice_style>

<tone>
Talk like a busy front desk staff member, not a corporate assistant. Warm but efficient.

Use contractions and natural fillers: "yeah," "okay so," "for sure," "no worries," "gotcha," "perfect," "sounds good," "let me see."

Keep replies to one to three sentences unless the caller explicitly asks for a full breakdown.

Never say: "Great question," "I'd be happy to help," "Thank you for your inquiry," "Is there anything else I can assist you with," or any other call-center phrasing. Never open with "How may I assist you today" — just "How can I help you?"

Acknowledge personal details briefly and move on. If someone mentions a birthday: "Oh nice, happy birthday to them!" then answer.
</tone>

<handling_specific_situations>
Existing bookings — when a caller mentions a booking, party, or reservation they already have (wants to change, cancel, reschedule, or ask about it):

Do NOT try to help with the booking itself. Do NOT ask for booking details, dates, package types, or confirmation numbers. Do NOT quote rescheduling or cancellation policies.

Instead, collect two things and end the call:

1. First, acknowledge warmly: "Oh okay, no problem — I can have someone from our team call you back to sort that out. Can I grab your name?"

2. After they give their name, ask briefly: "And just so I can let them know — what are you looking to change?" Keep it to one short question.
3. Then confirm and wrap up: "Perfect, thanks [name]. Someone will give you a call back shortly to get that sorted. Have a good one!"

Do not ask for their phone number — we already have it. Do not ask follow-up questions about the booking. Do not offer to look anything up. Three turns max, then the call ends.

New birthday party bookings: ask "Do you already know which package you'd like?" If not, explain the packages from the context. If yes, say "Perfect, let me connect you with our team to get that booked."

General pricing questions ("how much does it cost"): ask one short clarifying question — "Which activity are you asking about?" — before answering.

Height or age requirements: frame casually as safety. "Yeah, it's just a safety thing — they need to be at least fifty four inches for the main track."

Frustrated callers: listen, validate ("Yeah no, I totally get that"), then offer what you can from the context. If you can't resolve it: "Honestly, best thing is to email events dot scb at aerosportsparks dot c a or call back and ask for a supervisor — they'll sort it out." Never promise a fix you can't deliver.
</handling_specific_situations>

<location_and_hours>
We're on Birchmount Road in Scarborough. Park hours: Monday to Thursday ten to eight, Friday and Saturday ten to ten, Sunday ten to nine. Only mention hours if the caller asks.
</location_and_hours>

CURRENT TIME: Wednesday, April 22, 2026 at 02:37 PM (Eastern Time)

KNOWLEDGE BASE CONTEXT:

No matching context was found for this query. Direct the caller to phone 289-454-5555 or email events.scb@aerosportsparks.ca.

--- msg[1]  role=user ---
Hi. This is Raj. Right?

--- msg[2]  role=user ---
Hello?
────────────────────────────────────────────

[2026-04-22 14:37:07.204] [LLM_RAW_RESPONSE] [Turn #2]
────────────────────────────────────────────
 [INTERRUPTED]
────────────────────────────────────────────

[2026-04-22 14:37:07.204] [FINAL_RESPONSE_TO_CALLER] [Turn #2]
────────────────────────────────────────────
 [INTERRUPTED]
────────────────────────────────────────────

[2026-04-22 14:37:07.628] [LLM_RAW_RESPONSE] [Turn #2]
────────────────────────────────────────────
How can I help you today? 
────────────────────────────────────────────

[2026-04-22 14:37:07.628] [FINAL_RESPONSE_TO_CALLER] [Turn #2]
────────────────────────────────────────────
How can I help you today?
────────────────────────────────────────────

[2026-04-22 14:37:11.801] [INCOMING_TRANSCRIPT] [Turn #3]
────────────────────────────────────────────
Hi. Can you hear me?
────────────────────────────────────────────

[2026-04-22 14:37:12.257] [REFINED_QUERY] [Turn #3]
────────────────────────────────────────────
Original : Hi. Can you hear me?
Refined  : Can AeroSports Scarborough assist with inquiries or provide information when contacted by a user named Raj?
────────────────────────────────────────────

[2026-04-22 14:37:12.437] [RAG_RESULTS] [Turn #3]
────────────────────────────────────────────
Retrieved 7 document(s):

[1]  score=0.571330947558654  source=location_info.md
## Contact Information

- **Location Name:** AeroSports Scarborough
- **Address:** 1120 Birchmount Rd, Scarborough, ON M1K 5G4
- **Phone:** 289-454-5555
- **Park Extension:** 3
- **Email:** events.scb@aerosportsparks.ca
- **Contact Manager:** Scott/Rachit
- **Website:** https://www.aerosportsparks.ca

[2]  score=0.530286455699244  source=faqs.md
**Q: Do you have any current promotions or deals?**

A: Check our website or ask us about current promotions. We run monthly specials including birthday party discounts and seasonal deals.

**Q: Is there a special needs program?**

A: Yes! We offer a special needs program during all operating hours for $19.90. It includes 120 minutes of play time. One support worker is admitted free with a signed waiver. Go kart races are not included.

**Q: What is glow night at Scarborough?**

A: At AeroSports…

[3]  score=0.5253538459117634  source=location_info.md
## Important Links

- **Booking URL:** https://ecom.roller.app/aerosportsscarborough/products/en/home
- **Birthday Booking URL:** https://ecom.roller.app/aerosportsscarborough/birthdayparties/en/products
- **Waiver URL:** https://waiver.roller.app/aerosportsscarborough/
- **Google Maps:** https://g.page/AeroSports-scarborough
- **Birthday Invitations:** https://aerosportsinvitation.netlify.app/invitationscarborough

[4]  score=0.5066076501351237  source=chatbot_quick_replies.md
## Directions

**Sample question:** Where are you located?

**Response:** We are at 1120 Birchmount Road in Scarborough, ON M1K 5G4. You can find us on Google Maps by searching AeroSports Scarborough. Our phone number is 289-454-5555.

[5]  score=0.5059808485530831  source=faqs.md
## General

**Q: Are AeroSports jump socks required?**

A: Yes, AeroSports socks are required at all locations. Jump socks are available for $3.99 + tax. They are reusable, so keep yours for future visits!

**Q: Is there a weight limit for the trampolines?**

A: Our trampolines have a 300-pound weight limit.

**Q: Are waivers required? Can they be filled out online?**

A: Waivers are required for every guest to the park including non-jumpers. You can fill out the waiver online before you arrive …

[6]  score=0.5014146267524664  source=location_info.md
## Hours of Operation

- **Hours - Sun to Thur:** 10am to 8pm
- **Hours - Fri to Sat:** 10am to 10pm

[7]  score=0.46152540812049825  source=voice_call_scripts.md
## Closing

> Thanks for calling AeroSports Scarborough! We look forward to seeing you. Have a great day!

*Note: Always end on a positive note*
────────────────────────────────────────────

[2026-04-22 14:37:12.437] [LLM_CONTEXT] [Turn #3]
────────────────────────────────────────────
5 message(s):

--- msg[0]  role=system ---
<identity>
You are Rajan, a front desk staff member at AeroSports Scarborough trampoline park, answering inbound phone calls. You are a person, not an AI. If confused, respond like Dan would: "Sorry, I didn't quite catch that — what can I help you with?"
</identity>

<core_rules>
These rules are absolute. They override everything else.

1. FACTS COME ONLY FROM THE KNOWLEDGE BASE CONTEXT BELOW. If a price, package, policy, promotion, hour, or detail is not written in the context, you do not know it. Do not guess, estimate, approximate, or fill in from memory. When you don't have something, say: "Hmm, I'm not sure on that one — best thing is to call us at two eight nine, four five four, five five five five and ask for a supervisor."

2. YOU CANNOT LOOK ANYTHING UP. You have no system, no database, no booking records. Never say "let me check" or "let me pull that up" or "I see your booking." If a caller asks about an existing booking, just acknowledge briefly ("Oh okay, sure" or "Got it") and wait — the team will take it from there.

3. ONE FACT AT A TIME. Answer the specific question asked. Don't combine entries, don't dump multiple packages, don't volunteer information they didn't ask for.

4. UNKNOWN TERMS ARE UNKNOWN. If a caller uses a product name, card name, or term that doesn't appear verbatim in the context ("blue card," "gold pass," etc.), say you're not sure what that is. Never map it to something that sounds similar.
</core_rules>

<voice_style>
Every word you write will be spoken aloud by a TTS engine. Write for the ear.

- No markdown, no bullets, no asterisks, no headers, no brackets, no lists.
- Short sentences. Use commas and periods for natural pauses.
- Spell out addresses, emails, and phone numbers: "aerosportsparks dot c a", "events dot scb at aerosportsparks dot c a", "two eight nine, four five four, five five five five."
- Prices: say "nineteen ninety plus tax," not "nineteen dollars and ninety cents." Always add "plus tax" after a price.
</voice_style>

<tone>
Talk like a busy front desk staff member, not a corporate assistant. Warm but efficient.

Use contractions and natural fillers: "yeah," "okay so," "for sure," "no worries," "gotcha," "perfect," "sounds good," "let me see."

Keep replies to one to three sentences unless the caller explicitly asks for a full breakdown.

Never say: "Great question," "I'd be happy to help," "Thank you for your inquiry," "Is there anything else I can assist you with," or any other call-center phrasing. Never open with "How may I assist you today" — just "How can I help you?"

Acknowledge personal details briefly and move on. If someone mentions a birthday: "Oh nice, happy birthday to them!" then answer.
</tone>

<handling_specific_situations>
Existing bookings — when a caller mentions a booking, party, or reservation they already have (wants to change, cancel, reschedule, or ask about it):

Do NOT try to help with the booking itself. Do NOT ask for booking details, dates, package types, or confirmation numbers. Do NOT quote rescheduling or cancellation policies.

Instead, collect two things and end the call:

1. First, acknowledge warmly: "Oh okay, no problem — I can have someone from our team call you back to sort that out. Can I grab your name?"

2. After they give their name, ask briefly: "And just so I can let them know — what are you looking to change?" Keep it to one short question.
3. Then confirm and wrap up: "Perfect, thanks [name]. Someone will give you a call back shortly to get that sorted. Have a good one!"

Do not ask for their phone number — we already have it. Do not ask follow-up questions about the booking. Do not offer to look anything up. Three turns max, then the call ends.

New birthday party bookings: ask "Do you already know which package you'd like?" If not, explain the packages from the context. If yes, say "Perfect, let me connect you with our team to get that booked."

General pricing questions ("how much does it cost"): ask one short clarifying question — "Which activity are you asking about?" — before answering.

Height or age requirements: frame casually as safety. "Yeah, it's just a safety thing — they need to be at least fifty four inches for the main track."

Frustrated callers: listen, validate ("Yeah no, I totally get that"), then offer what you can from the context. If you can't resolve it: "Honestly, best thing is to email events dot scb at aerosportsparks dot c a or call back and ask for a supervisor — they'll sort it out." Never promise a fix you can't deliver.
</handling_specific_situations>

<location_and_hours>
We're on Birchmount Road in Scarborough. Park hours: Monday to Thursday ten to eight, Friday and Saturday ten to ten, Sunday ten to nine. Only mention hours if the caller asks.
</location_and_hours>

CURRENT TIME: Wednesday, April 22, 2026 at 02:37 PM (Eastern Time)

KNOWLEDGE BASE CONTEXT:

[1] (source: location_info.md)
## Contact Information

- **Location Name:** AeroSports Scarborough
- **Address:** 1120 Birchmount Rd, Scarborough, ON M1K 5G4
- **Phone:** 289-454-5555
- **Park Extension:** 3
- **Email:** events.scb@aerosportsparks.ca
- **Contact Manager:** Scott/Rachit
- **Website:** https://www.aerosportsparks.ca

[2] (source: faqs.md)
**Q: Do you have any current promotions or deals?**

A: Check our website or ask us about current promotions. We run monthly specials including birthday party discounts and seasonal deals.

**Q: Is there a special needs program?**

A: Yes! We offer a special needs program during all operating hours for $19.90. It includes 120 minutes of play time. One support worker is admitted free with a signed waiver. Go kart races are not included.

**Q: What is glow night at Scarborough?**

A: At AeroSports Scarborough, we have glow in the dark all the time during regular operating hours. The neon lights and glow effects are always on, so you can enjoy the glow experience any time you visit at no extra cost.

**Q: Can I host a corporate event or team building activity?**

A: Yes! We offer corporate and team party packages perfect for team building, milestone celebrations, and employee rewards. Call us at 289-454-5555 or email events.scb@aerosportsparks.ca to customize your event.

**Q: Can schools book field trips at AeroSports?**

A: Absolutely! We welcome school groups, church groups, sports teams, and youth organizations. Minimum 15 people. Call 289-454-5555 or email events.scb@aerosportsparks.ca to book.

**Q: Can I rent the whole facility for a private event?**

A: Yes, we offer full facility rentals. Weekday rentals are $4,000 per hour and weekend rentals are $5,000 per hour. Capacity is up to 220 jumpers with exclusive access to the entire facility including unlimited go karting.

[3] (source: location_info.md)
## Important Links

- **Booking URL:** https://ecom.roller.app/aerosportsscarborough/products/en/home
- **Birthday Booking URL:** https://ecom.roller.app/aerosportsscarborough/birthdayparties/en/products
- **Waiver URL:** https://waiver.roller.app/aerosportsscarborough/
- **Google Maps:** https://g.page/AeroSports-scarborough
- **Birthday Invitations:** https://aerosportsinvitation.netlify.app/invitationscarborough

[4] (source: chatbot_quick_replies.md)
## Directions

**Sample question:** Where are you located?

**Response:** We are at 1120 Birchmount Road in Scarborough, ON M1K 5G4. You can find us on Google Maps by searching AeroSports Scarborough. Our phone number is 289-454-5555.

[5] (source: faqs.md)
## General

**Q: Are AeroSports jump socks required?**

A: Yes, AeroSports socks are required at all locations. Jump socks are available for $3.99 + tax. They are reusable, so keep yours for future visits!

**Q: Is there a weight limit for the trampolines?**

A: Our trampolines have a 300-pound weight limit.

**Q: Are waivers required? Can they be filled out online?**

A: Waivers are required for every guest to the park including non-jumpers. You can fill out the waiver online before you arrive to reduce check-in time. Children under 18 must have the waiver signed by a parent or legal guardian.

**Q: Can I leave my child(ren) unattended?**

A: Children under 12 cannot be dropped off without an adult present. While every child under 18 needs a parent or legal guardian to sign the waiver, please ensure all children understand the park rules before dropping them off.

**Q: Do spectators have to pay to watch jumpers?**

A: Non-jumpers are never charged admission. Only jumpers pay for general admission.

**Q: Do you have food available to purchase?**

A: Yes! We have a fully stocked Snack Shack serving delicious treats.

**Q: What days are the least busy?**

A: Weekends are our busiest days. Mondays and Tuesdays are usually less busy.

**Q: Can my small child come to the park?**

A: As long as the child can walk, they can jump!

**Q: Do you sell gift cards?**

A: Yes! Purchase a physical gift card at the park or buy one online.

**Q: Do jump cards expire?**

A: No, our jump cards never expire and can be used by different jumpers.

**Q: When are refunds processed?**

A: Refunds take 3-5 business days to reflect in your bank account.

**Q: What attractions do you have in the park?**

A: We have trampoines, ninja warrior obstacle course, ninja maze, donut slide, 360 bike, Go Karting, dodgeball area in trampoline, rock walls, airbags, laser tag, mini golf, bazooka ball

**Q: What is included in the jump pass price?**

A: Your jump pass includes access to all attractions in the park like trampolines, dodgeball, rock walls, ninja course, slam basketball, 360 bicycle, slides, jump tower, and ninja maze. laser tag, mini golf, bazooka ball, go karts are the attractions not included in your premium, vip and all day jump passes and needs a separate ticket or add-on.

**Q: What is the address of AeroSports Scarborough?**

A: We are located at 1120 Birchmount Rd, Scarborough, Ontario, M1K 5G4. You can find us on Google Maps by searching AeroSports Scarborough.

**Q: What are your hours of operation?**

A: We are open Sunday to Thursday from 10am to 8pm, and Friday to Saturday from 10am to 10pm.

**Q: How do I book online?**

A: You can book your jump passes online at ecom.roller.app/aerosportsscarborough. For birthday parties, visit the birthday booking page on our website or call us at 289-454-5555.

**Q: Do you have any current promotions or deals?**

A: Check our website or ask us about current promotions. We run monthly specials including birthday party discounts and seasonal deals.

**Q: Is there a special needs program?**

A: Yes! We offer a special needs program during all operating hours for $19.90. It includes 120 minutes of play time. One support worker is admitted free with a signed waiver. Go kart races are not included.

**Q: What is glow night at Scarborough?**

A: At AeroSports Scarborough, we have glow in the dark all the time during regular operating hours. The neon lights and glow effects are always on, so you can enjoy the glow experience any time you visit at no extra cost.

**Q: Can I host a corporate event or team building activity?**

A: Yes! We offer corporate and team party packages perfect for team building, milestone celebrations, and employee rewards.

[6] (source: location_info.md)
## Hours of Operation

- **Hours - Sun to Thur:** 10am to 8pm
- **Hours - Fri to Sat:** 10am to 10pm

[7] (source: voice_call_scripts.md)
## Closing

> Thanks for calling AeroSports Scarborough! We look forward to seeing you. Have a great day!

*Note: Always end on a positive note*


--- msg[1]  role=user ---
Hi. This is Raj. Right?

--- msg[2]  role=user ---
Hello?

--- msg[3]  role=assistant ---
How can I help you today?

--- msg[4]  role=user ---
Hi. Can you hear me?
────────────────────────────────────────────

[2026-04-22 14:37:13.822] [LLM_RAW_RESPONSE] [Turn #3]
────────────────────────────────────────────
Yeah, I can hear you just fine. How can I assist you today? 
────────────────────────────────────────────

[2026-04-22 14:37:13.822] [FINAL_RESPONSE_TO_CALLER] [Turn #3]
────────────────────────────────────────────
Yeah, I can hear you just fine. How can I assist you today?
────────────────────────────────────────────

[2026-04-22 14:37:20.578] [INCOMING_TRANSCRIPT] [Turn #4]
────────────────────────────────────────────
Am I talking to a robot?
────────────────────────────────────────────

[2026-04-22 14:37:20.895] [REFINED_QUERY] [Turn #4]
────────────────────────────────────────────
Original : Am I talking to a robot?
Refined  : Is Raj currently communicating with a robotic assistant?
────────────────────────────────────────────

[2026-04-22 14:37:21.066] [RAG_RESULTS] [Turn #4]
────────────────────────────────────────────
Retrieved 7 document(s):

[1]  score=0.3372739847951798  source=voice_call_scripts.md
## Transfer To Human

> Let me connect you with one of our team members who can help you with that. One moment please.

*Note: Use when the question is beyond what the AI can handle*

[2]  score=0.33066362238039404  source=chatbot_quick_replies.md
## Directions

**Sample question:** Where are you located?

**Response:** We are at 1120 Birchmount Road in Scarborough, ON M1K 5G4. You can find us on Google Maps by searching AeroSports Scarborough. Our phone number is 289-454-5555.

[3]  score=0.3153251175909837  source=chatbot_quick_replies.md
## How Much

**Sample question:** How much does it cost?

**Response:** A 90-minute Premium Jump Pass is $24.90 and a 120-minute VIP Jump Pass is $29.90. The All Day Pass is $39.90. AeroSports grip socks are required and cost $3.99 but are reusable. All prices are plus tax. Go karting is separate starting at $9.90. Would you like to book?

[4]  score=0.30945480723805385  source=chatbot_quick_replies.md
## What Age

**Sample question:** What age can kids come?

**Response:** All ages are welcome! As long as your child can walk, they can jump. Kids under 2 get in free with a paying adult. We also have Toddler Time on Saturday mornings from 9 to 10 AM exclusively for ages 5 and under at $15.90, and one parent jumps free.

[5]  score=0.30801666688323226  source=voice_call_scripts.md
## Cannot Answer

> That is a great question. I do not have that specific information right now, but I can have someone from our team get back to you. Can I get your name and phone number?

*Note: Collect callback info when unsure*

[6]  score=0.3064600392675394  source=chatbot_quick_replies.md
## What To Do

**Sample question:** What can I do at AeroSports Scarborough?

**Response:** AeroSports Scarborough has tons of activities! We have wall-to-wall trampolines, a ninja warrior course, ninja maze, rock climbing walls, dodgeball, slam basketball, a 360 bicycle ride, giant slides, a jump tower, and go karting. Everything except go karting is included in your jump pass.

[7]  score=0.2857395069804457  source=voice_call_scripts.md
## Greeting

> Thank you for calling AeroSports Scarborough! How can I help you today?

*Note: Use warm, upbeat tone*
────────────────────────────────────────────

[2026-04-22 14:37:21.066] [LLM_CONTEXT] [Turn #4]
────────────────────────────────────────────
7 message(s):

--- msg[0]  role=system ---
<identity>
You are Rajan, a front desk staff member at AeroSports Scarborough trampoline park, answering inbound phone calls. You are a person, not an AI. If confused, respond like Dan would: "Sorry, I didn't quite catch that — what can I help you with?"
</identity>

<core_rules>
These rules are absolute. They override everything else.

1. FACTS COME ONLY FROM THE KNOWLEDGE BASE CONTEXT BELOW. If a price, package, policy, promotion, hour, or detail is not written in the context, you do not know it. Do not guess, estimate, approximate, or fill in from memory. When you don't have something, say: "Hmm, I'm not sure on that one — best thing is to call us at two eight nine, four five four, five five five five and ask for a supervisor."

2. YOU CANNOT LOOK ANYTHING UP. You have no system, no database, no booking records. Never say "let me check" or "let me pull that up" or "I see your booking." If a caller asks about an existing booking, just acknowledge briefly ("Oh okay, sure" or "Got it") and wait — the team will take it from there.

3. ONE FACT AT A TIME. Answer the specific question asked. Don't combine entries, don't dump multiple packages, don't volunteer information they didn't ask for.

4. UNKNOWN TERMS ARE UNKNOWN. If a caller uses a product name, card name, or term that doesn't appear verbatim in the context ("blue card," "gold pass," etc.), say you're not sure what that is. Never map it to something that sounds similar.
</core_rules>

<voice_style>
Every word you write will be spoken aloud by a TTS engine. Write for the ear.

- No markdown, no bullets, no asterisks, no headers, no brackets, no lists.
- Short sentences. Use commas and periods for natural pauses.
- Spell out addresses, emails, and phone numbers: "aerosportsparks dot c a", "events dot scb at aerosportsparks dot c a", "two eight nine, four five four, five five five five."
- Prices: say "nineteen ninety plus tax," not "nineteen dollars and ninety cents." Always add "plus tax" after a price.
</voice_style>

<tone>
Talk like a busy front desk staff member, not a corporate assistant. Warm but efficient.

Use contractions and natural fillers: "yeah," "okay so," "for sure," "no worries," "gotcha," "perfect," "sounds good," "let me see."

Keep replies to one to three sentences unless the caller explicitly asks for a full breakdown.

Never say: "Great question," "I'd be happy to help," "Thank you for your inquiry," "Is there anything else I can assist you with," or any other call-center phrasing. Never open with "How may I assist you today" — just "How can I help you?"

Acknowledge personal details briefly and move on. If someone mentions a birthday: "Oh nice, happy birthday to them!" then answer.
</tone>

<handling_specific_situations>
Existing bookings — when a caller mentions a booking, party, or reservation they already have (wants to change, cancel, reschedule, or ask about it):

Do NOT try to help with the booking itself. Do NOT ask for booking details, dates, package types, or confirmation numbers. Do NOT quote rescheduling or cancellation policies.

Instead, collect two things and end the call:

1. First, acknowledge warmly: "Oh okay, no problem — I can have someone from our team call you back to sort that out. Can I grab your name?"

2. After they give their name, ask briefly: "And just so I can let them know — what are you looking to change?" Keep it to one short question.
3. Then confirm and wrap up: "Perfect, thanks [name]. Someone will give you a call back shortly to get that sorted. Have a good one!"

Do not ask for their phone number — we already have it. Do not ask follow-up questions about the booking. Do not offer to look anything up. Three turns max, then the call ends.

New birthday party bookings: ask "Do you already know which package you'd like?" If not, explain the packages from the context. If yes, say "Perfect, let me connect you with our team to get that booked."

General pricing questions ("how much does it cost"): ask one short clarifying question — "Which activity are you asking about?" — before answering.

Height or age requirements: frame casually as safety. "Yeah, it's just a safety thing — they need to be at least fifty four inches for the main track."

Frustrated callers: listen, validate ("Yeah no, I totally get that"), then offer what you can from the context. If you can't resolve it: "Honestly, best thing is to email events dot scb at aerosportsparks dot c a or call back and ask for a supervisor — they'll sort it out." Never promise a fix you can't deliver.
</handling_specific_situations>

<location_and_hours>
We're on Birchmount Road in Scarborough. Park hours: Monday to Thursday ten to eight, Friday and Saturday ten to ten, Sunday ten to nine. Only mention hours if the caller asks.
</location_and_hours>

CURRENT TIME: Wednesday, April 22, 2026 at 02:37 PM (Eastern Time)

KNOWLEDGE BASE CONTEXT:

[1] (source: voice_call_scripts.md)
## Transfer To Human

> Let me connect you with one of our team members who can help you with that. One moment please.

*Note: Use when the question is beyond what the AI can handle*

[2] (source: chatbot_quick_replies.md)
## Directions

**Sample question:** Where are you located?

**Response:** We are at 1120 Birchmount Road in Scarborough, ON M1K 5G4. You can find us on Google Maps by searching AeroSports Scarborough. Our phone number is 289-454-5555.

[3] (source: chatbot_quick_replies.md)
## How Much

**Sample question:** How much does it cost?

**Response:** A 90-minute Premium Jump Pass is $24.90 and a 120-minute VIP Jump Pass is $29.90. The All Day Pass is $39.90. AeroSports grip socks are required and cost $3.99 but are reusable. All prices are plus tax. Go karting is separate starting at $9.90. Would you like to book?

[4] (source: chatbot_quick_replies.md)
## What Age

**Sample question:** What age can kids come?

**Response:** All ages are welcome! As long as your child can walk, they can jump. Kids under 2 get in free with a paying adult. We also have Toddler Time on Saturday mornings from 9 to 10 AM exclusively for ages 5 and under at $15.90, and one parent jumps free.

[5] (source: voice_call_scripts.md)
## Cannot Answer

> That is a great question. I do not have that specific information right now, but I can have someone from our team get back to you. Can I get your name and phone number?

*Note: Collect callback info when unsure*

[6] (source: chatbot_quick_replies.md)
## What To Do

**Sample question:** What can I do at AeroSports Scarborough?

**Response:** AeroSports Scarborough has tons of activities! We have wall-to-wall trampolines, a ninja warrior course, ninja maze, rock climbing walls, dodgeball, slam basketball, a 360 bicycle ride, giant slides, a jump tower, and go karting. Everything except go karting is included in your jump pass.

[7] (source: voice_call_scripts.md)
## Greeting

> Thank you for calling AeroSports Scarborough! How can I help you today?

*Note: Use warm, upbeat tone*


--- msg[1]  role=user ---
Hi. This is Raj. Right?

--- msg[2]  role=user ---
Hello?

--- msg[3]  role=assistant ---
How can I help you today?

--- msg[4]  role=user ---
Hi. Can you hear me?

--- msg[5]  role=assistant ---
Yeah, I can hear you just fine. How can I assist you today?

--- msg[6]  role=user ---
Am I talking to a robot?
────────────────────────────────────────────

# session ended: 2026-04-22T14:37:21.644
