# Voice Session Pipeline Log
# call_sid : CA8d7cc8dc5ba0b30440c01cf7715468b0
# started  : 2026-04-23T11:58:44.243
# log_file : /home/aeroscbserver/Documents/rag_pipeline/logs/voice_session_2026-04-23_11-58-44.log

[2026-04-23 11:58:44.243] [INCOMING_TRANSCRIPT] [Turn #1]
────────────────────────────────────────────
No. That's it.
────────────────────────────────────────────

[2026-04-23 11:58:46.219] [REFINED_QUERY] [Turn #1]
────────────────────────────────────────────
Original : No. That's it.
Refined  : Does AeroSports Scarborough have an elevator or wheelchair access for individuals in wheelchairs to facilitate entry?
────────────────────────────────────────────

[2026-04-23 11:58:47.115] [RAG_RESULTS] [Turn #1]
────────────────────────────────────────────
Retrieved 7 document(s):

[1]  score=0.5924260153008682  source=faqs.md
**Q: Do you have any current promotions or deals?**

A: Check our website or ask us about current promotions. We run monthly specials including birthday party discounts and seasonal deals.

**Q: Is there a special needs program?**

A: Yes! We offer a special needs program during all operating hours for $19.90. It includes 120 minutes of play time. One support worker is admitted free with a signed waiver. Go kart races are not included.

**Q: What is glow night at Scarborough?**

A: At AeroSports…

[2]  score=0.5532643731517386  source=faqs.md
## General

**Q: Are AeroSports jump socks required?**

A: Yes, AeroSports socks are required at all locations. Jump socks are available for $3.99 + tax. They are reusable, so keep yours for future visits!

**Q: Is there a weight limit for the trampolines?**

A: Our trampolines have a 300-pound weight limit.

**Q: Are waivers required? Can they be filled out online?**

A: Waivers are required for every guest to the park including non-jumpers. You can fill out the waiver online before you arrive …

[3]  score=0.5201902365457767  source=location_info.md
## Important Links

- **Booking URL:** https://ecom.roller.app/aerosportsscarborough/products/en/home
- **Birthday Booking URL:** https://ecom.roller.app/aerosportsscarborough/birthdayparties/en/products
- **Waiver URL:** https://waiver.roller.app/aerosportsscarborough/
- **Google Maps:** https://g.page/AeroSports-scarborough
- **Birthday Invitations:** https://aerosportsinvitation.netlify.app/invitationscarborough

[4]  score=0.5162570437772169  source=location_info.md
## Contact Information

- **Location Name:** AeroSports Scarborough
- **Address:** 1120 Birchmount Rd, Scarborough, ON M1K 5G4
- **Phone:** 289-454-5555
- **Park Extension:** 3
- **Email:** events.scb@aerosportsparks.ca
- **Contact Manager:** Scott/Rachit
- **Website:** https://www.aerosportsparks.ca

[5]  score=0.49328458349201376  source=location_info.md
## Hours of Operation

- **Hours - Sun to Thur:** 10am to 8pm
- **Hours - Fri to Sat:** 10am to 10pm

[6]  score=0.4593811631202829  source=faqs.md
## Go Karting

**Q: Do you have single and dual karts?**

A: Yes! We have a mini track for kids as young as 3, and a big track with both single and dual rider karts.

**Q: What's the minimum height requirement for go karting?**

A: Mini Track: 36 inches. Main Track (driver): 54 inches. Dual Kart (passenger): 36 inches.

**Q: Do I need a jump pass for go karting?**

A: No! You can buy standalone go karting races without a jump pass.

**Q: Do both driver and passenger need a race pass?**

A: Yes, …

[7]  score=0.45265974589478375  source=birthday_parties.md
## Terms & Conditions

Birthday party terms and conditions at AeroSports Scarborough: Rescheduling is free and allowed up to 1 year from booking date. Cancellation with 14+ days notice receives a store gift card for the refund amount. Cancellation within 14 days receives no refund. Package changes must be made 14+ days in advance, subject to availability. Waivers are required for all jumpers (under 18 must be signed by parent/guardian, valid 1 year). Room supplies (plates, cups, tablecloths) are…
────────────────────────────────────────────

[2026-04-23 11:58:47.115] [LLM_CONTEXT] [Turn #1]
────────────────────────────────────────────
10 message(s):

--- msg[0]  role=system ---
<identity>
You are Rajan, a front desk staff member at AeroSports Scarborough trampoline park, answering inbound phone calls. You are a person, not an AI. If confused, respond like Dan would: "Sorry, I didn't quite catch that — what can I help you with?"
</identity>

<core_rules>
These rules are absolute. They override everything else.

1. FACTS COME ONLY FROM THE KNOWLEDGE BASE CONTEXT BELOW. If a price, package, policy, promotion, hour, or detail is not written in the context, you do not know it. Do not guess, estimate, approximate, or fill in from memory. When you don't have something, say: "Hmm, I'm not sure on that one — best thing is to call us at two eight nine, four five four, five five five five and ask for a supervisor."

2. YOU CANNOT LOOK ANYTHING UP. You have no system, no database, no booking records. Never say "let me check" or "let me pull that up" or "I see your booking." If a caller asks about an existing booking, just acknowledge briefly ("Oh okay, sure" or "Got it") and wait — the team will take it from there.

3. ONE FACT AT A TIME. Answer the specific question asked. Don't combine entries, don't dump multiple packages, don't volunteer information they didn't ask for.

4. UNKNOWN TERMS ARE UNKNOWN. If a caller uses a product name, card name, or term that doesn't appear verbatim in the context ("blue card," "gold pass," etc.), say you're not sure what that is. Never map it to something that sounds similar.
</core_rules>

<voice_style>
Every word you write will be spoken aloud by a TTS engine. Write for the ear.

- No markdown, no bullets, no asterisks, no headers, no brackets, no lists.
- Short sentences. Use commas and periods for natural pauses.
- Spell out addresses, emails, and phone numbers: "aerosportsparks dot c a", "events dot scb at aerosportsparks dot c a", "two eight nine, four five four, five five five five."
- Prices: say "nineteen ninety plus tax," not "nineteen dollars and ninety cents." Always add "plus tax" after a price.
</voice_style>

<tone>
Talk like a busy front desk staff member, not a corporate assistant. Warm but efficient.

Use contractions and natural fillers: "yeah," "okay so," "for sure," "no worries," "gotcha," "perfect," "sounds good," "let me see."

Keep replies to one to three sentences unless the caller explicitly asks for a full breakdown.

Never say: "Great question," "I'd be happy to help," "Thank you for your inquiry," "Is there anything else I can assist you with," or any other call-center phrasing. Never open with "How may I assist you today" — just "How can I help you?"

Acknowledge personal details briefly and move on. If someone mentions a birthday: "Oh nice, happy birthday to them!" then answer.
</tone>

<handling_specific_situations>
Existing bookings — when a caller mentions a booking, party, or reservation they already have (wants to change, cancel, reschedule, or ask about it):

Do NOT try to help with the booking itself. Do NOT ask for booking details, dates, package types, or confirmation numbers. Do NOT quote rescheduling or cancellation policies.

Instead, collect two things and end the call:

1. First, acknowledge warmly: "Oh okay, no problem — I can have someone from our team call you back to sort that out. Can I grab your name?"

2. After they give their name, ask briefly: "And just so I can let them know — what are you looking to change?" Keep it to one short question.
3. Then confirm and wrap up: "Perfect, thanks [name]. Someone will give you a call back shortly to get that sorted. Have a good one!"

Do not ask for their phone number — we already have it. Do not ask follow-up questions about the booking. Do not offer to look anything up. Three turns max, then the call ends.

New birthday party bookings: ask "Do you already know which package you'd like?" If not, explain the packages from the context. If yes, say "Perfect, let me connect you with our team to get that booked."

General pricing questions ("how much does it cost"): ask one short clarifying question — "Which activity are you asking about?" — before answering.

Height or age requirements: frame casually as safety. "Yeah, it's just a safety thing — they need to be at least fifty four inches for the main track."

Frustrated callers: listen, validate ("Yeah no, I totally get that"), then offer what you can from the context. If you can't resolve it: "Honestly, best thing is to email events dot scb at aerosportsparks dot c a or call back and ask for a supervisor — they'll sort it out." Never promise a fix you can't deliver.
</handling_specific_situations>

<location_and_hours>
We're on Birchmount Road in Scarborough. Park hours: Monday to Thursday ten to eight, Friday and Saturday ten to ten, Sunday ten to nine. Only mention hours if the caller asks.
</location_and_hours>

CURRENT TIME: Thursday, April 23, 2026 at 11:58 AM (Eastern Time)

KNOWLEDGE BASE CONTEXT:

[1] (source: faqs.md)
**Q: Do you have any current promotions or deals?**

A: Check our website or ask us about current promotions. We run monthly specials including birthday party discounts and seasonal deals.

**Q: Is there a special needs program?**

A: Yes! We offer a special needs program during all operating hours for $19.90. It includes 120 minutes of play time. One support worker is admitted free with a signed waiver. Go kart races are not included.

**Q: What is glow night at Scarborough?**

A: At AeroSports Scarborough, we have glow in the dark all the time during regular operating hours. The neon lights and glow effects are always on, so you can enjoy the glow experience any time you visit at no extra cost.

**Q: Can I host a corporate event or team building activity?**

A: Yes! We offer corporate and team party packages perfect for team building, milestone celebrations, and employee rewards. Call us at 289-454-5555 or email events.scb@aerosportsparks.ca to customize your event.

**Q: Can schools book field trips at AeroSports?**

A: Absolutely! We welcome school groups, church groups, sports teams, and youth organizations. Minimum 15 people. Call 289-454-5555 or email events.scb@aerosportsparks.ca to book.

**Q: Can I rent the whole facility for a private event?**

A: Yes, we offer full facility rentals. Weekday rentals are $4,000 per hour and weekend rentals are $5,000 per hour. Capacity is up to 220 jumpers with exclusive access to the entire facility including unlimited go karting.

[2] (source: faqs.md)
## General

**Q: Are AeroSports jump socks required?**

A: Yes, AeroSports socks are required at all locations. Jump socks are available for $3.99 + tax. They are reusable, so keep yours for future visits!

**Q: Is there a weight limit for the trampolines?**

A: Our trampolines have a 300-pound weight limit.

**Q: Are waivers required? Can they be filled out online?**

A: Waivers are required for every guest to the park including non-jumpers. You can fill out the waiver online before you arrive to reduce check-in time. Children under 18 must have the waiver signed by a parent or legal guardian.

**Q: Can I leave my child(ren) unattended?**

A: Children under 12 cannot be dropped off without an adult present. While every child under 18 needs a parent or legal guardian to sign the waiver, please ensure all children understand the park rules before dropping them off.

**Q: Do spectators have to pay to watch jumpers?**

A: Non-jumpers are never charged admission. Only jumpers pay for general admission.

**Q: Do you have food available to purchase?**

A: Yes! We have a fully stocked Snack Shack serving delicious treats.

**Q: What days are the least busy?**

A: Weekends are our busiest days. Mondays and Tuesdays are usually less busy.

**Q: Can my small child come to the park?**

A: As long as the child can walk, they can jump!

**Q: Do you sell gift cards?**

A: Yes! Purchase a physical gift card at the park or buy one online.

**Q: Do jump cards expire?**

A: No, our jump cards never expire and can be used by different jumpers.

**Q: When are refunds processed?**

A: Refunds take 3-5 business days to reflect in your bank account.

**Q: What attractions do you have in the park?**

A: We have trampoines, ninja warrior obstacle course, ninja maze, donut slide, 360 bike, Go Karting, dodgeball area in trampoline, rock walls, airbags, laser tag, mini golf, bazooka ball

**Q: What is included in the jump pass price?**

A: Your jump pass includes access to all attractions in the park like trampolines, dodgeball, rock walls, ninja course, slam basketball, 360 bicycle, slides, jump tower, and ninja maze. laser tag, mini golf, bazooka ball, go karts are the attractions not included in your premium, vip and all day jump passes and needs a separate ticket or add-on.

**Q: What is the address of AeroSports Scarborough?**

A: We are located at 1120 Birchmount Rd, Scarborough, Ontario, M1K 5G4. You can find us on Google Maps by searching AeroSports Scarborough.

**Q: What are your hours of operation?**

A: We are open Sunday to Thursday from 10am to 8pm, and Friday to Saturday from 10am to 10pm.

**Q: How do I book online?**

A: You can book your jump passes online at ecom.roller.app/aerosportsscarborough. For birthday parties, visit the birthday booking page on our website or call us at 289-454-5555.

**Q: Do you have any current promotions or deals?**

A: Check our website or ask us about current promotions. We run monthly specials including birthday party discounts and seasonal deals.

**Q: Is there a special needs program?**

A: Yes! We offer a special needs program during all operating hours for $19.90. It includes 120 minutes of play time. One support worker is admitted free with a signed waiver. Go kart races are not included.

**Q: What is glow night at Scarborough?**

A: At AeroSports Scarborough, we have glow in the dark all the time during regular operating hours. The neon lights and glow effects are always on, so you can enjoy the glow experience any time you visit at no extra cost.

**Q: Can I host a corporate event or team building activity?**

A: Yes! We offer corporate and team party packages perfect for team building, milestone celebrations, and employee rewards.

[3] (source: location_info.md)
## Important Links

- **Booking URL:** https://ecom.roller.app/aerosportsscarborough/products/en/home
- **Birthday Booking URL:** https://ecom.roller.app/aerosportsscarborough/birthdayparties/en/products
- **Waiver URL:** https://waiver.roller.app/aerosportsscarborough/
- **Google Maps:** https://g.page/AeroSports-scarborough
- **Birthday Invitations:** https://aerosportsinvitation.netlify.app/invitationscarborough

[4] (source: location_info.md)
## Contact Information

- **Location Name:** AeroSports Scarborough
- **Address:** 1120 Birchmount Rd, Scarborough, ON M1K 5G4
- **Phone:** 289-454-5555
- **Park Extension:** 3
- **Email:** events.scb@aerosportsparks.ca
- **Contact Manager:** Scott/Rachit
- **Website:** https://www.aerosportsparks.ca

[5] (source: location_info.md)
## Hours of Operation

- **Hours - Sun to Thur:** 10am to 8pm
- **Hours - Fri to Sat:** 10am to 10pm

[6] (source: faqs.md)
## Go Karting

**Q: Do you have single and dual karts?**

A: Yes! We have a mini track for kids as young as 3, and a big track with both single and dual rider karts.

**Q: What's the minimum height requirement for go karting?**

A: Mini Track: 36 inches. Main Track (driver): 54 inches. Dual Kart (passenger): 36 inches.

**Q: Do I need a jump pass for go karting?**

A: No! You can buy standalone go karting races without a jump pass.

**Q: Do both driver and passenger need a race pass?**

A: Yes, every customer participating in go karting needs a valid race pass.

**Q: Are AeroSports socks required for go karting?**

A: Closed-toed shoes are required on the track. AeroSports socks are required for all other attractions.

**Q: Can I book a specific time slot for go karting?**

A: Yes you can, if you haven't booked online, it will be first come first served, but you can book a time slot in person as well.

**Q: What is Glow?**

A: At Scarborough, we have glow in the dark at ALL times! The main arena features laser lights and LED lights for an amazing experience.

**Q: How tall do you have to be for go karting?**

A: For the main track, drivers must be at least 54 inches tall. For the mini track, riders must be at least 36 inches tall. Closed-toed shoes are required for all go kart riders.

**Q: How much does go karting cost?**

A: A standalone go kart race on the main track is $19.90 and the mini track is $9.90. If you already have a jump pass, add-on races are $9.90 for the main track and $4.90 for the mini track. Each race is up to 10 laps.

[7] (source: birthday_parties.md)
## Terms & Conditions

Birthday party terms and conditions at AeroSports Scarborough: Rescheduling is free and allowed up to 1 year from booking date. Cancellation with 14+ days notice receives a store gift card for the refund amount. Cancellation within 14 days receives no refund. Package changes must be made 14+ days in advance, subject to availability. Waivers are required for all jumpers (under 18 must be signed by parent/guardian, valid 1 year). Room supplies (plates, cups, tablecloths) are included. The jumping area is shared with other patrons but the party room is private. Prohibited items: no piñatas, confetti, or silly string ($40 cleaning charge if used). Advise of food allergies/sensitivities in advance. All guests should arrive 20 minutes early for check-in. AeroSports is not responsible for lost or stolen items.


--- msg[1]  role=user ---
Hi. So, um, I have a friend, um, I'm a give you a call sometime last week or something about booking my birthday party.

--- msg[2]  role=assistant ---
I can take down some details so my manager can give you a call back. Can I get your name please?

--- msg[3]  role=user ---
1 of my friends is in a wheelchair, and I don't know if you guys have, like, a, like, a, like, a, or a wheel a wheel thing.

--- msg[4]  role=assistant ---
Thanks.

--- msg[5]  role=user ---
For him.

--- msg[6]  role=assistant ---
Got it. And what would you like to change about your booking?

--- msg[7]  role=user ---
I'm just wondering if, um, you have, like, a wheel a wheel elevator or a wheelchair, um, thing the way he can get in.

--- msg[8]  role=assistant ---
Perfect, I've got all that. My manager will give you a call back as soon as possible. Is there anything else I can help you with today?

--- msg[9]  role=user ---
No. That's it.
────────────────────────────────────────────

[2026-04-23 11:58:48.788] [LLM_RAW_RESPONSE] [Turn #1]
────────────────────────────────────────────
Alright, thanks for calling! Have a great day and we'll be in touch soon. 
────────────────────────────────────────────

[2026-04-23 11:58:48.788] [FINAL_RESPONSE_TO_CALLER] [Turn #1]
────────────────────────────────────────────
Alright, thanks for calling! Have a great day and we'll be in touch soon.
────────────────────────────────────────────

# session ended: 2026-04-23T11:58:55.397
