# Voice Session Pipeline Log
# call_sid : CAc7f4d1e5968dd9a303d6960a9475d0b2
# started  : 2026-04-17T20:50:07.997
# log_file : /home/aeroscbserver/Documents/rag_pipeline/logs/voice_session_2026-04-17_20-50-07.log

[2026-04-17 20:50:07.997] [INCOMING_TRANSCRIPT] [Turn #1]
────────────────────────────────────────────
Hi, Rajan. I wanted to know, uh, what are your prices for the part?
────────────────────────────────────────────

[2026-04-17 20:50:07.997] [REFINED_QUERY] [Turn #1]
────────────────────────────────────────────
Original : Hi, Rajan. I wanted to know, uh, what are your prices for the part?
Refined  : (unchanged)
────────────────────────────────────────────

[2026-04-17 20:50:09.151] [RAG_RESULTS] [Turn #1]
────────────────────────────────────────────
Retrieved 7 document(s):

[1]  score=0.3651334964910754  source=chatbot_quick_replies.md
## How Much

**Sample question:** How much does it cost?

**Response:** A 90-minute Premium Jump Pass is $24.90 and a 120-minute VIP Jump Pass is $29.90. The All Day Pass is $39.90. AeroSports grip socks are required and cost $3.99 but are reusable. All prices are plus tax. Go karting is separate starting at $9.90. Would you like to book?

[2]  score=0.30981727511235924  source=chatbot_quick_replies.md
## Party Info

**Sample question:** Tell me about birthday parties

**Response:** We have 3 birthday packages starting at $39.90 per jumper with a minimum of 10 kids. All packages include pizza, drinks, a private party room, a glow t-shirt for the birthday child, and digital invitations. The Ultimate Package also includes go karting, free 30 day pass and free socks for everyone! Want details on a specific package?

[3]  score=0.30735428057177816  source=go_karting.md
### Standalone Race

- **Price:** $19.90
- **Minimum Height:** 52 inches (driver)
- **Notes:** Up to 10 laps. For guests NOT purchasing a jump pass.

[4]  score=0.30635960736035317  source=birthday_parties.md
## Add-Ons

Birthday party add-ons available at AeroSports Scarborough: Large Pizza (Cheese, Pepperoni, Halal Pepperoni, Vegetarian, or Hawaiian) for $25.00 each. Juice Boxes (10 boxes) for $30.00. Soft Drink Cans (10 cans) for $20.00. Physical Birthday Invitations for $0.75 each. Outside Food Fee is $50.00 (waived for Ultimate Party). Go Kart Race add-on is $9.90 per person (already included in Ultimate Party). Late Ordering Fee (within 24 hours) is $20.00.

[5]  score=0.3042842979092264  source=birthday_parties.md
## All Packages

AeroSports Scarborough offers 3 birthday party packages: Premium ($39.90/jumper), VIP ($44.90/jumper), and Ultimate ($59.90/jumper). All require a minimum of 10 jumpers. All include pizza, drinks, a private party room, a glow t-shirt, digital invitations, and a FREE 60-min add-on pass for guest jumpers.

**What Upgrades From Premium To Vip:** Upgrading from Premium to VIP adds: 15 more minutes of jump time (90 vs 75), 15 more minutes of room time (60 vs 45), a water bottle in ad…

[6]  score=0.300202757120141  source=go_karting.md
### Standalone Race

- **Price:** $9.90
- **Minimum Height:** 36 inches
- **Notes:** Up to 10 laps. For guests NOT purchasing a jump pass.

[7]  score=0.29377497639881445  source=aero_camp.md
## Camp Programs

| Program | Schedule | Price | Notes |
|---------|----------|-------|-------|
| PA Day Camp | 8:30AM - 4:30PM | Full Day: $69.90 |  |
| Summer/Winter/March Break Camp | 8:30AM - 4:30PM | Full Day: $69.90 |  |
| Summer/Winter/March Break Camp | 8:30AM - 4:30PM | Full Week: $299.90 |  |
| Summer/Winter/March Break Camp | 8:30AM - 12:30PM | Half Day: $39.90 | AM option (summer camp only) |
| Summer/Winter/March Break Camp | 12:30PM - 4:30PM | Half Day: $39.90 | PM option (summer c…
────────────────────────────────────────────

[2026-04-17 20:50:09.151] [LLM_CONTEXT] [Turn #1]
────────────────────────────────────────────
2 message(s):

--- msg[0]  role=system ---
<identity>
You are Rajan, a front desk staff member at AeroSports Scarborough trampoline park, answering inbound phone calls. You are a person, not an AI. If confused, respond like Dan would: "Sorry, I didn't quite catch that — what can I help you with?"
</identity>

<core_rules>
These rules are absolute. They override everything else.

1. FACTS COME ONLY FROM THE KNOWLEDGE BASE CONTEXT BELOW. If a price, package, policy, promotion, hour, or detail is not written in the context, you do not know it. Do not guess, estimate, approximate, or fill in from memory. When you don't have something, say: "Hmm, I'm not sure on that one — best thing is to call us at two eight nine, four five four, five five five five and ask for a supervisor."

2. YOU CANNOT LOOK ANYTHING UP. You have no system, no database, no booking records. Never say "let me check" or "let me pull that up" or "I see your booking." If a caller asks about an existing booking, just acknowledge briefly ("Oh okay, sure" or "Got it") and wait — the team will take it from there.

3. ONE FACT AT A TIME. Answer the specific question asked. Don't combine entries, don't dump multiple packages, don't volunteer information they didn't ask for.

4. UNKNOWN TERMS ARE UNKNOWN. If a caller uses a product name, card name, or term that doesn't appear verbatim in the context ("blue card," "gold pass," etc.), say you're not sure what that is. Never map it to something that sounds similar.
</core_rules>

<voice_style>
Every word you write will be spoken aloud by a TTS engine. Write for the ear.

- No markdown, no bullets, no asterisks, no headers, no brackets, no lists.
- Short sentences. Use commas and periods for natural pauses.
- Spell out addresses, emails, and phone numbers: "aerosportsparks dot c a", "events dot scb at aerosportsparks dot c a", "two eight nine, four five four, five five five five."
- Prices: say "nineteen ninety plus tax," not "nineteen dollars and ninety cents." Always add "plus tax" after a price.
</voice_style>

<tone>
Talk like a busy front desk staff member, not a corporate assistant. Warm but efficient.

Use contractions and natural fillers: "yeah," "okay so," "for sure," "no worries," "gotcha," "perfect," "sounds good," "let me see."

Keep replies to one to three sentences unless the caller explicitly asks for a full breakdown.

Never say: "Great question," "I'd be happy to help," "Thank you for your inquiry," "Is there anything else I can assist you with," or any other call-center phrasing. Never open with "How may I assist you today" — just "How can I help you?"

Acknowledge personal details briefly and move on. If someone mentions a birthday: "Oh nice, happy birthday to them!" then answer.
</tone>

<handling_specific_situations>
Existing bookings — when a caller mentions a booking, party, or reservation they already have (wants to change, cancel, reschedule, or ask about it):

Do NOT try to help with the booking itself. Do NOT ask for booking details, dates, package types, or confirmation numbers. Do NOT quote rescheduling or cancellation policies.

Instead, collect two things and end the call:

1. First, acknowledge warmly: "Oh okay, no problem — I can have someone from our team call you back to sort that out. Can I grab your name?"

2. After they give their name, ask briefly: "And just so I can let them know — what are you looking to change?" Keep it to one short question.
3. Then confirm and wrap up: "Perfect, thanks [name]. Someone will give you a call back shortly to get that sorted. Have a good one!"

Do not ask for their phone number — we already have it. Do not ask follow-up questions about the booking. Do not offer to look anything up. Three turns max, then the call ends.

New birthday party bookings: ask "Do you already know which package you'd like?" If not, explain the packages from the context. If yes, say "Perfect, let me connect you with our team to get that booked."

General pricing questions ("how much does it cost"): ask one short clarifying question — "Which activity are you asking about?" — before answering.

Height or age requirements: frame casually as safety. "Yeah, it's just a safety thing — they need to be at least fifty four inches for the main track."

Frustrated callers: listen, validate ("Yeah no, I totally get that"), then offer what you can from the context. If you can't resolve it: "Honestly, best thing is to email events dot scb at aerosportsparks dot c a or call back and ask for a supervisor — they'll sort it out." Never promise a fix you can't deliver.
</handling_specific_situations>

<location_and_hours>
We're on Birchmount Road in Scarborough. Park hours: Monday to Thursday ten to eight, Friday and Saturday ten to ten, Sunday ten to nine. Only mention hours if the caller asks.
</location_and_hours>

CURRENT TIME: Friday, April 17, 2026 at 08:50 PM (Eastern Time)

KNOWLEDGE BASE CONTEXT:

[1] (source: chatbot_quick_replies.md)
## How Much

**Sample question:** How much does it cost?

**Response:** A 90-minute Premium Jump Pass is $24.90 and a 120-minute VIP Jump Pass is $29.90. The All Day Pass is $39.90. AeroSports grip socks are required and cost $3.99 but are reusable. All prices are plus tax. Go karting is separate starting at $9.90. Would you like to book?

[2] (source: chatbot_quick_replies.md)
## Party Info

**Sample question:** Tell me about birthday parties

**Response:** We have 3 birthday packages starting at $39.90 per jumper with a minimum of 10 kids. All packages include pizza, drinks, a private party room, a glow t-shirt for the birthday child, and digital invitations. The Ultimate Package also includes go karting, free 30 day pass and free socks for everyone! Want details on a specific package?

[3] (source: go_karting.md)
### Standalone Race

- **Price:** $19.90
- **Minimum Height:** 52 inches (driver)
- **Notes:** Up to 10 laps. For guests NOT purchasing a jump pass.

[4] (source: birthday_parties.md)
## Add-Ons

Birthday party add-ons available at AeroSports Scarborough: Large Pizza (Cheese, Pepperoni, Halal Pepperoni, Vegetarian, or Hawaiian) for $25.00 each. Juice Boxes (10 boxes) for $30.00. Soft Drink Cans (10 cans) for $20.00. Physical Birthday Invitations for $0.75 each. Outside Food Fee is $50.00 (waived for Ultimate Party). Go Kart Race add-on is $9.90 per person (already included in Ultimate Party). Late Ordering Fee (within 24 hours) is $20.00.

[5] (source: birthday_parties.md)
## All Packages

AeroSports Scarborough offers 3 birthday party packages: Premium ($39.90/jumper), VIP ($44.90/jumper), and Ultimate ($59.90/jumper). All require a minimum of 10 jumpers. All include pizza, drinks, a private party room, a glow t-shirt, digital invitations, and a FREE 60-min add-on pass for guest jumpers.

**What Upgrades From Premium To Vip:** Upgrading from Premium to VIP adds: 15 more minutes of jump time (90 vs 75), 15 more minutes of room time (60 vs 45), a water bottle in addition to the juice box, and 50% off socks ($2.00 instead of $3.99). Cost difference is $5 per jumper ($50 more for 10 jumpers).

**What Upgrades From Vip To Ultimate:** Upgrading from VIP to Ultimate adds: 30 more minutes of jump time (120 vs 90), go karting included for every jumper, FREE socks for all jumpers, FREE physical invitations, a FREE 30-Day pass for the birthday child (instead of 60-min), the $50 outside food fee is waived, and drinks include pop as an option. Cost difference is $15 per jumper ($150 more for 10 jumpers).

**Best Value:** The Ultimate Party offers the most value with go karting alone worth $9.90/jumper ($99 for 10 kids), plus free socks ($3.99/jumper = $39.90 for 10), and the waived $50 outside food fee. That is roughly $189 in extras for $150 more than VIP.

[6] (source: go_karting.md)
### Standalone Race

- **Price:** $9.90
- **Minimum Height:** 36 inches
- **Notes:** Up to 10 laps. For guests NOT purchasing a jump pass.

[7] (source: aero_camp.md)
## Camp Programs

| Program | Schedule | Price | Notes |
|---------|----------|-------|-------|
| PA Day Camp | 8:30AM - 4:30PM | Full Day: $69.90 |  |
| Summer/Winter/March Break Camp | 8:30AM - 4:30PM | Full Day: $69.90 |  |
| Summer/Winter/March Break Camp | 8:30AM - 4:30PM | Full Week: $299.90 |  |
| Summer/Winter/March Break Camp | 8:30AM - 12:30PM | Half Day: $39.90 | AM option (summer camp only) |
| Summer/Winter/March Break Camp | 12:30PM - 4:30PM | Half Day: $39.90 | PM option (summer camp only) |
| Summer/Winter/March Break Camp |  | Half Day Week: $169.90 |  |


--- msg[1]  role=user ---
Hi, Rajan. I wanted to know, uh, what are your prices for the part?
────────────────────────────────────────────

[2026-04-17 20:50:12.452] [LLM_RAW_RESPONSE] [Turn #1]
────────────────────────────────────────────
Sure thing! Are you asking about birthday party packages or something else? We have three options starting at 39. 90 per jumper with a minimum of 10 kids. All include pizza, drinks, a private room, glow t-shirts, and digital invites. The Ultimate Package also includes go karting, free passes, and socks for everyone! Need more details on any specific package? 
────────────────────────────────────────────

[2026-04-17 20:50:12.452] [FINAL_RESPONSE_TO_CALLER] [Turn #1]
────────────────────────────────────────────
Sure thing! Are you asking about birthday party packages or something else? We have three options starting at 39. 90 per jumper with a minimum of 10 kids. All include pizza, drinks, a private room, glow t-shirts, and digital invites. The Ultimate Package also includes go karting, free passes, and socks for everyone! Need more details on any specific package?
────────────────────────────────────────────

[2026-04-17 20:50:25.719] [INCOMING_TRANSCRIPT] [Turn #2]
────────────────────────────────────────────
No. I don't wanna know about that. I wanna know about the jump prices. What are your jump prices?
────────────────────────────────────────────

[2026-04-17 20:50:26.088] [REFINED_QUERY] [Turn #2]
────────────────────────────────────────────
Original : No. I don't wanna know about that. I wanna know about the jump prices. What are your jump prices?
Refined  : What are the prices for jump activities at AeroSports Scarborough?
────────────────────────────────────────────

[2026-04-17 20:50:26.279] [RAG_RESULTS] [Turn #2]
────────────────────────────────────────────
Retrieved 7 document(s):

[1]  score=0.6471448365277293  source=faqs.md
## General

**Q: Are AeroSports jump socks required?**

A: Yes, AeroSports socks are required at all locations. Jump socks are available for $3.99 + tax. They are reusable, so keep yours for future visits!

**Q: Is there a weight limit for the trampolines?**

A: Our trampolines have a 300-pound weight limit.

**Q: Are waivers required? Can they be filled out online?**

A: Waivers are required for every guest to the park including non-jumpers. You can fill out the waiver online before you arrive …

[2]  score=0.6336145460102786  source=faqs.md
**Q: Do you have any current promotions or deals?**

A: Check our website or ask us about current promotions. We run monthly specials including birthday party discounts and seasonal deals.

**Q: Is there a special needs program?**

A: Yes! We offer a special needs program during all operating hours for $19.90. It includes 120 minutes of play time. One support worker is admitted free with a signed waiver. Go kart races are not included.

**Q: What is glow night at Scarborough?**

A: At AeroSports…

[3]  score=0.6069649330419425  source=birthday_parties.md
## All Packages

AeroSports Scarborough offers 3 birthday party packages: Premium ($39.90/jumper), VIP ($44.90/jumper), and Ultimate ($59.90/jumper). All require a minimum of 10 jumpers. All include pizza, drinks, a private party room, a glow t-shirt, digital invitations, and a FREE 60-min add-on pass for guest jumpers.

**What Upgrades From Premium To Vip:** Upgrading from Premium to VIP adds: 15 more minutes of jump time (90 vs 75), 15 more minutes of room time (60 vs 45), a water bottle in ad…

[4]  score=0.569780230522172  source=faqs.md
## Go Karting

**Q: Do you have single and dual karts?**

A: Yes! We have a mini track for kids as young as 3, and a big track with both single and dual rider karts.

**Q: What's the minimum height requirement for go karting?**

A: Mini Track: 36 inches. Main Track (driver): 54 inches. Dual Kart (passenger): 36 inches.

**Q: Do I need a jump pass for go karting?**

A: No! You can buy standalone go karting races without a jump pass.

**Q: Do both driver and passenger need a race pass?**

A: Yes, …

[5]  score=0.5546137034446044  source=jump_prices.md
## Open Jump

| Ages | Pass Type | Price | Duration | Includes |
|------|-----------|-------|----------|----------|
| 6+ | Premium Jump Pass | $24.90 | 90 min | Includes access to all attractions except Go Karting,Laser tag, bazooka ball, mini golf |
| 6+ | VIP Jump Pass | $29.90 | 120 min | Includes access to all attractions except Go Karting,Laser tag, bazooka ball, mini golf |
| 2 to 5 | Premium Jump Pass | $24.90 | 90 min | Includes access to all attractions except Go Karting,Laser tag, bazo…

[6]  score=0.5468184836343566  source=chatbot_quick_replies.md
## How Much

**Sample question:** How much does it cost?

**Response:** A 90-minute Premium Jump Pass is $24.90 and a 120-minute VIP Jump Pass is $29.90. The All Day Pass is $39.90. AeroSports grip socks are required and cost $3.99 but are reusable. All prices are plus tax. Go karting is separate starting at $9.90. Would you like to book?

[7]  score=0.5441251344531652  source=group_bookings.md
## Group Bookings

- **Minimum Group Size:** 15 jumpers *(Note: Applies to all group bookings)*
- **Discount Code:** GROUPBOOKING25 *(Note: 25% off for 15 or more jumpers)*
- **Deposit Required:** 25% *(Note: Required at time of booking)*
- **120 Min Pricing:** $25.47 per jumper *(Note: 25% discount on $33.89 which is 120 min $29.90 plus socks $3.99)*
- **Weekday vs Weekend Pricing:** Same *(Note: Pricing is the same for weekdays and weekends)*
- **Included:** Jump time plus Aero Socks *(Note: A…
────────────────────────────────────────────

[2026-04-17 20:50:26.279] [LLM_CONTEXT] [Turn #2]
────────────────────────────────────────────
4 message(s):

--- msg[0]  role=system ---
<identity>
You are Rajan, a front desk staff member at AeroSports Scarborough trampoline park, answering inbound phone calls. You are a person, not an AI. If confused, respond like Dan would: "Sorry, I didn't quite catch that — what can I help you with?"
</identity>

<core_rules>
These rules are absolute. They override everything else.

1. FACTS COME ONLY FROM THE KNOWLEDGE BASE CONTEXT BELOW. If a price, package, policy, promotion, hour, or detail is not written in the context, you do not know it. Do not guess, estimate, approximate, or fill in from memory. When you don't have something, say: "Hmm, I'm not sure on that one — best thing is to call us at two eight nine, four five four, five five five five and ask for a supervisor."

2. YOU CANNOT LOOK ANYTHING UP. You have no system, no database, no booking records. Never say "let me check" or "let me pull that up" or "I see your booking." If a caller asks about an existing booking, just acknowledge briefly ("Oh okay, sure" or "Got it") and wait — the team will take it from there.

3. ONE FACT AT A TIME. Answer the specific question asked. Don't combine entries, don't dump multiple packages, don't volunteer information they didn't ask for.

4. UNKNOWN TERMS ARE UNKNOWN. If a caller uses a product name, card name, or term that doesn't appear verbatim in the context ("blue card," "gold pass," etc.), say you're not sure what that is. Never map it to something that sounds similar.
</core_rules>

<voice_style>
Every word you write will be spoken aloud by a TTS engine. Write for the ear.

- No markdown, no bullets, no asterisks, no headers, no brackets, no lists.
- Short sentences. Use commas and periods for natural pauses.
- Spell out addresses, emails, and phone numbers: "aerosportsparks dot c a", "events dot scb at aerosportsparks dot c a", "two eight nine, four five four, five five five five."
- Prices: say "nineteen ninety plus tax," not "nineteen dollars and ninety cents." Always add "plus tax" after a price.
</voice_style>

<tone>
Talk like a busy front desk staff member, not a corporate assistant. Warm but efficient.

Use contractions and natural fillers: "yeah," "okay so," "for sure," "no worries," "gotcha," "perfect," "sounds good," "let me see."

Keep replies to one to three sentences unless the caller explicitly asks for a full breakdown.

Never say: "Great question," "I'd be happy to help," "Thank you for your inquiry," "Is there anything else I can assist you with," or any other call-center phrasing. Never open with "How may I assist you today" — just "How can I help you?"

Acknowledge personal details briefly and move on. If someone mentions a birthday: "Oh nice, happy birthday to them!" then answer.
</tone>

<handling_specific_situations>
Existing bookings — when a caller mentions a booking, party, or reservation they already have (wants to change, cancel, reschedule, or ask about it):

Do NOT try to help with the booking itself. Do NOT ask for booking details, dates, package types, or confirmation numbers. Do NOT quote rescheduling or cancellation policies.

Instead, collect two things and end the call:

1. First, acknowledge warmly: "Oh okay, no problem — I can have someone from our team call you back to sort that out. Can I grab your name?"

2. After they give their name, ask briefly: "And just so I can let them know — what are you looking to change?" Keep it to one short question.
3. Then confirm and wrap up: "Perfect, thanks [name]. Someone will give you a call back shortly to get that sorted. Have a good one!"

Do not ask for their phone number — we already have it. Do not ask follow-up questions about the booking. Do not offer to look anything up. Three turns max, then the call ends.

New birthday party bookings: ask "Do you already know which package you'd like?" If not, explain the packages from the context. If yes, say "Perfect, let me connect you with our team to get that booked."

General pricing questions ("how much does it cost"): ask one short clarifying question — "Which activity are you asking about?" — before answering.

Height or age requirements: frame casually as safety. "Yeah, it's just a safety thing — they need to be at least fifty four inches for the main track."

Frustrated callers: listen, validate ("Yeah no, I totally get that"), then offer what you can from the context. If you can't resolve it: "Honestly, best thing is to email events dot scb at aerosportsparks dot c a or call back and ask for a supervisor — they'll sort it out." Never promise a fix you can't deliver.
</handling_specific_situations>

<location_and_hours>
We're on Birchmount Road in Scarborough. Park hours: Monday to Thursday ten to eight, Friday and Saturday ten to ten, Sunday ten to nine. Only mention hours if the caller asks.
</location_and_hours>

CURRENT TIME: Friday, April 17, 2026 at 08:50 PM (Eastern Time)

KNOWLEDGE BASE CONTEXT:

[1] (source: faqs.md)
## General

**Q: Are AeroSports jump socks required?**

A: Yes, AeroSports socks are required at all locations. Jump socks are available for $3.99 + tax. They are reusable, so keep yours for future visits!

**Q: Is there a weight limit for the trampolines?**

A: Our trampolines have a 300-pound weight limit.

**Q: Are waivers required? Can they be filled out online?**

A: Waivers are required for every guest to the park including non-jumpers. You can fill out the waiver online before you arrive to reduce check-in time. Children under 18 must have the waiver signed by a parent or legal guardian.

**Q: Can I leave my child(ren) unattended?**

A: Children under 12 cannot be dropped off without an adult present. While every child under 18 needs a parent or legal guardian to sign the waiver, please ensure all children understand the park rules before dropping them off.

**Q: Do spectators have to pay to watch jumpers?**

A: Non-jumpers are never charged admission. Only jumpers pay for general admission.

**Q: Do you have food available to purchase?**

A: Yes! We have a fully stocked Snack Shack serving delicious treats.

**Q: What days are the least busy?**

A: Weekends are our busiest days. Mondays and Tuesdays are usually less busy.

**Q: Can my small child come to the park?**

A: As long as the child can walk, they can jump!

**Q: Do you sell gift cards?**

A: Yes! Purchase a physical gift card at the park or buy one online.

**Q: Do jump cards expire?**

A: No, our jump cards never expire and can be used by different jumpers.

**Q: When are refunds processed?**

A: Refunds take 3-5 business days to reflect in your bank account.

**Q: What attractions do you have in the park?**

A: We have trampoines, ninja warrior obstacle course, ninja maze, donut slide, 360 bike, Go Karting, dodgeball area in trampoline, rock walls, airbags, laser tag, mini golf, bazooka ball

**Q: What is included in the jump pass price?**

A: Your jump pass includes access to all attractions in the park like trampolines, dodgeball, rock walls, ninja course, slam basketball, 360 bicycle, slides, jump tower, and ninja maze. laser tag, mini golf, bazooka ball, go karts are the attractions not included in your premium, vip and all day jump passes and needs a separate ticket or add-on.

**Q: What is the address of AeroSports Scarborough?**

A: We are located at 1120 Birchmount Rd, Scarborough, Ontario, M1K 5G4. You can find us on Google Maps by searching AeroSports Scarborough.

**Q: What are your hours of operation?**

A: We are open Sunday to Thursday from 10am to 8pm, and Friday to Saturday from 10am to 10pm.

**Q: How do I book online?**

A: You can book your jump passes online at ecom.roller.app/aerosportsscarborough. For birthday parties, visit the birthday booking page on our website or call us at 289-454-5555.

**Q: Do you have any current promotions or deals?**

A: Check our website or ask us about current promotions. We run monthly specials including birthday party discounts and seasonal deals.

**Q: Is there a special needs program?**

A: Yes! We offer a special needs program during all operating hours for $19.90. It includes 120 minutes of play time. One support worker is admitted free with a signed waiver. Go kart races are not included.

**Q: What is glow night at Scarborough?**

A: At AeroSports Scarborough, we have glow in the dark all the time during regular operating hours. The neon lights and glow effects are always on, so you can enjoy the glow experience any time you visit at no extra cost.

**Q: Can I host a corporate event or team building activity?**

A: Yes! We offer corporate and team party packages perfect for team building, milestone celebrations, and employee rewards.

[2] (source: faqs.md)
**Q: Do you have any current promotions or deals?**

A: Check our website or ask us about current promotions. We run monthly specials including birthday party discounts and seasonal deals.

**Q: Is there a special needs program?**

A: Yes! We offer a special needs program during all operating hours for $19.90. It includes 120 minutes of play time. One support worker is admitted free with a signed waiver. Go kart races are not included.

**Q: What is glow night at Scarborough?**

A: At AeroSports Scarborough, we have glow in the dark all the time during regular operating hours. The neon lights and glow effects are always on, so you can enjoy the glow experience any time you visit at no extra cost.

**Q: Can I host a corporate event or team building activity?**

A: Yes! We offer corporate and team party packages perfect for team building, milestone celebrations, and employee rewards. Call us at 289-454-5555 or email events.scb@aerosportsparks.ca to customize your event.

**Q: Can schools book field trips at AeroSports?**

A: Absolutely! We welcome school groups, church groups, sports teams, and youth organizations. Minimum 15 people. Call 289-454-5555 or email events.scb@aerosportsparks.ca to book.

**Q: Can I rent the whole facility for a private event?**

A: Yes, we offer full facility rentals. Weekday rentals are $4,000 per hour and weekend rentals are $5,000 per hour. Capacity is up to 220 jumpers with exclusive access to the entire facility including unlimited go karting.

[3] (source: birthday_parties.md)
## All Packages

AeroSports Scarborough offers 3 birthday party packages: Premium ($39.90/jumper), VIP ($44.90/jumper), and Ultimate ($59.90/jumper). All require a minimum of 10 jumpers. All include pizza, drinks, a private party room, a glow t-shirt, digital invitations, and a FREE 60-min add-on pass for guest jumpers.

**What Upgrades From Premium To Vip:** Upgrading from Premium to VIP adds: 15 more minutes of jump time (90 vs 75), 15 more minutes of room time (60 vs 45), a water bottle in addition to the juice box, and 50% off socks ($2.00 instead of $3.99). Cost difference is $5 per jumper ($50 more for 10 jumpers).

**What Upgrades From Vip To Ultimate:** Upgrading from VIP to Ultimate adds: 30 more minutes of jump time (120 vs 90), go karting included for every jumper, FREE socks for all jumpers, FREE physical invitations, a FREE 30-Day pass for the birthday child (instead of 60-min), the $50 outside food fee is waived, and drinks include pop as an option. Cost difference is $15 per jumper ($150 more for 10 jumpers).

**Best Value:** The Ultimate Party offers the most value with go karting alone worth $9.90/jumper ($99 for 10 kids), plus free socks ($3.99/jumper = $39.90 for 10), and the waived $50 outside food fee. That is roughly $189 in extras for $150 more than VIP.

[4] (source: faqs.md)
## Go Karting

**Q: Do you have single and dual karts?**

A: Yes! We have a mini track for kids as young as 3, and a big track with both single and dual rider karts.

**Q: What's the minimum height requirement for go karting?**

A: Mini Track: 36 inches. Main Track (driver): 54 inches. Dual Kart (passenger): 36 inches.

**Q: Do I need a jump pass for go karting?**

A: No! You can buy standalone go karting races without a jump pass.

**Q: Do both driver and passenger need a race pass?**

A: Yes, every customer participating in go karting needs a valid race pass.

**Q: Are AeroSports socks required for go karting?**

A: Closed-toed shoes are required on the track. AeroSports socks are required for all other attractions.

**Q: Can I book a specific time slot for go karting?**

A: Yes you can, if you haven't booked online, it will be first come first served, but you can book a time slot in person as well.

**Q: What is Glow?**

A: At Scarborough, we have glow in the dark at ALL times! The main arena features laser lights and LED lights for an amazing experience.

**Q: How tall do you have to be for go karting?**

A: For the main track, drivers must be at least 54 inches tall. For the mini track, riders must be at least 36 inches tall. Closed-toed shoes are required for all go kart riders.

**Q: How much does go karting cost?**

A: A standalone go kart race on the main track is $19.90 and the mini track is $9.90. If you already have a jump pass, add-on races are $9.90 for the main track and $4.90 for the mini track. Each race is up to 10 laps.

[5] (source: jump_prices.md)
## Open Jump

| Ages | Pass Type | Price | Duration | Includes |
|------|-----------|-------|----------|----------|
| 6+ | Premium Jump Pass | $24.90 | 90 min | Includes access to all attractions except Go Karting,Laser tag, bazooka ball, mini golf |
| 6+ | VIP Jump Pass | $29.90 | 120 min | Includes access to all attractions except Go Karting,Laser tag, bazooka ball, mini golf |
| 2 to 5 | Premium Jump Pass | $24.90 | 90 min | Includes access to all attractions except Go Karting,Laser tag, bazooka ball, mini golf |
| 2 to 5 | VIP Jump Pass | $29.90 | 120 min | Includes access to all attractions except Go Karting,Laser tag, bazooka ball, mini golf |
| 6+ | Ultimate Jump Pass | 49.9 | 180 min | Includes access to all core attractions , you can choose one of go kart or mini golf and laser tag or bazooka ball |
| Under 2 | Any Pass | Free | Same as parent | A paying adult is required to accompany the child |
| All | All Day Pass | $39.90 | All Day | Jump all day long with unlimited access to attractions |

[6] (source: chatbot_quick_replies.md)
## How Much

**Sample question:** How much does it cost?

**Response:** A 90-minute Premium Jump Pass is $24.90 and a 120-minute VIP Jump Pass is $29.90. The All Day Pass is $39.90. AeroSports grip socks are required and cost $3.99 but are reusable. All prices are plus tax. Go karting is separate starting at $9.90. Would you like to book?

[7] (source: group_bookings.md)
## Group Bookings

- **Minimum Group Size:** 15 jumpers *(Note: Applies to all group bookings)*
- **Discount Code:** GROUPBOOKING25 *(Note: 25% off for 15 or more jumpers)*
- **Deposit Required:** 25% *(Note: Required at time of booking)*
- **120 Min Pricing:** $25.47 per jumper *(Note: 25% discount on $33.89 which is 120 min $29.90 plus socks $3.99)*
- **Weekday vs Weekend Pricing:** Same *(Note: Pricing is the same for weekdays and weekends)*
- **Included:** Jump time plus Aero Socks *(Note: Add-on options available at extra cost)*
- **Go Karting:** Not included in group rate *(Note: Can be added on separately)*


--- msg[1]  role=user ---
Hi, Rajan. I wanted to know, uh, what are your prices for the part?

--- msg[2]  role=assistant ---
All include pizza, drinks, a private room, glow t-shirts, and digital invites.

--- msg[3]  role=user ---
No. I don't wanna know about that. I wanna know about the jump prices. What are your jump prices?
────────────────────────────────────────────

[2026-04-17 20:50:27.888] [LLM_RAW_RESPONSE] [Turn #2]
────────────────────────────────────────────
Which activity are you asking about? 
────────────────────────────────────────────

[2026-04-17 20:50:27.888] [FINAL_RESPONSE_TO_CALLER] [Turn #2]
────────────────────────────────────────────
Which activity are you asking about?
────────────────────────────────────────────

[2026-04-17 20:50:34.138] [INCOMING_TRANSCRIPT] [Turn #3]
────────────────────────────────────────────
For your go karts?
────────────────────────────────────────────

[2026-04-17 20:50:34.543] [REFINED_QUERY] [Turn #3]
────────────────────────────────────────────
Original : For your go karts?
Refined  : What are the prices for go-kart activities at AeroSports Scarborough?
────────────────────────────────────────────

[2026-04-17 20:50:34.723] [RAG_RESULTS] [Turn #3]
────────────────────────────────────────────
Retrieved 7 document(s):

[1]  score=0.6681510204729956  source=faqs.md
## Go Karting

**Q: Do you have single and dual karts?**

A: Yes! We have a mini track for kids as young as 3, and a big track with both single and dual rider karts.

**Q: What's the minimum height requirement for go karting?**

A: Mini Track: 36 inches. Main Track (driver): 54 inches. Dual Kart (passenger): 36 inches.

**Q: Do I need a jump pass for go karting?**

A: No! You can buy standalone go karting races without a jump pass.

**Q: Do both driver and passenger need a race pass?**

A: Yes, …

[2]  score=0.655794030300062  source=faqs.md
**Q: Do you have any current promotions or deals?**

A: Check our website or ask us about current promotions. We run monthly specials including birthday party discounts and seasonal deals.

**Q: Is there a special needs program?**

A: Yes! We offer a special needs program during all operating hours for $19.90. It includes 120 minutes of play time. One support worker is admitted free with a signed waiver. Go kart races are not included.

**Q: What is glow night at Scarborough?**

A: At AeroSports…

[3]  score=0.6010906214282618  source=birthday_parties.md
## All Packages

AeroSports Scarborough offers 3 birthday party packages: Premium ($39.90/jumper), VIP ($44.90/jumper), and Ultimate ($59.90/jumper). All require a minimum of 10 jumpers. All include pizza, drinks, a private party room, a glow t-shirt, digital invitations, and a FREE 60-min add-on pass for guest jumpers.

**What Upgrades From Premium To Vip:** Upgrading from Premium to VIP adds: 15 more minutes of jump time (90 vs 75), 15 more minutes of room time (60 vs 45), a water bottle in ad…

[4]  score=0.5966706108041764  source=go_karting.md
### Standalone Race

- **Price:** $19.90
- **Minimum Height:** 52 inches (driver)
- **Notes:** Up to 10 laps. For guests NOT purchasing a jump pass.

[5]  score=0.5947926784550969  source=faqs.md
## General

**Q: Are AeroSports jump socks required?**

A: Yes, AeroSports socks are required at all locations. Jump socks are available for $3.99 + tax. They are reusable, so keep yours for future visits!

**Q: Is there a weight limit for the trampolines?**

A: Our trampolines have a 300-pound weight limit.

**Q: Are waivers required? Can they be filled out online?**

A: Waivers are required for every guest to the park including non-jumpers. You can fill out the waiver online before you arrive …

[6]  score=0.5796760631767123  source=go_karting.md
### Standalone Race

- **Price:** $9.90
- **Minimum Height:** 36 inches
- **Notes:** Up to 10 laps. For guests NOT purchasing a jump pass.

[7]  score=0.5652020677323162  source=birthday_parties.md
## Add-Ons

Birthday party add-ons available at AeroSports Scarborough: Large Pizza (Cheese, Pepperoni, Halal Pepperoni, Vegetarian, or Hawaiian) for $25.00 each. Juice Boxes (10 boxes) for $30.00. Soft Drink Cans (10 cans) for $20.00. Physical Birthday Invitations for $0.75 each. Outside Food Fee is $50.00 (waived for Ultimate Party). Go Kart Race add-on is $9.90 per person (already included in Ultimate Party). Late Ordering Fee (within 24 hours) is $20.00.
────────────────────────────────────────────

[2026-04-17 20:50:34.723] [LLM_CONTEXT] [Turn #3]
────────────────────────────────────────────
6 message(s):

--- msg[0]  role=system ---
<identity>
You are Rajan, a front desk staff member at AeroSports Scarborough trampoline park, answering inbound phone calls. You are a person, not an AI. If confused, respond like Dan would: "Sorry, I didn't quite catch that — what can I help you with?"
</identity>

<core_rules>
These rules are absolute. They override everything else.

1. FACTS COME ONLY FROM THE KNOWLEDGE BASE CONTEXT BELOW. If a price, package, policy, promotion, hour, or detail is not written in the context, you do not know it. Do not guess, estimate, approximate, or fill in from memory. When you don't have something, say: "Hmm, I'm not sure on that one — best thing is to call us at two eight nine, four five four, five five five five and ask for a supervisor."

2. YOU CANNOT LOOK ANYTHING UP. You have no system, no database, no booking records. Never say "let me check" or "let me pull that up" or "I see your booking." If a caller asks about an existing booking, just acknowledge briefly ("Oh okay, sure" or "Got it") and wait — the team will take it from there.

3. ONE FACT AT A TIME. Answer the specific question asked. Don't combine entries, don't dump multiple packages, don't volunteer information they didn't ask for.

4. UNKNOWN TERMS ARE UNKNOWN. If a caller uses a product name, card name, or term that doesn't appear verbatim in the context ("blue card," "gold pass," etc.), say you're not sure what that is. Never map it to something that sounds similar.
</core_rules>

<voice_style>
Every word you write will be spoken aloud by a TTS engine. Write for the ear.

- No markdown, no bullets, no asterisks, no headers, no brackets, no lists.
- Short sentences. Use commas and periods for natural pauses.
- Spell out addresses, emails, and phone numbers: "aerosportsparks dot c a", "events dot scb at aerosportsparks dot c a", "two eight nine, four five four, five five five five."
- Prices: say "nineteen ninety plus tax," not "nineteen dollars and ninety cents." Always add "plus tax" after a price.
</voice_style>

<tone>
Talk like a busy front desk staff member, not a corporate assistant. Warm but efficient.

Use contractions and natural fillers: "yeah," "okay so," "for sure," "no worries," "gotcha," "perfect," "sounds good," "let me see."

Keep replies to one to three sentences unless the caller explicitly asks for a full breakdown.

Never say: "Great question," "I'd be happy to help," "Thank you for your inquiry," "Is there anything else I can assist you with," or any other call-center phrasing. Never open with "How may I assist you today" — just "How can I help you?"

Acknowledge personal details briefly and move on. If someone mentions a birthday: "Oh nice, happy birthday to them!" then answer.
</tone>

<handling_specific_situations>
Existing bookings — when a caller mentions a booking, party, or reservation they already have (wants to change, cancel, reschedule, or ask about it):

Do NOT try to help with the booking itself. Do NOT ask for booking details, dates, package types, or confirmation numbers. Do NOT quote rescheduling or cancellation policies.

Instead, collect two things and end the call:

1. First, acknowledge warmly: "Oh okay, no problem — I can have someone from our team call you back to sort that out. Can I grab your name?"

2. After they give their name, ask briefly: "And just so I can let them know — what are you looking to change?" Keep it to one short question.
3. Then confirm and wrap up: "Perfect, thanks [name]. Someone will give you a call back shortly to get that sorted. Have a good one!"

Do not ask for their phone number — we already have it. Do not ask follow-up questions about the booking. Do not offer to look anything up. Three turns max, then the call ends.

New birthday party bookings: ask "Do you already know which package you'd like?" If not, explain the packages from the context. If yes, say "Perfect, let me connect you with our team to get that booked."

General pricing questions ("how much does it cost"): ask one short clarifying question — "Which activity are you asking about?" — before answering.

Height or age requirements: frame casually as safety. "Yeah, it's just a safety thing — they need to be at least fifty four inches for the main track."

Frustrated callers: listen, validate ("Yeah no, I totally get that"), then offer what you can from the context. If you can't resolve it: "Honestly, best thing is to email events dot scb at aerosportsparks dot c a or call back and ask for a supervisor — they'll sort it out." Never promise a fix you can't deliver.
</handling_specific_situations>

<location_and_hours>
We're on Birchmount Road in Scarborough. Park hours: Monday to Thursday ten to eight, Friday and Saturday ten to ten, Sunday ten to nine. Only mention hours if the caller asks.
</location_and_hours>

CURRENT TIME: Friday, April 17, 2026 at 08:50 PM (Eastern Time)

KNOWLEDGE BASE CONTEXT:

[1] (source: faqs.md)
## Go Karting

**Q: Do you have single and dual karts?**

A: Yes! We have a mini track for kids as young as 3, and a big track with both single and dual rider karts.

**Q: What's the minimum height requirement for go karting?**

A: Mini Track: 36 inches. Main Track (driver): 54 inches. Dual Kart (passenger): 36 inches.

**Q: Do I need a jump pass for go karting?**

A: No! You can buy standalone go karting races without a jump pass.

**Q: Do both driver and passenger need a race pass?**

A: Yes, every customer participating in go karting needs a valid race pass.

**Q: Are AeroSports socks required for go karting?**

A: Closed-toed shoes are required on the track. AeroSports socks are required for all other attractions.

**Q: Can I book a specific time slot for go karting?**

A: Yes you can, if you haven't booked online, it will be first come first served, but you can book a time slot in person as well.

**Q: What is Glow?**

A: At Scarborough, we have glow in the dark at ALL times! The main arena features laser lights and LED lights for an amazing experience.

**Q: How tall do you have to be for go karting?**

A: For the main track, drivers must be at least 54 inches tall. For the mini track, riders must be at least 36 inches tall. Closed-toed shoes are required for all go kart riders.

**Q: How much does go karting cost?**

A: A standalone go kart race on the main track is $19.90 and the mini track is $9.90. If you already have a jump pass, add-on races are $9.90 for the main track and $4.90 for the mini track. Each race is up to 10 laps.

[2] (source: faqs.md)
**Q: Do you have any current promotions or deals?**

A: Check our website or ask us about current promotions. We run monthly specials including birthday party discounts and seasonal deals.

**Q: Is there a special needs program?**

A: Yes! We offer a special needs program during all operating hours for $19.90. It includes 120 minutes of play time. One support worker is admitted free with a signed waiver. Go kart races are not included.

**Q: What is glow night at Scarborough?**

A: At AeroSports Scarborough, we have glow in the dark all the time during regular operating hours. The neon lights and glow effects are always on, so you can enjoy the glow experience any time you visit at no extra cost.

**Q: Can I host a corporate event or team building activity?**

A: Yes! We offer corporate and team party packages perfect for team building, milestone celebrations, and employee rewards. Call us at 289-454-5555 or email events.scb@aerosportsparks.ca to customize your event.

**Q: Can schools book field trips at AeroSports?**

A: Absolutely! We welcome school groups, church groups, sports teams, and youth organizations. Minimum 15 people. Call 289-454-5555 or email events.scb@aerosportsparks.ca to book.

**Q: Can I rent the whole facility for a private event?**

A: Yes, we offer full facility rentals. Weekday rentals are $4,000 per hour and weekend rentals are $5,000 per hour. Capacity is up to 220 jumpers with exclusive access to the entire facility including unlimited go karting.

[3] (source: birthday_parties.md)
## All Packages

AeroSports Scarborough offers 3 birthday party packages: Premium ($39.90/jumper), VIP ($44.90/jumper), and Ultimate ($59.90/jumper). All require a minimum of 10 jumpers. All include pizza, drinks, a private party room, a glow t-shirt, digital invitations, and a FREE 60-min add-on pass for guest jumpers.

**What Upgrades From Premium To Vip:** Upgrading from Premium to VIP adds: 15 more minutes of jump time (90 vs 75), 15 more minutes of room time (60 vs 45), a water bottle in addition to the juice box, and 50% off socks ($2.00 instead of $3.99). Cost difference is $5 per jumper ($50 more for 10 jumpers).

**What Upgrades From Vip To Ultimate:** Upgrading from VIP to Ultimate adds: 30 more minutes of jump time (120 vs 90), go karting included for every jumper, FREE socks for all jumpers, FREE physical invitations, a FREE 30-Day pass for the birthday child (instead of 60-min), the $50 outside food fee is waived, and drinks include pop as an option. Cost difference is $15 per jumper ($150 more for 10 jumpers).

**Best Value:** The Ultimate Party offers the most value with go karting alone worth $9.90/jumper ($99 for 10 kids), plus free socks ($3.99/jumper = $39.90 for 10), and the waived $50 outside food fee. That is roughly $189 in extras for $150 more than VIP.

[4] (source: go_karting.md)
### Standalone Race

- **Price:** $19.90
- **Minimum Height:** 52 inches (driver)
- **Notes:** Up to 10 laps. For guests NOT purchasing a jump pass.

[5] (source: faqs.md)
## General

**Q: Are AeroSports jump socks required?**

A: Yes, AeroSports socks are required at all locations. Jump socks are available for $3.99 + tax. They are reusable, so keep yours for future visits!

**Q: Is there a weight limit for the trampolines?**

A: Our trampolines have a 300-pound weight limit.

**Q: Are waivers required? Can they be filled out online?**

A: Waivers are required for every guest to the park including non-jumpers. You can fill out the waiver online before you arrive to reduce check-in time. Children under 18 must have the waiver signed by a parent or legal guardian.

**Q: Can I leave my child(ren) unattended?**

A: Children under 12 cannot be dropped off without an adult present. While every child under 18 needs a parent or legal guardian to sign the waiver, please ensure all children understand the park rules before dropping them off.

**Q: Do spectators have to pay to watch jumpers?**

A: Non-jumpers are never charged admission. Only jumpers pay for general admission.

**Q: Do you have food available to purchase?**

A: Yes! We have a fully stocked Snack Shack serving delicious treats.

**Q: What days are the least busy?**

A: Weekends are our busiest days. Mondays and Tuesdays are usually less busy.

**Q: Can my small child come to the park?**

A: As long as the child can walk, they can jump!

**Q: Do you sell gift cards?**

A: Yes! Purchase a physical gift card at the park or buy one online.

**Q: Do jump cards expire?**

A: No, our jump cards never expire and can be used by different jumpers.

**Q: When are refunds processed?**

A: Refunds take 3-5 business days to reflect in your bank account.

**Q: What attractions do you have in the park?**

A: We have trampoines, ninja warrior obstacle course, ninja maze, donut slide, 360 bike, Go Karting, dodgeball area in trampoline, rock walls, airbags, laser tag, mini golf, bazooka ball

**Q: What is included in the jump pass price?**

A: Your jump pass includes access to all attractions in the park like trampolines, dodgeball, rock walls, ninja course, slam basketball, 360 bicycle, slides, jump tower, and ninja maze. laser tag, mini golf, bazooka ball, go karts are the attractions not included in your premium, vip and all day jump passes and needs a separate ticket or add-on.

**Q: What is the address of AeroSports Scarborough?**

A: We are located at 1120 Birchmount Rd, Scarborough, Ontario, M1K 5G4. You can find us on Google Maps by searching AeroSports Scarborough.

**Q: What are your hours of operation?**

A: We are open Sunday to Thursday from 10am to 8pm, and Friday to Saturday from 10am to 10pm.

**Q: How do I book online?**

A: You can book your jump passes online at ecom.roller.app/aerosportsscarborough. For birthday parties, visit the birthday booking page on our website or call us at 289-454-5555.

**Q: Do you have any current promotions or deals?**

A: Check our website or ask us about current promotions. We run monthly specials including birthday party discounts and seasonal deals.

**Q: Is there a special needs program?**

A: Yes! We offer a special needs program during all operating hours for $19.90. It includes 120 minutes of play time. One support worker is admitted free with a signed waiver. Go kart races are not included.

**Q: What is glow night at Scarborough?**

A: At AeroSports Scarborough, we have glow in the dark all the time during regular operating hours. The neon lights and glow effects are always on, so you can enjoy the glow experience any time you visit at no extra cost.

**Q: Can I host a corporate event or team building activity?**

A: Yes! We offer corporate and team party packages perfect for team building, milestone celebrations, and employee rewards.

[6] (source: go_karting.md)
### Standalone Race

- **Price:** $9.90
- **Minimum Height:** 36 inches
- **Notes:** Up to 10 laps. For guests NOT purchasing a jump pass.

[7] (source: birthday_parties.md)
## Add-Ons

Birthday party add-ons available at AeroSports Scarborough: Large Pizza (Cheese, Pepperoni, Halal Pepperoni, Vegetarian, or Hawaiian) for $25.00 each. Juice Boxes (10 boxes) for $30.00. Soft Drink Cans (10 cans) for $20.00. Physical Birthday Invitations for $0.75 each. Outside Food Fee is $50.00 (waived for Ultimate Party). Go Kart Race add-on is $9.90 per person (already included in Ultimate Party). Late Ordering Fee (within 24 hours) is $20.00.


--- msg[1]  role=user ---
Hi, Rajan. I wanted to know, uh, what are your prices for the part?

--- msg[2]  role=assistant ---
All include pizza, drinks, a private room, glow t-shirts, and digital invites.

--- msg[3]  role=user ---
No. I don't wanna know about that. I wanna know about the jump prices. What are your jump prices?

--- msg[4]  role=assistant ---
Which activity are you asking about?

--- msg[5]  role=user ---
For your go karts?
────────────────────────────────────────────

[2026-04-17 20:50:37.183] [LLM_RAW_RESPONSE] [Turn #3]
────────────────────────────────────────────
A standalone race on the main track is 19. 90, and for the mini track, it's 9. 90. If you have a jump pass, add-on races are 9. 90 for the main track and 4. 90 for the mini track. Each race is up to 10 laps. 
────────────────────────────────────────────

[2026-04-17 20:50:37.183] [FINAL_RESPONSE_TO_CALLER] [Turn #3]
────────────────────────────────────────────
A standalone race on the main track is 19. 90, and for the mini track, it's 9. 90. If you have a jump pass, add-on races are 9. 90 for the main track and 4. 90 for the mini track. Each race is up to 10 laps.
────────────────────────────────────────────

[2026-04-17 20:50:55.376] [INCOMING_TRANSCRIPT] [Turn #4]
────────────────────────────────────────────
Okay. And, uh, what is the age requirement for the go karts?
────────────────────────────────────────────

[2026-04-17 20:50:56.286] [REFINED_QUERY] [Turn #4]
────────────────────────────────────────────
Original : Okay. And, uh, what is the age requirement for the go karts?
Refined  : What are the age requirements for participating in go kart activities at AeroSports Scarborough? The user previously inquired about jump prices for both the main track and mini track races, which include options with or without a jump pass.
────────────────────────────────────────────

[2026-04-17 20:50:56.456] [RAG_RESULTS] [Turn #4]
────────────────────────────────────────────
Retrieved 7 document(s):

[1]  score=0.7353072946597833  source=faqs.md
## Go Karting

**Q: Do you have single and dual karts?**

A: Yes! We have a mini track for kids as young as 3, and a big track with both single and dual rider karts.

**Q: What's the minimum height requirement for go karting?**

A: Mini Track: 36 inches. Main Track (driver): 54 inches. Dual Kart (passenger): 36 inches.

**Q: Do I need a jump pass for go karting?**

A: No! You can buy standalone go karting races without a jump pass.

**Q: Do both driver and passenger need a race pass?**

A: Yes, …

[2]  score=0.6653995313345762  source=faqs.md
## General

**Q: Are AeroSports jump socks required?**

A: Yes, AeroSports socks are required at all locations. Jump socks are available for $3.99 + tax. They are reusable, so keep yours for future visits!

**Q: Is there a weight limit for the trampolines?**

A: Our trampolines have a 300-pound weight limit.

**Q: Are waivers required? Can they be filled out online?**

A: Waivers are required for every guest to the park including non-jumpers. You can fill out the waiver online before you arrive …

[3]  score=0.6600571864894641  source=faqs.md
**Q: Do you have any current promotions or deals?**

A: Check our website or ask us about current promotions. We run monthly specials including birthday party discounts and seasonal deals.

**Q: Is there a special needs program?**

A: Yes! We offer a special needs program during all operating hours for $19.90. It includes 120 minutes of play time. One support worker is admitted free with a signed waiver. Go kart races are not included.

**Q: What is glow night at Scarborough?**

A: At AeroSports…

[4]  score=0.6057910033749117  source=birthday_parties.md
## All Packages

AeroSports Scarborough offers 3 birthday party packages: Premium ($39.90/jumper), VIP ($44.90/jumper), and Ultimate ($59.90/jumper). All require a minimum of 10 jumpers. All include pizza, drinks, a private party room, a glow t-shirt, digital invitations, and a FREE 60-min add-on pass for guest jumpers.

**What Upgrades From Premium To Vip:** Upgrading from Premium to VIP adds: 15 more minutes of jump time (90 vs 75), 15 more minutes of room time (60 vs 45), a water bottle in ad…

[5]  score=0.5944828374632709  source=go_karting.md
### Standalone Race

- **Price:** $19.90
- **Minimum Height:** 52 inches (driver)
- **Notes:** Up to 10 laps. For guests NOT purchasing a jump pass.

[6]  score=0.5927844445425274  source=go_karting.md
### Standalone Race

- **Price:** $9.90
- **Minimum Height:** 36 inches
- **Notes:** Up to 10 laps. For guests NOT purchasing a jump pass.

[7]  score=0.5863070868481335  source=go_karting.md
### Add-On Race

- **Price:** $4.90
- **Minimum Height:** 36 inches
- **Notes:** Up to 10 laps. For guests who HAVE already purchased a jump pass.
────────────────────────────────────────────

[2026-04-17 20:50:56.456] [LLM_CONTEXT] [Turn #4]
────────────────────────────────────────────
8 message(s):

--- msg[0]  role=system ---
<identity>
You are Rajan, a front desk staff member at AeroSports Scarborough trampoline park, answering inbound phone calls. You are a person, not an AI. If confused, respond like Dan would: "Sorry, I didn't quite catch that — what can I help you with?"
</identity>

<core_rules>
These rules are absolute. They override everything else.

1. FACTS COME ONLY FROM THE KNOWLEDGE BASE CONTEXT BELOW. If a price, package, policy, promotion, hour, or detail is not written in the context, you do not know it. Do not guess, estimate, approximate, or fill in from memory. When you don't have something, say: "Hmm, I'm not sure on that one — best thing is to call us at two eight nine, four five four, five five five five and ask for a supervisor."

2. YOU CANNOT LOOK ANYTHING UP. You have no system, no database, no booking records. Never say "let me check" or "let me pull that up" or "I see your booking." If a caller asks about an existing booking, just acknowledge briefly ("Oh okay, sure" or "Got it") and wait — the team will take it from there.

3. ONE FACT AT A TIME. Answer the specific question asked. Don't combine entries, don't dump multiple packages, don't volunteer information they didn't ask for.

4. UNKNOWN TERMS ARE UNKNOWN. If a caller uses a product name, card name, or term that doesn't appear verbatim in the context ("blue card," "gold pass," etc.), say you're not sure what that is. Never map it to something that sounds similar.
</core_rules>

<voice_style>
Every word you write will be spoken aloud by a TTS engine. Write for the ear.

- No markdown, no bullets, no asterisks, no headers, no brackets, no lists.
- Short sentences. Use commas and periods for natural pauses.
- Spell out addresses, emails, and phone numbers: "aerosportsparks dot c a", "events dot scb at aerosportsparks dot c a", "two eight nine, four five four, five five five five."
- Prices: say "nineteen ninety plus tax," not "nineteen dollars and ninety cents." Always add "plus tax" after a price.
</voice_style>

<tone>
Talk like a busy front desk staff member, not a corporate assistant. Warm but efficient.

Use contractions and natural fillers: "yeah," "okay so," "for sure," "no worries," "gotcha," "perfect," "sounds good," "let me see."

Keep replies to one to three sentences unless the caller explicitly asks for a full breakdown.

Never say: "Great question," "I'd be happy to help," "Thank you for your inquiry," "Is there anything else I can assist you with," or any other call-center phrasing. Never open with "How may I assist you today" — just "How can I help you?"

Acknowledge personal details briefly and move on. If someone mentions a birthday: "Oh nice, happy birthday to them!" then answer.
</tone>

<handling_specific_situations>
Existing bookings — when a caller mentions a booking, party, or reservation they already have (wants to change, cancel, reschedule, or ask about it):

Do NOT try to help with the booking itself. Do NOT ask for booking details, dates, package types, or confirmation numbers. Do NOT quote rescheduling or cancellation policies.

Instead, collect two things and end the call:

1. First, acknowledge warmly: "Oh okay, no problem — I can have someone from our team call you back to sort that out. Can I grab your name?"

2. After they give their name, ask briefly: "And just so I can let them know — what are you looking to change?" Keep it to one short question.
3. Then confirm and wrap up: "Perfect, thanks [name]. Someone will give you a call back shortly to get that sorted. Have a good one!"

Do not ask for their phone number — we already have it. Do not ask follow-up questions about the booking. Do not offer to look anything up. Three turns max, then the call ends.

New birthday party bookings: ask "Do you already know which package you'd like?" If not, explain the packages from the context. If yes, say "Perfect, let me connect you with our team to get that booked."

General pricing questions ("how much does it cost"): ask one short clarifying question — "Which activity are you asking about?" — before answering.

Height or age requirements: frame casually as safety. "Yeah, it's just a safety thing — they need to be at least fifty four inches for the main track."

Frustrated callers: listen, validate ("Yeah no, I totally get that"), then offer what you can from the context. If you can't resolve it: "Honestly, best thing is to email events dot scb at aerosportsparks dot c a or call back and ask for a supervisor — they'll sort it out." Never promise a fix you can't deliver.
</handling_specific_situations>

<location_and_hours>
We're on Birchmount Road in Scarborough. Park hours: Monday to Thursday ten to eight, Friday and Saturday ten to ten, Sunday ten to nine. Only mention hours if the caller asks.
</location_and_hours>

CURRENT TIME: Friday, April 17, 2026 at 08:50 PM (Eastern Time)

KNOWLEDGE BASE CONTEXT:

[1] (source: faqs.md)
## Go Karting

**Q: Do you have single and dual karts?**

A: Yes! We have a mini track for kids as young as 3, and a big track with both single and dual rider karts.

**Q: What's the minimum height requirement for go karting?**

A: Mini Track: 36 inches. Main Track (driver): 54 inches. Dual Kart (passenger): 36 inches.

**Q: Do I need a jump pass for go karting?**

A: No! You can buy standalone go karting races without a jump pass.

**Q: Do both driver and passenger need a race pass?**

A: Yes, every customer participating in go karting needs a valid race pass.

**Q: Are AeroSports socks required for go karting?**

A: Closed-toed shoes are required on the track. AeroSports socks are required for all other attractions.

**Q: Can I book a specific time slot for go karting?**

A: Yes you can, if you haven't booked online, it will be first come first served, but you can book a time slot in person as well.

**Q: What is Glow?**

A: At Scarborough, we have glow in the dark at ALL times! The main arena features laser lights and LED lights for an amazing experience.

**Q: How tall do you have to be for go karting?**

A: For the main track, drivers must be at least 54 inches tall. For the mini track, riders must be at least 36 inches tall. Closed-toed shoes are required for all go kart riders.

**Q: How much does go karting cost?**

A: A standalone go kart race on the main track is $19.90 and the mini track is $9.90. If you already have a jump pass, add-on races are $9.90 for the main track and $4.90 for the mini track. Each race is up to 10 laps.

[2] (source: faqs.md)
## General

**Q: Are AeroSports jump socks required?**

A: Yes, AeroSports socks are required at all locations. Jump socks are available for $3.99 + tax. They are reusable, so keep yours for future visits!

**Q: Is there a weight limit for the trampolines?**

A: Our trampolines have a 300-pound weight limit.

**Q: Are waivers required? Can they be filled out online?**

A: Waivers are required for every guest to the park including non-jumpers. You can fill out the waiver online before you arrive to reduce check-in time. Children under 18 must have the waiver signed by a parent or legal guardian.

**Q: Can I leave my child(ren) unattended?**

A: Children under 12 cannot be dropped off without an adult present. While every child under 18 needs a parent or legal guardian to sign the waiver, please ensure all children understand the park rules before dropping them off.

**Q: Do spectators have to pay to watch jumpers?**

A: Non-jumpers are never charged admission. Only jumpers pay for general admission.

**Q: Do you have food available to purchase?**

A: Yes! We have a fully stocked Snack Shack serving delicious treats.

**Q: What days are the least busy?**

A: Weekends are our busiest days. Mondays and Tuesdays are usually less busy.

**Q: Can my small child come to the park?**

A: As long as the child can walk, they can jump!

**Q: Do you sell gift cards?**

A: Yes! Purchase a physical gift card at the park or buy one online.

**Q: Do jump cards expire?**

A: No, our jump cards never expire and can be used by different jumpers.

**Q: When are refunds processed?**

A: Refunds take 3-5 business days to reflect in your bank account.

**Q: What attractions do you have in the park?**

A: We have trampoines, ninja warrior obstacle course, ninja maze, donut slide, 360 bike, Go Karting, dodgeball area in trampoline, rock walls, airbags, laser tag, mini golf, bazooka ball

**Q: What is included in the jump pass price?**

A: Your jump pass includes access to all attractions in the park like trampolines, dodgeball, rock walls, ninja course, slam basketball, 360 bicycle, slides, jump tower, and ninja maze. laser tag, mini golf, bazooka ball, go karts are the attractions not included in your premium, vip and all day jump passes and needs a separate ticket or add-on.

**Q: What is the address of AeroSports Scarborough?**

A: We are located at 1120 Birchmount Rd, Scarborough, Ontario, M1K 5G4. You can find us on Google Maps by searching AeroSports Scarborough.

**Q: What are your hours of operation?**

A: We are open Sunday to Thursday from 10am to 8pm, and Friday to Saturday from 10am to 10pm.

**Q: How do I book online?**

A: You can book your jump passes online at ecom.roller.app/aerosportsscarborough. For birthday parties, visit the birthday booking page on our website or call us at 289-454-5555.

**Q: Do you have any current promotions or deals?**

A: Check our website or ask us about current promotions. We run monthly specials including birthday party discounts and seasonal deals.

**Q: Is there a special needs program?**

A: Yes! We offer a special needs program during all operating hours for $19.90. It includes 120 minutes of play time. One support worker is admitted free with a signed waiver. Go kart races are not included.

**Q: What is glow night at Scarborough?**

A: At AeroSports Scarborough, we have glow in the dark all the time during regular operating hours. The neon lights and glow effects are always on, so you can enjoy the glow experience any time you visit at no extra cost.

**Q: Can I host a corporate event or team building activity?**

A: Yes! We offer corporate and team party packages perfect for team building, milestone celebrations, and employee rewards.

[3] (source: faqs.md)
**Q: Do you have any current promotions or deals?**

A: Check our website or ask us about current promotions. We run monthly specials including birthday party discounts and seasonal deals.

**Q: Is there a special needs program?**

A: Yes! We offer a special needs program during all operating hours for $19.90. It includes 120 minutes of play time. One support worker is admitted free with a signed waiver. Go kart races are not included.

**Q: What is glow night at Scarborough?**

A: At AeroSports Scarborough, we have glow in the dark all the time during regular operating hours. The neon lights and glow effects are always on, so you can enjoy the glow experience any time you visit at no extra cost.

**Q: Can I host a corporate event or team building activity?**

A: Yes! We offer corporate and team party packages perfect for team building, milestone celebrations, and employee rewards. Call us at 289-454-5555 or email events.scb@aerosportsparks.ca to customize your event.

**Q: Can schools book field trips at AeroSports?**

A: Absolutely! We welcome school groups, church groups, sports teams, and youth organizations. Minimum 15 people. Call 289-454-5555 or email events.scb@aerosportsparks.ca to book.

**Q: Can I rent the whole facility for a private event?**

A: Yes, we offer full facility rentals. Weekday rentals are $4,000 per hour and weekend rentals are $5,000 per hour. Capacity is up to 220 jumpers with exclusive access to the entire facility including unlimited go karting.

[4] (source: birthday_parties.md)
## All Packages

AeroSports Scarborough offers 3 birthday party packages: Premium ($39.90/jumper), VIP ($44.90/jumper), and Ultimate ($59.90/jumper). All require a minimum of 10 jumpers. All include pizza, drinks, a private party room, a glow t-shirt, digital invitations, and a FREE 60-min add-on pass for guest jumpers.

**What Upgrades From Premium To Vip:** Upgrading from Premium to VIP adds: 15 more minutes of jump time (90 vs 75), 15 more minutes of room time (60 vs 45), a water bottle in addition to the juice box, and 50% off socks ($2.00 instead of $3.99). Cost difference is $5 per jumper ($50 more for 10 jumpers).

**What Upgrades From Vip To Ultimate:** Upgrading from VIP to Ultimate adds: 30 more minutes of jump time (120 vs 90), go karting included for every jumper, FREE socks for all jumpers, FREE physical invitations, a FREE 30-Day pass for the birthday child (instead of 60-min), the $50 outside food fee is waived, and drinks include pop as an option. Cost difference is $15 per jumper ($150 more for 10 jumpers).

**Best Value:** The Ultimate Party offers the most value with go karting alone worth $9.90/jumper ($99 for 10 kids), plus free socks ($3.99/jumper = $39.90 for 10), and the waived $50 outside food fee. That is roughly $189 in extras for $150 more than VIP.

[5] (source: go_karting.md)
### Standalone Race

- **Price:** $19.90
- **Minimum Height:** 52 inches (driver)
- **Notes:** Up to 10 laps. For guests NOT purchasing a jump pass.

[6] (source: go_karting.md)
### Standalone Race

- **Price:** $9.90
- **Minimum Height:** 36 inches
- **Notes:** Up to 10 laps. For guests NOT purchasing a jump pass.

[7] (source: go_karting.md)
### Add-On Race

- **Price:** $4.90
- **Minimum Height:** 36 inches
- **Notes:** Up to 10 laps. For guests who HAVE already purchased a jump pass.


--- msg[1]  role=user ---
Hi, Rajan. I wanted to know, uh, what are your prices for the part?

--- msg[2]  role=assistant ---
All include pizza, drinks, a private room, glow t-shirts, and digital invites.

--- msg[3]  role=user ---
No. I don't wanna know about that. I wanna know about the jump prices. What are your jump prices?

--- msg[4]  role=assistant ---
Which activity are you asking about?

--- msg[5]  role=user ---
For your go karts?

--- msg[6]  role=assistant ---
A standalone race on the main track is 19. 90, and for the mini track, it's 9. 90. If you have a jump pass, add-on races are 9. 90 for the main track and 4. 90 for the mini track. Each race is up to 10 laps.

--- msg[7]  role=user ---
Okay. And, uh, what is the age requirement for the go karts?
────────────────────────────────────────────

[2026-04-17 20:50:58.473] [LLM_RAW_RESPONSE] [Turn #4]
────────────────────────────────────────────
For the main track, drivers must be at least 54 inches tall. For the mini track, riders need to be at least 36 inches tall. Both require closed-toed shoes. 
────────────────────────────────────────────

[2026-04-17 20:50:58.473] [FINAL_RESPONSE_TO_CALLER] [Turn #4]
────────────────────────────────────────────
For the main track, drivers must be at least 54 inches tall. For the mini track, riders need to be at least 36 inches tall. Both require closed-toed shoes.
────────────────────────────────────────────

[2026-04-17 20:51:09.494] [INCOMING_TRANSCRIPT] [Turn #5]
────────────────────────────────────────────
Okay.
────────────────────────────────────────────

[2026-04-17 20:51:09.494] [REFINED_QUERY] [Turn #5]
────────────────────────────────────────────
Original : Okay.
Refined  : (not run — conversational message) (RAG skipped)
────────────────────────────────────────────

[2026-04-17 20:51:09.494] [RAG_RESULTS] [Turn #5]
────────────────────────────────────────────
(no documents retrieved)
────────────────────────────────────────────

[2026-04-17 20:51:09.495] [LLM_CONTEXT] [Turn #5]
────────────────────────────────────────────
10 message(s):

--- msg[0]  role=system ---
<identity>
You are Rajan, a front desk staff member at AeroSports Scarborough trampoline park, answering inbound phone calls. You are a person, not an AI. If confused, respond like Dan would: "Sorry, I didn't quite catch that — what can I help you with?"
</identity>

<core_rules>
These rules are absolute. They override everything else.

1. FACTS COME ONLY FROM THE KNOWLEDGE BASE CONTEXT BELOW. If a price, package, policy, promotion, hour, or detail is not written in the context, you do not know it. Do not guess, estimate, approximate, or fill in from memory. When you don't have something, say: "Hmm, I'm not sure on that one — best thing is to call us at two eight nine, four five four, five five five five and ask for a supervisor."

2. YOU CANNOT LOOK ANYTHING UP. You have no system, no database, no booking records. Never say "let me check" or "let me pull that up" or "I see your booking." If a caller asks about an existing booking, just acknowledge briefly ("Oh okay, sure" or "Got it") and wait — the team will take it from there.

3. ONE FACT AT A TIME. Answer the specific question asked. Don't combine entries, don't dump multiple packages, don't volunteer information they didn't ask for.

4. UNKNOWN TERMS ARE UNKNOWN. If a caller uses a product name, card name, or term that doesn't appear verbatim in the context ("blue card," "gold pass," etc.), say you're not sure what that is. Never map it to something that sounds similar.
</core_rules>

<voice_style>
Every word you write will be spoken aloud by a TTS engine. Write for the ear.

- No markdown, no bullets, no asterisks, no headers, no brackets, no lists.
- Short sentences. Use commas and periods for natural pauses.
- Spell out addresses, emails, and phone numbers: "aerosportsparks dot c a", "events dot scb at aerosportsparks dot c a", "two eight nine, four five four, five five five five."
- Prices: say "nineteen ninety plus tax," not "nineteen dollars and ninety cents." Always add "plus tax" after a price.
</voice_style>

<tone>
Talk like a busy front desk staff member, not a corporate assistant. Warm but efficient.

Use contractions and natural fillers: "yeah," "okay so," "for sure," "no worries," "gotcha," "perfect," "sounds good," "let me see."

Keep replies to one to three sentences unless the caller explicitly asks for a full breakdown.

Never say: "Great question," "I'd be happy to help," "Thank you for your inquiry," "Is there anything else I can assist you with," or any other call-center phrasing. Never open with "How may I assist you today" — just "How can I help you?"

Acknowledge personal details briefly and move on. If someone mentions a birthday: "Oh nice, happy birthday to them!" then answer.
</tone>

<handling_specific_situations>
Existing bookings — when a caller mentions a booking, party, or reservation they already have (wants to change, cancel, reschedule, or ask about it):

Do NOT try to help with the booking itself. Do NOT ask for booking details, dates, package types, or confirmation numbers. Do NOT quote rescheduling or cancellation policies.

Instead, collect two things and end the call:

1. First, acknowledge warmly: "Oh okay, no problem — I can have someone from our team call you back to sort that out. Can I grab your name?"

2. After they give their name, ask briefly: "And just so I can let them know — what are you looking to change?" Keep it to one short question.
3. Then confirm and wrap up: "Perfect, thanks [name]. Someone will give you a call back shortly to get that sorted. Have a good one!"

Do not ask for their phone number — we already have it. Do not ask follow-up questions about the booking. Do not offer to look anything up. Three turns max, then the call ends.

New birthday party bookings: ask "Do you already know which package you'd like?" If not, explain the packages from the context. If yes, say "Perfect, let me connect you with our team to get that booked."

General pricing questions ("how much does it cost"): ask one short clarifying question — "Which activity are you asking about?" — before answering.

Height or age requirements: frame casually as safety. "Yeah, it's just a safety thing — they need to be at least fifty four inches for the main track."

Frustrated callers: listen, validate ("Yeah no, I totally get that"), then offer what you can from the context. If you can't resolve it: "Honestly, best thing is to email events dot scb at aerosportsparks dot c a or call back and ask for a supervisor — they'll sort it out." Never promise a fix you can't deliver.
</handling_specific_situations>

<location_and_hours>
We're on Birchmount Road in Scarborough. Park hours: Monday to Thursday ten to eight, Friday and Saturday ten to ten, Sunday ten to nine. Only mention hours if the caller asks.
</location_and_hours>

CURRENT TIME: Friday, April 17, 2026 at 08:51 PM (Eastern Time)

KNOWLEDGE BASE CONTEXT:

No matching context was found for this query. Direct the caller to phone 289-454-5555 or email events.scb@aerosportsparks.ca.

--- msg[1]  role=user ---
Hi, Rajan. I wanted to know, uh, what are your prices for the part?

--- msg[2]  role=assistant ---
All include pizza, drinks, a private room, glow t-shirts, and digital invites.

--- msg[3]  role=user ---
No. I don't wanna know about that. I wanna know about the jump prices. What are your jump prices?

--- msg[4]  role=assistant ---
Which activity are you asking about?

--- msg[5]  role=user ---
For your go karts?

--- msg[6]  role=assistant ---
A standalone race on the main track is 19. 90, and for the mini track, it's 9. 90. If you have a jump pass, add-on races are 9. 90 for the main track and 4. 90 for the mini track. Each race is up to 10 laps.

--- msg[7]  role=user ---
Okay. And, uh, what is the age requirement for the go karts?

--- msg[8]  role=assistant ---
For the main track, drivers must be at least 54 inches tall. For the mini track, riders need to be at least 36 inches tall. Both require closed-toed shoes.

--- msg[9]  role=user ---
Okay.
────────────────────────────────────────────

[2026-04-17 20:51:10.078] [LLM_RAW_RESPONSE] [Turn #5]
────────────────────────────────────────────
Got it! If you have any more questions or need further assistance, feel free to ask. Otherwise, enjoy your visit! 
────────────────────────────────────────────

[2026-04-17 20:51:10.078] [FINAL_RESPONSE_TO_CALLER] [Turn #5]
────────────────────────────────────────────
Got it! If you have any more questions or need further assistance, feel free to ask. Otherwise, enjoy your visit!
────────────────────────────────────────────

[2026-04-17 20:51:18.841] [INCOMING_TRANSCRIPT] [Turn #6]
────────────────────────────────────────────
Hi.
────────────────────────────────────────────

[2026-04-17 20:51:18.841] [REFINED_QUERY] [Turn #6]
────────────────────────────────────────────
Original : Hi.
Refined  : (not run — conversational message) (RAG skipped)
────────────────────────────────────────────

[2026-04-17 20:51:18.841] [RAG_RESULTS] [Turn #6]
────────────────────────────────────────────
(no documents retrieved)
────────────────────────────────────────────

[2026-04-17 20:51:18.841] [LLM_CONTEXT] [Turn #6]
────────────────────────────────────────────
12 message(s):

--- msg[0]  role=system ---
<identity>
You are Rajan, a front desk staff member at AeroSports Scarborough trampoline park, answering inbound phone calls. You are a person, not an AI. If confused, respond like Dan would: "Sorry, I didn't quite catch that — what can I help you with?"
</identity>

<core_rules>
These rules are absolute. They override everything else.

1. FACTS COME ONLY FROM THE KNOWLEDGE BASE CONTEXT BELOW. If a price, package, policy, promotion, hour, or detail is not written in the context, you do not know it. Do not guess, estimate, approximate, or fill in from memory. When you don't have something, say: "Hmm, I'm not sure on that one — best thing is to call us at two eight nine, four five four, five five five five and ask for a supervisor."

2. YOU CANNOT LOOK ANYTHING UP. You have no system, no database, no booking records. Never say "let me check" or "let me pull that up" or "I see your booking." If a caller asks about an existing booking, just acknowledge briefly ("Oh okay, sure" or "Got it") and wait — the team will take it from there.

3. ONE FACT AT A TIME. Answer the specific question asked. Don't combine entries, don't dump multiple packages, don't volunteer information they didn't ask for.

4. UNKNOWN TERMS ARE UNKNOWN. If a caller uses a product name, card name, or term that doesn't appear verbatim in the context ("blue card," "gold pass," etc.), say you're not sure what that is. Never map it to something that sounds similar.
</core_rules>

<voice_style>
Every word you write will be spoken aloud by a TTS engine. Write for the ear.

- No markdown, no bullets, no asterisks, no headers, no brackets, no lists.
- Short sentences. Use commas and periods for natural pauses.
- Spell out addresses, emails, and phone numbers: "aerosportsparks dot c a", "events dot scb at aerosportsparks dot c a", "two eight nine, four five four, five five five five."
- Prices: say "nineteen ninety plus tax," not "nineteen dollars and ninety cents." Always add "plus tax" after a price.
</voice_style>

<tone>
Talk like a busy front desk staff member, not a corporate assistant. Warm but efficient.

Use contractions and natural fillers: "yeah," "okay so," "for sure," "no worries," "gotcha," "perfect," "sounds good," "let me see."

Keep replies to one to three sentences unless the caller explicitly asks for a full breakdown.

Never say: "Great question," "I'd be happy to help," "Thank you for your inquiry," "Is there anything else I can assist you with," or any other call-center phrasing. Never open with "How may I assist you today" — just "How can I help you?"

Acknowledge personal details briefly and move on. If someone mentions a birthday: "Oh nice, happy birthday to them!" then answer.
</tone>

<handling_specific_situations>
Existing bookings — when a caller mentions a booking, party, or reservation they already have (wants to change, cancel, reschedule, or ask about it):

Do NOT try to help with the booking itself. Do NOT ask for booking details, dates, package types, or confirmation numbers. Do NOT quote rescheduling or cancellation policies.

Instead, collect two things and end the call:

1. First, acknowledge warmly: "Oh okay, no problem — I can have someone from our team call you back to sort that out. Can I grab your name?"

2. After they give their name, ask briefly: "And just so I can let them know — what are you looking to change?" Keep it to one short question.
3. Then confirm and wrap up: "Perfect, thanks [name]. Someone will give you a call back shortly to get that sorted. Have a good one!"

Do not ask for their phone number — we already have it. Do not ask follow-up questions about the booking. Do not offer to look anything up. Three turns max, then the call ends.

New birthday party bookings: ask "Do you already know which package you'd like?" If not, explain the packages from the context. If yes, say "Perfect, let me connect you with our team to get that booked."

General pricing questions ("how much does it cost"): ask one short clarifying question — "Which activity are you asking about?" — before answering.

Height or age requirements: frame casually as safety. "Yeah, it's just a safety thing — they need to be at least fifty four inches for the main track."

Frustrated callers: listen, validate ("Yeah no, I totally get that"), then offer what you can from the context. If you can't resolve it: "Honestly, best thing is to email events dot scb at aerosportsparks dot c a or call back and ask for a supervisor — they'll sort it out." Never promise a fix you can't deliver.
</handling_specific_situations>

<location_and_hours>
We're on Birchmount Road in Scarborough. Park hours: Monday to Thursday ten to eight, Friday and Saturday ten to ten, Sunday ten to nine. Only mention hours if the caller asks.
</location_and_hours>

CURRENT TIME: Friday, April 17, 2026 at 08:51 PM (Eastern Time)

KNOWLEDGE BASE CONTEXT:

No matching context was found for this query. Direct the caller to phone 289-454-5555 or email events.scb@aerosportsparks.ca.

--- msg[1]  role=user ---
Hi, Rajan. I wanted to know, uh, what are your prices for the part?

--- msg[2]  role=assistant ---
All include pizza, drinks, a private room, glow t-shirts, and digital invites.

--- msg[3]  role=user ---
No. I don't wanna know about that. I wanna know about the jump prices. What are your jump prices?

--- msg[4]  role=assistant ---
Which activity are you asking about?

--- msg[5]  role=user ---
For your go karts?

--- msg[6]  role=assistant ---
A standalone race on the main track is 19. 90, and for the mini track, it's 9. 90. If you have a jump pass, add-on races are 9. 90 for the main track and 4. 90 for the mini track. Each race is up to 10 laps.

--- msg[7]  role=user ---
Okay. And, uh, what is the age requirement for the go karts?

--- msg[8]  role=assistant ---
For the main track, drivers must be at least 54 inches tall. For the mini track, riders need to be at least 36 inches tall. Both require closed-toed shoes.

--- msg[9]  role=user ---
Okay.

--- msg[10]  role=assistant ---
Got it! If you have any more questions or need further assistance, feel free to ask. Otherwise, enjoy your visit!

--- msg[11]  role=user ---
Hi.
────────────────────────────────────────────

[2026-04-17 20:51:19.010] [LLM_RAW_RESPONSE] [Turn #6]
────────────────────────────────────────────
How can I help you? 
────────────────────────────────────────────

[2026-04-17 20:51:19.010] [FINAL_RESPONSE_TO_CALLER] [Turn #6]
────────────────────────────────────────────
How can I help you?
────────────────────────────────────────────

# session ended: 2026-04-17T20:51:21.190
