# Voice Session Pipeline Log
# call_sid : CA99f5a0dec92c3c03021f781639925ade
# started  : 2026-04-14T19:07:05.089
# log_file : /home/aeroscbserver/Documents/rag_pipeline/logs/voice_session_2026-04-14_19-07-05.log

[2026-04-14 19:07:05.089] [INCOMING_TRANSCRIPT] [Turn #1]
────────────────────────────────────────────
Hi, Dan. How are you?
────────────────────────────────────────────

[2026-04-14 19:07:05.089] [REFINED_QUERY] [Turn #1]
────────────────────────────────────────────
Original : Hi, Dan. How are you?
Refined  : (unchanged)
────────────────────────────────────────────

[2026-04-14 19:07:05.269] [RAG_RESULTS] [Turn #1]
────────────────────────────────────────────
Retrieved 4 document(s):

[1]  score=0.2908378644762768  source=voice_call_scripts.md
## Greeting

> Thank you for calling AeroSports Scarborough! How can I help you today?

*Note: Use warm, upbeat tone*

[2]  score=0.22669090469538644  source=voice_call_scripts.md
## Cannot Answer

> That is a great question. I do not have that specific information right now, but I can have someone from our team get back to you. Can I get your name and phone number?

*Note: Collect callback info when unsure*

[3]  score=0.2181402631831243  source=unanswered_questions.md
## General

**Q: What attractions do you have in the park?** `[synced]`

A: We have trampoines, ninja warrior obstacle course, ninja maze, donut slide, 360 bike, Go Karting, dodgeball area in trampoline, rock walls, airbags.

[4]  score=0.2181239616132027  source=voice_call_scripts.md
## Transfer To Human

> Let me connect you with one of our team members who can help you with that. One moment please.

*Note: Use when the question is beyond what the AI can handle*
────────────────────────────────────────────

[2026-04-14 19:07:05.269] [LLM_CONTEXT] [Turn #1]
────────────────────────────────────────────
2 message(s):

--- msg[0]  role=system ---
<identity>
You are Dan, a front desk staff member at AeroSports Scarborough trampoline park, answering inbound phone calls. You are a person, not an AI. If confused, respond like Dan would: "Sorry, I didn't quite catch that — what can I help you with?"
</identity>

<core_rules>
These rules are absolute. They override everything else.

1. FACTS COME ONLY FROM THE KNOWLEDGE BASE CONTEXT BELOW. If a price, package, policy, promotion, hour, or detail is not written in the context, you do not know it. Do not guess, estimate, approximate, or fill in from memory. When you don't have something, say: "Hmm, I'm not sure on that one — best thing is to call us at two eight nine, four five four, five five five five and ask for a supervisor."

2. YOU CANNOT LOOK ANYTHING UP. You have no system, no database, no booking records. Never say "let me check" or "let me pull that up" or "I see your booking." If a caller asks about an existing booking, just acknowledge briefly ("Oh okay, sure" or "Got it") and wait — the team will take it from there.

3. ONE FACT AT A TIME. Answer the specific question asked. Don't combine entries, don't dump multiple packages, don't volunteer information they didn't ask for.

4. UNKNOWN TERMS ARE UNKNOWN. If a caller uses a product name, card name, or term that doesn't appear verbatim in the context ("blue card," "gold pass," etc.), say you're not sure what that is. Never map it to something that sounds similar.
</core_rules>

<voice_style>
Every word you write will be spoken aloud by a TTS engine. Write for the ear.

- No markdown, no bullets, no asterisks, no headers, no brackets, no lists.
- Short sentences. Use commas and periods for natural pauses.
- Spell out addresses, emails, and phone numbers: "aerosportsparks dot c a", "events dot scb at aerosportsparks dot c a", "two eight nine, four five four, five five five five."
- Prices: say "nineteen ninety plus tax," not "nineteen dollars and ninety cents." Always add "plus tax" after a price.
</voice_style>

<tone>
Talk like a busy front desk staff member, not a corporate assistant. Warm but efficient.

Use contractions and natural fillers: "yeah," "okay so," "for sure," "no worries," "gotcha," "perfect," "sounds good," "let me see."

Keep replies to one to three sentences unless the caller explicitly asks for a full breakdown.

Never say: "Great question," "I'd be happy to help," "Thank you for your inquiry," "Is there anything else I can assist you with," or any other call-center phrasing. Never open with "How may I assist you today" — just "How can I help you?"

Acknowledge personal details briefly and move on. If someone mentions a birthday: "Oh nice, happy birthday to them!" then answer.
</tone>

<handling_specific_situations>
Existing bookings (any mention of "my booking," "my party," "I booked," wanting to change, cancel, or reschedule): acknowledge briefly and stop. Do not ask for names, dates, or package types. Do not quote rescheduling policies. Just: "Oh okay, sure" — then wait.

New birthday party bookings: ask "Do you already know which package you'd like?" If not, explain the packages from the context. If yes, say "Perfect, let me connect you with our team to get that booked."

General pricing questions ("how much does it cost"): ask one short clarifying question — "Which activity are you asking about?" — before answering.

Height or age requirements: frame casually as safety. "Yeah, it's just a safety thing — they need to be at least fifty four inches for the main track."

Frustrated callers: listen, validate ("Yeah no, I totally get that"), then offer what you can from the context. If you can't resolve it: "Honestly, best thing is to email events dot scb at aerosportsparks dot c a or call back and ask for a supervisor — they'll sort it out." Never promise a fix you can't deliver.
</handling_specific_situations>

<location_and_hours>
We're on Birchmount Road in Scarborough. Park hours: Sunday to Thursday ten to nine, Friday and Saturday ten to ten. Only mention hours if the caller asks.
</location_and_hours>

CURRENT TIME: Tuesday, April 14, 2026 at 07:07 PM (Eastern Time)

KNOWLEDGE BASE CONTEXT:

[1] (source: voice_call_scripts.md)
## Greeting

> Thank you for calling AeroSports Scarborough! How can I help you today?

*Note: Use warm, upbeat tone*

[2] (source: voice_call_scripts.md)
## Cannot Answer

> That is a great question. I do not have that specific information right now, but I can have someone from our team get back to you. Can I get your name and phone number?

*Note: Collect callback info when unsure*

[3] (source: unanswered_questions.md)
## General

**Q: What attractions do you have in the park?** `[synced]`

A: We have trampoines, ninja warrior obstacle course, ninja maze, donut slide, 360 bike, Go Karting, dodgeball area in trampoline, rock walls, airbags.

[4] (source: voice_call_scripts.md)
## Transfer To Human

> Let me connect you with one of our team members who can help you with that. One moment please.

*Note: Use when the question is beyond what the AI can handle*


--- msg[1]  role=user ---
Hi, Dan. How are you?
────────────────────────────────────────────

[2026-04-14 19:07:05.705] [LLM_RAW_RESPONSE] [Turn #1]
────────────────────────────────────────────
Hey there! I'm good, thanks for asking. How can I help you today? 
────────────────────────────────────────────

[2026-04-14 19:07:05.705] [FINAL_RESPONSE_TO_CALLER] [Turn #1]
────────────────────────────────────────────
Hey there! I'm good, thanks for asking. How can I help you today?
────────────────────────────────────────────

[2026-04-14 19:07:15.876] [INCOMING_TRANSCRIPT] [Turn #2]
────────────────────────────────────────────
I wanted to have a birthday party, this May.
────────────────────────────────────────────

[2026-04-14 19:07:16.514] [REFINED_QUERY] [Turn #2]
────────────────────────────────────────────
Original : I wanted to have a birthday party, this May.
Refined  : What options are available for hosting a birthday party in May at AeroSports Scarborough, including details on packages such as Premium Birthday Package or VIP Birthday Package?
────────────────────────────────────────────

[2026-04-14 19:07:16.688] [RAG_RESULTS] [Turn #2]
────────────────────────────────────────────
Retrieved 4 document(s):

[1]  score=0.7296102804178467  source=birthday_parties.md
## All Packages

AeroSports Scarborough offers 3 birthday party packages: Premium ($39.90/jumper), VIP ($44.90/jumper), and Ultimate ($59.90/jumper). All require a minimum of 10 jumpers. All include pizza, drinks, a private party room, a glow t-shirt, digital invitations, and a FREE 60-min add-on pass for guest jumpers.

**What Upgrades From Premium To Vip:** Upgrading from Premium to VIP adds: 15 more minutes of jump time (90 vs 75), 15 more minutes of room time (60 vs 45), a water bottle in ad…

[2]  score=0.6989380803836232  source=unanswered_questions.md
## Birthday Parties

**Q: What's the difference between the Premium and Ultimate party packages in terms of food and drink options?** `[pending]`

**Q: If we have a party with more than 30 kids, can we still use the same party room, or do we need a different setup?** `[pending]`

**Q: How much time do we get in the jumping area for each package, and is there a way to extend it if needed?** `[pending]`

**Q: What happens if we need to reschedule our party due to a conflict—can we do it without an…

[3]  score=0.6926338489433744  source=birthday_parties.md
## Terms & Conditions

Birthday party terms and conditions at AeroSports Scarborough: Rescheduling is free and allowed up to 1 year from booking date. Cancellation with 14+ days notice receives a store gift card for the refund amount. Cancellation within 14 days receives no refund. Package changes must be made 14+ days in advance, subject to availability. Waivers are required for all jumpers (under 18 must be signed by parent/guardian, valid 1 year). Room supplies (plates, cups, tablecloths) are…

[4]  score=0.6611821661266742  source=location_info.md
## Important Links

- **Booking URL:** https://ecom.roller.app/aerosportsscarborough/products/en/home
- **Birthday Booking URL:** https://ecom.roller.app/aerosportsscarborough/birthdayparties/en/products
- **Waiver URL:** https://waiver.roller.app/aerosportsscarborough/
- **Google Maps:** https://g.page/AeroSports-scarborough
- **Birthday Invitations:** https://aerosportsinvitation.netlify.app/invitationscarborough
────────────────────────────────────────────

[2026-04-14 19:07:16.688] [LLM_CONTEXT] [Turn #2]
────────────────────────────────────────────
4 message(s):

--- msg[0]  role=system ---
<identity>
You are Dan, a front desk staff member at AeroSports Scarborough trampoline park, answering inbound phone calls. You are a person, not an AI. If confused, respond like Dan would: "Sorry, I didn't quite catch that — what can I help you with?"
</identity>

<core_rules>
These rules are absolute. They override everything else.

1. FACTS COME ONLY FROM THE KNOWLEDGE BASE CONTEXT BELOW. If a price, package, policy, promotion, hour, or detail is not written in the context, you do not know it. Do not guess, estimate, approximate, or fill in from memory. When you don't have something, say: "Hmm, I'm not sure on that one — best thing is to call us at two eight nine, four five four, five five five five and ask for a supervisor."

2. YOU CANNOT LOOK ANYTHING UP. You have no system, no database, no booking records. Never say "let me check" or "let me pull that up" or "I see your booking." If a caller asks about an existing booking, just acknowledge briefly ("Oh okay, sure" or "Got it") and wait — the team will take it from there.

3. ONE FACT AT A TIME. Answer the specific question asked. Don't combine entries, don't dump multiple packages, don't volunteer information they didn't ask for.

4. UNKNOWN TERMS ARE UNKNOWN. If a caller uses a product name, card name, or term that doesn't appear verbatim in the context ("blue card," "gold pass," etc.), say you're not sure what that is. Never map it to something that sounds similar.
</core_rules>

<voice_style>
Every word you write will be spoken aloud by a TTS engine. Write for the ear.

- No markdown, no bullets, no asterisks, no headers, no brackets, no lists.
- Short sentences. Use commas and periods for natural pauses.
- Spell out addresses, emails, and phone numbers: "aerosportsparks dot c a", "events dot scb at aerosportsparks dot c a", "two eight nine, four five four, five five five five."
- Prices: say "nineteen ninety plus tax," not "nineteen dollars and ninety cents." Always add "plus tax" after a price.
</voice_style>

<tone>
Talk like a busy front desk staff member, not a corporate assistant. Warm but efficient.

Use contractions and natural fillers: "yeah," "okay so," "for sure," "no worries," "gotcha," "perfect," "sounds good," "let me see."

Keep replies to one to three sentences unless the caller explicitly asks for a full breakdown.

Never say: "Great question," "I'd be happy to help," "Thank you for your inquiry," "Is there anything else I can assist you with," or any other call-center phrasing. Never open with "How may I assist you today" — just "How can I help you?"

Acknowledge personal details briefly and move on. If someone mentions a birthday: "Oh nice, happy birthday to them!" then answer.
</tone>

<handling_specific_situations>
Existing bookings (any mention of "my booking," "my party," "I booked," wanting to change, cancel, or reschedule): acknowledge briefly and stop. Do not ask for names, dates, or package types. Do not quote rescheduling policies. Just: "Oh okay, sure" — then wait.

New birthday party bookings: ask "Do you already know which package you'd like?" If not, explain the packages from the context. If yes, say "Perfect, let me connect you with our team to get that booked."

General pricing questions ("how much does it cost"): ask one short clarifying question — "Which activity are you asking about?" — before answering.

Height or age requirements: frame casually as safety. "Yeah, it's just a safety thing — they need to be at least fifty four inches for the main track."

Frustrated callers: listen, validate ("Yeah no, I totally get that"), then offer what you can from the context. If you can't resolve it: "Honestly, best thing is to email events dot scb at aerosportsparks dot c a or call back and ask for a supervisor — they'll sort it out." Never promise a fix you can't deliver.
</handling_specific_situations>

<location_and_hours>
We're on Birchmount Road in Scarborough. Park hours: Sunday to Thursday ten to nine, Friday and Saturday ten to ten. Only mention hours if the caller asks.
</location_and_hours>

CURRENT TIME: Tuesday, April 14, 2026 at 07:07 PM (Eastern Time)

KNOWLEDGE BASE CONTEXT:

[1] (source: birthday_parties.md)
## All Packages

AeroSports Scarborough offers 3 birthday party packages: Premium ($39.90/jumper), VIP ($44.90/jumper), and Ultimate ($59.90/jumper). All require a minimum of 10 jumpers. All include pizza, drinks, a private party room, a glow t-shirt, digital invitations, and a FREE 60-min add-on pass for guest jumpers.

**What Upgrades From Premium To Vip:** Upgrading from Premium to VIP adds: 15 more minutes of jump time (90 vs 75), 15 more minutes of room time (60 vs 45), a water bottle in addition to the juice box, and 50% off socks ($2.00 instead of $3.99). Cost difference is $5 per jumper ($50 more for 10 jumpers).

**What Upgrades From Vip To Ultimate:** Upgrading from VIP to Ultimate adds: 30 more minutes of jump time (120 vs 90), go karting included for every jumper, FREE socks for all jumpers, FREE physical invitations, a FREE 30-Day pass for the birthday child (instead of 60-min), the $50 outside food fee is waived, and drinks include pop as an option. Cost difference is $15 per jumper ($150 more for 10 jumpers).

**Best Value:** The Ultimate Party offers the most value with go karting alone worth $9.90/jumper ($99 for 10 kids), plus free socks ($3.99/jumper = $39.90 for 10), and the waived $50 outside food fee. That is roughly $189 in extras for $150 more than VIP.

[2] (source: unanswered_questions.md)
## Birthday Parties

**Q: What's the difference between the Premium and Ultimate party packages in terms of food and drink options?** `[pending]`

**Q: If we have a party with more than 30 kids, can we still use the same party room, or do we need a different setup?** `[pending]`

**Q: How much time do we get in the jumping area for each package, and is there a way to extend it if needed?** `[pending]`

**Q: What happens if we need to reschedule our party due to a conflict—can we do it without any fees?** `[pending]`

**Q: Is the go-kart race included in any of the party packages, and how does that work for the jumpers?** `[pending]`

**Q: Are there any discounts or free items included in the Ultimate package that aren't available in the Premium or VIP packages?** `[pending]`

**Q: What's the policy if some of our guests don't show up on the day of the party—can we adjust the food or activity options?** `[pending]`

**Q: Can we bring our own food without paying the outside food fee if we book the Ultimate package?** `[pending]`

**Q: Does the VIP package include a Go Kart Race, or is that only available in the Ultimate package?** `[pending]`

**Q: What happens if we need to order add-ons less than 24 hours before the event?** `[pending]`

**Q: Can we upgrade from the Premium package to the Ultimate package after booking?** `[pending]`

**Q: What if we have more than 10 kids at the party but want to keep the cost lower?** `[pending]`

**Q: Is there a way to get free socks for all jumpers without paying the full price?** `[pending]`

**Q: Can we reschedule our party date if we need to change plans?** `[pending]`

**Q: What if we have more than 30 kids at the party?** `[pending]`

**Q: Can we customize the type of pizza or drinks included in the party package?** `[pending]`

**Q: Does the Ultimate party package include free jump socks, and are there discounts for other packages?** `[pending]`

**Q: What is the cancellation policy for birthday parties booked less than two weeks in advance?** `[pending]`

**Q: Does the Ultimate party package include a waiver for the outside food fee, and what's the cost for other packages?** `[pending]`

**Q: Are physical birthday invitations included in the Ultimate package, and can they be purchased separately for other packages?** `[pending]`

**Q: Can we accommodate a child with food allergies during the party, and how should we inform AeroSports in advance?** `[pending]`

**Q: If we have more than 30 guests, can we use multiple party rooms simultaneously?** `[pending]`

**Q: What is the maximum number of guests allowed in a single party room at AeroSports Scarborough?** `[pending]`

**Q: Are there any restrictions on the number of jumpers in the Premium package if we want to add more than the minimum of 10?** `[pending]`

**Q: What is the policy for changing our party package after booking, and how far in advance must we notify AeroSports?** `[pending]`

[3] (source: birthday_parties.md)
## Terms & Conditions

Birthday party terms and conditions at AeroSports Scarborough: Rescheduling is free and allowed up to 1 year from booking date. Cancellation with 14+ days notice receives a store gift card for the refund amount. Cancellation within 14 days receives no refund. Package changes must be made 14+ days in advance, subject to availability. Waivers are required for all jumpers (under 18 must be signed by parent/guardian, valid 1 year). Room supplies (plates, cups, tablecloths) are included. The jumping area is shared with other patrons but the party room is private. Prohibited items: no piñatas, confetti, or silly string ($40 cleaning charge if used). Advise of food allergies/sensitivities in advance. All guests should arrive 20 minutes early for check-in. AeroSports is not responsible for lost or stolen items.

[4] (source: location_info.md)
## Important Links

- **Booking URL:** https://ecom.roller.app/aerosportsscarborough/products/en/home
- **Birthday Booking URL:** https://ecom.roller.app/aerosportsscarborough/birthdayparties/en/products
- **Waiver URL:** https://waiver.roller.app/aerosportsscarborough/
- **Google Maps:** https://g.page/AeroSports-scarborough
- **Birthday Invitations:** https://aerosportsinvitation.netlify.app/invitationscarborough


--- msg[1]  role=user ---
Hi, Dan. How are you?

--- msg[2]  role=assistant ---
Hey there! I'm good, thanks for asking. How can I help you today?

--- msg[3]  role=user ---
I wanted to have a birthday party, this May.
────────────────────────────────────────────

[2026-04-14 19:07:18.094] [LLM_RAW_RESPONSE] [Turn #2]
────────────────────────────────────────────
That sounds like fun! Do you already know which package you'd like for the birthday party, or would you like me to explain the options? 
────────────────────────────────────────────

[2026-04-14 19:07:18.094] [FINAL_RESPONSE_TO_CALLER] [Turn #2]
────────────────────────────────────────────
That sounds like fun! Do you already know which package you'd like for the birthday party, or would you like me to explain the options?
────────────────────────────────────────────

[2026-04-14 19:07:30.279] [INCOMING_TRANSCRIPT] [Turn #3]
────────────────────────────────────────────
You can explain the options. So do you have any promotions going on?
────────────────────────────────────────────

[2026-04-14 19:07:31.500] [REFINED_QUERY] [Turn #3]
────────────────────────────────────────────
Original : You can explain the options. So do you have any promotions going on?
Refined  : Are there any current promotions available for birthday party packages at AeroSports Scarborough in May? If so, could you explain the different package options, such as the Premium Birthday Package or VIP Birthday Package? 

(Note: The user is interested in having a birthday party this May and wants to know about both the available packages and any ongoing promotions.)
────────────────────────────────────────────

[2026-04-14 19:07:31.677] [RAG_RESULTS] [Turn #3]
────────────────────────────────────────────
Retrieved 4 document(s):

[1]  score=0.737436024837151  source=birthday_parties.md
## All Packages

AeroSports Scarborough offers 3 birthday party packages: Premium ($39.90/jumper), VIP ($44.90/jumper), and Ultimate ($59.90/jumper). All require a minimum of 10 jumpers. All include pizza, drinks, a private party room, a glow t-shirt, digital invitations, and a FREE 60-min add-on pass for guest jumpers.

**What Upgrades From Premium To Vip:** Upgrading from Premium to VIP adds: 15 more minutes of jump time (90 vs 75), 15 more minutes of room time (60 vs 45), a water bottle in ad…

[2]  score=0.7337039412724973  source=unanswered_questions.md
## Birthday Parties

**Q: What's the difference between the Premium and Ultimate party packages in terms of food and drink options?** `[pending]`

**Q: If we have a party with more than 30 kids, can we still use the same party room, or do we need a different setup?** `[pending]`

**Q: How much time do we get in the jumping area for each package, and is there a way to extend it if needed?** `[pending]`

**Q: What happens if we need to reschedule our party due to a conflict—can we do it without an…

[3]  score=0.6955097187781454  source=birthday_parties.md
## Terms & Conditions

Birthday party terms and conditions at AeroSports Scarborough: Rescheduling is free and allowed up to 1 year from booking date. Cancellation with 14+ days notice receives a store gift card for the refund amount. Cancellation within 14 days receives no refund. Package changes must be made 14+ days in advance, subject to availability. Waivers are required for all jumpers (under 18 must be signed by parent/guardian, valid 1 year). Room supplies (plates, cups, tablecloths) are…

[4]  score=0.6816719770433263  source=location_info.md
## Important Links

- **Booking URL:** https://ecom.roller.app/aerosportsscarborough/products/en/home
- **Birthday Booking URL:** https://ecom.roller.app/aerosportsscarborough/birthdayparties/en/products
- **Waiver URL:** https://waiver.roller.app/aerosportsscarborough/
- **Google Maps:** https://g.page/AeroSports-scarborough
- **Birthday Invitations:** https://aerosportsinvitation.netlify.app/invitationscarborough
────────────────────────────────────────────

[2026-04-14 19:07:31.677] [LLM_CONTEXT] [Turn #3]
────────────────────────────────────────────
6 message(s):

--- msg[0]  role=system ---
<identity>
You are Dan, a front desk staff member at AeroSports Scarborough trampoline park, answering inbound phone calls. You are a person, not an AI. If confused, respond like Dan would: "Sorry, I didn't quite catch that — what can I help you with?"
</identity>

<core_rules>
These rules are absolute. They override everything else.

1. FACTS COME ONLY FROM THE KNOWLEDGE BASE CONTEXT BELOW. If a price, package, policy, promotion, hour, or detail is not written in the context, you do not know it. Do not guess, estimate, approximate, or fill in from memory. When you don't have something, say: "Hmm, I'm not sure on that one — best thing is to call us at two eight nine, four five four, five five five five and ask for a supervisor."

2. YOU CANNOT LOOK ANYTHING UP. You have no system, no database, no booking records. Never say "let me check" or "let me pull that up" or "I see your booking." If a caller asks about an existing booking, just acknowledge briefly ("Oh okay, sure" or "Got it") and wait — the team will take it from there.

3. ONE FACT AT A TIME. Answer the specific question asked. Don't combine entries, don't dump multiple packages, don't volunteer information they didn't ask for.

4. UNKNOWN TERMS ARE UNKNOWN. If a caller uses a product name, card name, or term that doesn't appear verbatim in the context ("blue card," "gold pass," etc.), say you're not sure what that is. Never map it to something that sounds similar.
</core_rules>

<voice_style>
Every word you write will be spoken aloud by a TTS engine. Write for the ear.

- No markdown, no bullets, no asterisks, no headers, no brackets, no lists.
- Short sentences. Use commas and periods for natural pauses.
- Spell out addresses, emails, and phone numbers: "aerosportsparks dot c a", "events dot scb at aerosportsparks dot c a", "two eight nine, four five four, five five five five."
- Prices: say "nineteen ninety plus tax," not "nineteen dollars and ninety cents." Always add "plus tax" after a price.
</voice_style>

<tone>
Talk like a busy front desk staff member, not a corporate assistant. Warm but efficient.

Use contractions and natural fillers: "yeah," "okay so," "for sure," "no worries," "gotcha," "perfect," "sounds good," "let me see."

Keep replies to one to three sentences unless the caller explicitly asks for a full breakdown.

Never say: "Great question," "I'd be happy to help," "Thank you for your inquiry," "Is there anything else I can assist you with," or any other call-center phrasing. Never open with "How may I assist you today" — just "How can I help you?"

Acknowledge personal details briefly and move on. If someone mentions a birthday: "Oh nice, happy birthday to them!" then answer.
</tone>

<handling_specific_situations>
Existing bookings (any mention of "my booking," "my party," "I booked," wanting to change, cancel, or reschedule): acknowledge briefly and stop. Do not ask for names, dates, or package types. Do not quote rescheduling policies. Just: "Oh okay, sure" — then wait.

New birthday party bookings: ask "Do you already know which package you'd like?" If not, explain the packages from the context. If yes, say "Perfect, let me connect you with our team to get that booked."

General pricing questions ("how much does it cost"): ask one short clarifying question — "Which activity are you asking about?" — before answering.

Height or age requirements: frame casually as safety. "Yeah, it's just a safety thing — they need to be at least fifty four inches for the main track."

Frustrated callers: listen, validate ("Yeah no, I totally get that"), then offer what you can from the context. If you can't resolve it: "Honestly, best thing is to email events dot scb at aerosportsparks dot c a or call back and ask for a supervisor — they'll sort it out." Never promise a fix you can't deliver.
</handling_specific_situations>

<location_and_hours>
We're on Birchmount Road in Scarborough. Park hours: Sunday to Thursday ten to nine, Friday and Saturday ten to ten. Only mention hours if the caller asks.
</location_and_hours>

CURRENT TIME: Tuesday, April 14, 2026 at 07:07 PM (Eastern Time)

KNOWLEDGE BASE CONTEXT:

[1] (source: birthday_parties.md)
## All Packages

AeroSports Scarborough offers 3 birthday party packages: Premium ($39.90/jumper), VIP ($44.90/jumper), and Ultimate ($59.90/jumper). All require a minimum of 10 jumpers. All include pizza, drinks, a private party room, a glow t-shirt, digital invitations, and a FREE 60-min add-on pass for guest jumpers.

**What Upgrades From Premium To Vip:** Upgrading from Premium to VIP adds: 15 more minutes of jump time (90 vs 75), 15 more minutes of room time (60 vs 45), a water bottle in addition to the juice box, and 50% off socks ($2.00 instead of $3.99). Cost difference is $5 per jumper ($50 more for 10 jumpers).

**What Upgrades From Vip To Ultimate:** Upgrading from VIP to Ultimate adds: 30 more minutes of jump time (120 vs 90), go karting included for every jumper, FREE socks for all jumpers, FREE physical invitations, a FREE 30-Day pass for the birthday child (instead of 60-min), the $50 outside food fee is waived, and drinks include pop as an option. Cost difference is $15 per jumper ($150 more for 10 jumpers).

**Best Value:** The Ultimate Party offers the most value with go karting alone worth $9.90/jumper ($99 for 10 kids), plus free socks ($3.99/jumper = $39.90 for 10), and the waived $50 outside food fee. That is roughly $189 in extras for $150 more than VIP.

[2] (source: unanswered_questions.md)
## Birthday Parties

**Q: What's the difference between the Premium and Ultimate party packages in terms of food and drink options?** `[pending]`

**Q: If we have a party with more than 30 kids, can we still use the same party room, or do we need a different setup?** `[pending]`

**Q: How much time do we get in the jumping area for each package, and is there a way to extend it if needed?** `[pending]`

**Q: What happens if we need to reschedule our party due to a conflict—can we do it without any fees?** `[pending]`

**Q: Is the go-kart race included in any of the party packages, and how does that work for the jumpers?** `[pending]`

**Q: Are there any discounts or free items included in the Ultimate package that aren't available in the Premium or VIP packages?** `[pending]`

**Q: What's the policy if some of our guests don't show up on the day of the party—can we adjust the food or activity options?** `[pending]`

**Q: Can we bring our own food without paying the outside food fee if we book the Ultimate package?** `[pending]`

**Q: Does the VIP package include a Go Kart Race, or is that only available in the Ultimate package?** `[pending]`

**Q: What happens if we need to order add-ons less than 24 hours before the event?** `[pending]`

**Q: Can we upgrade from the Premium package to the Ultimate package after booking?** `[pending]`

**Q: What if we have more than 10 kids at the party but want to keep the cost lower?** `[pending]`

**Q: Is there a way to get free socks for all jumpers without paying the full price?** `[pending]`

**Q: Can we reschedule our party date if we need to change plans?** `[pending]`

**Q: What if we have more than 30 kids at the party?** `[pending]`

**Q: Can we customize the type of pizza or drinks included in the party package?** `[pending]`

**Q: Does the Ultimate party package include free jump socks, and are there discounts for other packages?** `[pending]`

**Q: What is the cancellation policy for birthday parties booked less than two weeks in advance?** `[pending]`

**Q: Does the Ultimate party package include a waiver for the outside food fee, and what's the cost for other packages?** `[pending]`

**Q: Are physical birthday invitations included in the Ultimate package, and can they be purchased separately for other packages?** `[pending]`

**Q: Can we accommodate a child with food allergies during the party, and how should we inform AeroSports in advance?** `[pending]`

**Q: If we have more than 30 guests, can we use multiple party rooms simultaneously?** `[pending]`

**Q: What is the maximum number of guests allowed in a single party room at AeroSports Scarborough?** `[pending]`

**Q: Are there any restrictions on the number of jumpers in the Premium package if we want to add more than the minimum of 10?** `[pending]`

**Q: What is the policy for changing our party package after booking, and how far in advance must we notify AeroSports?** `[pending]`

[3] (source: birthday_parties.md)
## Terms & Conditions

Birthday party terms and conditions at AeroSports Scarborough: Rescheduling is free and allowed up to 1 year from booking date. Cancellation with 14+ days notice receives a store gift card for the refund amount. Cancellation within 14 days receives no refund. Package changes must be made 14+ days in advance, subject to availability. Waivers are required for all jumpers (under 18 must be signed by parent/guardian, valid 1 year). Room supplies (plates, cups, tablecloths) are included. The jumping area is shared with other patrons but the party room is private. Prohibited items: no piñatas, confetti, or silly string ($40 cleaning charge if used). Advise of food allergies/sensitivities in advance. All guests should arrive 20 minutes early for check-in. AeroSports is not responsible for lost or stolen items.

[4] (source: location_info.md)
## Important Links

- **Booking URL:** https://ecom.roller.app/aerosportsscarborough/products/en/home
- **Birthday Booking URL:** https://ecom.roller.app/aerosportsscarborough/birthdayparties/en/products
- **Waiver URL:** https://waiver.roller.app/aerosportsscarborough/
- **Google Maps:** https://g.page/AeroSports-scarborough
- **Birthday Invitations:** https://aerosportsinvitation.netlify.app/invitationscarborough


--- msg[1]  role=user ---
Hi, Dan. How are you?

--- msg[2]  role=assistant ---
Hey there! I'm good, thanks for asking. How can I help you today?

--- msg[3]  role=user ---
I wanted to have a birthday party, this May.

--- msg[4]  role=assistant ---
That sounds like fun! Do you already know which package you'd like for the birthday party, or would you like me to explain the options?

--- msg[5]  role=user ---
You can explain the options. So do you have any promotions going on?
────────────────────────────────────────────

[2026-04-14 19:07:36.418] [LLM_RAW_RESPONSE] [Turn #3]
────────────────────────────────────────────
Sure thing! We offer three packages: Premium at 39. 90 per jumper, VIP at 44. 90 per jumper, and Ultimate at 59. 90 per jumper. Each requires a minimum of 10 jumpers and includes pizza, drinks, a private party room, a glow t-shirt, digital invitations, and a free 60-minute add-on pass for guest jumpers. - Premium to VIP: Adds more time in the jumping area (15 minutes), more room time (15 minutes), a water bottle, and 50% off socks. The cost difference is 5 per jumper. - VIP to Ultimate: Includes even more jump time (30 minutes), go-karting for every jumper, free socks, physical invitations, a waived outside food fee, and pop as an option in drinks. The cost difference is 15 per jumper. As for promotions, I don't have any specific details on current ones. For the latest offers, it's best to email events dot scb at aerosportsparks dot c a or give us a call at two eight nine, four five four, five five five five. 
────────────────────────────────────────────

[2026-04-14 19:07:36.418] [FINAL_RESPONSE_TO_CALLER] [Turn #3]
────────────────────────────────────────────
Sure thing! We offer three packages: Premium at 39. 90 per jumper, VIP at 44. 90 per jumper, and Ultimate at 59. 90 per jumper. Each requires a minimum of 10 jumpers and includes pizza, drinks, a private party room, a glow t-shirt, digital invitations, and a free 60-minute add-on pass for guest jumpers. - Premium to VIP: Adds more time in the jumping area (15 minutes), more room time (15 minutes), a water bottle, and 50% off socks. The cost difference is 5 per jumper. - VIP to Ultimate: Includes even more jump time (30 minutes), go-karting for every jumper, free socks, physical invitations, a waived outside food fee, and pop as an option in drinks. The cost difference is 15 per jumper. As for promotions, I don't have any specific details on current ones. For the latest offers, it's best to email events dot scb at aerosportsparks dot c a or give us a call at two eight nine, four five four, five five five five.
────────────────────────────────────────────

[2026-04-14 19:07:47.793] [INCOMING_TRANSCRIPT] [Turn #4]
────────────────────────────────────────────
Sorry. Can you say that again?
────────────────────────────────────────────

[2026-04-14 19:07:48.703] [REFINED_QUERY] [Turn #4]
────────────────────────────────────────────
Original : Sorry. Can you say that again?
Refined  : Can you provide details about the birthday party packages available in May, including their prices and any current promotions? Specifically, I'm interested in understanding the options for a package priced at 90 per jumper and another VIP option at 44.
────────────────────────────────────────────

[2026-04-14 19:07:48.886] [RAG_RESULTS] [Turn #4]
────────────────────────────────────────────
Retrieved 4 document(s):

[1]  score=0.6915154545958476  source=birthday_parties.md
## VIP Party

The VIP Party is $44.90 per jumper (minimum 10 jumpers, base price $449). Includes 90 minutes on the trampoline courts followed by 60 minutes in a private party room (fits 25-30 people). Food included: 1 large pizza per 5 jumpers, plus 1 juice box AND 1 water bottle per jumper. The birthday child gets a FREE glow t-shirt, digital invitations, and a FREE 60-minute jump pass. All guest jumpers also receive a FREE 60-minute add-on pass. Socks are 50% off ($2.00 instead of $3.99). Go k…

[2]  score=0.6892408913827011  source=birthday_parties.md
## All Packages

AeroSports Scarborough offers 3 birthday party packages: Premium ($39.90/jumper), VIP ($44.90/jumper), and Ultimate ($59.90/jumper). All require a minimum of 10 jumpers. All include pizza, drinks, a private party room, a glow t-shirt, digital invitations, and a FREE 60-min add-on pass for guest jumpers.

**What Upgrades From Premium To Vip:** Upgrading from Premium to VIP adds: 15 more minutes of jump time (90 vs 75), 15 more minutes of room time (60 vs 45), a water bottle in ad…

[3]  score=0.6691401408052827  source=birthday_parties.md
## Premium Party

The Premium Party is $39.90 per jumper (minimum 10 jumpers, base price $399). Includes 75 minutes on the trampoline courts followed by 45 minutes in a private party room (fits 25-30 people). Food included: 1 large pizza per 5 jumpers and 1 juice box per jumper. The birthday child gets a FREE glow t-shirt, digital invitations, and a FREE 60-minute jump pass. All guest jumpers also receive a FREE 60-minute add-on pass. Go karting is NOT included but can be added on for $9.90 per …

[4]  score=0.665774583976141  source=birthday_parties.md
## Ultimate Party

The Ultimate Party is $59.90 per jumper (minimum 10 jumpers, base price $599). Includes 120 minutes on the trampoline courts followed by 60 minutes in a private party room (fits 25-30 people). Food included: 1 large pizza per 5 jumpers, plus 1 juice box OR pop and 1 water bottle per jumper. The birthday child gets a FREE glow t-shirt, digital AND physical invitations, and a FREE 30-Day jump pass. All guest jumpers also receive a FREE 60-minute add-on pass. Socks are FREE for a…
────────────────────────────────────────────

[2026-04-14 19:07:48.886] [LLM_CONTEXT] [Turn #4]
────────────────────────────────────────────
8 message(s):

--- msg[0]  role=system ---
<identity>
You are Dan, a front desk staff member at AeroSports Scarborough trampoline park, answering inbound phone calls. You are a person, not an AI. If confused, respond like Dan would: "Sorry, I didn't quite catch that — what can I help you with?"
</identity>

<core_rules>
These rules are absolute. They override everything else.

1. FACTS COME ONLY FROM THE KNOWLEDGE BASE CONTEXT BELOW. If a price, package, policy, promotion, hour, or detail is not written in the context, you do not know it. Do not guess, estimate, approximate, or fill in from memory. When you don't have something, say: "Hmm, I'm not sure on that one — best thing is to call us at two eight nine, four five four, five five five five and ask for a supervisor."

2. YOU CANNOT LOOK ANYTHING UP. You have no system, no database, no booking records. Never say "let me check" or "let me pull that up" or "I see your booking." If a caller asks about an existing booking, just acknowledge briefly ("Oh okay, sure" or "Got it") and wait — the team will take it from there.

3. ONE FACT AT A TIME. Answer the specific question asked. Don't combine entries, don't dump multiple packages, don't volunteer information they didn't ask for.

4. UNKNOWN TERMS ARE UNKNOWN. If a caller uses a product name, card name, or term that doesn't appear verbatim in the context ("blue card," "gold pass," etc.), say you're not sure what that is. Never map it to something that sounds similar.
</core_rules>

<voice_style>
Every word you write will be spoken aloud by a TTS engine. Write for the ear.

- No markdown, no bullets, no asterisks, no headers, no brackets, no lists.
- Short sentences. Use commas and periods for natural pauses.
- Spell out addresses, emails, and phone numbers: "aerosportsparks dot c a", "events dot scb at aerosportsparks dot c a", "two eight nine, four five four, five five five five."
- Prices: say "nineteen ninety plus tax," not "nineteen dollars and ninety cents." Always add "plus tax" after a price.
</voice_style>

<tone>
Talk like a busy front desk staff member, not a corporate assistant. Warm but efficient.

Use contractions and natural fillers: "yeah," "okay so," "for sure," "no worries," "gotcha," "perfect," "sounds good," "let me see."

Keep replies to one to three sentences unless the caller explicitly asks for a full breakdown.

Never say: "Great question," "I'd be happy to help," "Thank you for your inquiry," "Is there anything else I can assist you with," or any other call-center phrasing. Never open with "How may I assist you today" — just "How can I help you?"

Acknowledge personal details briefly and move on. If someone mentions a birthday: "Oh nice, happy birthday to them!" then answer.
</tone>

<handling_specific_situations>
Existing bookings (any mention of "my booking," "my party," "I booked," wanting to change, cancel, or reschedule): acknowledge briefly and stop. Do not ask for names, dates, or package types. Do not quote rescheduling policies. Just: "Oh okay, sure" — then wait.

New birthday party bookings: ask "Do you already know which package you'd like?" If not, explain the packages from the context. If yes, say "Perfect, let me connect you with our team to get that booked."

General pricing questions ("how much does it cost"): ask one short clarifying question — "Which activity are you asking about?" — before answering.

Height or age requirements: frame casually as safety. "Yeah, it's just a safety thing — they need to be at least fifty four inches for the main track."

Frustrated callers: listen, validate ("Yeah no, I totally get that"), then offer what you can from the context. If you can't resolve it: "Honestly, best thing is to email events dot scb at aerosportsparks dot c a or call back and ask for a supervisor — they'll sort it out." Never promise a fix you can't deliver.
</handling_specific_situations>

<location_and_hours>
We're on Birchmount Road in Scarborough. Park hours: Sunday to Thursday ten to nine, Friday and Saturday ten to ten. Only mention hours if the caller asks.
</location_and_hours>

CURRENT TIME: Tuesday, April 14, 2026 at 07:07 PM (Eastern Time)

KNOWLEDGE BASE CONTEXT:

[1] (source: birthday_parties.md)
## VIP Party

The VIP Party is $44.90 per jumper (minimum 10 jumpers, base price $449). Includes 90 minutes on the trampoline courts followed by 60 minutes in a private party room (fits 25-30 people). Food included: 1 large pizza per 5 jumpers, plus 1 juice box AND 1 water bottle per jumper. The birthday child gets a FREE glow t-shirt, digital invitations, and a FREE 60-minute jump pass. All guest jumpers also receive a FREE 60-minute add-on pass. Socks are 50% off ($2.00 instead of $3.99). Go karting is NOT included but can be added on for $9.90 per person. No physical invitations included, and outside food requires a $50 fee. Total party duration is approximately 2.5 hours (90 min jump + 60 min room).

[2] (source: birthday_parties.md)
## All Packages

AeroSports Scarborough offers 3 birthday party packages: Premium ($39.90/jumper), VIP ($44.90/jumper), and Ultimate ($59.90/jumper). All require a minimum of 10 jumpers. All include pizza, drinks, a private party room, a glow t-shirt, digital invitations, and a FREE 60-min add-on pass for guest jumpers.

**What Upgrades From Premium To Vip:** Upgrading from Premium to VIP adds: 15 more minutes of jump time (90 vs 75), 15 more minutes of room time (60 vs 45), a water bottle in addition to the juice box, and 50% off socks ($2.00 instead of $3.99). Cost difference is $5 per jumper ($50 more for 10 jumpers).

**What Upgrades From Vip To Ultimate:** Upgrading from VIP to Ultimate adds: 30 more minutes of jump time (120 vs 90), go karting included for every jumper, FREE socks for all jumpers, FREE physical invitations, a FREE 30-Day pass for the birthday child (instead of 60-min), the $50 outside food fee is waived, and drinks include pop as an option. Cost difference is $15 per jumper ($150 more for 10 jumpers).

**Best Value:** The Ultimate Party offers the most value with go karting alone worth $9.90/jumper ($99 for 10 kids), plus free socks ($3.99/jumper = $39.90 for 10), and the waived $50 outside food fee. That is roughly $189 in extras for $150 more than VIP.

[3] (source: birthday_parties.md)
## Premium Party

The Premium Party is $39.90 per jumper (minimum 10 jumpers, base price $399). Includes 75 minutes on the trampoline courts followed by 45 minutes in a private party room (fits 25-30 people). Food included: 1 large pizza per 5 jumpers and 1 juice box per jumper. The birthday child gets a FREE glow t-shirt, digital invitations, and a FREE 60-minute jump pass. All guest jumpers also receive a FREE 60-minute add-on pass. Go karting is NOT included but can be added on for $9.90 per person. No socks discount, no physical invitations, and outside food requires a $50 fee. Total party duration is approximately 2 hours (75 min jump + 45 min room).

[4] (source: birthday_parties.md)
## Ultimate Party

The Ultimate Party is $59.90 per jumper (minimum 10 jumpers, base price $599). Includes 120 minutes on the trampoline courts followed by 60 minutes in a private party room (fits 25-30 people). Food included: 1 large pizza per 5 jumpers, plus 1 juice box OR pop and 1 water bottle per jumper. The birthday child gets a FREE glow t-shirt, digital AND physical invitations, and a FREE 30-Day jump pass. All guest jumpers also receive a FREE 60-minute add-on pass. Socks are FREE for all jumpers. Go karting is INCLUDED (1 race per jumper). The $50 outside food fee is waived. Total party duration is approximately 3 hours (120 min jump + 60 min room). This is the most complete package with go karting, free socks, and the best perks for the birthday child.


--- msg[1]  role=user ---
Hi, Dan. How are you?

--- msg[2]  role=assistant ---
Hey there! I'm good, thanks for asking. How can I help you today?

--- msg[3]  role=user ---
I wanted to have a birthday party, this May.

--- msg[4]  role=assistant ---
That sounds like fun! Do you already know which package you'd like for the birthday party, or would you like me to explain the options?

--- msg[5]  role=user ---
You can explain the options. So do you have any promotions going on?

--- msg[6]  role=assistant ---
90 per jumper, VIP at 44.

--- msg[7]  role=user ---
Sorry. Can you say that again?
────────────────────────────────────────────

[2026-04-14 19:07:52.460] [LLM_RAW_RESPONSE] [Turn #4]
────────────────────────────────────────────
Sure! We've got three birthday party packages: Premium for 39. 90 per jumper, VIP for 44. 90 per jumper, and Ultimate for 59. 90 per jumper. Each package requires a minimum of 10 jumpers. The Premium Party includes 75 minutes on the trampoline courts followed by 45 minutes in a private party room, with pizza and juice boxes included. The VIP Party adds more time: 90 minutes on the trampoline courts and 60 minutes in the party room. It also includes water bottles along with juice boxes, and socks are half off. The Ultimate Party offers 120 minutes of jumping, go karting included for every jumper, free socks, physical invitations, a longer pass for the birthday child, and no fee for outside food. Let me know if you need more details on any specific package! 
────────────────────────────────────────────

[2026-04-14 19:07:52.460] [FINAL_RESPONSE_TO_CALLER] [Turn #4]
────────────────────────────────────────────
Sure! We've got three birthday party packages: Premium for 39. 90 per jumper, VIP for 44. 90 per jumper, and Ultimate for 59. 90 per jumper. Each package requires a minimum of 10 jumpers. The Premium Party includes 75 minutes on the trampoline courts followed by 45 minutes in a private party room, with pizza and juice boxes included. The VIP Party adds more time: 90 minutes on the trampoline courts and 60 minutes in the party room. It also includes water bottles along with juice boxes, and socks are half off. The Ultimate Party offers 120 minutes of jumping, go karting included for every jumper, free socks, physical invitations, a longer pass for the birthday child, and no fee for outside food. Let me know if you need more details on any specific package!
────────────────────────────────────────────

[2026-04-14 19:08:30.491] [INCOMING_TRANSCRIPT] [Turn #5]
────────────────────────────────────────────
Um, it looks, uh, can you tell me a bit slowly? It's too fast.
────────────────────────────────────────────

[2026-04-14 19:08:31.560] [REFINED_QUERY] [Turn #5]
────────────────────────────────────────────
Original : Um, it looks, uh, can you tell me a bit slowly? It's too fast.
Refined  : Could you provide a detailed explanation of the Ultimate Party package at AeroSports Scarborough, including its features such as 120 minutes of jumping, go karting for every jumper, free socks, physical invitations, an extended pass for the birthday child, and no fee for outside food?
────────────────────────────────────────────

[2026-04-14 19:08:31.734] [RAG_RESULTS] [Turn #5]
────────────────────────────────────────────
Retrieved 4 document(s):

[1]  score=0.7850321275034117  source=unanswered_questions.md
## Birthday Parties

**Q: What's the difference between the Premium and Ultimate party packages in terms of food and drink options?** `[pending]`

**Q: If we have a party with more than 30 kids, can we still use the same party room, or do we need a different setup?** `[pending]`

**Q: How much time do we get in the jumping area for each package, and is there a way to extend it if needed?** `[pending]`

**Q: What happens if we need to reschedule our party due to a conflict—can we do it without an…

[2]  score=0.7759513428312999  source=birthday_parties.md
## All Packages

AeroSports Scarborough offers 3 birthday party packages: Premium ($39.90/jumper), VIP ($44.90/jumper), and Ultimate ($59.90/jumper). All require a minimum of 10 jumpers. All include pizza, drinks, a private party room, a glow t-shirt, digital invitations, and a FREE 60-min add-on pass for guest jumpers.

**What Upgrades From Premium To Vip:** Upgrading from Premium to VIP adds: 15 more minutes of jump time (90 vs 75), 15 more minutes of room time (60 vs 45), a water bottle in ad…

[3]  score=0.7236215750768735  source=faqs.md
## General

**Q: Are AeroSports jump socks required?**

A: Yes, AeroSports socks are required at all locations. Jump socks are available for $3.99 + tax. They are reusable, so keep yours for future visits!

**Q: Is there a weight limit for the trampolines?**

A: Our trampolines have a 300-pound weight limit.

**Q: Are waivers required? Can they be filled out online?**

A: Waivers are required for every guest to the park including non-jumpers. You can fill out the waiver online before you arrive …

[4]  score=0.6906946279977672  source=birthday_parties.md
## Terms & Conditions

Birthday party terms and conditions at AeroSports Scarborough: Rescheduling is free and allowed up to 1 year from booking date. Cancellation with 14+ days notice receives a store gift card for the refund amount. Cancellation within 14 days receives no refund. Package changes must be made 14+ days in advance, subject to availability. Waivers are required for all jumpers (under 18 must be signed by parent/guardian, valid 1 year). Room supplies (plates, cups, tablecloths) are…
────────────────────────────────────────────

[2026-04-14 19:08:31.734] [LLM_CONTEXT] [Turn #5]
────────────────────────────────────────────
10 message(s):

--- msg[0]  role=system ---
<identity>
You are Dan, a front desk staff member at AeroSports Scarborough trampoline park, answering inbound phone calls. You are a person, not an AI. If confused, respond like Dan would: "Sorry, I didn't quite catch that — what can I help you with?"
</identity>

<core_rules>
These rules are absolute. They override everything else.

1. FACTS COME ONLY FROM THE KNOWLEDGE BASE CONTEXT BELOW. If a price, package, policy, promotion, hour, or detail is not written in the context, you do not know it. Do not guess, estimate, approximate, or fill in from memory. When you don't have something, say: "Hmm, I'm not sure on that one — best thing is to call us at two eight nine, four five four, five five five five and ask for a supervisor."

2. YOU CANNOT LOOK ANYTHING UP. You have no system, no database, no booking records. Never say "let me check" or "let me pull that up" or "I see your booking." If a caller asks about an existing booking, just acknowledge briefly ("Oh okay, sure" or "Got it") and wait — the team will take it from there.

3. ONE FACT AT A TIME. Answer the specific question asked. Don't combine entries, don't dump multiple packages, don't volunteer information they didn't ask for.

4. UNKNOWN TERMS ARE UNKNOWN. If a caller uses a product name, card name, or term that doesn't appear verbatim in the context ("blue card," "gold pass," etc.), say you're not sure what that is. Never map it to something that sounds similar.
</core_rules>

<voice_style>
Every word you write will be spoken aloud by a TTS engine. Write for the ear.

- No markdown, no bullets, no asterisks, no headers, no brackets, no lists.
- Short sentences. Use commas and periods for natural pauses.
- Spell out addresses, emails, and phone numbers: "aerosportsparks dot c a", "events dot scb at aerosportsparks dot c a", "two eight nine, four five four, five five five five."
- Prices: say "nineteen ninety plus tax," not "nineteen dollars and ninety cents." Always add "plus tax" after a price.
</voice_style>

<tone>
Talk like a busy front desk staff member, not a corporate assistant. Warm but efficient.

Use contractions and natural fillers: "yeah," "okay so," "for sure," "no worries," "gotcha," "perfect," "sounds good," "let me see."

Keep replies to one to three sentences unless the caller explicitly asks for a full breakdown.

Never say: "Great question," "I'd be happy to help," "Thank you for your inquiry," "Is there anything else I can assist you with," or any other call-center phrasing. Never open with "How may I assist you today" — just "How can I help you?"

Acknowledge personal details briefly and move on. If someone mentions a birthday: "Oh nice, happy birthday to them!" then answer.
</tone>

<handling_specific_situations>
Existing bookings (any mention of "my booking," "my party," "I booked," wanting to change, cancel, or reschedule): acknowledge briefly and stop. Do not ask for names, dates, or package types. Do not quote rescheduling policies. Just: "Oh okay, sure" — then wait.

New birthday party bookings: ask "Do you already know which package you'd like?" If not, explain the packages from the context. If yes, say "Perfect, let me connect you with our team to get that booked."

General pricing questions ("how much does it cost"): ask one short clarifying question — "Which activity are you asking about?" — before answering.

Height or age requirements: frame casually as safety. "Yeah, it's just a safety thing — they need to be at least fifty four inches for the main track."

Frustrated callers: listen, validate ("Yeah no, I totally get that"), then offer what you can from the context. If you can't resolve it: "Honestly, best thing is to email events dot scb at aerosportsparks dot c a or call back and ask for a supervisor — they'll sort it out." Never promise a fix you can't deliver.
</handling_specific_situations>

<location_and_hours>
We're on Birchmount Road in Scarborough. Park hours: Sunday to Thursday ten to nine, Friday and Saturday ten to ten. Only mention hours if the caller asks.
</location_and_hours>

CURRENT TIME: Tuesday, April 14, 2026 at 07:08 PM (Eastern Time)

KNOWLEDGE BASE CONTEXT:

[1] (source: unanswered_questions.md)
## Birthday Parties

**Q: What's the difference between the Premium and Ultimate party packages in terms of food and drink options?** `[pending]`

**Q: If we have a party with more than 30 kids, can we still use the same party room, or do we need a different setup?** `[pending]`

**Q: How much time do we get in the jumping area for each package, and is there a way to extend it if needed?** `[pending]`

**Q: What happens if we need to reschedule our party due to a conflict—can we do it without any fees?** `[pending]`

**Q: Is the go-kart race included in any of the party packages, and how does that work for the jumpers?** `[pending]`

**Q: Are there any discounts or free items included in the Ultimate package that aren't available in the Premium or VIP packages?** `[pending]`

**Q: What's the policy if some of our guests don't show up on the day of the party—can we adjust the food or activity options?** `[pending]`

**Q: Can we bring our own food without paying the outside food fee if we book the Ultimate package?** `[pending]`

**Q: Does the VIP package include a Go Kart Race, or is that only available in the Ultimate package?** `[pending]`

**Q: What happens if we need to order add-ons less than 24 hours before the event?** `[pending]`

**Q: Can we upgrade from the Premium package to the Ultimate package after booking?** `[pending]`

**Q: What if we have more than 10 kids at the party but want to keep the cost lower?** `[pending]`

**Q: Is there a way to get free socks for all jumpers without paying the full price?** `[pending]`

**Q: Can we reschedule our party date if we need to change plans?** `[pending]`

**Q: What if we have more than 30 kids at the party?** `[pending]`

**Q: Can we customize the type of pizza or drinks included in the party package?** `[pending]`

**Q: Does the Ultimate party package include free jump socks, and are there discounts for other packages?** `[pending]`

**Q: What is the cancellation policy for birthday parties booked less than two weeks in advance?** `[pending]`

**Q: Does the Ultimate party package include a waiver for the outside food fee, and what's the cost for other packages?** `[pending]`

**Q: Are physical birthday invitations included in the Ultimate package, and can they be purchased separately for other packages?** `[pending]`

**Q: Can we accommodate a child with food allergies during the party, and how should we inform AeroSports in advance?** `[pending]`

**Q: If we have more than 30 guests, can we use multiple party rooms simultaneously?** `[pending]`

**Q: What is the maximum number of guests allowed in a single party room at AeroSports Scarborough?** `[pending]`

**Q: Are there any restrictions on the number of jumpers in the Premium package if we want to add more than the minimum of 10?** `[pending]`

**Q: What is the policy for changing our party package after booking, and how far in advance must we notify AeroSports?** `[pending]`

[2] (source: birthday_parties.md)
## All Packages

AeroSports Scarborough offers 3 birthday party packages: Premium ($39.90/jumper), VIP ($44.90/jumper), and Ultimate ($59.90/jumper). All require a minimum of 10 jumpers. All include pizza, drinks, a private party room, a glow t-shirt, digital invitations, and a FREE 60-min add-on pass for guest jumpers.

**What Upgrades From Premium To Vip:** Upgrading from Premium to VIP adds: 15 more minutes of jump time (90 vs 75), 15 more minutes of room time (60 vs 45), a water bottle in addition to the juice box, and 50% off socks ($2.00 instead of $3.99). Cost difference is $5 per jumper ($50 more for 10 jumpers).

**What Upgrades From Vip To Ultimate:** Upgrading from VIP to Ultimate adds: 30 more minutes of jump time (120 vs 90), go karting included for every jumper, FREE socks for all jumpers, FREE physical invitations, a FREE 30-Day pass for the birthday child (instead of 60-min), the $50 outside food fee is waived, and drinks include pop as an option. Cost difference is $15 per jumper ($150 more for 10 jumpers).

**Best Value:** The Ultimate Party offers the most value with go karting alone worth $9.90/jumper ($99 for 10 kids), plus free socks ($3.99/jumper = $39.90 for 10), and the waived $50 outside food fee. That is roughly $189 in extras for $150 more than VIP.

[3] (source: faqs.md)
## General

**Q: Are AeroSports jump socks required?**

A: Yes, AeroSports socks are required at all locations. Jump socks are available for $3.99 + tax. They are reusable, so keep yours for future visits!

**Q: Is there a weight limit for the trampolines?**

A: Our trampolines have a 300-pound weight limit.

**Q: Are waivers required? Can they be filled out online?**

A: Waivers are required for every guest to the park including non-jumpers. You can fill out the waiver online before you arrive to reduce check-in time. Children under 18 must have the waiver signed by a parent or legal guardian.

**Q: Can I leave my child(ren) unattended?**

A: Children under 12 cannot be dropped off without an adult present. While every child under 18 needs a parent or legal guardian to sign the waiver, please ensure all children understand the park rules before dropping them off.

**Q: Do spectators have to pay to watch jumpers?**

A: Non-jumpers are never charged admission. Only jumpers pay for general admission.

**Q: Do you have food available to purchase?**

A: Yes! We have a fully stocked Snack Shack serving delicious treats.

**Q: What days are the least busy?**

A: Weekends are our busiest days. Mondays and Tuesdays are usually less busy.

**Q: Can my small child come to the park?**

A: As long as the child can walk, they can jump!

**Q: Do you sell gift cards?**

A: Yes! Purchase a physical gift card at the park or buy one online.

**Q: Do jump cards expire?**

A: No, our jump cards never expire and can be used by different jumpers.

**Q: When are refunds processed?**

A: Refunds take 3-5 business days to reflect in your bank account.

**Q: What attractions do you have in the park?**

A: We have trampoines, ninja warrior obstacle course, ninja maze, donut slide, 360 bike, Go Karting, dodgeball area in trampoline, rock walls, airbags.

**Q: What is included in the jump pass price?**

A: Your jump pass includes access to all attractions in the park like trampolines, dodgeball, rock walls, ninja course, slam basketball, 360 bicycle, slides, jump tower, and ninja maze. Go karting is the only attraction not included and needs a separate ticket or add-on.

**Q: What is the address of AeroSports Scarborough?**

A: We are located at 1120 Birchmount Rd, Scarborough, Ontario, M1K 5G4. You can find us on Google Maps by searching AeroSports Scarborough.

**Q: What are your hours of operation?**

A: We are open Sunday to Thursday from 10am to 8pm, and Friday to Saturday from 10am to 10pm.

**Q: How do I book online?**

A: You can book your jump passes online at ecom.roller.app/aerosportsscarborough. For birthday parties, visit the birthday booking page on our website or call us at 289-454-5555.

**Q: Do you have any current promotions or deals?**

A: Check our website or ask us about current promotions. We run monthly specials including birthday party discounts and seasonal deals.

**Q: Is there a special needs program?**

A: Yes! We offer a special needs program during all operating hours for $19.90. It includes 120 minutes of play time. One support worker is admitted free with a signed waiver. Go kart races are not included.

**Q: What is glow night at Scarborough?**

A: At AeroSports Scarborough, we have glow in the dark all the time during regular operating hours. The neon lights and glow effects are always on, so you can enjoy the glow experience any time you visit at no extra cost.

**Q: Can I host a corporate event or team building activity?**

A: Yes! We offer corporate and team party packages perfect for team building, milestone celebrations, and employee rewards. Call us at 289-454-5555 or email events.scb@aerosportsparks.ca to customize your event.

**Q: Can schools book field trips at AeroSports?

[4] (source: birthday_parties.md)
## Terms & Conditions

Birthday party terms and conditions at AeroSports Scarborough: Rescheduling is free and allowed up to 1 year from booking date. Cancellation with 14+ days notice receives a store gift card for the refund amount. Cancellation within 14 days receives no refund. Package changes must be made 14+ days in advance, subject to availability. Waivers are required for all jumpers (under 18 must be signed by parent/guardian, valid 1 year). Room supplies (plates, cups, tablecloths) are included. The jumping area is shared with other patrons but the party room is private. Prohibited items: no piñatas, confetti, or silly string ($40 cleaning charge if used). Advise of food allergies/sensitivities in advance. All guests should arrive 20 minutes early for check-in. AeroSports is not responsible for lost or stolen items.


--- msg[1]  role=user ---
Hi, Dan. How are you?

--- msg[2]  role=assistant ---
Hey there! I'm good, thanks for asking. How can I help you today?

--- msg[3]  role=user ---
I wanted to have a birthday party, this May.

--- msg[4]  role=assistant ---
That sounds like fun! Do you already know which package you'd like for the birthday party, or would you like me to explain the options?

--- msg[5]  role=user ---
You can explain the options. So do you have any promotions going on?

--- msg[6]  role=assistant ---
90 per jumper, VIP at 44.

--- msg[7]  role=user ---
Sorry. Can you say that again?

--- msg[8]  role=assistant ---
The Ultimate Party offers 120 minutes of jumping, go karting included for every jumper, free socks, physical invitations, a longer pass for the birthday child, and no fee for outside food.

--- msg[9]  role=user ---
Um, it looks, uh, can you tell me a bit slowly? It's too fast.
────────────────────────────────────────────

[2026-04-14 19:08:36.470] [LLM_RAW_RESPONSE] [Turn #5]
────────────────────────────────────────────
Sure thing! We have three packages:

1. Premium: 39. 90 per jumper. Includes pizza, drinks, a private room, glow t-shirt, digital invites, and an extra 60-minute pass for guests. 2. VIP: 44. 90 per jumper. Adds 15 more minutes of jump time (total 90), 15 more minutes in the party room (total 60), a water bottle, and half-price socks (2. 00). The cost difference from Premium is 5 per jumper. 3. Ultimate: 59. 90 per jumper. Includes everything in VIP plus 30 more minutes of jump time (total 120), go karting for every jumper, free socks, physical invitations, a longer pass for the birthday child, and no fee for outside food. The cost difference from VIP is 15 per jumper. The Ultimate package offers the most value with extras like go karting, free socks, and waived fees. Let me know if you need more details! 
────────────────────────────────────────────

[2026-04-14 19:08:36.470] [FINAL_RESPONSE_TO_CALLER] [Turn #5]
────────────────────────────────────────────
Sure thing! We have three packages: 1. Premium: 39. 90 per jumper. Includes pizza, drinks, a private room, glow t-shirt, digital invites, and an extra 60-minute pass for guests. 2. VIP: 44. 90 per jumper. Adds 15 more minutes of jump time (total 90), 15 more minutes in the party room (total 60), a water bottle, and half-price socks (2. 00). The cost difference from Premium is 5 per jumper. 3. Ultimate: 59. 90 per jumper. Includes everything in VIP plus 30 more minutes of jump time (total 120), go karting for every jumper, free socks, physical invitations, a longer pass for the birthday child, and no fee for outside food. The cost difference from VIP is 15 per jumper. The Ultimate package offers the most value with extras like go karting, free socks, and waived fees. Let me know if you need more details!
────────────────────────────────────────────

# session ended: 2026-04-14T19:09:10.463
