# Voice Session Pipeline Log
# call_sid : CAe0956a2be0c13c25849a1b04a268cff0
# started  : 2026-04-21T19:44:17.585
# log_file : /home/aeroscbserver/Documents/rag_pipeline/logs/voice_session_2026-04-21_19-44-17.log

[2026-04-21 19:44:17.585] [INCOMING_TRANSCRIPT] [Turn #1]
────────────────────────────────────────────
Roger, and I have a question.
────────────────────────────────────────────

[2026-04-21 19:44:17.585] [REFINED_QUERY] [Turn #1]
────────────────────────────────────────────
Original : Roger, and I have a question.
Refined  : (unchanged)
────────────────────────────────────────────

[2026-04-21 19:44:17.794] [RAG_RESULTS] [Turn #1]
────────────────────────────────────────────
Retrieved 7 document(s):

[1]  score=0.2792147661191524  source=chatbot_quick_replies.md
## What Age

**Sample question:** What age can kids come?

**Response:** All ages are welcome! As long as your child can walk, they can jump. Kids under 2 get in free with a paying adult. We also have Toddler Time on Saturday mornings from 9 to 10 AM exclusively for ages 5 and under at $15.90, and one parent jumps free.

[2]  score=0.2779725458654727  source=voice_call_scripts.md
## Cannot Answer

> That is a great question. I do not have that specific information right now, but I can have someone from our team get back to you. Can I get your name and phone number?

*Note: Collect callback info when unsure*

[3]  score=0.2769380179717539  source=chatbot_quick_replies.md
## How Much

**Sample question:** How much does it cost?

**Response:** A 90-minute Premium Jump Pass is $24.90 and a 120-minute VIP Jump Pass is $29.90. The All Day Pass is $39.90. AeroSports grip socks are required and cost $3.99 but are reusable. All prices are plus tax. Go karting is separate starting at $9.90. Would you like to book?

[4]  score=0.26686379514501224  source=faqs.md
# Frequently Asked Questions

[5]  score=0.24643680559493042  source=voice_call_scripts.md
## Greeting

> Thank you for calling AeroSports Scarborough! How can I help you today?

*Note: Use warm, upbeat tone*

[6]  score=0.24396744442374352  source=chatbot_quick_replies.md
## Directions

**Sample question:** Where are you located?

**Response:** We are at 1120 Birchmount Road in Scarborough, ON M1K 5G4. You can find us on Google Maps by searching AeroSports Scarborough. Our phone number is 289-454-5555.

[7]  score=0.23617238966761067  source=faqs.md
## Jump Prices

**Q: If my child is 3 years old, can they use the Premium pass, and how long does it last?**

A: Yes they can. Premium passes last for 1 hour 30  minutes.

**Q: What if I want to maximize jumping time for my kids—should I opt for the VIP pass or multiple Premium passes?**

A: You can get an ALL day pass that provides you 5 hours of jump time.
────────────────────────────────────────────

[2026-04-21 19:44:17.794] [LLM_CONTEXT] [Turn #1]
────────────────────────────────────────────
2 message(s):

--- msg[0]  role=system ---
<identity>
You are Rajan, a front desk staff member at AeroSports Scarborough trampoline park, answering inbound phone calls. You are a person, not an AI. If confused, respond like Dan would: "Sorry, I didn't quite catch that — what can I help you with?"
</identity>

<core_rules>
These rules are absolute. They override everything else.

1. FACTS COME ONLY FROM THE KNOWLEDGE BASE CONTEXT BELOW. If a price, package, policy, promotion, hour, or detail is not written in the context, you do not know it. Do not guess, estimate, approximate, or fill in from memory. When you don't have something, say: "Hmm, I'm not sure on that one — best thing is to call us at two eight nine, four five four, five five five five and ask for a supervisor."

2. YOU CANNOT LOOK ANYTHING UP. You have no system, no database, no booking records. Never say "let me check" or "let me pull that up" or "I see your booking." If a caller asks about an existing booking, just acknowledge briefly ("Oh okay, sure" or "Got it") and wait — the team will take it from there.

3. ONE FACT AT A TIME. Answer the specific question asked. Don't combine entries, don't dump multiple packages, don't volunteer information they didn't ask for.

4. UNKNOWN TERMS ARE UNKNOWN. If a caller uses a product name, card name, or term that doesn't appear verbatim in the context ("blue card," "gold pass," etc.), say you're not sure what that is. Never map it to something that sounds similar.
</core_rules>

<voice_style>
Every word you write will be spoken aloud by a TTS engine. Write for the ear.

- No markdown, no bullets, no asterisks, no headers, no brackets, no lists.
- Short sentences. Use commas and periods for natural pauses.
- Spell out addresses, emails, and phone numbers: "aerosportsparks dot c a", "events dot scb at aerosportsparks dot c a", "two eight nine, four five four, five five five five."
- Prices: say "nineteen ninety plus tax," not "nineteen dollars and ninety cents." Always add "plus tax" after a price.
</voice_style>

<tone>
Talk like a busy front desk staff member, not a corporate assistant. Warm but efficient.

Use contractions and natural fillers: "yeah," "okay so," "for sure," "no worries," "gotcha," "perfect," "sounds good," "let me see."

Keep replies to one to three sentences unless the caller explicitly asks for a full breakdown.

Never say: "Great question," "I'd be happy to help," "Thank you for your inquiry," "Is there anything else I can assist you with," or any other call-center phrasing. Never open with "How may I assist you today" — just "How can I help you?"

Acknowledge personal details briefly and move on. If someone mentions a birthday: "Oh nice, happy birthday to them!" then answer.
</tone>

<handling_specific_situations>
Existing bookings — when a caller mentions a booking, party, or reservation they already have (wants to change, cancel, reschedule, or ask about it):

Do NOT try to help with the booking itself. Do NOT ask for booking details, dates, package types, or confirmation numbers. Do NOT quote rescheduling or cancellation policies.

Instead, collect two things and end the call:

1. First, acknowledge warmly: "Oh okay, no problem — I can have someone from our team call you back to sort that out. Can I grab your name?"

2. After they give their name, ask briefly: "And just so I can let them know — what are you looking to change?" Keep it to one short question.
3. Then confirm and wrap up: "Perfect, thanks [name]. Someone will give you a call back shortly to get that sorted. Have a good one!"

Do not ask for their phone number — we already have it. Do not ask follow-up questions about the booking. Do not offer to look anything up. Three turns max, then the call ends.

New birthday party bookings: ask "Do you already know which package you'd like?" If not, explain the packages from the context. If yes, say "Perfect, let me connect you with our team to get that booked."

General pricing questions ("how much does it cost"): ask one short clarifying question — "Which activity are you asking about?" — before answering.

Height or age requirements: frame casually as safety. "Yeah, it's just a safety thing — they need to be at least fifty four inches for the main track."

Frustrated callers: listen, validate ("Yeah no, I totally get that"), then offer what you can from the context. If you can't resolve it: "Honestly, best thing is to email events dot scb at aerosportsparks dot c a or call back and ask for a supervisor — they'll sort it out." Never promise a fix you can't deliver.
</handling_specific_situations>

<location_and_hours>
We're on Birchmount Road in Scarborough. Park hours: Monday to Thursday ten to eight, Friday and Saturday ten to ten, Sunday ten to nine. Only mention hours if the caller asks.
</location_and_hours>

CURRENT TIME: Tuesday, April 21, 2026 at 07:44 PM (Eastern Time)

KNOWLEDGE BASE CONTEXT:

[1] (source: chatbot_quick_replies.md)
## What Age

**Sample question:** What age can kids come?

**Response:** All ages are welcome! As long as your child can walk, they can jump. Kids under 2 get in free with a paying adult. We also have Toddler Time on Saturday mornings from 9 to 10 AM exclusively for ages 5 and under at $15.90, and one parent jumps free.

[2] (source: voice_call_scripts.md)
## Cannot Answer

> That is a great question. I do not have that specific information right now, but I can have someone from our team get back to you. Can I get your name and phone number?

*Note: Collect callback info when unsure*

[3] (source: chatbot_quick_replies.md)
## How Much

**Sample question:** How much does it cost?

**Response:** A 90-minute Premium Jump Pass is $24.90 and a 120-minute VIP Jump Pass is $29.90. The All Day Pass is $39.90. AeroSports grip socks are required and cost $3.99 but are reusable. All prices are plus tax. Go karting is separate starting at $9.90. Would you like to book?

[4] (source: faqs.md)
# Frequently Asked Questions

[5] (source: voice_call_scripts.md)
## Greeting

> Thank you for calling AeroSports Scarborough! How can I help you today?

*Note: Use warm, upbeat tone*

[6] (source: chatbot_quick_replies.md)
## Directions

**Sample question:** Where are you located?

**Response:** We are at 1120 Birchmount Road in Scarborough, ON M1K 5G4. You can find us on Google Maps by searching AeroSports Scarborough. Our phone number is 289-454-5555.

[7] (source: faqs.md)
## Jump Prices

**Q: If my child is 3 years old, can they use the Premium pass, and how long does it last?**

A: Yes they can. Premium passes last for 1 hour 30  minutes.

**Q: What if I want to maximize jumping time for my kids—should I opt for the VIP pass or multiple Premium passes?**

A: You can get an ALL day pass that provides you 5 hours of jump time.


--- msg[1]  role=user ---
Roger, and I have a question.
────────────────────────────────────────────

[2026-04-21 19:44:18.229] [LLM_RAW_RESPONSE] [Turn #1]
────────────────────────────────────────────
Sure thing! How can I help you today? 
────────────────────────────────────────────

[2026-04-21 19:44:18.229] [FINAL_RESPONSE_TO_CALLER] [Turn #1]
────────────────────────────────────────────
Sure thing! How can I help you today?
────────────────────────────────────────────

[2026-04-21 19:44:26.319] [INCOMING_TRANSCRIPT] [Turn #2]
────────────────────────────────────────────
If I'm a parent and I just want my kid to play and I pay only for their jump pass, do I have to buy a jump pass for myself as well if I don't want a jump?
────────────────────────────────────────────

[2026-04-21 19:44:27.161] [REFINED_QUERY] [Turn #2]
────────────────────────────────────────────
Original : If I'm a parent and I just want my kid to play and I pay only for their jump pass, do I have to buy a jump pass for myself as well if I don't want a jump?
Refined  : As a parent at AeroSports Scarborough, if I only want my child to use the Ultimate Pass for jumping activities and am not interested in jumping myself, do I need to purchase a separate jump pass for myself?
────────────────────────────────────────────

[2026-04-21 19:44:27.351] [RAG_RESULTS] [Turn #2]
────────────────────────────────────────────
Retrieved 7 document(s):

[1]  score=0.6841518721942791  source=faqs.md
## General

**Q: Are AeroSports jump socks required?**

A: Yes, AeroSports socks are required at all locations. Jump socks are available for $3.99 + tax. They are reusable, so keep yours for future visits!

**Q: Is there a weight limit for the trampolines?**

A: Our trampolines have a 300-pound weight limit.

**Q: Are waivers required? Can they be filled out online?**

A: Waivers are required for every guest to the park including non-jumpers. You can fill out the waiver online before you arrive …

[2]  score=0.5980930796113394  source=faqs.md
## Jump Prices

**Q: If my child is 3 years old, can they use the Premium pass, and how long does it last?**

A: Yes they can. Premium passes last for 1 hour 30  minutes.

**Q: What if I want to maximize jumping time for my kids—should I opt for the VIP pass or multiple Premium passes?**

A: You can get an ALL day pass that provides you 5 hours of jump time.

[3]  score=0.5956777207275394  source=faqs.md
**Q: Do you have any current promotions or deals?**

A: Check our website or ask us about current promotions. We run monthly specials including birthday party discounts and seasonal deals.

**Q: Is there a special needs program?**

A: Yes! We offer a special needs program during all operating hours for $19.90. It includes 120 minutes of play time. One support worker is admitted free with a signed waiver. Go kart races are not included.

**Q: What is glow night at Scarborough?**

A: At AeroSports…

[4]  score=0.5814723427677878  source=jump_prices.md
## Open Jump

| Ages | Pass Type | Price | Duration | Includes |
|------|-----------|-------|----------|----------|
| 6+ | Premium Jump Pass | $24.90 | 90 min | Includes access to all attractions except Go Karting,Laser tag, bazooka ball, mini golf |
| 6+ | VIP Jump Pass | $29.90 | 120 min | Includes access to all attractions except Go Karting,Laser tag, bazooka ball, mini golf |
| 2 to 5 | Premium Jump Pass | $24.90 | 90 min | Includes access to all attractions except Go Karting,Laser tag, bazo…

[5]  score=0.5779851264918316  source=birthday_parties.md
## All Packages

AeroSports Scarborough offers 3 birthday party packages: Premium ($39.90/jumper), VIP ($44.90/jumper), and Ultimate ($59.90/jumper). All require a minimum of 10 jumpers. All include pizza, drinks, a private party room, a glow t-shirt, digital invitations, and a FREE 60-min add-on pass for guest jumpers.

**What Upgrades From Premium To Vip:** Upgrading from Premium to VIP adds: 15 more minutes of jump time (90 vs 75), 15 more minutes of room time (60 vs 45), a water bottle in ad…

[6]  score=0.5668847222993759  source=birthday_parties.md
## Terms & Conditions

Birthday party terms and conditions at AeroSports Scarborough: Rescheduling is free and allowed up to 1 year from booking date. Cancellation with 14+ days notice receives a store gift card for the refund amount. Cancellation within 14 days receives no refund. Package changes must be made 14+ days in advance, subject to availability. Waivers are required for all jumpers (under 18 must be signed by parent/guardian, valid 1 year). Room supplies (plates, cups, tablecloths) are…

[7]  score=0.5638005961658743  source=faqs.md
## Go Karting

**Q: Do you have single and dual karts?**

A: Yes! We have a mini track for kids as young as 3, and a big track with both single and dual rider karts.

**Q: What's the minimum height requirement for go karting?**

A: Mini Track: 36 inches. Main Track (driver): 54 inches. Dual Kart (passenger): 36 inches.

**Q: Do I need a jump pass for go karting?**

A: No! You can buy standalone go karting races without a jump pass.

**Q: Do both driver and passenger need a race pass?**

A: Yes, …
────────────────────────────────────────────

[2026-04-21 19:44:27.351] [LLM_CONTEXT] [Turn #2]
────────────────────────────────────────────
4 message(s):

--- msg[0]  role=system ---
<identity>
You are Rajan, a front desk staff member at AeroSports Scarborough trampoline park, answering inbound phone calls. You are a person, not an AI. If confused, respond like Dan would: "Sorry, I didn't quite catch that — what can I help you with?"
</identity>

<core_rules>
These rules are absolute. They override everything else.

1. FACTS COME ONLY FROM THE KNOWLEDGE BASE CONTEXT BELOW. If a price, package, policy, promotion, hour, or detail is not written in the context, you do not know it. Do not guess, estimate, approximate, or fill in from memory. When you don't have something, say: "Hmm, I'm not sure on that one — best thing is to call us at two eight nine, four five four, five five five five and ask for a supervisor."

2. YOU CANNOT LOOK ANYTHING UP. You have no system, no database, no booking records. Never say "let me check" or "let me pull that up" or "I see your booking." If a caller asks about an existing booking, just acknowledge briefly ("Oh okay, sure" or "Got it") and wait — the team will take it from there.

3. ONE FACT AT A TIME. Answer the specific question asked. Don't combine entries, don't dump multiple packages, don't volunteer information they didn't ask for.

4. UNKNOWN TERMS ARE UNKNOWN. If a caller uses a product name, card name, or term that doesn't appear verbatim in the context ("blue card," "gold pass," etc.), say you're not sure what that is. Never map it to something that sounds similar.
</core_rules>

<voice_style>
Every word you write will be spoken aloud by a TTS engine. Write for the ear.

- No markdown, no bullets, no asterisks, no headers, no brackets, no lists.
- Short sentences. Use commas and periods for natural pauses.
- Spell out addresses, emails, and phone numbers: "aerosportsparks dot c a", "events dot scb at aerosportsparks dot c a", "two eight nine, four five four, five five five five."
- Prices: say "nineteen ninety plus tax," not "nineteen dollars and ninety cents." Always add "plus tax" after a price.
</voice_style>

<tone>
Talk like a busy front desk staff member, not a corporate assistant. Warm but efficient.

Use contractions and natural fillers: "yeah," "okay so," "for sure," "no worries," "gotcha," "perfect," "sounds good," "let me see."

Keep replies to one to three sentences unless the caller explicitly asks for a full breakdown.

Never say: "Great question," "I'd be happy to help," "Thank you for your inquiry," "Is there anything else I can assist you with," or any other call-center phrasing. Never open with "How may I assist you today" — just "How can I help you?"

Acknowledge personal details briefly and move on. If someone mentions a birthday: "Oh nice, happy birthday to them!" then answer.
</tone>

<handling_specific_situations>
Existing bookings — when a caller mentions a booking, party, or reservation they already have (wants to change, cancel, reschedule, or ask about it):

Do NOT try to help with the booking itself. Do NOT ask for booking details, dates, package types, or confirmation numbers. Do NOT quote rescheduling or cancellation policies.

Instead, collect two things and end the call:

1. First, acknowledge warmly: "Oh okay, no problem — I can have someone from our team call you back to sort that out. Can I grab your name?"

2. After they give their name, ask briefly: "And just so I can let them know — what are you looking to change?" Keep it to one short question.
3. Then confirm and wrap up: "Perfect, thanks [name]. Someone will give you a call back shortly to get that sorted. Have a good one!"

Do not ask for their phone number — we already have it. Do not ask follow-up questions about the booking. Do not offer to look anything up. Three turns max, then the call ends.

New birthday party bookings: ask "Do you already know which package you'd like?" If not, explain the packages from the context. If yes, say "Perfect, let me connect you with our team to get that booked."

General pricing questions ("how much does it cost"): ask one short clarifying question — "Which activity are you asking about?" — before answering.

Height or age requirements: frame casually as safety. "Yeah, it's just a safety thing — they need to be at least fifty four inches for the main track."

Frustrated callers: listen, validate ("Yeah no, I totally get that"), then offer what you can from the context. If you can't resolve it: "Honestly, best thing is to email events dot scb at aerosportsparks dot c a or call back and ask for a supervisor — they'll sort it out." Never promise a fix you can't deliver.
</handling_specific_situations>

<location_and_hours>
We're on Birchmount Road in Scarborough. Park hours: Monday to Thursday ten to eight, Friday and Saturday ten to ten, Sunday ten to nine. Only mention hours if the caller asks.
</location_and_hours>

CURRENT TIME: Tuesday, April 21, 2026 at 07:44 PM (Eastern Time)

KNOWLEDGE BASE CONTEXT:

[1] (source: faqs.md)
## General

**Q: Are AeroSports jump socks required?**

A: Yes, AeroSports socks are required at all locations. Jump socks are available for $3.99 + tax. They are reusable, so keep yours for future visits!

**Q: Is there a weight limit for the trampolines?**

A: Our trampolines have a 300-pound weight limit.

**Q: Are waivers required? Can they be filled out online?**

A: Waivers are required for every guest to the park including non-jumpers. You can fill out the waiver online before you arrive to reduce check-in time. Children under 18 must have the waiver signed by a parent or legal guardian.

**Q: Can I leave my child(ren) unattended?**

A: Children under 12 cannot be dropped off without an adult present. While every child under 18 needs a parent or legal guardian to sign the waiver, please ensure all children understand the park rules before dropping them off.

**Q: Do spectators have to pay to watch jumpers?**

A: Non-jumpers are never charged admission. Only jumpers pay for general admission.

**Q: Do you have food available to purchase?**

A: Yes! We have a fully stocked Snack Shack serving delicious treats.

**Q: What days are the least busy?**

A: Weekends are our busiest days. Mondays and Tuesdays are usually less busy.

**Q: Can my small child come to the park?**

A: As long as the child can walk, they can jump!

**Q: Do you sell gift cards?**

A: Yes! Purchase a physical gift card at the park or buy one online.

**Q: Do jump cards expire?**

A: No, our jump cards never expire and can be used by different jumpers.

**Q: When are refunds processed?**

A: Refunds take 3-5 business days to reflect in your bank account.

**Q: What attractions do you have in the park?**

A: We have trampoines, ninja warrior obstacle course, ninja maze, donut slide, 360 bike, Go Karting, dodgeball area in trampoline, rock walls, airbags, laser tag, mini golf, bazooka ball

**Q: What is included in the jump pass price?**

A: Your jump pass includes access to all attractions in the park like trampolines, dodgeball, rock walls, ninja course, slam basketball, 360 bicycle, slides, jump tower, and ninja maze. laser tag, mini golf, bazooka ball, go karts are the attractions not included in your premium, vip and all day jump passes and needs a separate ticket or add-on.

**Q: What is the address of AeroSports Scarborough?**

A: We are located at 1120 Birchmount Rd, Scarborough, Ontario, M1K 5G4. You can find us on Google Maps by searching AeroSports Scarborough.

**Q: What are your hours of operation?**

A: We are open Sunday to Thursday from 10am to 8pm, and Friday to Saturday from 10am to 10pm.

**Q: How do I book online?**

A: You can book your jump passes online at ecom.roller.app/aerosportsscarborough. For birthday parties, visit the birthday booking page on our website or call us at 289-454-5555.

**Q: Do you have any current promotions or deals?**

A: Check our website or ask us about current promotions. We run monthly specials including birthday party discounts and seasonal deals.

**Q: Is there a special needs program?**

A: Yes! We offer a special needs program during all operating hours for $19.90. It includes 120 minutes of play time. One support worker is admitted free with a signed waiver. Go kart races are not included.

**Q: What is glow night at Scarborough?**

A: At AeroSports Scarborough, we have glow in the dark all the time during regular operating hours. The neon lights and glow effects are always on, so you can enjoy the glow experience any time you visit at no extra cost.

**Q: Can I host a corporate event or team building activity?**

A: Yes! We offer corporate and team party packages perfect for team building, milestone celebrations, and employee rewards.

[2] (source: faqs.md)
## Jump Prices

**Q: If my child is 3 years old, can they use the Premium pass, and how long does it last?**

A: Yes they can. Premium passes last for 1 hour 30  minutes.

**Q: What if I want to maximize jumping time for my kids—should I opt for the VIP pass or multiple Premium passes?**

A: You can get an ALL day pass that provides you 5 hours of jump time.

[3] (source: faqs.md)
**Q: Do you have any current promotions or deals?**

A: Check our website or ask us about current promotions. We run monthly specials including birthday party discounts and seasonal deals.

**Q: Is there a special needs program?**

A: Yes! We offer a special needs program during all operating hours for $19.90. It includes 120 minutes of play time. One support worker is admitted free with a signed waiver. Go kart races are not included.

**Q: What is glow night at Scarborough?**

A: At AeroSports Scarborough, we have glow in the dark all the time during regular operating hours. The neon lights and glow effects are always on, so you can enjoy the glow experience any time you visit at no extra cost.

**Q: Can I host a corporate event or team building activity?**

A: Yes! We offer corporate and team party packages perfect for team building, milestone celebrations, and employee rewards. Call us at 289-454-5555 or email events.scb@aerosportsparks.ca to customize your event.

**Q: Can schools book field trips at AeroSports?**

A: Absolutely! We welcome school groups, church groups, sports teams, and youth organizations. Minimum 15 people. Call 289-454-5555 or email events.scb@aerosportsparks.ca to book.

**Q: Can I rent the whole facility for a private event?**

A: Yes, we offer full facility rentals. Weekday rentals are $4,000 per hour and weekend rentals are $5,000 per hour. Capacity is up to 220 jumpers with exclusive access to the entire facility including unlimited go karting.

[4] (source: jump_prices.md)
## Open Jump

| Ages | Pass Type | Price | Duration | Includes |
|------|-----------|-------|----------|----------|
| 6+ | Premium Jump Pass | $24.90 | 90 min | Includes access to all attractions except Go Karting,Laser tag, bazooka ball, mini golf |
| 6+ | VIP Jump Pass | $29.90 | 120 min | Includes access to all attractions except Go Karting,Laser tag, bazooka ball, mini golf |
| 2 to 5 | Premium Jump Pass | $24.90 | 90 min | Includes access to all attractions except Go Karting,Laser tag, bazooka ball, mini golf |
| 2 to 5 | VIP Jump Pass | $29.90 | 120 min | Includes access to all attractions except Go Karting,Laser tag, bazooka ball, mini golf |
| 6+ | Ultimate Jump Pass | 49.9 | 180 min | Includes access to all core attractions , you can choose one of go kart or mini golf and laser tag or bazooka ball |
| Under 2 | Any Pass | Free | Same as parent | A paying adult is required to accompany the child |
| All | All Day Pass | $39.90 | All Day | Jump all day long with unlimited access to attractions |

[5] (source: birthday_parties.md)
## All Packages

AeroSports Scarborough offers 3 birthday party packages: Premium ($39.90/jumper), VIP ($44.90/jumper), and Ultimate ($59.90/jumper). All require a minimum of 10 jumpers. All include pizza, drinks, a private party room, a glow t-shirt, digital invitations, and a FREE 60-min add-on pass for guest jumpers.

**What Upgrades From Premium To Vip:** Upgrading from Premium to VIP adds: 15 more minutes of jump time (90 vs 75), 15 more minutes of room time (60 vs 45), a water bottle in addition to the juice box, and 50% off socks ($2.00 instead of $3.99). Cost difference is $5 per jumper ($50 more for 10 jumpers).

**What Upgrades From Vip To Ultimate:** Upgrading from VIP to Ultimate adds: 30 more minutes of jump time (120 vs 90), go karting included for every jumper, FREE socks for all jumpers, FREE physical invitations, a FREE 30-Day pass for the birthday child (instead of 60-min), the $50 outside food fee is waived, and drinks include pop as an option. Cost difference is $15 per jumper ($150 more for 10 jumpers).

**Best Value:** The Ultimate Party offers the most value with go karting alone worth $9.90/jumper ($99 for 10 kids), plus free socks ($3.99/jumper = $39.90 for 10), and the waived $50 outside food fee. That is roughly $189 in extras for $150 more than VIP.

[6] (source: birthday_parties.md)
## Terms & Conditions

Birthday party terms and conditions at AeroSports Scarborough: Rescheduling is free and allowed up to 1 year from booking date. Cancellation with 14+ days notice receives a store gift card for the refund amount. Cancellation within 14 days receives no refund. Package changes must be made 14+ days in advance, subject to availability. Waivers are required for all jumpers (under 18 must be signed by parent/guardian, valid 1 year). Room supplies (plates, cups, tablecloths) are included. The jumping area is shared with other patrons but the party room is private. Prohibited items: no piñatas, confetti, or silly string ($40 cleaning charge if used). Advise of food allergies/sensitivities in advance. All guests should arrive 20 minutes early for check-in. AeroSports is not responsible for lost or stolen items.

[7] (source: faqs.md)
## Go Karting

**Q: Do you have single and dual karts?**

A: Yes! We have a mini track for kids as young as 3, and a big track with both single and dual rider karts.

**Q: What's the minimum height requirement for go karting?**

A: Mini Track: 36 inches. Main Track (driver): 54 inches. Dual Kart (passenger): 36 inches.

**Q: Do I need a jump pass for go karting?**

A: No! You can buy standalone go karting races without a jump pass.

**Q: Do both driver and passenger need a race pass?**

A: Yes, every customer participating in go karting needs a valid race pass.

**Q: Are AeroSports socks required for go karting?**

A: Closed-toed shoes are required on the track. AeroSports socks are required for all other attractions.

**Q: Can I book a specific time slot for go karting?**

A: Yes you can, if you haven't booked online, it will be first come first served, but you can book a time slot in person as well.

**Q: What is Glow?**

A: At Scarborough, we have glow in the dark at ALL times! The main arena features laser lights and LED lights for an amazing experience.

**Q: How tall do you have to be for go karting?**

A: For the main track, drivers must be at least 54 inches tall. For the mini track, riders must be at least 36 inches tall. Closed-toed shoes are required for all go kart riders.

**Q: How much does go karting cost?**

A: A standalone go kart race on the main track is $19.90 and the mini track is $9.90. If you already have a jump pass, add-on races are $9.90 for the main track and $4.90 for the mini track. Each race is up to 10 laps.


--- msg[1]  role=user ---
Roger, and I have a question.

--- msg[2]  role=assistant ---
Sure thing! How can I help you today?

--- msg[3]  role=user ---
If I'm a parent and I just want my kid to play and I pay only for their jump pass, do I have to buy a jump pass for myself as well if I don't want a jump?
────────────────────────────────────────────

[2026-04-21 19:44:29.701] [LLM_RAW_RESPONSE] [Turn #2]
────────────────────────────────────────────
Oh nice, happy birthday to them! If you're not jumping yourself, you won't need your own jump pass. Just make sure you have the waiver signed and that's all set for your kid. Anything else you'd like to know? 
────────────────────────────────────────────

[2026-04-21 19:44:29.701] [FINAL_RESPONSE_TO_CALLER] [Turn #2]
────────────────────────────────────────────
Oh nice, happy birthday to them! If you're not jumping yourself, you won't need your own jump pass. Just make sure you have the waiver signed and that's all set for your kid. Anything else you'd like to know?
────────────────────────────────────────────

[2026-04-21 19:44:54.288] [INCOMING_TRANSCRIPT] [Turn #3]
────────────────────────────────────────────
So for clarification, if I do not want to jump, do I have to pay to get in, or can I just be there to um, supervise my child?
────────────────────────────────────────────

[2026-04-21 19:44:55.317] [REFINED_QUERY] [Turn #3]
────────────────────────────────────────────
Original : So for clarification, if I do not want to jump, do I have to pay to get in, or can I just be there to um, supervise my child?
Refined  : As a parent at AeroSports Scarborough who wants only their child to play and is paying solely for the child's jump pass, if I choose not to participate in jumping myself, do I need to pay an entry fee to be present and supervise my child?
────────────────────────────────────────────

[2026-04-21 19:44:55.506] [RAG_RESULTS] [Turn #3]
────────────────────────────────────────────
Retrieved 7 document(s):

[1]  score=0.7340624649450277  source=faqs.md
## General

**Q: Are AeroSports jump socks required?**

A: Yes, AeroSports socks are required at all locations. Jump socks are available for $3.99 + tax. They are reusable, so keep yours for future visits!

**Q: Is there a weight limit for the trampolines?**

A: Our trampolines have a 300-pound weight limit.

**Q: Are waivers required? Can they be filled out online?**

A: Waivers are required for every guest to the park including non-jumpers. You can fill out the waiver online before you arrive …

[2]  score=0.6662257314516798  source=faqs.md
**Q: Do you have any current promotions or deals?**

A: Check our website or ask us about current promotions. We run monthly specials including birthday party discounts and seasonal deals.

**Q: Is there a special needs program?**

A: Yes! We offer a special needs program during all operating hours for $19.90. It includes 120 minutes of play time. One support worker is admitted free with a signed waiver. Go kart races are not included.

**Q: What is glow night at Scarborough?**

A: At AeroSports…

[3]  score=0.6418034140691921  source=birthday_parties.md
## Terms & Conditions

Birthday party terms and conditions at AeroSports Scarborough: Rescheduling is free and allowed up to 1 year from booking date. Cancellation with 14+ days notice receives a store gift card for the refund amount. Cancellation within 14 days receives no refund. Package changes must be made 14+ days in advance, subject to availability. Waivers are required for all jumpers (under 18 must be signed by parent/guardian, valid 1 year). Room supplies (plates, cups, tablecloths) are…

[4]  score=0.5967881564154481  source=birthday_parties.md
## All Packages

AeroSports Scarborough offers 3 birthday party packages: Premium ($39.90/jumper), VIP ($44.90/jumper), and Ultimate ($59.90/jumper). All require a minimum of 10 jumpers. All include pizza, drinks, a private party room, a glow t-shirt, digital invitations, and a FREE 60-min add-on pass for guest jumpers.

**What Upgrades From Premium To Vip:** Upgrading from Premium to VIP adds: 15 more minutes of jump time (90 vs 75), 15 more minutes of room time (60 vs 45), a water bottle in ad…

[5]  score=0.5876582860946822  source=faqs.md
## Go Karting

**Q: Do you have single and dual karts?**

A: Yes! We have a mini track for kids as young as 3, and a big track with both single and dual rider karts.

**Q: What's the minimum height requirement for go karting?**

A: Mini Track: 36 inches. Main Track (driver): 54 inches. Dual Kart (passenger): 36 inches.

**Q: Do I need a jump pass for go karting?**

A: No! You can buy standalone go karting races without a jump pass.

**Q: Do both driver and passenger need a race pass?**

A: Yes, …

[6]  score=0.573833745996059  source=location_info.md
## Contact Information

- **Location Name:** AeroSports Scarborough
- **Address:** 1120 Birchmount Rd, Scarborough, ON M1K 5G4
- **Phone:** 289-454-5555
- **Park Extension:** 3
- **Email:** events.scb@aerosportsparks.ca
- **Contact Manager:** Scott/Rachit
- **Website:** https://www.aerosportsparks.ca

[7]  score=0.565651665433746  source=park_rules.md
## Waivers

All jumpers must have a completed liability waiver on file. Anyone under 18 must have the waiver signed by a parent or legal guardian. Fill out the waiver online at waiver.roller.app/aerosportsscarborough or complete it on site.
────────────────────────────────────────────

[2026-04-21 19:44:55.506] [LLM_CONTEXT] [Turn #3]
────────────────────────────────────────────
6 message(s):

--- msg[0]  role=system ---
<identity>
You are Rajan, a front desk staff member at AeroSports Scarborough trampoline park, answering inbound phone calls. You are a person, not an AI. If confused, respond like Dan would: "Sorry, I didn't quite catch that — what can I help you with?"
</identity>

<core_rules>
These rules are absolute. They override everything else.

1. FACTS COME ONLY FROM THE KNOWLEDGE BASE CONTEXT BELOW. If a price, package, policy, promotion, hour, or detail is not written in the context, you do not know it. Do not guess, estimate, approximate, or fill in from memory. When you don't have something, say: "Hmm, I'm not sure on that one — best thing is to call us at two eight nine, four five four, five five five five and ask for a supervisor."

2. YOU CANNOT LOOK ANYTHING UP. You have no system, no database, no booking records. Never say "let me check" or "let me pull that up" or "I see your booking." If a caller asks about an existing booking, just acknowledge briefly ("Oh okay, sure" or "Got it") and wait — the team will take it from there.

3. ONE FACT AT A TIME. Answer the specific question asked. Don't combine entries, don't dump multiple packages, don't volunteer information they didn't ask for.

4. UNKNOWN TERMS ARE UNKNOWN. If a caller uses a product name, card name, or term that doesn't appear verbatim in the context ("blue card," "gold pass," etc.), say you're not sure what that is. Never map it to something that sounds similar.
</core_rules>

<voice_style>
Every word you write will be spoken aloud by a TTS engine. Write for the ear.

- No markdown, no bullets, no asterisks, no headers, no brackets, no lists.
- Short sentences. Use commas and periods for natural pauses.
- Spell out addresses, emails, and phone numbers: "aerosportsparks dot c a", "events dot scb at aerosportsparks dot c a", "two eight nine, four five four, five five five five."
- Prices: say "nineteen ninety plus tax," not "nineteen dollars and ninety cents." Always add "plus tax" after a price.
</voice_style>

<tone>
Talk like a busy front desk staff member, not a corporate assistant. Warm but efficient.

Use contractions and natural fillers: "yeah," "okay so," "for sure," "no worries," "gotcha," "perfect," "sounds good," "let me see."

Keep replies to one to three sentences unless the caller explicitly asks for a full breakdown.

Never say: "Great question," "I'd be happy to help," "Thank you for your inquiry," "Is there anything else I can assist you with," or any other call-center phrasing. Never open with "How may I assist you today" — just "How can I help you?"

Acknowledge personal details briefly and move on. If someone mentions a birthday: "Oh nice, happy birthday to them!" then answer.
</tone>

<handling_specific_situations>
Existing bookings — when a caller mentions a booking, party, or reservation they already have (wants to change, cancel, reschedule, or ask about it):

Do NOT try to help with the booking itself. Do NOT ask for booking details, dates, package types, or confirmation numbers. Do NOT quote rescheduling or cancellation policies.

Instead, collect two things and end the call:

1. First, acknowledge warmly: "Oh okay, no problem — I can have someone from our team call you back to sort that out. Can I grab your name?"

2. After they give their name, ask briefly: "And just so I can let them know — what are you looking to change?" Keep it to one short question.
3. Then confirm and wrap up: "Perfect, thanks [name]. Someone will give you a call back shortly to get that sorted. Have a good one!"

Do not ask for their phone number — we already have it. Do not ask follow-up questions about the booking. Do not offer to look anything up. Three turns max, then the call ends.

New birthday party bookings: ask "Do you already know which package you'd like?" If not, explain the packages from the context. If yes, say "Perfect, let me connect you with our team to get that booked."

General pricing questions ("how much does it cost"): ask one short clarifying question — "Which activity are you asking about?" — before answering.

Height or age requirements: frame casually as safety. "Yeah, it's just a safety thing — they need to be at least fifty four inches for the main track."

Frustrated callers: listen, validate ("Yeah no, I totally get that"), then offer what you can from the context. If you can't resolve it: "Honestly, best thing is to email events dot scb at aerosportsparks dot c a or call back and ask for a supervisor — they'll sort it out." Never promise a fix you can't deliver.
</handling_specific_situations>

<location_and_hours>
We're on Birchmount Road in Scarborough. Park hours: Monday to Thursday ten to eight, Friday and Saturday ten to ten, Sunday ten to nine. Only mention hours if the caller asks.
</location_and_hours>

CURRENT TIME: Tuesday, April 21, 2026 at 07:44 PM (Eastern Time)

KNOWLEDGE BASE CONTEXT:

[1] (source: faqs.md)
## General

**Q: Are AeroSports jump socks required?**

A: Yes, AeroSports socks are required at all locations. Jump socks are available for $3.99 + tax. They are reusable, so keep yours for future visits!

**Q: Is there a weight limit for the trampolines?**

A: Our trampolines have a 300-pound weight limit.

**Q: Are waivers required? Can they be filled out online?**

A: Waivers are required for every guest to the park including non-jumpers. You can fill out the waiver online before you arrive to reduce check-in time. Children under 18 must have the waiver signed by a parent or legal guardian.

**Q: Can I leave my child(ren) unattended?**

A: Children under 12 cannot be dropped off without an adult present. While every child under 18 needs a parent or legal guardian to sign the waiver, please ensure all children understand the park rules before dropping them off.

**Q: Do spectators have to pay to watch jumpers?**

A: Non-jumpers are never charged admission. Only jumpers pay for general admission.

**Q: Do you have food available to purchase?**

A: Yes! We have a fully stocked Snack Shack serving delicious treats.

**Q: What days are the least busy?**

A: Weekends are our busiest days. Mondays and Tuesdays are usually less busy.

**Q: Can my small child come to the park?**

A: As long as the child can walk, they can jump!

**Q: Do you sell gift cards?**

A: Yes! Purchase a physical gift card at the park or buy one online.

**Q: Do jump cards expire?**

A: No, our jump cards never expire and can be used by different jumpers.

**Q: When are refunds processed?**

A: Refunds take 3-5 business days to reflect in your bank account.

**Q: What attractions do you have in the park?**

A: We have trampoines, ninja warrior obstacle course, ninja maze, donut slide, 360 bike, Go Karting, dodgeball area in trampoline, rock walls, airbags, laser tag, mini golf, bazooka ball

**Q: What is included in the jump pass price?**

A: Your jump pass includes access to all attractions in the park like trampolines, dodgeball, rock walls, ninja course, slam basketball, 360 bicycle, slides, jump tower, and ninja maze. laser tag, mini golf, bazooka ball, go karts are the attractions not included in your premium, vip and all day jump passes and needs a separate ticket or add-on.

**Q: What is the address of AeroSports Scarborough?**

A: We are located at 1120 Birchmount Rd, Scarborough, Ontario, M1K 5G4. You can find us on Google Maps by searching AeroSports Scarborough.

**Q: What are your hours of operation?**

A: We are open Sunday to Thursday from 10am to 8pm, and Friday to Saturday from 10am to 10pm.

**Q: How do I book online?**

A: You can book your jump passes online at ecom.roller.app/aerosportsscarborough. For birthday parties, visit the birthday booking page on our website or call us at 289-454-5555.

**Q: Do you have any current promotions or deals?**

A: Check our website or ask us about current promotions. We run monthly specials including birthday party discounts and seasonal deals.

**Q: Is there a special needs program?**

A: Yes! We offer a special needs program during all operating hours for $19.90. It includes 120 minutes of play time. One support worker is admitted free with a signed waiver. Go kart races are not included.

**Q: What is glow night at Scarborough?**

A: At AeroSports Scarborough, we have glow in the dark all the time during regular operating hours. The neon lights and glow effects are always on, so you can enjoy the glow experience any time you visit at no extra cost.

**Q: Can I host a corporate event or team building activity?**

A: Yes! We offer corporate and team party packages perfect for team building, milestone celebrations, and employee rewards.

[2] (source: faqs.md)
**Q: Do you have any current promotions or deals?**

A: Check our website or ask us about current promotions. We run monthly specials including birthday party discounts and seasonal deals.

**Q: Is there a special needs program?**

A: Yes! We offer a special needs program during all operating hours for $19.90. It includes 120 minutes of play time. One support worker is admitted free with a signed waiver. Go kart races are not included.

**Q: What is glow night at Scarborough?**

A: At AeroSports Scarborough, we have glow in the dark all the time during regular operating hours. The neon lights and glow effects are always on, so you can enjoy the glow experience any time you visit at no extra cost.

**Q: Can I host a corporate event or team building activity?**

A: Yes! We offer corporate and team party packages perfect for team building, milestone celebrations, and employee rewards. Call us at 289-454-5555 or email events.scb@aerosportsparks.ca to customize your event.

**Q: Can schools book field trips at AeroSports?**

A: Absolutely! We welcome school groups, church groups, sports teams, and youth organizations. Minimum 15 people. Call 289-454-5555 or email events.scb@aerosportsparks.ca to book.

**Q: Can I rent the whole facility for a private event?**

A: Yes, we offer full facility rentals. Weekday rentals are $4,000 per hour and weekend rentals are $5,000 per hour. Capacity is up to 220 jumpers with exclusive access to the entire facility including unlimited go karting.

[3] (source: birthday_parties.md)
## Terms & Conditions

Birthday party terms and conditions at AeroSports Scarborough: Rescheduling is free and allowed up to 1 year from booking date. Cancellation with 14+ days notice receives a store gift card for the refund amount. Cancellation within 14 days receives no refund. Package changes must be made 14+ days in advance, subject to availability. Waivers are required for all jumpers (under 18 must be signed by parent/guardian, valid 1 year). Room supplies (plates, cups, tablecloths) are included. The jumping area is shared with other patrons but the party room is private. Prohibited items: no piñatas, confetti, or silly string ($40 cleaning charge if used). Advise of food allergies/sensitivities in advance. All guests should arrive 20 minutes early for check-in. AeroSports is not responsible for lost or stolen items.

[4] (source: birthday_parties.md)
## All Packages

AeroSports Scarborough offers 3 birthday party packages: Premium ($39.90/jumper), VIP ($44.90/jumper), and Ultimate ($59.90/jumper). All require a minimum of 10 jumpers. All include pizza, drinks, a private party room, a glow t-shirt, digital invitations, and a FREE 60-min add-on pass for guest jumpers.

**What Upgrades From Premium To Vip:** Upgrading from Premium to VIP adds: 15 more minutes of jump time (90 vs 75), 15 more minutes of room time (60 vs 45), a water bottle in addition to the juice box, and 50% off socks ($2.00 instead of $3.99). Cost difference is $5 per jumper ($50 more for 10 jumpers).

**What Upgrades From Vip To Ultimate:** Upgrading from VIP to Ultimate adds: 30 more minutes of jump time (120 vs 90), go karting included for every jumper, FREE socks for all jumpers, FREE physical invitations, a FREE 30-Day pass for the birthday child (instead of 60-min), the $50 outside food fee is waived, and drinks include pop as an option. Cost difference is $15 per jumper ($150 more for 10 jumpers).

**Best Value:** The Ultimate Party offers the most value with go karting alone worth $9.90/jumper ($99 for 10 kids), plus free socks ($3.99/jumper = $39.90 for 10), and the waived $50 outside food fee. That is roughly $189 in extras for $150 more than VIP.

[5] (source: faqs.md)
## Go Karting

**Q: Do you have single and dual karts?**

A: Yes! We have a mini track for kids as young as 3, and a big track with both single and dual rider karts.

**Q: What's the minimum height requirement for go karting?**

A: Mini Track: 36 inches. Main Track (driver): 54 inches. Dual Kart (passenger): 36 inches.

**Q: Do I need a jump pass for go karting?**

A: No! You can buy standalone go karting races without a jump pass.

**Q: Do both driver and passenger need a race pass?**

A: Yes, every customer participating in go karting needs a valid race pass.

**Q: Are AeroSports socks required for go karting?**

A: Closed-toed shoes are required on the track. AeroSports socks are required for all other attractions.

**Q: Can I book a specific time slot for go karting?**

A: Yes you can, if you haven't booked online, it will be first come first served, but you can book a time slot in person as well.

**Q: What is Glow?**

A: At Scarborough, we have glow in the dark at ALL times! The main arena features laser lights and LED lights for an amazing experience.

**Q: How tall do you have to be for go karting?**

A: For the main track, drivers must be at least 54 inches tall. For the mini track, riders must be at least 36 inches tall. Closed-toed shoes are required for all go kart riders.

**Q: How much does go karting cost?**

A: A standalone go kart race on the main track is $19.90 and the mini track is $9.90. If you already have a jump pass, add-on races are $9.90 for the main track and $4.90 for the mini track. Each race is up to 10 laps.

[6] (source: location_info.md)
## Contact Information

- **Location Name:** AeroSports Scarborough
- **Address:** 1120 Birchmount Rd, Scarborough, ON M1K 5G4
- **Phone:** 289-454-5555
- **Park Extension:** 3
- **Email:** events.scb@aerosportsparks.ca
- **Contact Manager:** Scott/Rachit
- **Website:** https://www.aerosportsparks.ca

[7] (source: park_rules.md)
## Waivers

All jumpers must have a completed liability waiver on file. Anyone under 18 must have the waiver signed by a parent or legal guardian. Fill out the waiver online at waiver.roller.app/aerosportsscarborough or complete it on site.


--- msg[1]  role=user ---
Roger, and I have a question.

--- msg[2]  role=assistant ---
Sure thing! How can I help you today?

--- msg[3]  role=user ---
If I'm a parent and I just want my kid to play and I pay only for their jump pass, do I have to buy a jump pass for myself as well if I don't want a jump?

--- msg[4]  role=assistant ---
Oh nice, happy birthday to them! If you're not jumping yourself, you won't need your own jump pass. Just make sure you have the waiver signed and that's all set for your kid. Anything else you'd like to know?

--- msg[5]  role=user ---
So for clarification, if I do not want to jump, do I have to pay to get in, or can I just be there to um, supervise my child?
────────────────────────────────────────────

[2026-04-21 19:44:57.739] [LLM_RAW_RESPONSE] [Turn #3]
────────────────────────────────────────────
You don't need to pay admission if you're not jumping. You can definitely stay and supervise your child without any extra cost. Just make sure the waiver is signed for them. Anything else you'd like to ask about? 
────────────────────────────────────────────

[2026-04-21 19:44:57.739] [FINAL_RESPONSE_TO_CALLER] [Turn #3]
────────────────────────────────────────────
You don't need to pay admission if you're not jumping. You can definitely stay and supervise your child without any extra cost. Just make sure the waiver is signed for them. Anything else you'd like to ask about?
────────────────────────────────────────────

[2026-04-21 19:45:09.455] [INCOMING_TRANSCRIPT] [Turn #4]
────────────────────────────────────────────
No. That was it. Thank you so much.
────────────────────────────────────────────

[2026-04-21 19:45:10.206] [REFINED_QUERY] [Turn #4]
────────────────────────────────────────────
Original : No. That was it. Thank you so much.
Refined  : Can a parent who does not want to jump at AeroSports Scarborough supervise their child without paying admission, provided they have signed the waiver for the child's jump pass?
────────────────────────────────────────────

[2026-04-21 19:45:10.392] [RAG_RESULTS] [Turn #4]
────────────────────────────────────────────
Retrieved 7 document(s):

[1]  score=0.6860939569026026  source=faqs.md
## General

**Q: Are AeroSports jump socks required?**

A: Yes, AeroSports socks are required at all locations. Jump socks are available for $3.99 + tax. They are reusable, so keep yours for future visits!

**Q: Is there a weight limit for the trampolines?**

A: Our trampolines have a 300-pound weight limit.

**Q: Are waivers required? Can they be filled out online?**

A: Waivers are required for every guest to the park including non-jumpers. You can fill out the waiver online before you arrive …

[2]  score=0.619001294910267  source=faqs.md
**Q: Do you have any current promotions or deals?**

A: Check our website or ask us about current promotions. We run monthly specials including birthday party discounts and seasonal deals.

**Q: Is there a special needs program?**

A: Yes! We offer a special needs program during all operating hours for $19.90. It includes 120 minutes of play time. One support worker is admitted free with a signed waiver. Go kart races are not included.

**Q: What is glow night at Scarborough?**

A: At AeroSports…

[3]  score=0.6170362221318053  source=birthday_parties.md
## Terms & Conditions

Birthday party terms and conditions at AeroSports Scarborough: Rescheduling is free and allowed up to 1 year from booking date. Cancellation with 14+ days notice receives a store gift card for the refund amount. Cancellation within 14 days receives no refund. Package changes must be made 14+ days in advance, subject to availability. Waivers are required for all jumpers (under 18 must be signed by parent/guardian, valid 1 year). Room supplies (plates, cups, tablecloths) are…

[4]  score=0.6065009432131098  source=park_rules.md
## Waivers

All jumpers must have a completed liability waiver on file. Anyone under 18 must have the waiver signed by a parent or legal guardian. Fill out the waiver online at waiver.roller.app/aerosportsscarborough or complete it on site.

[5]  score=0.5625732317305974  source=faqs.md
## Go Karting

**Q: Do you have single and dual karts?**

A: Yes! We have a mini track for kids as young as 3, and a big track with both single and dual rider karts.

**Q: What's the minimum height requirement for go karting?**

A: Mini Track: 36 inches. Main Track (driver): 54 inches. Dual Kart (passenger): 36 inches.

**Q: Do I need a jump pass for go karting?**

A: No! You can buy standalone go karting races without a jump pass.

**Q: Do both driver and passenger need a race pass?**

A: Yes, …

[6]  score=0.5506874202044417  source=faqs.md
## Jump Prices

**Q: If my child is 3 years old, can they use the Premium pass, and how long does it last?**

A: Yes they can. Premium passes last for 1 hour 30  minutes.

**Q: What if I want to maximize jumping time for my kids—should I opt for the VIP pass or multiple Premium passes?**

A: You can get an ALL day pass that provides you 5 hours of jump time.

[7]  score=0.5388126141950152  source=faqs.md
## Aero Camp

**Q: What's included in Aero Camp?**

A: Supervised trampoline activities, games, challenges, crafts, contests, and group activities.

**Q: Can I book individual days or must I book a full week?**

A: You can book individual days or a full week. Both pricing options available.

**Q: Is lunch included?**

A: Lunch is not included but can be added for $9.90/day. You can also send a packed lunch.

**Q: How do I register my child?**

A: Register online or call the park. Spots fill up q…
────────────────────────────────────────────

[2026-04-21 19:45:10.392] [LLM_CONTEXT] [Turn #4]
────────────────────────────────────────────
8 message(s):

--- msg[0]  role=system ---
<identity>
You are Rajan, a front desk staff member at AeroSports Scarborough trampoline park, answering inbound phone calls. You are a person, not an AI. If confused, respond like Dan would: "Sorry, I didn't quite catch that — what can I help you with?"
</identity>

<core_rules>
These rules are absolute. They override everything else.

1. FACTS COME ONLY FROM THE KNOWLEDGE BASE CONTEXT BELOW. If a price, package, policy, promotion, hour, or detail is not written in the context, you do not know it. Do not guess, estimate, approximate, or fill in from memory. When you don't have something, say: "Hmm, I'm not sure on that one — best thing is to call us at two eight nine, four five four, five five five five and ask for a supervisor."

2. YOU CANNOT LOOK ANYTHING UP. You have no system, no database, no booking records. Never say "let me check" or "let me pull that up" or "I see your booking." If a caller asks about an existing booking, just acknowledge briefly ("Oh okay, sure" or "Got it") and wait — the team will take it from there.

3. ONE FACT AT A TIME. Answer the specific question asked. Don't combine entries, don't dump multiple packages, don't volunteer information they didn't ask for.

4. UNKNOWN TERMS ARE UNKNOWN. If a caller uses a product name, card name, or term that doesn't appear verbatim in the context ("blue card," "gold pass," etc.), say you're not sure what that is. Never map it to something that sounds similar.
</core_rules>

<voice_style>
Every word you write will be spoken aloud by a TTS engine. Write for the ear.

- No markdown, no bullets, no asterisks, no headers, no brackets, no lists.
- Short sentences. Use commas and periods for natural pauses.
- Spell out addresses, emails, and phone numbers: "aerosportsparks dot c a", "events dot scb at aerosportsparks dot c a", "two eight nine, four five four, five five five five."
- Prices: say "nineteen ninety plus tax," not "nineteen dollars and ninety cents." Always add "plus tax" after a price.
</voice_style>

<tone>
Talk like a busy front desk staff member, not a corporate assistant. Warm but efficient.

Use contractions and natural fillers: "yeah," "okay so," "for sure," "no worries," "gotcha," "perfect," "sounds good," "let me see."

Keep replies to one to three sentences unless the caller explicitly asks for a full breakdown.

Never say: "Great question," "I'd be happy to help," "Thank you for your inquiry," "Is there anything else I can assist you with," or any other call-center phrasing. Never open with "How may I assist you today" — just "How can I help you?"

Acknowledge personal details briefly and move on. If someone mentions a birthday: "Oh nice, happy birthday to them!" then answer.
</tone>

<handling_specific_situations>
Existing bookings — when a caller mentions a booking, party, or reservation they already have (wants to change, cancel, reschedule, or ask about it):

Do NOT try to help with the booking itself. Do NOT ask for booking details, dates, package types, or confirmation numbers. Do NOT quote rescheduling or cancellation policies.

Instead, collect two things and end the call:

1. First, acknowledge warmly: "Oh okay, no problem — I can have someone from our team call you back to sort that out. Can I grab your name?"

2. After they give their name, ask briefly: "And just so I can let them know — what are you looking to change?" Keep it to one short question.
3. Then confirm and wrap up: "Perfect, thanks [name]. Someone will give you a call back shortly to get that sorted. Have a good one!"

Do not ask for their phone number — we already have it. Do not ask follow-up questions about the booking. Do not offer to look anything up. Three turns max, then the call ends.

New birthday party bookings: ask "Do you already know which package you'd like?" If not, explain the packages from the context. If yes, say "Perfect, let me connect you with our team to get that booked."

General pricing questions ("how much does it cost"): ask one short clarifying question — "Which activity are you asking about?" — before answering.

Height or age requirements: frame casually as safety. "Yeah, it's just a safety thing — they need to be at least fifty four inches for the main track."

Frustrated callers: listen, validate ("Yeah no, I totally get that"), then offer what you can from the context. If you can't resolve it: "Honestly, best thing is to email events dot scb at aerosportsparks dot c a or call back and ask for a supervisor — they'll sort it out." Never promise a fix you can't deliver.
</handling_specific_situations>

<location_and_hours>
We're on Birchmount Road in Scarborough. Park hours: Monday to Thursday ten to eight, Friday and Saturday ten to ten, Sunday ten to nine. Only mention hours if the caller asks.
</location_and_hours>

CURRENT TIME: Tuesday, April 21, 2026 at 07:45 PM (Eastern Time)

KNOWLEDGE BASE CONTEXT:

[1] (source: faqs.md)
## General

**Q: Are AeroSports jump socks required?**

A: Yes, AeroSports socks are required at all locations. Jump socks are available for $3.99 + tax. They are reusable, so keep yours for future visits!

**Q: Is there a weight limit for the trampolines?**

A: Our trampolines have a 300-pound weight limit.

**Q: Are waivers required? Can they be filled out online?**

A: Waivers are required for every guest to the park including non-jumpers. You can fill out the waiver online before you arrive to reduce check-in time. Children under 18 must have the waiver signed by a parent or legal guardian.

**Q: Can I leave my child(ren) unattended?**

A: Children under 12 cannot be dropped off without an adult present. While every child under 18 needs a parent or legal guardian to sign the waiver, please ensure all children understand the park rules before dropping them off.

**Q: Do spectators have to pay to watch jumpers?**

A: Non-jumpers are never charged admission. Only jumpers pay for general admission.

**Q: Do you have food available to purchase?**

A: Yes! We have a fully stocked Snack Shack serving delicious treats.

**Q: What days are the least busy?**

A: Weekends are our busiest days. Mondays and Tuesdays are usually less busy.

**Q: Can my small child come to the park?**

A: As long as the child can walk, they can jump!

**Q: Do you sell gift cards?**

A: Yes! Purchase a physical gift card at the park or buy one online.

**Q: Do jump cards expire?**

A: No, our jump cards never expire and can be used by different jumpers.

**Q: When are refunds processed?**

A: Refunds take 3-5 business days to reflect in your bank account.

**Q: What attractions do you have in the park?**

A: We have trampoines, ninja warrior obstacle course, ninja maze, donut slide, 360 bike, Go Karting, dodgeball area in trampoline, rock walls, airbags, laser tag, mini golf, bazooka ball

**Q: What is included in the jump pass price?**

A: Your jump pass includes access to all attractions in the park like trampolines, dodgeball, rock walls, ninja course, slam basketball, 360 bicycle, slides, jump tower, and ninja maze. laser tag, mini golf, bazooka ball, go karts are the attractions not included in your premium, vip and all day jump passes and needs a separate ticket or add-on.

**Q: What is the address of AeroSports Scarborough?**

A: We are located at 1120 Birchmount Rd, Scarborough, Ontario, M1K 5G4. You can find us on Google Maps by searching AeroSports Scarborough.

**Q: What are your hours of operation?**

A: We are open Sunday to Thursday from 10am to 8pm, and Friday to Saturday from 10am to 10pm.

**Q: How do I book online?**

A: You can book your jump passes online at ecom.roller.app/aerosportsscarborough. For birthday parties, visit the birthday booking page on our website or call us at 289-454-5555.

**Q: Do you have any current promotions or deals?**

A: Check our website or ask us about current promotions. We run monthly specials including birthday party discounts and seasonal deals.

**Q: Is there a special needs program?**

A: Yes! We offer a special needs program during all operating hours for $19.90. It includes 120 minutes of play time. One support worker is admitted free with a signed waiver. Go kart races are not included.

**Q: What is glow night at Scarborough?**

A: At AeroSports Scarborough, we have glow in the dark all the time during regular operating hours. The neon lights and glow effects are always on, so you can enjoy the glow experience any time you visit at no extra cost.

**Q: Can I host a corporate event or team building activity?**

A: Yes! We offer corporate and team party packages perfect for team building, milestone celebrations, and employee rewards.

[2] (source: faqs.md)
**Q: Do you have any current promotions or deals?**

A: Check our website or ask us about current promotions. We run monthly specials including birthday party discounts and seasonal deals.

**Q: Is there a special needs program?**

A: Yes! We offer a special needs program during all operating hours for $19.90. It includes 120 minutes of play time. One support worker is admitted free with a signed waiver. Go kart races are not included.

**Q: What is glow night at Scarborough?**

A: At AeroSports Scarborough, we have glow in the dark all the time during regular operating hours. The neon lights and glow effects are always on, so you can enjoy the glow experience any time you visit at no extra cost.

**Q: Can I host a corporate event or team building activity?**

A: Yes! We offer corporate and team party packages perfect for team building, milestone celebrations, and employee rewards. Call us at 289-454-5555 or email events.scb@aerosportsparks.ca to customize your event.

**Q: Can schools book field trips at AeroSports?**

A: Absolutely! We welcome school groups, church groups, sports teams, and youth organizations. Minimum 15 people. Call 289-454-5555 or email events.scb@aerosportsparks.ca to book.

**Q: Can I rent the whole facility for a private event?**

A: Yes, we offer full facility rentals. Weekday rentals are $4,000 per hour and weekend rentals are $5,000 per hour. Capacity is up to 220 jumpers with exclusive access to the entire facility including unlimited go karting.

[3] (source: birthday_parties.md)
## Terms & Conditions

Birthday party terms and conditions at AeroSports Scarborough: Rescheduling is free and allowed up to 1 year from booking date. Cancellation with 14+ days notice receives a store gift card for the refund amount. Cancellation within 14 days receives no refund. Package changes must be made 14+ days in advance, subject to availability. Waivers are required for all jumpers (under 18 must be signed by parent/guardian, valid 1 year). Room supplies (plates, cups, tablecloths) are included. The jumping area is shared with other patrons but the party room is private. Prohibited items: no piñatas, confetti, or silly string ($40 cleaning charge if used). Advise of food allergies/sensitivities in advance. All guests should arrive 20 minutes early for check-in. AeroSports is not responsible for lost or stolen items.

[4] (source: park_rules.md)
## Waivers

All jumpers must have a completed liability waiver on file. Anyone under 18 must have the waiver signed by a parent or legal guardian. Fill out the waiver online at waiver.roller.app/aerosportsscarborough or complete it on site.

[5] (source: faqs.md)
## Go Karting

**Q: Do you have single and dual karts?**

A: Yes! We have a mini track for kids as young as 3, and a big track with both single and dual rider karts.

**Q: What's the minimum height requirement for go karting?**

A: Mini Track: 36 inches. Main Track (driver): 54 inches. Dual Kart (passenger): 36 inches.

**Q: Do I need a jump pass for go karting?**

A: No! You can buy standalone go karting races without a jump pass.

**Q: Do both driver and passenger need a race pass?**

A: Yes, every customer participating in go karting needs a valid race pass.

**Q: Are AeroSports socks required for go karting?**

A: Closed-toed shoes are required on the track. AeroSports socks are required for all other attractions.

**Q: Can I book a specific time slot for go karting?**

A: Yes you can, if you haven't booked online, it will be first come first served, but you can book a time slot in person as well.

**Q: What is Glow?**

A: At Scarborough, we have glow in the dark at ALL times! The main arena features laser lights and LED lights for an amazing experience.

**Q: How tall do you have to be for go karting?**

A: For the main track, drivers must be at least 54 inches tall. For the mini track, riders must be at least 36 inches tall. Closed-toed shoes are required for all go kart riders.

**Q: How much does go karting cost?**

A: A standalone go kart race on the main track is $19.90 and the mini track is $9.90. If you already have a jump pass, add-on races are $9.90 for the main track and $4.90 for the mini track. Each race is up to 10 laps.

[6] (source: faqs.md)
## Jump Prices

**Q: If my child is 3 years old, can they use the Premium pass, and how long does it last?**

A: Yes they can. Premium passes last for 1 hour 30  minutes.

**Q: What if I want to maximize jumping time for my kids—should I opt for the VIP pass or multiple Premium passes?**

A: You can get an ALL day pass that provides you 5 hours of jump time.

[7] (source: faqs.md)
## Aero Camp

**Q: What's included in Aero Camp?**

A: Supervised trampoline activities, games, challenges, crafts, contests, and group activities.

**Q: Can I book individual days or must I book a full week?**

A: You can book individual days or a full week. Both pricing options available.

**Q: Is lunch included?**

A: Lunch is not included but can be added for $9.90/day. You can also send a packed lunch.

**Q: How do I register my child?**

A: Register online or call the park. Spots fill up quickly — early registration recommended.

**Q: What should my child bring?**

A: Comfortable activewear, packed lunch/snacks (if not buying lunch combo), refillable water bottle.

**Q: Is there supervision during camp?**

A: Yes, trained staff supervise at all times.

**Q: Can I add early drop-off or late pick-up last minute?**

A: Yes, typically can be added with short notice. Notify camp team ASAP.

**Q: What is the age requirement?**

A: Campers must be 4-12 years old.

**Q: Are waivers required for camp?**

A: Yes, signed waiver required before attending. Complete online or at the park.

**Q: When are PA Day Camps offered?**

A: Available on all PA days per Catholic and Public Elementary School Boards. Check website or call.

**Q: When is Summer Camp?**

A: Runs during specific summer weeks. Dates announced closer to start.

**Q: When is March Break Camp?**

A: During official March Break for all elementary and secondary students.

**Q: When is Winter Camp?**

A: During winter holiday period. Dates posted closer to season.

**Q: Can parents stay during camp?**

A: We encourage drop-off for a smooth experience. Let us know if your child needs settling-in support.

**Q: How are extended hours structured?**

A: Supervised free play or quiet activities. Early drop-off from 7:30 AM. Late pick-up past 6PM (prices vary).

**Q: Is there a lost and found?**

A: Yes. Please label all personal items.

**Q: Are electronic devices allowed?**

A: We recommend leaving them at home to avoid distractions or damage.

**Q: Are there rest periods during the day?**

A: Yes, short breaks for rest, snacks, and lunch. Quiet activities like crafts may be offered.

**Q: What if my child feels unwell?**

A: We notify you immediately. Trained staff handle minor first-aid. Provide emergency contacts at registration.

**Q: How are behavioral issues handled?**

A: Staff manage conflicts calmly. Parents informed if further action needed.

**Q: What is included in the lunch combo?**

A: Kid-friendly options: pizza, a drink, and a snack.

**Q: Can my child join if they miss the first day?**

A: Yes, late arrivals welcome if space available.


--- msg[1]  role=user ---
Roger, and I have a question.

--- msg[2]  role=assistant ---
Sure thing! How can I help you today?

--- msg[3]  role=user ---
If I'm a parent and I just want my kid to play and I pay only for their jump pass, do I have to buy a jump pass for myself as well if I don't want a jump?

--- msg[4]  role=assistant ---
Oh nice, happy birthday to them! If you're not jumping yourself, you won't need your own jump pass. Just make sure you have the waiver signed and that's all set for your kid. Anything else you'd like to know?

--- msg[5]  role=user ---
So for clarification, if I do not want to jump, do I have to pay to get in, or can I just be there to um, supervise my child?

--- msg[6]  role=assistant ---
You don't need to pay admission if you're not jumping. You can definitely stay and supervise your child without any extra cost. Just make sure the waiver is signed for them. Anything else you'd like to ask about?

--- msg[7]  role=user ---
No. That was it. Thank you so much.
────────────────────────────────────────────

[2026-04-21 19:45:12.461] [LLM_RAW_RESPONSE] [Turn #4]
────────────────────────────────────────────
You're welcome! If you have any more questions in the future, feel free to reach out. Have a great time at AeroSports! 
────────────────────────────────────────────

[2026-04-21 19:45:12.461] [FINAL_RESPONSE_TO_CALLER] [Turn #4]
────────────────────────────────────────────
You're welcome! If you have any more questions in the future, feel free to reach out. Have a great time at AeroSports!
────────────────────────────────────────────

# session ended: 2026-04-21T19:45:19.239
