# Voice Session Pipeline Log
# call_sid : CAf8a3872d4cb2d9d3fedb0ce015bb7877
# started  : 2026-04-16T14:54:56.523
# log_file : /home/aeroscbserver/Documents/rag_pipeline/logs/voice_session_2026-04-16_14-54-56.log

[2026-04-16 14:54:56.523] [INCOMING_TRANSCRIPT] [Turn #1]
────────────────────────────────────────────
Hello?
────────────────────────────────────────────

[2026-04-16 14:54:56.523] [REFINED_QUERY] [Turn #1]
────────────────────────────────────────────
Original : Hello?
Refined  : (unchanged)
────────────────────────────────────────────

[2026-04-16 14:54:57.653] [RAG_RESULTS] [Turn #1]
────────────────────────────────────────────
Retrieved 7 document(s):

[1]  score=0.38935152355727054  source=voice_call_scripts.md
## Greeting

> Thank you for calling AeroSports Scarborough! How can I help you today?

*Note: Use warm, upbeat tone*

[2]  score=0.30182179190858105  source=voice_call_scripts.md
## Hold

> One moment while I look that up for you.

*Note: Use when retrieving info*

[3]  score=0.3012022735121769  source=voice_call_scripts.md
## Cannot Answer

> That is a great question. I do not have that specific information right now, but I can have someone from our team get back to you. Can I get your name and phone number?

*Note: Collect callback info when unsure*

[4]  score=0.2895112563266269  source=voice_call_scripts.md
## Transfer To Human

> Let me connect you with one of our team members who can help you with that. One moment please.

*Note: Use when the question is beyond what the AI can handle*

[5]  score=0.2890864326718472  source=voice_call_scripts.md
## Closing

> Thanks for calling AeroSports Scarborough! We look forward to seeing you. Have a great day!

*Note: Always end on a positive note*

[6]  score=0.2785890585678159  source=voice_call_scripts.md
## Camp Overview

> We offer AeroCamp for kids ages 4 to 12. Full day camp runs from 8:30 AM to 4:30 PM and costs $69.90 per day or $299.90 for a full week. We also have half-day options for $39.90. Activities include trampolines, games, challenges, crafts, and group activities. Early drop-off from 7:30 AM and late pick-up past 6 PM are available for $10 each.

*Note: Mention current camp availability if applicable*

[7]  score=0.27020523674675534  source=voice_call_scripts.md
## Promo March Bday

> Right now we have a April Birthday Promotion with up to $150 off birthday parties. Use code APRILBDAY50 for $50 off a Premium party, APRILBDAY100 for $100 off a VIP party, or APRILBDAY150 for $150 off an Ultimate party. You need to book by April 31st and host by September 30th.

*Note: Only share if promo status is Active*
────────────────────────────────────────────

[2026-04-16 14:54:57.654] [LLM_CONTEXT] [Turn #1]
────────────────────────────────────────────
2 message(s):

--- msg[0]  role=system ---
<identity>
You are Rajan, a front desk staff member at AeroSports Scarborough trampoline park, answering inbound phone calls. You are a person, not an AI. If confused, respond like Dan would: "Sorry, I didn't quite catch that — what can I help you with?"
</identity>

<core_rules>
These rules are absolute. They override everything else.

1. FACTS COME ONLY FROM THE KNOWLEDGE BASE CONTEXT BELOW. If a price, package, policy, promotion, hour, or detail is not written in the context, you do not know it. Do not guess, estimate, approximate, or fill in from memory. When you don't have something, say: "Hmm, I'm not sure on that one — best thing is to call us at two eight nine, four five four, five five five five and ask for a supervisor."

2. YOU CANNOT LOOK ANYTHING UP. You have no system, no database, no booking records. Never say "let me check" or "let me pull that up" or "I see your booking." If a caller asks about an existing booking, just acknowledge briefly ("Oh okay, sure" or "Got it") and wait — the team will take it from there.

3. ONE FACT AT A TIME. Answer the specific question asked. Don't combine entries, don't dump multiple packages, don't volunteer information they didn't ask for.

4. UNKNOWN TERMS ARE UNKNOWN. If a caller uses a product name, card name, or term that doesn't appear verbatim in the context ("blue card," "gold pass," etc.), say you're not sure what that is. Never map it to something that sounds similar.
</core_rules>

<voice_style>
Every word you write will be spoken aloud by a TTS engine. Write for the ear.

- No markdown, no bullets, no asterisks, no headers, no brackets, no lists.
- Short sentences. Use commas and periods for natural pauses.
- Spell out addresses, emails, and phone numbers: "aerosportsparks dot c a", "events dot scb at aerosportsparks dot c a", "two eight nine, four five four, five five five five."
- Prices: say "nineteen ninety plus tax," not "nineteen dollars and ninety cents." Always add "plus tax" after a price.
</voice_style>

<tone>
Talk like a busy front desk staff member, not a corporate assistant. Warm but efficient.

Use contractions and natural fillers: "yeah," "okay so," "for sure," "no worries," "gotcha," "perfect," "sounds good," "let me see."

Keep replies to one to three sentences unless the caller explicitly asks for a full breakdown.

Never say: "Great question," "I'd be happy to help," "Thank you for your inquiry," "Is there anything else I can assist you with," or any other call-center phrasing. Never open with "How may I assist you today" — just "How can I help you?"

Acknowledge personal details briefly and move on. If someone mentions a birthday: "Oh nice, happy birthday to them!" then answer.
</tone>

<handling_specific_situations>
Existing bookings — when a caller mentions a booking, party, or reservation they already have (wants to change, cancel, reschedule, or ask about it):

Do NOT try to help with the booking itself. Do NOT ask for booking details, dates, package types, or confirmation numbers. Do NOT quote rescheduling or cancellation policies.

Instead, collect two things and end the call:

1. First, acknowledge warmly: "Oh okay, no problem — I can have someone from our team call you back to sort that out. Can I grab your name?"

2. After they give their name, ask briefly: "And just so I can let them know — what are you looking to change?" Keep it to one short question.
3. Then confirm and wrap up: "Perfect, thanks [name]. Someone will give you a call back shortly to get that sorted. Have a good one!"

Do not ask for their phone number — we already have it. Do not ask follow-up questions about the booking. Do not offer to look anything up. Three turns max, then the call ends.

New birthday party bookings: ask "Do you already know which package you'd like?" If not, explain the packages from the context. If yes, say "Perfect, let me connect you with our team to get that booked."

General pricing questions ("how much does it cost"): ask one short clarifying question — "Which activity are you asking about?" — before answering.

Height or age requirements: frame casually as safety. "Yeah, it's just a safety thing — they need to be at least fifty four inches for the main track."

Frustrated callers: listen, validate ("Yeah no, I totally get that"), then offer what you can from the context. If you can't resolve it: "Honestly, best thing is to email events dot scb at aerosportsparks dot c a or call back and ask for a supervisor — they'll sort it out." Never promise a fix you can't deliver.
</handling_specific_situations>

<location_and_hours>
We're on Birchmount Road in Scarborough. Park hours: Monday to Thursday ten to eight, Friday and Saturday ten to ten, Sunday ten to nine. Only mention hours if the caller asks.
</location_and_hours>

CURRENT TIME: Thursday, April 16, 2026 at 02:54 PM (Eastern Time)

KNOWLEDGE BASE CONTEXT:

[1] (source: voice_call_scripts.md)
## Greeting

> Thank you for calling AeroSports Scarborough! How can I help you today?

*Note: Use warm, upbeat tone*

[2] (source: voice_call_scripts.md)
## Hold

> One moment while I look that up for you.

*Note: Use when retrieving info*

[3] (source: voice_call_scripts.md)
## Cannot Answer

> That is a great question. I do not have that specific information right now, but I can have someone from our team get back to you. Can I get your name and phone number?

*Note: Collect callback info when unsure*

[4] (source: voice_call_scripts.md)
## Transfer To Human

> Let me connect you with one of our team members who can help you with that. One moment please.

*Note: Use when the question is beyond what the AI can handle*

[5] (source: voice_call_scripts.md)
## Closing

> Thanks for calling AeroSports Scarborough! We look forward to seeing you. Have a great day!

*Note: Always end on a positive note*

[6] (source: voice_call_scripts.md)
## Camp Overview

> We offer AeroCamp for kids ages 4 to 12. Full day camp runs from 8:30 AM to 4:30 PM and costs $69.90 per day or $299.90 for a full week. We also have half-day options for $39.90. Activities include trampolines, games, challenges, crafts, and group activities. Early drop-off from 7:30 AM and late pick-up past 6 PM are available for $10 each.

*Note: Mention current camp availability if applicable*

[7] (source: voice_call_scripts.md)
## Promo March Bday

> Right now we have a April Birthday Promotion with up to $150 off birthday parties. Use code APRILBDAY50 for $50 off a Premium party, APRILBDAY100 for $100 off a VIP party, or APRILBDAY150 for $150 off an Ultimate party. You need to book by April 31st and host by September 30th.

*Note: Only share if promo status is Active*


--- msg[1]  role=user ---
Hello?
────────────────────────────────────────────

[2026-04-16 14:54:59.601] [LLM_RAW_RESPONSE] [Turn #1]
────────────────────────────────────────────
How can I help you today? 
────────────────────────────────────────────

[2026-04-16 14:54:59.601] [FINAL_RESPONSE_TO_CALLER] [Turn #1]
────────────────────────────────────────────
How can I help you today?
────────────────────────────────────────────

# session ended: 2026-04-16T14:55:15.189
