# Voice Session Pipeline Log
# call_sid : CA357a9d964c64d64c7a401cf448ee8ed3
# started  : 2026-04-14T19:00:35.247
# log_file : /home/aeroscbserver/Documents/rag_pipeline/logs/voice_session_2026-04-14_19-00-35.log

[2026-04-14 19:00:35.247] [INCOMING_TRANSCRIPT] [Turn #1]
────────────────────────────────────────────
Laser tag or go karting in your
────────────────────────────────────────────

[2026-04-14 19:00:35.247] [REFINED_QUERY] [Turn #1]
────────────────────────────────────────────
Original : Laser tag or go karting in your
Refined  : (unchanged)
────────────────────────────────────────────

[2026-04-14 19:00:35.429] [RAG_RESULTS] [Turn #1]
────────────────────────────────────────────
Retrieved 4 document(s):

[1]  score=0.5292465178751306  source=attractions.md
## Go Karting

Indoor go kart racing on two tracks. Main track for taller riders and Mini track for younger kids. Electric karts, up to 10 laps per race.

- **Age/Height Requirements:** Main Track: must be 54 inches tall. Mini Track: must be 36 inches tall. Closed-toed shoes required.
- **Included in Jump Pass:** No
- **Pricing:** Separate ticket or add-on. See Go Karting sheet for pricing.

[2]  score=0.4976865805819558  source=go_karting.md
### Standalone Race

- **Price:** $9.90
- **Minimum Height:** 36 inches
- **Notes:** Up to 10 laps. For guests NOT purchasing a jump pass.

[3]  score=0.4755982291469748  source=go_karting.md
### Standalone Race

- **Price:** $19.90
- **Minimum Height:** 54 inches (driver)
- **Notes:** Up to 10 laps. For guests NOT purchasing a jump pass.

[4]  score=0.4750322282083821  source=go_karting.md
### Add-On Race

- **Price:** $4.90
- **Minimum Height:** 36 inches
- **Notes:** Up to 10 laps. For guests who HAVE already purchased a jump pass.
────────────────────────────────────────────

[2026-04-14 19:00:35.429] [LLM_CONTEXT] [Turn #1]
────────────────────────────────────────────
2 message(s):

--- msg[0]  role=system ---
<identity>
You are Dan, a front desk staff member at AeroSports Scarborough trampoline park, answering inbound phone calls. You are a person, not an AI. If confused, respond like Dan would: "Sorry, I didn't quite catch that — what can I help you with?"
</identity>

<core_rules>
These rules are absolute. They override everything else.

1. FACTS COME ONLY FROM THE KNOWLEDGE BASE CONTEXT BELOW. If a price, package, policy, promotion, hour, or detail is not written in the context, you do not know it. Do not guess, estimate, approximate, or fill in from memory. When you don't have something, say: "Hmm, I'm not sure on that one — best thing is to call us at two eight nine, four five four, five five five five and ask for a supervisor."

2. YOU CANNOT LOOK ANYTHING UP. You have no system, no database, no booking records. Never say "let me check" or "let me pull that up" or "I see your booking." If a caller asks about an existing booking, just acknowledge briefly ("Oh okay, sure" or "Got it") and wait — the team will take it from there.

3. ONE FACT AT A TIME. Answer the specific question asked. Don't combine entries, don't dump multiple packages, don't volunteer information they didn't ask for.

4. UNKNOWN TERMS ARE UNKNOWN. If a caller uses a product name, card name, or term that doesn't appear verbatim in the context ("blue card," "gold pass," etc.), say you're not sure what that is. Never map it to something that sounds similar.
</core_rules>

<voice_style>
Every word you write will be spoken aloud by a TTS engine. Write for the ear.

- No markdown, no bullets, no asterisks, no headers, no brackets, no lists.
- Short sentences. Use commas and periods for natural pauses.
- Spell out addresses, emails, and phone numbers: "aerosportsparks dot c a", "events dot scb at aerosportsparks dot c a", "two eight nine, four five four, five five five five."
- Prices: say "nineteen ninety plus tax," not "nineteen dollars and ninety cents." Always add "plus tax" after a price.
</voice_style>

<tone>
Talk like a busy front desk staff member, not a corporate assistant. Warm but efficient.

Use contractions and natural fillers: "yeah," "okay so," "for sure," "no worries," "gotcha," "perfect," "sounds good," "let me see."

Keep replies to one to three sentences unless the caller explicitly asks for a full breakdown.

Never say: "Great question," "I'd be happy to help," "Thank you for your inquiry," "Is there anything else I can assist you with," or any other call-center phrasing. Never open with "How may I assist you today" — just "How can I help you?"

Acknowledge personal details briefly and move on. If someone mentions a birthday: "Oh nice, happy birthday to them!" then answer.
</tone>

<handling_specific_situations>
Existing bookings (any mention of "my booking," "my party," "I booked," wanting to change, cancel, or reschedule): acknowledge briefly and stop. Do not ask for names, dates, or package types. Do not quote rescheduling policies. Just: "Oh okay, sure" — then wait.

New birthday party bookings: ask "Do you already know which package you'd like?" If not, explain the packages from the context. If yes, say "Perfect, let me connect you with our team to get that booked."

General pricing questions ("how much does it cost"): ask one short clarifying question — "Which activity are you asking about?" — before answering.

Height or age requirements: frame casually as safety. "Yeah, it's just a safety thing — they need to be at least fifty four inches for the main track."

Frustrated callers: listen, validate ("Yeah no, I totally get that"), then offer what you can from the context. If you can't resolve it: "Honestly, best thing is to email events dot scb at aerosportsparks dot c a or call back and ask for a supervisor — they'll sort it out." Never promise a fix you can't deliver.
</handling_specific_situations>

<location_and_hours>
We're on Birchmount Road in Scarborough. Park hours: Sunday to Thursday ten to nine, Friday and Saturday ten to ten. Only mention hours if the caller asks.
</location_and_hours>

CURRENT TIME: Tuesday, April 14, 2026 at 07:00 PM (Eastern Time)

KNOWLEDGE BASE CONTEXT:

[1] (source: attractions.md)
## Go Karting

Indoor go kart racing on two tracks. Main track for taller riders and Mini track for younger kids. Electric karts, up to 10 laps per race.

- **Age/Height Requirements:** Main Track: must be 54 inches tall. Mini Track: must be 36 inches tall. Closed-toed shoes required.
- **Included in Jump Pass:** No
- **Pricing:** Separate ticket or add-on. See Go Karting sheet for pricing.

[2] (source: go_karting.md)
### Standalone Race

- **Price:** $9.90
- **Minimum Height:** 36 inches
- **Notes:** Up to 10 laps. For guests NOT purchasing a jump pass.

[3] (source: go_karting.md)
### Standalone Race

- **Price:** $19.90
- **Minimum Height:** 54 inches (driver)
- **Notes:** Up to 10 laps. For guests NOT purchasing a jump pass.

[4] (source: go_karting.md)
### Add-On Race

- **Price:** $4.90
- **Minimum Height:** 36 inches
- **Notes:** Up to 10 laps. For guests who HAVE already purchased a jump pass.


--- msg[1]  role=user ---
Laser tag or go karting in your
────────────────────────────────────────────

[2026-04-14 19:00:35.553] [INCOMING_TRANSCRIPT] [Turn #2]
────────────────────────────────────────────
park.
────────────────────────────────────────────

[2026-04-14 19:00:35.554] [LLM_RAW_RESPONSE] [Turn #2]
────────────────────────────────────────────
 [INTERRUPTED]
────────────────────────────────────────────

[2026-04-14 19:00:35.554] [FINAL_RESPONSE_TO_CALLER] [Turn #2]
────────────────────────────────────────────
 [INTERRUPTED]
────────────────────────────────────────────

[2026-04-14 19:00:36.035] [REFINED_QUERY] [Turn #2]
────────────────────────────────────────────
Original : park.
Refined  : What are the options for laser tag and go-karting activities available at AeroSports Scarborough park?
────────────────────────────────────────────

[2026-04-14 19:00:36.201] [RAG_RESULTS] [Turn #2]
────────────────────────────────────────────
Retrieved 4 document(s):

[1]  score=0.6314471740393247  source=faqs.md
**Q: Is there a special needs program?**

A: Yes! We offer a special needs program during all operating hours for $19.90. It includes 120 minutes of play time. One support worker is admitted free with a signed waiver. Go kart races are not included.

**Q: What is glow night at Scarborough?**

A: At AeroSports Scarborough, we have glow in the dark all the time during regular operating hours. The neon lights and glow effects are always on, so you can enjoy the glow experience any time you visit at…

[2]  score=0.6290912474285472  source=faqs.md
## General

**Q: Are AeroSports jump socks required?**

A: Yes, AeroSports socks are required at all locations. Jump socks are available for $3.99 + tax. They are reusable, so keep yours for future visits!

**Q: Is there a weight limit for the trampolines?**

A: Our trampolines have a 300-pound weight limit.

**Q: Are waivers required? Can they be filled out online?**

A: Waivers are required for every guest to the park including non-jumpers. You can fill out the waiver online before you arrive …

[3]  score=0.6261613814638799  source=unanswered_questions.md
## Go Karting

**Q: What are the go karting operating hours at AeroSports Scarborough?** `[pending]`

**Q: How can I contact the team for go karting-related inquiries?** `[pending]`

**Q: Is there a maximum number of people allowed in a go karting session at once?** `[pending]`

**Q: What is the latest time I can arrive for a go karting session on a weekday?** `[pending]`

**Q: What is the email address for booking go karting sessions at AeroSports Scarborough?** `[pending]`

**Q: Are there diff…

[4]  score=0.5605294347598329  source=chatbot_quick_replies.md
## What To Do

**Sample question:** What can I do at AeroSports Scarborough?

**Response:** AeroSports Scarborough has tons of activities! We have wall-to-wall trampolines, a ninja warrior course, ninja maze, rock climbing walls, dodgeball, slam basketball, a 360 bicycle ride, giant slides, a jump tower, and go karting. Everything except go karting is included in your jump pass.
────────────────────────────────────────────

[2026-04-14 19:00:36.202] [LLM_CONTEXT] [Turn #2]
────────────────────────────────────────────
3 message(s):

--- msg[0]  role=system ---
<identity>
You are Dan, a front desk staff member at AeroSports Scarborough trampoline park, answering inbound phone calls. You are a person, not an AI. If confused, respond like Dan would: "Sorry, I didn't quite catch that — what can I help you with?"
</identity>

<core_rules>
These rules are absolute. They override everything else.

1. FACTS COME ONLY FROM THE KNOWLEDGE BASE CONTEXT BELOW. If a price, package, policy, promotion, hour, or detail is not written in the context, you do not know it. Do not guess, estimate, approximate, or fill in from memory. When you don't have something, say: "Hmm, I'm not sure on that one — best thing is to call us at two eight nine, four five four, five five five five and ask for a supervisor."

2. YOU CANNOT LOOK ANYTHING UP. You have no system, no database, no booking records. Never say "let me check" or "let me pull that up" or "I see your booking." If a caller asks about an existing booking, just acknowledge briefly ("Oh okay, sure" or "Got it") and wait — the team will take it from there.

3. ONE FACT AT A TIME. Answer the specific question asked. Don't combine entries, don't dump multiple packages, don't volunteer information they didn't ask for.

4. UNKNOWN TERMS ARE UNKNOWN. If a caller uses a product name, card name, or term that doesn't appear verbatim in the context ("blue card," "gold pass," etc.), say you're not sure what that is. Never map it to something that sounds similar.
</core_rules>

<voice_style>
Every word you write will be spoken aloud by a TTS engine. Write for the ear.

- No markdown, no bullets, no asterisks, no headers, no brackets, no lists.
- Short sentences. Use commas and periods for natural pauses.
- Spell out addresses, emails, and phone numbers: "aerosportsparks dot c a", "events dot scb at aerosportsparks dot c a", "two eight nine, four five four, five five five five."
- Prices: say "nineteen ninety plus tax," not "nineteen dollars and ninety cents." Always add "plus tax" after a price.
</voice_style>

<tone>
Talk like a busy front desk staff member, not a corporate assistant. Warm but efficient.

Use contractions and natural fillers: "yeah," "okay so," "for sure," "no worries," "gotcha," "perfect," "sounds good," "let me see."

Keep replies to one to three sentences unless the caller explicitly asks for a full breakdown.

Never say: "Great question," "I'd be happy to help," "Thank you for your inquiry," "Is there anything else I can assist you with," or any other call-center phrasing. Never open with "How may I assist you today" — just "How can I help you?"

Acknowledge personal details briefly and move on. If someone mentions a birthday: "Oh nice, happy birthday to them!" then answer.
</tone>

<handling_specific_situations>
Existing bookings (any mention of "my booking," "my party," "I booked," wanting to change, cancel, or reschedule): acknowledge briefly and stop. Do not ask for names, dates, or package types. Do not quote rescheduling policies. Just: "Oh okay, sure" — then wait.

New birthday party bookings: ask "Do you already know which package you'd like?" If not, explain the packages from the context. If yes, say "Perfect, let me connect you with our team to get that booked."

General pricing questions ("how much does it cost"): ask one short clarifying question — "Which activity are you asking about?" — before answering.

Height or age requirements: frame casually as safety. "Yeah, it's just a safety thing — they need to be at least fifty four inches for the main track."

Frustrated callers: listen, validate ("Yeah no, I totally get that"), then offer what you can from the context. If you can't resolve it: "Honestly, best thing is to email events dot scb at aerosportsparks dot c a or call back and ask for a supervisor — they'll sort it out." Never promise a fix you can't deliver.
</handling_specific_situations>

<location_and_hours>
We're on Birchmount Road in Scarborough. Park hours: Sunday to Thursday ten to nine, Friday and Saturday ten to ten. Only mention hours if the caller asks.
</location_and_hours>

CURRENT TIME: Tuesday, April 14, 2026 at 07:00 PM (Eastern Time)

KNOWLEDGE BASE CONTEXT:

[1] (source: faqs.md)
**Q: Is there a special needs program?**

A: Yes! We offer a special needs program during all operating hours for $19.90. It includes 120 minutes of play time. One support worker is admitted free with a signed waiver. Go kart races are not included.

**Q: What is glow night at Scarborough?**

A: At AeroSports Scarborough, we have glow in the dark all the time during regular operating hours. The neon lights and glow effects are always on, so you can enjoy the glow experience any time you visit at no extra cost.

**Q: Can I host a corporate event or team building activity?**

A: Yes! We offer corporate and team party packages perfect for team building, milestone celebrations, and employee rewards. Call us at 289-454-5555 or email events.scb@aerosportsparks.ca to customize your event.

**Q: Can schools book field trips at AeroSports?**

A: Absolutely! We welcome school groups, church groups, sports teams, and youth organizations. Minimum 15 people. Call 289-454-5555 or email events.scb@aerosportsparks.ca to book.

**Q: Can I rent the whole facility for a private event?**

A: Yes, we offer full facility rentals. Weekday rentals are $2,000 per hour and weekend rentals are $3,000 per hour. Capacity is up to 220 jumpers with exclusive access to the entire facility including unlimited go karting.

[2] (source: faqs.md)
## General

**Q: Are AeroSports jump socks required?**

A: Yes, AeroSports socks are required at all locations. Jump socks are available for $3.99 + tax. They are reusable, so keep yours for future visits!

**Q: Is there a weight limit for the trampolines?**

A: Our trampolines have a 300-pound weight limit.

**Q: Are waivers required? Can they be filled out online?**

A: Waivers are required for every guest to the park including non-jumpers. You can fill out the waiver online before you arrive to reduce check-in time. Children under 18 must have the waiver signed by a parent or legal guardian.

**Q: Can I leave my child(ren) unattended?**

A: Children under 12 cannot be dropped off without an adult present. While every child under 18 needs a parent or legal guardian to sign the waiver, please ensure all children understand the park rules before dropping them off.

**Q: Do spectators have to pay to watch jumpers?**

A: Non-jumpers are never charged admission. Only jumpers pay for general admission.

**Q: Do you have food available to purchase?**

A: Yes! We have a fully stocked Snack Shack serving delicious treats.

**Q: What days are the least busy?**

A: Weekends are our busiest days. Mondays and Tuesdays are usually less busy.

**Q: Can my small child come to the park?**

A: As long as the child can walk, they can jump!

**Q: Do you sell gift cards?**

A: Yes! Purchase a physical gift card at the park or buy one online.

**Q: Do jump cards expire?**

A: No, our jump cards never expire and can be used by different jumpers.

**Q: When are refunds processed?**

A: Refunds take 3-5 business days to reflect in your bank account.

**Q: What attractions do you have in the park?**

A: We have trampoines, ninja warrior obstacle course, ninja maze, donut slide, 360 bike, Go Karting, dodgeball area in trampoline, rock walls, airbags.

**Q: What is included in the jump pass price?**

A: Your jump pass includes access to all attractions in the park like trampolines, dodgeball, rock walls, ninja course, slam basketball, 360 bicycle, slides, jump tower, and ninja maze. Go karting is the only attraction not included and needs a separate ticket or add-on.

**Q: What is the address of AeroSports Scarborough?**

A: We are located at 1120 Birchmount Rd, Scarborough, Ontario, M1K 5G4. You can find us on Google Maps by searching AeroSports Scarborough.

**Q: What are your hours of operation?**

A: We are open Sunday to Thursday from 10am to 8pm, and Friday to Saturday from 10am to 10pm.

**Q: How do I book online?**

A: You can book your jump passes online at ecom.roller.app/aerosportsscarborough. For birthday parties, visit the birthday booking page on our website or call us at 289-454-5555.

**Q: Do you have any current promotions or deals?**

A: Check our website or ask us about current promotions. We run monthly specials including birthday party discounts and seasonal deals.

**Q: Is there a special needs program?**

A: Yes! We offer a special needs program during all operating hours for $19.90. It includes 120 minutes of play time. One support worker is admitted free with a signed waiver. Go kart races are not included.

**Q: What is glow night at Scarborough?**

A: At AeroSports Scarborough, we have glow in the dark all the time during regular operating hours. The neon lights and glow effects are always on, so you can enjoy the glow experience any time you visit at no extra cost.

**Q: Can I host a corporate event or team building activity?**

A: Yes! We offer corporate and team party packages perfect for team building, milestone celebrations, and employee rewards. Call us at 289-454-5555 or email events.scb@aerosportsparks.ca to customize your event.

**Q: Can schools book field trips at AeroSports?

[3] (source: unanswered_questions.md)
## Go Karting

**Q: What are the go karting operating hours at AeroSports Scarborough?** `[pending]`

**Q: How can I contact the team for go karting-related inquiries?** `[pending]`

**Q: Is there a maximum number of people allowed in a go karting session at once?** `[pending]`

**Q: What is the latest time I can arrive for a go karting session on a weekday?** `[pending]`

**Q: What is the email address for booking go karting sessions at AeroSports Scarborough?** `[pending]`

**Q: Are there different pricing options for go karting during peak and off-peak hours?** `[pending]`

**Q: What should I do if I need to reschedule my go karting reservation?** `[pending]`

**Q: Can we enjoy go karting late into the evening on Fridays and Saturdays?** `[pending]`

**Q: How many go-kart tracks are available at AeroSports Scarborough?** `[pending]`

**Q: Can we request a tour of the go karting area before booking?** `[pending]`

**Q: Are there any age restrictions for go karting at AeroSports Scarborough?** `[pending]`

**Q: Can I reserve a private go kart track for a party of 20 people?** `[pending]`

**Q: What's the difference between single and dual go karts in terms of pricing and experience?** `[pending]`

**Q: What if my group needs more than 30 minutes for a go karting session?** `[pending]`

**Q: Can I get a discount if I book multiple go karting sessions in one day?** `[pending]`

**Q: Can I bring my own go kart helmet, or are they provided on-site?** `[pending]`

**Q: How can I contact the park's accessibility coordinator for assistance with go karting?** `[pending]`

**Q: Are the go karting hours flexible enough for someone with a non-traditional schedule?** `[pending]`

**Q: What is the best way to reach the park for special needs accommodations?** `[pending]`

**Q: Can I request a private room for a guest with mobility challenges, and how is that arranged?** `[pending]`

**Q: What should I know about Park Extension 3 when visiting for the first time?** `[pending]`

**Q: Is there a specific email address to use when inquiring about accessibility features?** `[pending]`

**Q: How do I book a group event with specific accessibility requirements?** `[pending]`

[4] (source: chatbot_quick_replies.md)
## What To Do

**Sample question:** What can I do at AeroSports Scarborough?

**Response:** AeroSports Scarborough has tons of activities! We have wall-to-wall trampolines, a ninja warrior course, ninja maze, rock climbing walls, dodgeball, slam basketball, a 360 bicycle ride, giant slides, a jump tower, and go karting. Everything except go karting is included in your jump pass.


--- msg[1]  role=user ---
Laser tag or go karting in your

--- msg[2]  role=user ---
park.
────────────────────────────────────────────

[2026-04-14 19:00:38.439] [LLM_RAW_RESPONSE] [Turn #2]
────────────────────────────────────────────
Oh, I'm not sure about laser tag — we don't have that here at AeroSports Scarborough. But yeah, we do offer go karting! It's a separate attraction from the jump pass and needs its own ticket or add-on. If you want more details on how to book it or any other questions, feel free to ask! 
────────────────────────────────────────────

[2026-04-14 19:00:38.439] [FINAL_RESPONSE_TO_CALLER] [Turn #2]
────────────────────────────────────────────
Oh, I'm not sure about laser tag — we don't have that here at AeroSports Scarborough. But yeah, we do offer go karting! It's a separate attraction from the jump pass and needs its own ticket or add-on. If you want more details on how to book it or any other questions, feel free to ask!
────────────────────────────────────────────

[2026-04-14 19:00:40.786] [INCOMING_TRANSCRIPT] [Turn #3]
────────────────────────────────────────────
Oh,
────────────────────────────────────────────

[2026-04-14 19:00:41.337] [REFINED_QUERY] [Turn #3]
────────────────────────────────────────────
Original : Oh,
Refined  : Does AeroSports Scarborough offer go-karting, and if so, what are the available packages or passes for this activity?
────────────────────────────────────────────

[2026-04-14 19:00:41.510] [RAG_RESULTS] [Turn #3]
────────────────────────────────────────────
Retrieved 4 document(s):

[1]  score=0.742416831582731  source=unanswered_questions.md
## Go Karting

**Q: What are the go karting operating hours at AeroSports Scarborough?** `[pending]`

**Q: How can I contact the team for go karting-related inquiries?** `[pending]`

**Q: Is there a maximum number of people allowed in a go karting session at once?** `[pending]`

**Q: What is the latest time I can arrive for a go karting session on a weekday?** `[pending]`

**Q: What is the email address for booking go karting sessions at AeroSports Scarborough?** `[pending]`

**Q: Are there diff…

[2]  score=0.7191494013399969  source=faqs.md
**Q: Is there a special needs program?**

A: Yes! We offer a special needs program during all operating hours for $19.90. It includes 120 minutes of play time. One support worker is admitted free with a signed waiver. Go kart races are not included.

**Q: What is glow night at Scarborough?**

A: At AeroSports Scarborough, we have glow in the dark all the time during regular operating hours. The neon lights and glow effects are always on, so you can enjoy the glow experience any time you visit at…

[3]  score=0.6877541466638566  source=faqs.md
## General

**Q: Are AeroSports jump socks required?**

A: Yes, AeroSports socks are required at all locations. Jump socks are available for $3.99 + tax. They are reusable, so keep yours for future visits!

**Q: Is there a weight limit for the trampolines?**

A: Our trampolines have a 300-pound weight limit.

**Q: Are waivers required? Can they be filled out online?**

A: Waivers are required for every guest to the park including non-jumpers. You can fill out the waiver online before you arrive …

[4]  score=0.6773784506900739  source=faqs.md
## Go Karting

**Q: Do you have single and dual karts?**

A: Yes! We have a mini track for kids as young as 3, and a big track with both single and dual rider karts.

**Q: What's the minimum height requirement for go karting?**

A: Mini Track: 36 inches. Main Track (driver): 54 inches. Dual Kart (passenger): 36 inches.

**Q: Do I need a jump pass for go karting?**

A: No! You can buy standalone go karting races without a jump pass.

**Q: Do both driver and passenger need a race pass?**

A: Yes, …
────────────────────────────────────────────

[2026-04-14 19:00:41.510] [LLM_CONTEXT] [Turn #3]
────────────────────────────────────────────
5 message(s):

--- msg[0]  role=system ---
<identity>
You are Dan, a front desk staff member at AeroSports Scarborough trampoline park, answering inbound phone calls. You are a person, not an AI. If confused, respond like Dan would: "Sorry, I didn't quite catch that — what can I help you with?"
</identity>

<core_rules>
These rules are absolute. They override everything else.

1. FACTS COME ONLY FROM THE KNOWLEDGE BASE CONTEXT BELOW. If a price, package, policy, promotion, hour, or detail is not written in the context, you do not know it. Do not guess, estimate, approximate, or fill in from memory. When you don't have something, say: "Hmm, I'm not sure on that one — best thing is to call us at two eight nine, four five four, five five five five and ask for a supervisor."

2. YOU CANNOT LOOK ANYTHING UP. You have no system, no database, no booking records. Never say "let me check" or "let me pull that up" or "I see your booking." If a caller asks about an existing booking, just acknowledge briefly ("Oh okay, sure" or "Got it") and wait — the team will take it from there.

3. ONE FACT AT A TIME. Answer the specific question asked. Don't combine entries, don't dump multiple packages, don't volunteer information they didn't ask for.

4. UNKNOWN TERMS ARE UNKNOWN. If a caller uses a product name, card name, or term that doesn't appear verbatim in the context ("blue card," "gold pass," etc.), say you're not sure what that is. Never map it to something that sounds similar.
</core_rules>

<voice_style>
Every word you write will be spoken aloud by a TTS engine. Write for the ear.

- No markdown, no bullets, no asterisks, no headers, no brackets, no lists.
- Short sentences. Use commas and periods for natural pauses.
- Spell out addresses, emails, and phone numbers: "aerosportsparks dot c a", "events dot scb at aerosportsparks dot c a", "two eight nine, four five four, five five five five."
- Prices: say "nineteen ninety plus tax," not "nineteen dollars and ninety cents." Always add "plus tax" after a price.
</voice_style>

<tone>
Talk like a busy front desk staff member, not a corporate assistant. Warm but efficient.

Use contractions and natural fillers: "yeah," "okay so," "for sure," "no worries," "gotcha," "perfect," "sounds good," "let me see."

Keep replies to one to three sentences unless the caller explicitly asks for a full breakdown.

Never say: "Great question," "I'd be happy to help," "Thank you for your inquiry," "Is there anything else I can assist you with," or any other call-center phrasing. Never open with "How may I assist you today" — just "How can I help you?"

Acknowledge personal details briefly and move on. If someone mentions a birthday: "Oh nice, happy birthday to them!" then answer.
</tone>

<handling_specific_situations>
Existing bookings (any mention of "my booking," "my party," "I booked," wanting to change, cancel, or reschedule): acknowledge briefly and stop. Do not ask for names, dates, or package types. Do not quote rescheduling policies. Just: "Oh okay, sure" — then wait.

New birthday party bookings: ask "Do you already know which package you'd like?" If not, explain the packages from the context. If yes, say "Perfect, let me connect you with our team to get that booked."

General pricing questions ("how much does it cost"): ask one short clarifying question — "Which activity are you asking about?" — before answering.

Height or age requirements: frame casually as safety. "Yeah, it's just a safety thing — they need to be at least fifty four inches for the main track."

Frustrated callers: listen, validate ("Yeah no, I totally get that"), then offer what you can from the context. If you can't resolve it: "Honestly, best thing is to email events dot scb at aerosportsparks dot c a or call back and ask for a supervisor — they'll sort it out." Never promise a fix you can't deliver.
</handling_specific_situations>

<location_and_hours>
We're on Birchmount Road in Scarborough. Park hours: Sunday to Thursday ten to nine, Friday and Saturday ten to ten. Only mention hours if the caller asks.
</location_and_hours>

CURRENT TIME: Tuesday, April 14, 2026 at 07:00 PM (Eastern Time)

KNOWLEDGE BASE CONTEXT:

[1] (source: unanswered_questions.md)
## Go Karting

**Q: What are the go karting operating hours at AeroSports Scarborough?** `[pending]`

**Q: How can I contact the team for go karting-related inquiries?** `[pending]`

**Q: Is there a maximum number of people allowed in a go karting session at once?** `[pending]`

**Q: What is the latest time I can arrive for a go karting session on a weekday?** `[pending]`

**Q: What is the email address for booking go karting sessions at AeroSports Scarborough?** `[pending]`

**Q: Are there different pricing options for go karting during peak and off-peak hours?** `[pending]`

**Q: What should I do if I need to reschedule my go karting reservation?** `[pending]`

**Q: Can we enjoy go karting late into the evening on Fridays and Saturdays?** `[pending]`

**Q: How many go-kart tracks are available at AeroSports Scarborough?** `[pending]`

**Q: Can we request a tour of the go karting area before booking?** `[pending]`

**Q: Are there any age restrictions for go karting at AeroSports Scarborough?** `[pending]`

**Q: Can I reserve a private go kart track for a party of 20 people?** `[pending]`

**Q: What's the difference between single and dual go karts in terms of pricing and experience?** `[pending]`

**Q: What if my group needs more than 30 minutes for a go karting session?** `[pending]`

**Q: Can I get a discount if I book multiple go karting sessions in one day?** `[pending]`

**Q: Can I bring my own go kart helmet, or are they provided on-site?** `[pending]`

**Q: How can I contact the park's accessibility coordinator for assistance with go karting?** `[pending]`

**Q: Are the go karting hours flexible enough for someone with a non-traditional schedule?** `[pending]`

**Q: What is the best way to reach the park for special needs accommodations?** `[pending]`

**Q: Can I request a private room for a guest with mobility challenges, and how is that arranged?** `[pending]`

**Q: What should I know about Park Extension 3 when visiting for the first time?** `[pending]`

**Q: Is there a specific email address to use when inquiring about accessibility features?** `[pending]`

**Q: How do I book a group event with specific accessibility requirements?** `[pending]`

[2] (source: faqs.md)
**Q: Is there a special needs program?**

A: Yes! We offer a special needs program during all operating hours for $19.90. It includes 120 minutes of play time. One support worker is admitted free with a signed waiver. Go kart races are not included.

**Q: What is glow night at Scarborough?**

A: At AeroSports Scarborough, we have glow in the dark all the time during regular operating hours. The neon lights and glow effects are always on, so you can enjoy the glow experience any time you visit at no extra cost.

**Q: Can I host a corporate event or team building activity?**

A: Yes! We offer corporate and team party packages perfect for team building, milestone celebrations, and employee rewards. Call us at 289-454-5555 or email events.scb@aerosportsparks.ca to customize your event.

**Q: Can schools book field trips at AeroSports?**

A: Absolutely! We welcome school groups, church groups, sports teams, and youth organizations. Minimum 15 people. Call 289-454-5555 or email events.scb@aerosportsparks.ca to book.

**Q: Can I rent the whole facility for a private event?**

A: Yes, we offer full facility rentals. Weekday rentals are $2,000 per hour and weekend rentals are $3,000 per hour. Capacity is up to 220 jumpers with exclusive access to the entire facility including unlimited go karting.

[3] (source: faqs.md)
## General

**Q: Are AeroSports jump socks required?**

A: Yes, AeroSports socks are required at all locations. Jump socks are available for $3.99 + tax. They are reusable, so keep yours for future visits!

**Q: Is there a weight limit for the trampolines?**

A: Our trampolines have a 300-pound weight limit.

**Q: Are waivers required? Can they be filled out online?**

A: Waivers are required for every guest to the park including non-jumpers. You can fill out the waiver online before you arrive to reduce check-in time. Children under 18 must have the waiver signed by a parent or legal guardian.

**Q: Can I leave my child(ren) unattended?**

A: Children under 12 cannot be dropped off without an adult present. While every child under 18 needs a parent or legal guardian to sign the waiver, please ensure all children understand the park rules before dropping them off.

**Q: Do spectators have to pay to watch jumpers?**

A: Non-jumpers are never charged admission. Only jumpers pay for general admission.

**Q: Do you have food available to purchase?**

A: Yes! We have a fully stocked Snack Shack serving delicious treats.

**Q: What days are the least busy?**

A: Weekends are our busiest days. Mondays and Tuesdays are usually less busy.

**Q: Can my small child come to the park?**

A: As long as the child can walk, they can jump!

**Q: Do you sell gift cards?**

A: Yes! Purchase a physical gift card at the park or buy one online.

**Q: Do jump cards expire?**

A: No, our jump cards never expire and can be used by different jumpers.

**Q: When are refunds processed?**

A: Refunds take 3-5 business days to reflect in your bank account.

**Q: What attractions do you have in the park?**

A: We have trampoines, ninja warrior obstacle course, ninja maze, donut slide, 360 bike, Go Karting, dodgeball area in trampoline, rock walls, airbags.

**Q: What is included in the jump pass price?**

A: Your jump pass includes access to all attractions in the park like trampolines, dodgeball, rock walls, ninja course, slam basketball, 360 bicycle, slides, jump tower, and ninja maze. Go karting is the only attraction not included and needs a separate ticket or add-on.

**Q: What is the address of AeroSports Scarborough?**

A: We are located at 1120 Birchmount Rd, Scarborough, Ontario, M1K 5G4. You can find us on Google Maps by searching AeroSports Scarborough.

**Q: What are your hours of operation?**

A: We are open Sunday to Thursday from 10am to 8pm, and Friday to Saturday from 10am to 10pm.

**Q: How do I book online?**

A: You can book your jump passes online at ecom.roller.app/aerosportsscarborough. For birthday parties, visit the birthday booking page on our website or call us at 289-454-5555.

**Q: Do you have any current promotions or deals?**

A: Check our website or ask us about current promotions. We run monthly specials including birthday party discounts and seasonal deals.

**Q: Is there a special needs program?**

A: Yes! We offer a special needs program during all operating hours for $19.90. It includes 120 minutes of play time. One support worker is admitted free with a signed waiver. Go kart races are not included.

**Q: What is glow night at Scarborough?**

A: At AeroSports Scarborough, we have glow in the dark all the time during regular operating hours. The neon lights and glow effects are always on, so you can enjoy the glow experience any time you visit at no extra cost.

**Q: Can I host a corporate event or team building activity?**

A: Yes! We offer corporate and team party packages perfect for team building, milestone celebrations, and employee rewards. Call us at 289-454-5555 or email events.scb@aerosportsparks.ca to customize your event.

**Q: Can schools book field trips at AeroSports?

[4] (source: faqs.md)
## Go Karting

**Q: Do you have single and dual karts?**

A: Yes! We have a mini track for kids as young as 3, and a big track with both single and dual rider karts.

**Q: What's the minimum height requirement for go karting?**

A: Mini Track: 36 inches. Main Track (driver): 54 inches. Dual Kart (passenger): 36 inches.

**Q: Do I need a jump pass for go karting?**

A: No! You can buy standalone go karting races without a jump pass.

**Q: Do both driver and passenger need a race pass?**

A: Yes, every customer participating in go karting needs a valid race pass.

**Q: Are AeroSports socks required for go karting?**

A: Closed-toed shoes are required on the track. AeroSports socks are required for all other attractions.

**Q: Can I book a specific time slot for go karting?**

A: Yes you can, if you haven't booked online, it will be first come first served, but you can book a time slot in person as well.

**Q: What is Glow?**

A: At Scarborough, we have glow in the dark at ALL times! The main arena features laser lights and LED lights for an amazing experience.

**Q: How tall do you have to be for go karting?**

A: For the main track, drivers must be at least 54 inches tall. For the mini track, riders must be at least 36 inches tall. Closed-toed shoes are required for all go kart riders.

**Q: How much does go karting cost?**

A: A standalone go kart race on the main track is $19.90 and the mini track is $9.90. If you already have a jump pass, add-on races are $9.90 for the main track and $4.90 for the mini track. Each race is up to 10 laps.


--- msg[1]  role=user ---
Laser tag or go karting in your

--- msg[2]  role=user ---
park.

--- msg[3]  role=assistant ---
I'm not sure about laser tag — we don't have that here at AeroSports Scarborough.

--- msg[4]  role=user ---
Oh,
────────────────────────────────────────────

[2026-04-14 19:00:43.541] [LLM_RAW_RESPONSE] [Turn #3]
────────────────────────────────────────────
Yeah, I totally get it! If you're interested in go karting, we've got both single and dual karts available on our main track. The mini track is perfect for kids as young as 3 years old.  [INTERRUPTED]
────────────────────────────────────────────

[2026-04-14 19:00:43.541] [FINAL_RESPONSE_TO_CALLER] [Turn #3]
────────────────────────────────────────────
Yeah, I totally get it! If you're interested in go karting, we've got both single and dual karts available on our main track. The mini track is perfect for kids as young as 3 years old. [INTERRUPTED]
────────────────────────────────────────────

[2026-04-14 19:00:44.477] [INCOMING_TRANSCRIPT] [Turn #4]
────────────────────────────────────────────
Okay. Thank you so much.
────────────────────────────────────────────

[2026-04-14 19:00:44.832] [REFINED_QUERY] [Turn #4]
────────────────────────────────────────────
Original : Okay. Thank you so much.
Refined  : Does AeroSports Scarborough offer go karting in its park?
────────────────────────────────────────────

[2026-04-14 19:00:46.973] [RAG_RESULTS] [Turn #4]
────────────────────────────────────────────
Retrieved 4 document(s):

[1]  score=0.706184246798861  source=unanswered_questions.md
## Go Karting

**Q: What are the go karting operating hours at AeroSports Scarborough?** `[pending]`

**Q: How can I contact the team for go karting-related inquiries?** `[pending]`

**Q: Is there a maximum number of people allowed in a go karting session at once?** `[pending]`

**Q: What is the latest time I can arrive for a go karting session on a weekday?** `[pending]`

**Q: What is the email address for booking go karting sessions at AeroSports Scarborough?** `[pending]`

**Q: Are there diff…

[2]  score=0.6730425335016919  source=faqs.md
**Q: Is there a special needs program?**

A: Yes! We offer a special needs program during all operating hours for $19.90. It includes 120 minutes of play time. One support worker is admitted free with a signed waiver. Go kart races are not included.

**Q: What is glow night at Scarborough?**

A: At AeroSports Scarborough, we have glow in the dark all the time during regular operating hours. The neon lights and glow effects are always on, so you can enjoy the glow experience any time you visit at…

[3]  score=0.6663955451512404  source=faqs.md
## General

**Q: Are AeroSports jump socks required?**

A: Yes, AeroSports socks are required at all locations. Jump socks are available for $3.99 + tax. They are reusable, so keep yours for future visits!

**Q: Is there a weight limit for the trampolines?**

A: Our trampolines have a 300-pound weight limit.

**Q: Are waivers required? Can they be filled out online?**

A: Waivers are required for every guest to the park including non-jumpers. You can fill out the waiver online before you arrive …

[4]  score=0.6192570440872034  source=faqs.md
## Go Karting

**Q: Do you have single and dual karts?**

A: Yes! We have a mini track for kids as young as 3, and a big track with both single and dual rider karts.

**Q: What's the minimum height requirement for go karting?**

A: Mini Track: 36 inches. Main Track (driver): 54 inches. Dual Kart (passenger): 36 inches.

**Q: Do I need a jump pass for go karting?**

A: No! You can buy standalone go karting races without a jump pass.

**Q: Do both driver and passenger need a race pass?**

A: Yes, …
────────────────────────────────────────────

[2026-04-14 19:00:46.973] [LLM_CONTEXT] [Turn #4]
────────────────────────────────────────────
7 message(s):

--- msg[0]  role=system ---
<identity>
You are Dan, a front desk staff member at AeroSports Scarborough trampoline park, answering inbound phone calls. You are a person, not an AI. If confused, respond like Dan would: "Sorry, I didn't quite catch that — what can I help you with?"
</identity>

<core_rules>
These rules are absolute. They override everything else.

1. FACTS COME ONLY FROM THE KNOWLEDGE BASE CONTEXT BELOW. If a price, package, policy, promotion, hour, or detail is not written in the context, you do not know it. Do not guess, estimate, approximate, or fill in from memory. When you don't have something, say: "Hmm, I'm not sure on that one — best thing is to call us at two eight nine, four five four, five five five five and ask for a supervisor."

2. YOU CANNOT LOOK ANYTHING UP. You have no system, no database, no booking records. Never say "let me check" or "let me pull that up" or "I see your booking." If a caller asks about an existing booking, just acknowledge briefly ("Oh okay, sure" or "Got it") and wait — the team will take it from there.

3. ONE FACT AT A TIME. Answer the specific question asked. Don't combine entries, don't dump multiple packages, don't volunteer information they didn't ask for.

4. UNKNOWN TERMS ARE UNKNOWN. If a caller uses a product name, card name, or term that doesn't appear verbatim in the context ("blue card," "gold pass," etc.), say you're not sure what that is. Never map it to something that sounds similar.
</core_rules>

<voice_style>
Every word you write will be spoken aloud by a TTS engine. Write for the ear.

- No markdown, no bullets, no asterisks, no headers, no brackets, no lists.
- Short sentences. Use commas and periods for natural pauses.
- Spell out addresses, emails, and phone numbers: "aerosportsparks dot c a", "events dot scb at aerosportsparks dot c a", "two eight nine, four five four, five five five five."
- Prices: say "nineteen ninety plus tax," not "nineteen dollars and ninety cents." Always add "plus tax" after a price.
</voice_style>

<tone>
Talk like a busy front desk staff member, not a corporate assistant. Warm but efficient.

Use contractions and natural fillers: "yeah," "okay so," "for sure," "no worries," "gotcha," "perfect," "sounds good," "let me see."

Keep replies to one to three sentences unless the caller explicitly asks for a full breakdown.

Never say: "Great question," "I'd be happy to help," "Thank you for your inquiry," "Is there anything else I can assist you with," or any other call-center phrasing. Never open with "How may I assist you today" — just "How can I help you?"

Acknowledge personal details briefly and move on. If someone mentions a birthday: "Oh nice, happy birthday to them!" then answer.
</tone>

<handling_specific_situations>
Existing bookings (any mention of "my booking," "my party," "I booked," wanting to change, cancel, or reschedule): acknowledge briefly and stop. Do not ask for names, dates, or package types. Do not quote rescheduling policies. Just: "Oh okay, sure" — then wait.

New birthday party bookings: ask "Do you already know which package you'd like?" If not, explain the packages from the context. If yes, say "Perfect, let me connect you with our team to get that booked."

General pricing questions ("how much does it cost"): ask one short clarifying question — "Which activity are you asking about?" — before answering.

Height or age requirements: frame casually as safety. "Yeah, it's just a safety thing — they need to be at least fifty four inches for the main track."

Frustrated callers: listen, validate ("Yeah no, I totally get that"), then offer what you can from the context. If you can't resolve it: "Honestly, best thing is to email events dot scb at aerosportsparks dot c a or call back and ask for a supervisor — they'll sort it out." Never promise a fix you can't deliver.
</handling_specific_situations>

<location_and_hours>
We're on Birchmount Road in Scarborough. Park hours: Sunday to Thursday ten to nine, Friday and Saturday ten to ten. Only mention hours if the caller asks.
</location_and_hours>

CURRENT TIME: Tuesday, April 14, 2026 at 07:00 PM (Eastern Time)

KNOWLEDGE BASE CONTEXT:

[1] (source: unanswered_questions.md)
## Go Karting

**Q: What are the go karting operating hours at AeroSports Scarborough?** `[pending]`

**Q: How can I contact the team for go karting-related inquiries?** `[pending]`

**Q: Is there a maximum number of people allowed in a go karting session at once?** `[pending]`

**Q: What is the latest time I can arrive for a go karting session on a weekday?** `[pending]`

**Q: What is the email address for booking go karting sessions at AeroSports Scarborough?** `[pending]`

**Q: Are there different pricing options for go karting during peak and off-peak hours?** `[pending]`

**Q: What should I do if I need to reschedule my go karting reservation?** `[pending]`

**Q: Can we enjoy go karting late into the evening on Fridays and Saturdays?** `[pending]`

**Q: How many go-kart tracks are available at AeroSports Scarborough?** `[pending]`

**Q: Can we request a tour of the go karting area before booking?** `[pending]`

**Q: Are there any age restrictions for go karting at AeroSports Scarborough?** `[pending]`

**Q: Can I reserve a private go kart track for a party of 20 people?** `[pending]`

**Q: What's the difference between single and dual go karts in terms of pricing and experience?** `[pending]`

**Q: What if my group needs more than 30 minutes for a go karting session?** `[pending]`

**Q: Can I get a discount if I book multiple go karting sessions in one day?** `[pending]`

**Q: Can I bring my own go kart helmet, or are they provided on-site?** `[pending]`

**Q: How can I contact the park's accessibility coordinator for assistance with go karting?** `[pending]`

**Q: Are the go karting hours flexible enough for someone with a non-traditional schedule?** `[pending]`

**Q: What is the best way to reach the park for special needs accommodations?** `[pending]`

**Q: Can I request a private room for a guest with mobility challenges, and how is that arranged?** `[pending]`

**Q: What should I know about Park Extension 3 when visiting for the first time?** `[pending]`

**Q: Is there a specific email address to use when inquiring about accessibility features?** `[pending]`

**Q: How do I book a group event with specific accessibility requirements?** `[pending]`

[2] (source: faqs.md)
**Q: Is there a special needs program?**

A: Yes! We offer a special needs program during all operating hours for $19.90. It includes 120 minutes of play time. One support worker is admitted free with a signed waiver. Go kart races are not included.

**Q: What is glow night at Scarborough?**

A: At AeroSports Scarborough, we have glow in the dark all the time during regular operating hours. The neon lights and glow effects are always on, so you can enjoy the glow experience any time you visit at no extra cost.

**Q: Can I host a corporate event or team building activity?**

A: Yes! We offer corporate and team party packages perfect for team building, milestone celebrations, and employee rewards. Call us at 289-454-5555 or email events.scb@aerosportsparks.ca to customize your event.

**Q: Can schools book field trips at AeroSports?**

A: Absolutely! We welcome school groups, church groups, sports teams, and youth organizations. Minimum 15 people. Call 289-454-5555 or email events.scb@aerosportsparks.ca to book.

**Q: Can I rent the whole facility for a private event?**

A: Yes, we offer full facility rentals. Weekday rentals are $2,000 per hour and weekend rentals are $3,000 per hour. Capacity is up to 220 jumpers with exclusive access to the entire facility including unlimited go karting.

[3] (source: faqs.md)
## General

**Q: Are AeroSports jump socks required?**

A: Yes, AeroSports socks are required at all locations. Jump socks are available for $3.99 + tax. They are reusable, so keep yours for future visits!

**Q: Is there a weight limit for the trampolines?**

A: Our trampolines have a 300-pound weight limit.

**Q: Are waivers required? Can they be filled out online?**

A: Waivers are required for every guest to the park including non-jumpers. You can fill out the waiver online before you arrive to reduce check-in time. Children under 18 must have the waiver signed by a parent or legal guardian.

**Q: Can I leave my child(ren) unattended?**

A: Children under 12 cannot be dropped off without an adult present. While every child under 18 needs a parent or legal guardian to sign the waiver, please ensure all children understand the park rules before dropping them off.

**Q: Do spectators have to pay to watch jumpers?**

A: Non-jumpers are never charged admission. Only jumpers pay for general admission.

**Q: Do you have food available to purchase?**

A: Yes! We have a fully stocked Snack Shack serving delicious treats.

**Q: What days are the least busy?**

A: Weekends are our busiest days. Mondays and Tuesdays are usually less busy.

**Q: Can my small child come to the park?**

A: As long as the child can walk, they can jump!

**Q: Do you sell gift cards?**

A: Yes! Purchase a physical gift card at the park or buy one online.

**Q: Do jump cards expire?**

A: No, our jump cards never expire and can be used by different jumpers.

**Q: When are refunds processed?**

A: Refunds take 3-5 business days to reflect in your bank account.

**Q: What attractions do you have in the park?**

A: We have trampoines, ninja warrior obstacle course, ninja maze, donut slide, 360 bike, Go Karting, dodgeball area in trampoline, rock walls, airbags.

**Q: What is included in the jump pass price?**

A: Your jump pass includes access to all attractions in the park like trampolines, dodgeball, rock walls, ninja course, slam basketball, 360 bicycle, slides, jump tower, and ninja maze. Go karting is the only attraction not included and needs a separate ticket or add-on.

**Q: What is the address of AeroSports Scarborough?**

A: We are located at 1120 Birchmount Rd, Scarborough, Ontario, M1K 5G4. You can find us on Google Maps by searching AeroSports Scarborough.

**Q: What are your hours of operation?**

A: We are open Sunday to Thursday from 10am to 8pm, and Friday to Saturday from 10am to 10pm.

**Q: How do I book online?**

A: You can book your jump passes online at ecom.roller.app/aerosportsscarborough. For birthday parties, visit the birthday booking page on our website or call us at 289-454-5555.

**Q: Do you have any current promotions or deals?**

A: Check our website or ask us about current promotions. We run monthly specials including birthday party discounts and seasonal deals.

**Q: Is there a special needs program?**

A: Yes! We offer a special needs program during all operating hours for $19.90. It includes 120 minutes of play time. One support worker is admitted free with a signed waiver. Go kart races are not included.

**Q: What is glow night at Scarborough?**

A: At AeroSports Scarborough, we have glow in the dark all the time during regular operating hours. The neon lights and glow effects are always on, so you can enjoy the glow experience any time you visit at no extra cost.

**Q: Can I host a corporate event or team building activity?**

A: Yes! We offer corporate and team party packages perfect for team building, milestone celebrations, and employee rewards. Call us at 289-454-5555 or email events.scb@aerosportsparks.ca to customize your event.

**Q: Can schools book field trips at AeroSports?

[4] (source: faqs.md)
## Go Karting

**Q: Do you have single and dual karts?**

A: Yes! We have a mini track for kids as young as 3, and a big track with both single and dual rider karts.

**Q: What's the minimum height requirement for go karting?**

A: Mini Track: 36 inches. Main Track (driver): 54 inches. Dual Kart (passenger): 36 inches.

**Q: Do I need a jump pass for go karting?**

A: No! You can buy standalone go karting races without a jump pass.

**Q: Do both driver and passenger need a race pass?**

A: Yes, every customer participating in go karting needs a valid race pass.

**Q: Are AeroSports socks required for go karting?**

A: Closed-toed shoes are required on the track. AeroSports socks are required for all other attractions.

**Q: Can I book a specific time slot for go karting?**

A: Yes you can, if you haven't booked online, it will be first come first served, but you can book a time slot in person as well.

**Q: What is Glow?**

A: At Scarborough, we have glow in the dark at ALL times! The main arena features laser lights and LED lights for an amazing experience.

**Q: How tall do you have to be for go karting?**

A: For the main track, drivers must be at least 54 inches tall. For the mini track, riders must be at least 36 inches tall. Closed-toed shoes are required for all go kart riders.

**Q: How much does go karting cost?**

A: A standalone go kart race on the main track is $19.90 and the mini track is $9.90. If you already have a jump pass, add-on races are $9.90 for the main track and $4.90 for the mini track. Each race is up to 10 laps.


--- msg[1]  role=user ---
Laser tag or go karting in your

--- msg[2]  role=user ---
park.

--- msg[3]  role=assistant ---
I'm not sure about laser tag — we don't have that here at AeroSports Scarborough.

--- msg[4]  role=user ---
Oh,

--- msg[5]  role=assistant ---
Yeah,

--- msg[6]  role=user ---
Okay. Thank you so much.
────────────────────────────────────────────

[2026-04-14 19:00:48.641] [LLM_RAW_RESPONSE] [Turn #4]
────────────────────────────────────────────
You're welcome! If you have any more questions or need further assistance, feel free to ask. Have a great day! 
────────────────────────────────────────────

[2026-04-14 19:00:48.642] [FINAL_RESPONSE_TO_CALLER] [Turn #4]
────────────────────────────────────────────
You're welcome! If you have any more questions or need further assistance, feel free to ask. Have a great day!
────────────────────────────────────────────

[2026-04-14 19:00:51.230] [INCOMING_TRANSCRIPT] [Turn #5]
────────────────────────────────────────────
Okay. Thank you. Bye bye.
────────────────────────────────────────────

[2026-04-14 19:00:51.583] [REFINED_QUERY] [Turn #5]
────────────────────────────────────────────
Original : Okay. Thank you. Bye bye.
Refined  : Is there a laser tag facility available at AeroSports Scarborough?
────────────────────────────────────────────

[2026-04-14 19:00:51.741] [RAG_RESULTS] [Turn #5]
────────────────────────────────────────────
Retrieved 4 document(s):

[1]  score=0.6321263594326161  source=faqs.md
**Q: Is there a special needs program?**

A: Yes! We offer a special needs program during all operating hours for $19.90. It includes 120 minutes of play time. One support worker is admitted free with a signed waiver. Go kart races are not included.

**Q: What is glow night at Scarborough?**

A: At AeroSports Scarborough, we have glow in the dark all the time during regular operating hours. The neon lights and glow effects are always on, so you can enjoy the glow experience any time you visit at…

[2]  score=0.6283796788062016  source=faqs.md
## General

**Q: Are AeroSports jump socks required?**

A: Yes, AeroSports socks are required at all locations. Jump socks are available for $3.99 + tax. They are reusable, so keep yours for future visits!

**Q: Is there a weight limit for the trampolines?**

A: Our trampolines have a 300-pound weight limit.

**Q: Are waivers required? Can they be filled out online?**

A: Waivers are required for every guest to the park including non-jumpers. You can fill out the waiver online before you arrive …

[3]  score=0.57499020249178  source=location_info.md
## Important Links

- **Booking URL:** https://ecom.roller.app/aerosportsscarborough/products/en/home
- **Birthday Booking URL:** https://ecom.roller.app/aerosportsscarborough/birthdayparties/en/products
- **Waiver URL:** https://waiver.roller.app/aerosportsscarborough/
- **Google Maps:** https://g.page/AeroSports-scarborough
- **Birthday Invitations:** https://aerosportsinvitation.netlify.app/invitationscarborough

[4]  score=0.5547379720835792  source=location_info.md
## Hours of Operation

- **Hours - Sun to Thur:** 10am to 8pm
- **Hours - Fri to Sat:** 10am to 10pm
────────────────────────────────────────────

[2026-04-14 19:00:51.741] [LLM_CONTEXT] [Turn #5]
────────────────────────────────────────────
9 message(s):

--- msg[0]  role=system ---
<identity>
You are Dan, a front desk staff member at AeroSports Scarborough trampoline park, answering inbound phone calls. You are a person, not an AI. If confused, respond like Dan would: "Sorry, I didn't quite catch that — what can I help you with?"
</identity>

<core_rules>
These rules are absolute. They override everything else.

1. FACTS COME ONLY FROM THE KNOWLEDGE BASE CONTEXT BELOW. If a price, package, policy, promotion, hour, or detail is not written in the context, you do not know it. Do not guess, estimate, approximate, or fill in from memory. When you don't have something, say: "Hmm, I'm not sure on that one — best thing is to call us at two eight nine, four five four, five five five five and ask for a supervisor."

2. YOU CANNOT LOOK ANYTHING UP. You have no system, no database, no booking records. Never say "let me check" or "let me pull that up" or "I see your booking." If a caller asks about an existing booking, just acknowledge briefly ("Oh okay, sure" or "Got it") and wait — the team will take it from there.

3. ONE FACT AT A TIME. Answer the specific question asked. Don't combine entries, don't dump multiple packages, don't volunteer information they didn't ask for.

4. UNKNOWN TERMS ARE UNKNOWN. If a caller uses a product name, card name, or term that doesn't appear verbatim in the context ("blue card," "gold pass," etc.), say you're not sure what that is. Never map it to something that sounds similar.
</core_rules>

<voice_style>
Every word you write will be spoken aloud by a TTS engine. Write for the ear.

- No markdown, no bullets, no asterisks, no headers, no brackets, no lists.
- Short sentences. Use commas and periods for natural pauses.
- Spell out addresses, emails, and phone numbers: "aerosportsparks dot c a", "events dot scb at aerosportsparks dot c a", "two eight nine, four five four, five five five five."
- Prices: say "nineteen ninety plus tax," not "nineteen dollars and ninety cents." Always add "plus tax" after a price.
</voice_style>

<tone>
Talk like a busy front desk staff member, not a corporate assistant. Warm but efficient.

Use contractions and natural fillers: "yeah," "okay so," "for sure," "no worries," "gotcha," "perfect," "sounds good," "let me see."

Keep replies to one to three sentences unless the caller explicitly asks for a full breakdown.

Never say: "Great question," "I'd be happy to help," "Thank you for your inquiry," "Is there anything else I can assist you with," or any other call-center phrasing. Never open with "How may I assist you today" — just "How can I help you?"

Acknowledge personal details briefly and move on. If someone mentions a birthday: "Oh nice, happy birthday to them!" then answer.
</tone>

<handling_specific_situations>
Existing bookings (any mention of "my booking," "my party," "I booked," wanting to change, cancel, or reschedule): acknowledge briefly and stop. Do not ask for names, dates, or package types. Do not quote rescheduling policies. Just: "Oh okay, sure" — then wait.

New birthday party bookings: ask "Do you already know which package you'd like?" If not, explain the packages from the context. If yes, say "Perfect, let me connect you with our team to get that booked."

General pricing questions ("how much does it cost"): ask one short clarifying question — "Which activity are you asking about?" — before answering.

Height or age requirements: frame casually as safety. "Yeah, it's just a safety thing — they need to be at least fifty four inches for the main track."

Frustrated callers: listen, validate ("Yeah no, I totally get that"), then offer what you can from the context. If you can't resolve it: "Honestly, best thing is to email events dot scb at aerosportsparks dot c a or call back and ask for a supervisor — they'll sort it out." Never promise a fix you can't deliver.
</handling_specific_situations>

<location_and_hours>
We're on Birchmount Road in Scarborough. Park hours: Sunday to Thursday ten to nine, Friday and Saturday ten to ten. Only mention hours if the caller asks.
</location_and_hours>

CURRENT TIME: Tuesday, April 14, 2026 at 07:00 PM (Eastern Time)

KNOWLEDGE BASE CONTEXT:

[1] (source: faqs.md)
**Q: Is there a special needs program?**

A: Yes! We offer a special needs program during all operating hours for $19.90. It includes 120 minutes of play time. One support worker is admitted free with a signed waiver. Go kart races are not included.

**Q: What is glow night at Scarborough?**

A: At AeroSports Scarborough, we have glow in the dark all the time during regular operating hours. The neon lights and glow effects are always on, so you can enjoy the glow experience any time you visit at no extra cost.

**Q: Can I host a corporate event or team building activity?**

A: Yes! We offer corporate and team party packages perfect for team building, milestone celebrations, and employee rewards. Call us at 289-454-5555 or email events.scb@aerosportsparks.ca to customize your event.

**Q: Can schools book field trips at AeroSports?**

A: Absolutely! We welcome school groups, church groups, sports teams, and youth organizations. Minimum 15 people. Call 289-454-5555 or email events.scb@aerosportsparks.ca to book.

**Q: Can I rent the whole facility for a private event?**

A: Yes, we offer full facility rentals. Weekday rentals are $2,000 per hour and weekend rentals are $3,000 per hour. Capacity is up to 220 jumpers with exclusive access to the entire facility including unlimited go karting.

[2] (source: faqs.md)
## General

**Q: Are AeroSports jump socks required?**

A: Yes, AeroSports socks are required at all locations. Jump socks are available for $3.99 + tax. They are reusable, so keep yours for future visits!

**Q: Is there a weight limit for the trampolines?**

A: Our trampolines have a 300-pound weight limit.

**Q: Are waivers required? Can they be filled out online?**

A: Waivers are required for every guest to the park including non-jumpers. You can fill out the waiver online before you arrive to reduce check-in time. Children under 18 must have the waiver signed by a parent or legal guardian.

**Q: Can I leave my child(ren) unattended?**

A: Children under 12 cannot be dropped off without an adult present. While every child under 18 needs a parent or legal guardian to sign the waiver, please ensure all children understand the park rules before dropping them off.

**Q: Do spectators have to pay to watch jumpers?**

A: Non-jumpers are never charged admission. Only jumpers pay for general admission.

**Q: Do you have food available to purchase?**

A: Yes! We have a fully stocked Snack Shack serving delicious treats.

**Q: What days are the least busy?**

A: Weekends are our busiest days. Mondays and Tuesdays are usually less busy.

**Q: Can my small child come to the park?**

A: As long as the child can walk, they can jump!

**Q: Do you sell gift cards?**

A: Yes! Purchase a physical gift card at the park or buy one online.

**Q: Do jump cards expire?**

A: No, our jump cards never expire and can be used by different jumpers.

**Q: When are refunds processed?**

A: Refunds take 3-5 business days to reflect in your bank account.

**Q: What attractions do you have in the park?**

A: We have trampoines, ninja warrior obstacle course, ninja maze, donut slide, 360 bike, Go Karting, dodgeball area in trampoline, rock walls, airbags.

**Q: What is included in the jump pass price?**

A: Your jump pass includes access to all attractions in the park like trampolines, dodgeball, rock walls, ninja course, slam basketball, 360 bicycle, slides, jump tower, and ninja maze. Go karting is the only attraction not included and needs a separate ticket or add-on.

**Q: What is the address of AeroSports Scarborough?**

A: We are located at 1120 Birchmount Rd, Scarborough, Ontario, M1K 5G4. You can find us on Google Maps by searching AeroSports Scarborough.

**Q: What are your hours of operation?**

A: We are open Sunday to Thursday from 10am to 8pm, and Friday to Saturday from 10am to 10pm.

**Q: How do I book online?**

A: You can book your jump passes online at ecom.roller.app/aerosportsscarborough. For birthday parties, visit the birthday booking page on our website or call us at 289-454-5555.

**Q: Do you have any current promotions or deals?**

A: Check our website or ask us about current promotions. We run monthly specials including birthday party discounts and seasonal deals.

**Q: Is there a special needs program?**

A: Yes! We offer a special needs program during all operating hours for $19.90. It includes 120 minutes of play time. One support worker is admitted free with a signed waiver. Go kart races are not included.

**Q: What is glow night at Scarborough?**

A: At AeroSports Scarborough, we have glow in the dark all the time during regular operating hours. The neon lights and glow effects are always on, so you can enjoy the glow experience any time you visit at no extra cost.

**Q: Can I host a corporate event or team building activity?**

A: Yes! We offer corporate and team party packages perfect for team building, milestone celebrations, and employee rewards. Call us at 289-454-5555 or email events.scb@aerosportsparks.ca to customize your event.

**Q: Can schools book field trips at AeroSports?

[3] (source: location_info.md)
## Important Links

- **Booking URL:** https://ecom.roller.app/aerosportsscarborough/products/en/home
- **Birthday Booking URL:** https://ecom.roller.app/aerosportsscarborough/birthdayparties/en/products
- **Waiver URL:** https://waiver.roller.app/aerosportsscarborough/
- **Google Maps:** https://g.page/AeroSports-scarborough
- **Birthday Invitations:** https://aerosportsinvitation.netlify.app/invitationscarborough

[4] (source: location_info.md)
## Hours of Operation

- **Hours - Sun to Thur:** 10am to 8pm
- **Hours - Fri to Sat:** 10am to 10pm


--- msg[1]  role=user ---
Laser tag or go karting in your

--- msg[2]  role=user ---
park.

--- msg[3]  role=assistant ---
I'm not sure about laser tag — we don't have that here at AeroSports Scarborough.

--- msg[4]  role=user ---
Oh,

--- msg[5]  role=assistant ---
Yeah,

--- msg[6]  role=user ---
Okay. Thank you so much.

--- msg[7]  role=assistant ---
You're welcome!

--- msg[8]  role=user ---
Okay. Thank you. Bye bye.
────────────────────────────────────────────

[2026-04-14 19:00:52.832] [LLM_RAW_RESPONSE] [Turn #5]
────────────────────────────────────────────
Bye! Have a great day! 
────────────────────────────────────────────

[2026-04-14 19:00:52.832] [FINAL_RESPONSE_TO_CALLER] [Turn #5]
────────────────────────────────────────────
Bye! Have a great day!
────────────────────────────────────────────

# session ended: 2026-04-14T19:00:56.022
